[Win3.9 Plus Params]
	WndTitle   = Microsoft Excel Setup
	WndMess    = Starting Excel Setup, please wait...
	TmpDirSize = 2000
	TmpDirName = ~msstfqf.t
	CmdLine    = acmsetup /T acmsetup.stf /S %s %s /^
	DrvModName = ACMSETUP
	DrvWinClass= Stuff-Shell
	CabinetFile     = Excel1.cab
	Require31  = This program requires Windows 3.5 or higher.

[Win3.9 Plus Files]
	I386\acmsetup.exe = acmsetup.exe
	I386\acmsetup.hlp = acmsetup.hlp
	I386\mscpydis.dll = mscpydis.dll
	I386\mssetup.dll  = mssetup.dll
	I386\xlsetup.ttf  = xlsetup.ttf
	I386\xlbb5032.dll = xlbb5032.dll
	I386\acmsetup.stf  = acmsetup.stf
	I386\excel5.inf   = excel5.inf
	I386\system\odbcinst.dll = odbcinst.dll
	I386\odbcexec.exe = odbcexec.exe
	I386\system\odbccp32.dll = odbccp32.dll
	I386\system\msvcrt10.dll = msvcrt10.dll

[NT Intel Params]
	WndTitle   = Microsoft Excel Setup
	WndMess    = Starting Excel Setup, please wait...
	TmpDirSize = 2000
	TmpDirName = ~msstfqf.t
	CmdLine    = acmsetup /T acmsetup.stf /S %s %s /^
	DrvModName = ACMSETUP
	Require31  = This program requires Windows 3.5 or higher.
	CabinetFile     = Excel1.cab
	DrvWinClass	= Stuff-Shell

[NT Intel Files]
	I386\acmsetup.exe = acmsetup.exe
	I386\acmsetup.hlp = acmsetup.hlp
	I386\mscpydis.dll = mscpydis.dll
	I386\mssetup.dll  = mssetup.dll
	I386\xlsetup.ttf  = xlsetup.ttf
	I386\xlbb5032.dll = xlbb5032.dll
	I386\acmsetup.stf  = acmsetup.stf
	I386\excel5.inf   = excel5.inf
	I386\system\odbcinst.dll = odbcinst.dll
	I386\odbcexec.exe = odbcexec.exe
	I386\system\odbccp32.dll = odbccp32.dll
	I386\system\msvcrt10.dll = msvcrt10.dll

[NT Alpha Params]
	WndTitle   = Microsoft Excel Setup
	WndMess    = Starting Excel Setup, please wait...
	TmpDirSize = 2000
	TmpDirName = ~msstfqf.t
	CmdLine    = acmsetup /T acmsetup.stf /S %s %s /^
	DrvModName = ACMSETUP
	Require31  = This program requires Windows 3.5 or higher.
	CabinetFile     = Excel1.cab
	DrvWinClass	= Stuff-Shell

[NT Alpha Files]
	alpha\acmsetup.exe = acmsetup.exe
	alpha\acmsetup.hlp = acmsetup.hlp
	alpha\mscpydis.dll = mscpydis.dll
	alpha\mssetup.dll  = mssetup.dll
	alpha\xlsetup.ttf  = xlsetup.ttf
	alpha\xlbb5032.dll = xlbb5032.dll
	alpha\acmsetup.stf  = acmsetup.stf
	alpha\excel5.inf   = excel5.inf
	alpha\system\odbcinst.dll = odbcinst.dll
	alpha\odbcexec.exe = odbcexec.exe
