[Win3.9 Plus Params]
	WndTitle   = Microsoft Word 6.0 Setup
	WndMess    = Starting Word Setup, please wait...
	TmpDirSize = 1700
	TmpDirName = ~msstfqf.t
	CmdLine    = acmsetup /T setup.stf /S %s %s /^
	DrvWinClass= Stuff-Shell
	Require31  = This program requires Windows 3.5 or higher.

[Win3.9 Plus Files]
	i386\acmsetup.exe = acmsetup.exe
	i386\mscpydis.dll = mscpydis.dll
	i386\mssetup.dll  = mssetup.dll
	i386\word_bb.dll  = word_bb.dll
	i386\wwsetup.ttf  = wwsetup.ttf
	i386\winword6.inf = winword6.inf
	i386\setup.stf	  = setup.stf
	i386\acmsetup.hlp = acmsetup.hlp

[NT Intel Params]
	WndTitle   = Microsoft Word 6.0 Setup
	WndMess    = Starting Word Setup, please wait...
	TmpDirSize = 1700
	TmpDirName = ~msstfqf.t
	CmdLine    = acmsetup /T setup.stf /S %s %s /^
	DrvWinClass= Stuff-Shell
	Require31  = This program requires Windows NT (R) 3.5 or higher.

[NT Intel Files]
	i386\acmsetup.exe = acmsetup.exe
	i386\mscpydis.dll = mscpydis.dll
	i386\mssetup.dll  = mssetup.dll
	i386\word_bb.dll  = word_bb.dll
	i386\wwsetup.ttf  = wwsetup.ttf
	i386\winword6.inf = winword6.inf
	i386\setup.stf	  = setup.stf
	i386\acmsetup.hlp = acmsetup.hlp

[NT Alpha Params]
	WndTitle   = Microsoft Word 6.0 Setup
	WndMess    = Starting Word Setup, please wait...
	TmpDirSize = 1700
	TmpDirName = ~msstfqf.t
	CmdLine    = acmsetup /T setup.stf /S %s %s /^
	DrvWinClass= Stuff-Shell
	Require31  = This program requires Windows NT (R) 3.5 or higher.

[NT Alpha Files]
	alpha\acmsetup.exe = acmsetup.exe
	alpha\mscpydis.dll = mscpydis.dll
	alpha\mssetup.dll  = mssetup.dll
	alpha\word_bb.dll  = word_bb.dll
	alpha\wwsetup.ttf  = wwsetup.ttf
	alpha\winword6.inf = winword6.inf
	alpha\setup.stf    = setup.stf
	alpha\acmsetup.hlp = acmsetup.hlp

[NT MIPS Params]
	WndTitle   = Microsoft Word 6.0 Setup
	WndMess    = Starting Word Setup, please wait...
	TmpDirSize = 1700
	TmpDirName = ~msstfqf.t
	CmdLine    = acmsetup /T setup.stf /S %s %s /^
	DrvWinClass= Stuff-Shell
	Require31  = This program requires Windows NT (R) 3.5 or higher.

[NT MIPS Files]
	mips\acmsetup.exe = acmsetup.exe
	mips\mscpydis.dll = mscpydis.dll
	mips\mssetup.dll  = mssetup.dll
	mips\word_bb.dll  = word_bb.dll
	mips\wwsetup.ttf  = wwsetup.ttf
	mips\winword6.inf = winword6.inf
	mips\setup.stf	  = setup.stf
	mips\acmsetup.hlp = acmsetup.hlp
