 MFC42UD

 Timestamp is 31c84135 (Wed Jun 19 11:04:37 1996)

 Preferred load address is 5f400000

 Start         Length     Name                   Class
 0001:00000000 000187dcH .text                   CODE
 0001:000187e0 0000767fH .text$AFX_AUX           CODE
 0001:0001fe60 00008867H .text$AFX_COL1          CODE
 0001:000286d0 00004e43H .text$AFX_COL2          CODE
 0001:0002d520 00016e5eH .text$AFX_CORE1         CODE
 0001:00044380 0000f61cH .text$AFX_CORE2         CODE
 0001:000539a0 00018750H .text$AFX_CORE3         CODE
 0001:0006c0f0 0001524eH .text$AFX_CORE4         CODE
 0001:00081340 00006432H .text$AFX_DBG1          CODE
 0001:00087780 0000ea06H .text$AFX_DBG2          CODE
 0001:00096190 0000caa6H .text$AFX_INIT          CODE
 0001:000a2c40 0000091fH .text$AFX_MAPI          CODE
 0001:000a3560 00007bc7H .text$AFX_PRNT          CODE
 0001:000ab130 00000701H .text$AFX_TERM          CODE
 0001:000ab840 00004e1bH .text$AFX_VDEL          CODE
 0002:00000000 0001072dH .rdata                  DATA
 0002:00010730 00003388H .rdata$r                DATA
 0002:00013ab8 00007008H .xdata$x                DATA
 0002:0001aac0 00004887H .edata                  DATA
 0003:00000000 00000004H .CRT$XCA                DATA
 0003:00000004 0000000cH .CRT$XCC                DATA
 0003:00000010 00000028H .CRT$XCL                DATA
 0003:00000038 00000090H .CRT$XCU                DATA
 0003:000000c8 00000004H .CRT$XCZ                DATA
 0003:000000cc 00000004H .CRT$XIA                DATA
 0003:000000d0 00000004H .CRT$XIZ                DATA
 0003:000000e0 00001e94H .data                   DATA
 0003:00001f78 000021e8H .bss                    DATA
 0004:00000000 00000050H .idata$2                DATA
 0004:00000050 00000014H .idata$3                DATA
 0004:00000064 000009e8H .idata$4                DATA
 0004:00000a4c 000009e8H .idata$5                DATA
 0004:00001434 00002860H .idata$6                DATA
 0005:00000000 00000e98H .rsrc$01                DATA
 0005:00000ea0 000062ecH .rsrc$02                DATA

  Address         Publics by Value              Rva+Base   Lib:Object

 0001:00000000       ?AddHead@?$CTypedSimpleList@PAUCRuntimeClass@@@@QAEXPAUCRuntimeClass@@@Z 5f401000 f objcore.obj
 0001:00000030       ??B?$CTypedSimpleList@PAUCRuntimeClass@@@@QAEPAUCRuntimeClass@@XZ 5f401030 f objcore.obj
 0001:00000050       ?GetHead@CSimpleList@@QBEPAXXZ 5f401050 f objcore.obj
 0001:00000070       ??B?$CTypedSimpleList@PAVCDynLinkLibrary@@@@QAEPAVCDynLinkLibrary@@XZ 5f401070 f objcore.obj
 0001:00000090       ??C?$CThreadLocal@V_AFX_THREAD_STATE@@@@QAEPAV_AFX_THREAD_STATE@@XZ 5f401090 f except.obj
 0001:000000b0       ?GetData@?$CThreadLocal@V_AFX_THREAD_STATE@@@@QAEPAV_AFX_THREAD_STATE@@XZ 5f4010b0 f except.obj
 0001:00000100       ?CreateObject@?$CThreadLocal@V_AFX_THREAD_STATE@@@@SGPAVCNoTrackObject@@XZ 5f401100 f except.obj
 0001:00000190       ??0CArchiveStream@@QAE@PAVCArchive@@@Z 5f401190 f arcstrm.obj
 0001:000001c5       ?AddRef@CArchiveStream@@UAGKXZ 5f4011c5 f arcstrm.obj
 0001:000001dc       ?Release@CArchiveStream@@UAGKXZ 5f4011dc f arcstrm.obj
 0001:000001f0       ?QueryInterface@CArchiveStream@@UAGJABU_GUID@@PAPAX@Z 5f4011f0 f arcstrm.obj
 0001:00000248       ?Read@CArchiveStream@@UAGJPAXKPAK@Z 5f401248 f arcstrm.obj
 0001:00000367       ?Write@CArchiveStream@@UAGJPBXKPAK@Z 5f401367 f arcstrm.obj
 0001:00000489       ?Seek@CArchiveStream@@UAGJT_LARGE_INTEGER@@KPAT_ULARGE_INTEGER@@@Z 5f401489 f arcstrm.obj
 0001:000005c8       ?SetSize@CArchiveStream@@UAGJT_ULARGE_INTEGER@@@Z 5f4015c8 f arcstrm.obj
 0001:000005df       ?CopyTo@CArchiveStream@@UAGJPAUIStream@@T_ULARGE_INTEGER@@PAT3@2@Z 5f4015df f arcstrm.obj
 0001:000005f6       ?Commit@CArchiveStream@@UAGJK@Z 5f4015f6 f arcstrm.obj
 0001:0000060d       ?Revert@CArchiveStream@@UAGJXZ 5f40160d f arcstrm.obj
 0001:00000624       ?LockRegion@CArchiveStream@@UAGJT_ULARGE_INTEGER@@0K@Z 5f401624 f arcstrm.obj
 0001:0000063b       ?UnlockRegion@CArchiveStream@@UAGJT_ULARGE_INTEGER@@0K@Z 5f40163b f arcstrm.obj
 0001:00000652       ?Stat@CArchiveStream@@UAGJPAUtagSTATSTG@@K@Z 5f401652 f arcstrm.obj
 0001:00000669       ?Clone@CArchiveStream@@UAGJPAPAUIStream@@@Z 5f401669 f arcstrm.obj
 0001:00000680       ??0IStream@@QAE@XZ         5f401680 f arcstrm.obj
 0001:000006b0       ??0ISequentialStream@@QAE@XZ 5f4016b0 f arcstrm.obj
 0001:000006e0       ??0IUnknown@@QAE@XZ        5f4016e0 f arcstrm.obj
 0001:00000710       ??8@YAHABU_GUID@@0@Z       5f401710 f arcstrm.obj
 0001:00000750       ??1CNoTrackObject@@UAE@XZ  5f401750 f dumpinit.obj
 0001:00000770       ??_GCNoTrackObject@@UAEPAXI@Z 5f401770 f dumpinit.obj
 0001:00000770       ??_ECNoTrackObject@@UAEPAXI@Z 5f401770 f dumpinit.obj
 0001:000007b0       ?GetData@?$CProcessLocal@V_AFX_DEBUG_STATE@@@@QAEPAV_AFX_DEBUG_STATE@@XZ 5f4017b0 f dumpinit.obj
 0001:00000800       ?CreateObject@?$CProcessLocal@V_AFX_DEBUG_STATE@@@@SGPAVCNoTrackObject@@XZ 5f401800 f dumpinit.obj
 0001:00000890       ??0CNoTrackObject@@QAE@XZ  5f401890 f dumpinit.obj
 0001:000008c0       ?DrawState@@YGHPAUHDC__@@PAUHBRUSH__@@P6GH0JIHH@ZJIHHHHI@Z 5f4018c0 f afxinl2.obj
 0001:00000900       ?GetNextWindow@@YAPAUHWND__@@PAU1@I@Z 5f401900 f afxinl3.obj
 0001:00000920       __wcsinc                   5f401920 f filecore.obj
 0001:00000940       ?T2COLE@@YAPBGPBG@Z        5f401940 f filecore.obj
 0001:00000960       ??0AFX_COM@@QAE@XZ         5f401960 f filecore.obj
 0001:00000990       ?data@CPlex@@QAEPAXXZ      5f401990 f list_o.obj
 0001:000009b0       ?data@CStringData@@QAEPAGXZ 5f4019b0 f strcore.obj
 0001:000009d0       ?wcschr@@YAPAGPAGG@Z       5f4019d0 f strcore.obj
 0001:00000a00       ?wcspbrk@@YAPAGPAGPBG@Z    5f401a00 f strcore.obj
 0001:00000a30       ?wcsrchr@@YAPAGPAGG@Z      5f401a30 f strex.obj
 0001:00000a60       ?wcsstr@@YAPAGPAGPBG@Z     5f401a60 f strex.obj
 0001:00000a90       __tclen                    5f401a90 f strex.obj
 0001:00000ab0       ?Construct@CSimpleList@@QAEXH@Z 5f401ab0 f afxstate.obj
 0001:00000b00       ?GetData@?$CProcessLocal@V_AFX_BASE_MODULE_STATE@@@@QAEPAV_AFX_BASE_MODULE_STATE@@XZ 5f401b00 f afxstate.obj
 0001:00000b50       ?CreateObject@?$CProcessLocal@V_AFX_BASE_MODULE_STATE@@@@SGPAVCNoTrackObject@@XZ 5f401b50 f afxstate.obj
 0001:00000be0       ??0_AFX_BASE_MODULE_STATE@@QAE@XZ 5f401be0 f afxstate.obj
 0001:00000c60       ??0CTypeLibCache@@QAE@XZ   5f401c60 f afxstate.obj
 0001:00000cb0       ??0?$CTypedSimpleList@PAVCFrameWnd@@@@QAE@H@Z 5f401cb0 f afxstate.obj
 0001:00000ce0       ??0CSimpleList@@QAE@H@Z    5f401ce0 f afxstate.obj
 0001:00000d10       ??0?$CTypedSimpleList@PAUCRuntimeClass@@@@QAE@H@Z 5f401d10 f afxstate.obj
 0001:00000d40       ??0?$CTypedSimpleList@PAVCOleObjectFactory@@@@QAE@H@Z 5f401d40 f afxstate.obj
 0001:00000d70       ??0?$CTypedSimpleList@PAVCDynLinkLibrary@@@@QAE@H@Z 5f401d70 f afxstate.obj
 0001:00000da0       ??0?$CTypedSimpleList@PAVCOleControlLock@@@@QAE@H@Z 5f401da0 f afxstate.obj
 0001:00000dd0       ?GetData@?$CThreadLocal@VAFX_MODULE_THREAD_STATE@@@@QAEPAVAFX_MODULE_THREAD_STATE@@XZ 5f401dd0 f afxstate.obj
 0001:00000e20       ?CreateObject@?$CThreadLocal@VAFX_MODULE_THREAD_STATE@@@@SGPAVCNoTrackObject@@XZ 5f401e20 f afxstate.obj
 0001:00000eb0       ??B?$CThreadLocal@V_AFX_THREAD_STATE@@@@QAEPAV_AFX_THREAD_STATE@@XZ 5f401eb0 f afxstate.obj
 0001:00000ed0       ??1CHandleMap@@QAE@XZ      5f401ed0 f afxstate.obj
 0001:00000f50       ??2@YAPAXIPAX@Z            5f401f50 f afxstate.obj
 0001:00000f70       ?GetNextPtr@CSimpleList@@QBEPAPAXPAX@Z 5f401f70 f afxtls.obj
 0001:00000fb0       ??0?$CTypedSimpleList@PAUCThreadData@@@@QAE@H@Z 5f401fb0 f afxtls.obj
 0001:00000fe0       ?AddHead@?$CTypedSimpleList@PAUCThreadData@@@@QAEXPAUCThreadData@@@Z 5f401fe0 f afxtls.obj
 0001:00001010       ??B?$CTypedSimpleList@PAUCThreadData@@@@QAEPAUCThreadData@@XZ 5f402010 f afxtls.obj
 0001:00001030       ?Remove@?$CTypedSimpleList@PAUCThreadData@@@@QAEHPAUCThreadData@@@Z 5f402030 f afxtls.obj
 0001:00001060       ??2CThreadSlotData@@SGPAXIPAX@Z 5f402060 f afxtls.obj
 0001:00001080       ??0CSyncObject@@QAE@PBG@Z  5f402080 f mtcore.obj
 0001:00001125       ??1CSyncObject@@UAE@XZ     5f402125 f mtcore.obj
 0001:000011ca       ?Lock@CSyncObject@@UAEHK@Z 5f4021ca f mtcore.obj
 0001:0000120c       ?Dump@CSyncObject@@UBEXAAVCDumpContext@@@Z 5f40220c f mtcore.obj
 0001:00001272       ?AssertValid@CSyncObject@@UBEXXZ 5f402272 f mtcore.obj
 0001:00001290       ??BCSyncObject@@QBEPAXXZ   5f402290 f mtcore.obj
 0001:000012ac       ?Unlock@CSemaphore@@UAEHXZ 5f4022ac f mtcore.obj
 0001:000012d1       ?SetEvent@CEvent@@QAEHXZ   5f4022d1 f mtcore.obj
 0001:00001316       ?PulseEvent@CEvent@@QAEHXZ 5f402316 f mtcore.obj
 0001:0000135b       ?ResetEvent@CEvent@@QAEHXZ 5f40235b f mtcore.obj
 0001:000013a0       ??1CSingleLock@@QAE@XZ     5f4023a0 f mtcore.obj
 0001:000013be       ?IsLocked@CSingleLock@@QAEHXZ 5f4023be f mtcore.obj
 0001:000013da       ?IsLocked@CMultiLock@@QAEHK@Z 5f4023da f mtcore.obj
 0001:0000142c       ??0CCriticalSection@@QAE@XZ 5f40242c f mtcore.obj
 0001:000014aa       ??BCCriticalSection@@QAEPAU_RTL_CRITICAL_SECTION@@XZ 5f4024aa f mtcore.obj
 0001:000014c6       ??1CCriticalSection@@UAE@XZ 5f4024c6 f mtcore.obj
 0001:0000153b       ?Lock@CCriticalSection@@QAEHXZ 5f40253b f mtcore.obj
 0001:00001563       ?Lock@CCriticalSection@@UAEHK@Z 5f402563 f mtcore.obj
 0001:00001583       ?Unlock@CCriticalSection@@UAEHXZ 5f402583 f mtcore.obj
 0001:000015b0       ??_GCSyncObject@@UAEPAXI@Z 5f4025b0 f mtcore.obj
 0001:000015b0       ??_ECSyncObject@@UAEPAXI@Z 5f4025b0 f mtcore.obj
 0001:000015f0       ??_GCCriticalSection@@UAEPAXI@Z 5f4025f0 f mtcore.obj
 0001:00001630       ?Unlock@CSyncObject@@UAEHJPAJ@Z 5f402630 f mtcore.obj
 0001:00001650       ??0CSemaphore@@QAE@JJPBGPAU_SECURITY_ATTRIBUTES@@@Z 5f402650 f mtex.obj
 0001:00001733       ??1CSemaphore@@UAE@XZ      5f402733 f mtex.obj
 0001:0000179b       ?Unlock@CSemaphore@@UAEHJPAJ@Z 5f40279b f mtex.obj
 0001:000017c8       ??0CMutex@@QAE@HPBGPAU_SECURITY_ATTRIBUTES@@@Z 5f4027c8 f mtex.obj
 0001:00001867       ??1CMutex@@UAE@XZ          5f402867 f mtex.obj
 0001:000018cf       ?Unlock@CMutex@@UAEHXZ     5f4028cf f mtex.obj
 0001:000018f2       ??0CEvent@@QAE@HHPBGPAU_SECURITY_ATTRIBUTES@@@Z 5f4028f2 f mtex.obj
 0001:00001995       ??1CEvent@@UAE@XZ          5f402995 f mtex.obj
 0001:000019fd       ?Unlock@CEvent@@UAEHXZ     5f4029fd f mtex.obj
 0001:00001a18       ??0CSingleLock@@QAE@PAVCSyncObject@@H@Z 5f402a18 f mtex.obj
 0001:00001aae       ?Lock@CSingleLock@@QAEHK@Z 5f402aae f mtex.obj
 0001:00001b35       ?Unlock@CSingleLock@@QAEHXZ 5f402b35 f mtex.obj
 0001:00001bc2       ?Unlock@CSingleLock@@QAEHJPAJ@Z 5f402bc2 f mtex.obj
 0001:00001c59       ??0CMultiLock@@QAE@QAPAVCSyncObject@@KH@Z 5f402c59 f mtex.obj
 0001:00001e21       ??1CMultiLock@@QAE@XZ      5f402e21 f mtex.obj
 0001:00001e84       ?Lock@CMultiLock@@QAEKKHK@Z 5f402e84 f mtex.obj
 0001:00001f7d       ?Unlock@CMultiLock@@QAEHXZ 5f402f7d f mtex.obj
 0001:00002018       ?Unlock@CMultiLock@@QAEHJPAJ@Z 5f403018 f mtex.obj
 0001:000020f0       ??_GCSemaphore@@UAEPAXI@Z  5f4030f0 f mtex.obj
 0001:00002130       ??_GCMutex@@UAEPAXI@Z      5f403130 f mtex.obj
 0001:00002170       ??_GCEvent@@UAEPAXI@Z      5f403170 f mtex.obj
 0001:000021b0       ??B?$CProcessLocal@V_AFX_WIN_STATE@@@@QAEPAV_AFX_WIN_STATE@@XZ 5f4031b0 f wincore.obj
 0001:000021d0       ?GetData@?$CProcessLocal@V_AFX_WIN_STATE@@@@QAEPAV_AFX_WIN_STATE@@XZ 5f4031d0 f wincore.obj
 0001:00002220       ?CreateObject@?$CProcessLocal@V_AFX_WIN_STATE@@@@SGPAVCNoTrackObject@@XZ 5f403220 f wincore.obj
 0001:000022b0       ?GetDataNA@?$CProcessLocal@V_AFX_CTL3D_STATE@@@@QAEPAV_AFX_CTL3D_STATE@@XZ 5f4032b0 f wincore.obj
 0001:000022d0       ?LookupPermanent@CHandleMap@@QAEPAVCObject@@PAX@Z 5f4032d0 f wincore.obj
 0001:00002300       ?LookupTemporary@CHandleMap@@QAEPAVCObject@@PAX@Z 5f403300 f wincore.obj
 0001:00002330       ??B?$CProcessLocal@V_AFX_CTL3D_STATE@@@@QAEPAV_AFX_CTL3D_STATE@@XZ 5f403330 f wincore.obj
 0001:00002350       ?GetData@?$CProcessLocal@V_AFX_CTL3D_STATE@@@@QAEPAV_AFX_CTL3D_STATE@@XZ 5f403350 f wincore.obj
 0001:000023a0       ?CreateObject@?$CProcessLocal@V_AFX_CTL3D_STATE@@@@SGPAVCNoTrackObject@@XZ 5f4033a0 f wincore.obj
 0001:00002430       ??0_AFX_CTL3D_STATE@@QAE@XZ 5f403430 f wincore.obj
 0001:000024a0       ??_G_AFX_CTL3D_STATE@@UAEPAXI@Z 5f4034a0 f wincore.obj
 0001:000024a0       ??_E_AFX_CTL3D_STATE@@UAEPAXI@Z 5f4034a0 f wincore.obj
 0001:000024e0       ?UnlockResource@@YGHPAX@Z  5f4034e0 f wincore.obj
 0001:00002500       ?AddHead@?$CTypedSimpleList@PAVCFrameWnd@@@@QAEXPAVCFrameWnd@@@Z 5f403500 f winfrm.obj
 0001:00002530       ?Remove@?$CTypedSimpleList@PAVCFrameWnd@@@@QAEHPAVCFrameWnd@@@Z 5f403530 f winfrm.obj
 0001:00002560       ??B?$CThreadLocal@VAFX_MODULE_THREAD_STATE@@@@QAEPAVAFX_MODULE_THREAD_STATE@@XZ 5f403560 f winfrm.obj
 0001:00002580       ?GetWindowTask@@YAPAUHTASK__@@PAUHWND__@@@Z 5f403580 f winfrmx.obj
 0001:000025a0       ?_GetBaseMessageMap@CToolTipCtrl@@KGPBUAFX_MSGMAP@@XZ 5f4035a0 f tooltip.obj
 0001:000025b5       ?GetMessageMap@CToolTipCtrl@@MBEPBUAFX_MSGMAP@@XZ 5f4035b5 f tooltip.obj
 0001:000025d0       ??0CToolTipCtrl@@QAE@XZ    5f4035d0 f tooltip.obj
 0001:0000265c       ?Create@CToolTipCtrl@@QAEHPAVCWnd@@K@Z 5f40365c f tooltip.obj
 0001:000026cb       ??1CToolTipCtrl@@UAE@XZ    5f4036cb f tooltip.obj
 0001:00002754       ?DestroyToolTipCtrl@CToolTipCtrl@@QAEHXZ 5f403754 f tooltip.obj
 0001:000027ce       ?OnAddTool@CToolTipCtrl@@IAEJIJ@Z 5f4037ce f tooltip.obj
 0001:00002888       ?OnDisableModal@CToolTipCtrl@@IAEJIJ@Z 5f403888 f tooltip.obj
 0001:000028b3       ?OnWindowFromPoint@CToolTipCtrl@@IAEJIJ@Z 5f4038b3 f tooltip.obj
 0001:00002999       ?AddTool@CToolTipCtrl@@QAEHPAVCWnd@@PBGPBUtagRECT@@I@Z 5f403999 f tooltip.obj
 0001:00002aa4       ?AddTool@CToolTipCtrl@@QAEHPAVCWnd@@IPBUtagRECT@@I@Z 5f403aa4 f tooltip.obj
 0001:00002bf7       ?DelTool@CToolTipCtrl@@QAEXPAVCWnd@@I@Z 5f403bf7 f tooltip.obj
 0001:00002c8a       ?GetText@CToolTipCtrl@@QBEXAAVCString@@PAVCWnd@@I@Z 5f403c8a f tooltip.obj
 0001:00002d37       ?GetToolInfo@CToolTipCtrl@@QBEHAAVCToolInfo@@PAVCWnd@@I@Z 5f403d37 f tooltip.obj
 0001:00002dd6       ?HitTest@CToolTipCtrl@@QBEHPAVCWnd@@VCPoint@@PAUtagTOOLINFOW@@@Z 5f403dd6 f tooltip.obj
 0001:00002ecb       ?SetToolRect@CToolTipCtrl@@QAEXPAVCWnd@@IPBUtagRECT@@@Z 5f403ecb f tooltip.obj
 0001:00002f92       ?UpdateTipText@CToolTipCtrl@@QAEXPBGPAVCWnd@@I@Z 5f403f92 f tooltip.obj
 0001:0000302b       ?UpdateTipText@CToolTipCtrl@@QAEXIPAVCWnd@@I@Z 5f40402b f tooltip.obj
 0001:000030f6       ?FillInToolInfo@CToolTipCtrl@@QBEXAAUtagTOOLINFOW@@PAVCWnd@@I@Z 5f4040f6 f tooltip.obj
 0001:00003180       ?EnableToolTips@CWnd@@QAEHH@Z 5f404180 f tooltip.obj
 0001:00003279       ?_FilterToolTipMessage@CWnd@@SGXPAUtagMSG@@PAV1@@Z 5f404279 f tooltip.obj
 0001:00003297       ?FilterToolTipMessage@CWnd@@QAEXPAUtagMSG@@@Z 5f404297 f tooltip.obj
 0001:000038b0       ??_GCToolTipCtrl@@UAEPAXI@Z 5f4048b0 f tooltip.obj
 0001:000038f0       ??1_AFX_WINMINI_TERM@@QAE@XZ 5f4048f0 f winmini.obj
 0001:00003920       ?items@CToolBarData@@QAEPAGXZ 5f404920 f bartool.obj
 0001:00003940       ??1_AFX_TRACKER_TERM@@QAE@XZ 5f404940 f trckrect.obj
 0001:00003970       ??1CDragListBox@@UAE@XZ    5f404970 f winctrl2.obj
 0001:000039e0       ?PreSubclassWindow@CDragListBox@@UAEXXZ 5f4049e0 f winctrl2.obj
 0001:00003a52       ?BeginDrag@CDragListBox@@UAEHVCPoint@@@Z 5f404a52 f winctrl2.obj
 0001:00003a9a       ?CancelDrag@CDragListBox@@UAEXVCPoint@@@Z 5f404a9a f winctrl2.obj
 0001:00003ac2       ?Dragging@CDragListBox@@UAEIVCPoint@@@Z 5f404ac2 f winctrl2.obj
 0001:00003b2c       ?Dropped@CDragListBox@@UAEXHVCPoint@@@Z 5f404b2c f winctrl2.obj
 0001:00003c8f       ?DrawInsert@CDragListBox@@UAEXH@Z 5f404c8f f winctrl2.obj
 0001:00003cda       ?DrawSingle@CDragListBox@@QAEXH@Z 5f404cda f winctrl2.obj
 0001:00003df7       ?OnChildNotify@CDragListBox@@MAEHIIJPAJ@Z 5f404df7 f winctrl2.obj
 0001:00003f92       ?_GetBaseMessageMap@CToolBarCtrl@@KGPBUAFX_MSGMAP@@XZ 5f404f92 f winctrl2.obj
 0001:00003fa7       ?GetMessageMap@CToolBarCtrl@@MBEPBUAFX_MSGMAP@@XZ 5f404fa7 f winctrl2.obj
 0001:00003fc2       ?Create@CToolBarCtrl@@QAEHKABUtagRECT@@PAVCWnd@@I@Z 5f404fc2 f winctrl2.obj
 0001:0000404d       ??1CToolBarCtrl@@UAE@XZ    5f40504d f winctrl2.obj
 0001:000040bd       ?AddBitmap@CToolBarCtrl@@QAEHHPAVCBitmap@@@Z 5f4050bd f winctrl2.obj
 0001:0000412e       ?AddBitmap@CToolBarCtrl@@QAEHHI@Z 5f40512e f winctrl2.obj
 0001:000041d4       ?SaveState@CToolBarCtrl@@QAEXPAUHKEY__@@PBG1@Z 5f4051d4 f winctrl2.obj
 0001:00004243       ?RestoreState@CToolBarCtrl@@QAEXPAUHKEY__@@PBG1@Z 5f405243 f winctrl2.obj
 0001:000042b2       ?AddString@CToolBarCtrl@@QAEHI@Z 5f4052b2 f winctrl2.obj
 0001:00004359       ?OnCreate@CToolBarCtrl@@IAEHPAUtagCREATESTRUCTW@@@Z 5f405359 f winctrl2.obj
 0001:0000439c       ?Create@CStatusBarCtrl@@QAEHKABUtagRECT@@PAVCWnd@@I@Z 5f40539c f winctrl2.obj
 0001:00004427       ??1CStatusBarCtrl@@UAE@XZ  5f405427 f winctrl2.obj
 0001:00004497       ?GetText@CStatusBarCtrl@@QBEHPBGHPAH@Z 5f405497 f winctrl2.obj
 0001:00004543       ?GetText@CStatusBarCtrl@@QBE?AVCString@@HPAH@Z 5f405543 f winctrl2.obj
 0001:00004690       ?GetTextLength@CStatusBarCtrl@@QBEHHPAH@Z 5f405690 f winctrl2.obj
 0001:0000473a       ?GetBorders@CStatusBarCtrl@@QBEHAAH00@Z 5f40573a f winctrl2.obj
 0001:000047bf       ?DrawItem@CStatusBarCtrl@@UAEXPAUtagDRAWITEMSTRUCT@@@Z 5f4057bf f winctrl2.obj
 0001:000047ef       ?OnChildNotify@CStatusBarCtrl@@MAEHIIJPAJ@Z 5f4057ef f winctrl2.obj
 0001:00004867       ?_GetBaseMessageMap@CListCtrl@@KGPBUAFX_MSGMAP@@XZ 5f405867 f winctrl2.obj
 0001:0000487c       ?GetMessageMap@CListCtrl@@MBEPBUAFX_MSGMAP@@XZ 5f40587c f winctrl2.obj
 0001:00004897       ?Create@CListCtrl@@QAEHKABUtagRECT@@PAVCWnd@@I@Z 5f405897 f winctrl2.obj
 0001:00004922       ??1CListCtrl@@UAE@XZ       5f405922 f winctrl2.obj
 0001:00004992       ?GetItemRect@CListCtrl@@QBEHHPAUtagRECT@@I@Z 5f405992 f winctrl2.obj
 0001:000049f9       ?InsertColumn@CListCtrl@@QAEHHPBGHHH@Z 5f4059f9 f winctrl2.obj
 0001:00004a5c       ?InsertItem@CListCtrl@@QAEHIHPBGIIHJ@Z 5f405a5c f winctrl2.obj
 0001:00004ade       ?HitTest@CListCtrl@@QBEHVCPoint@@PAI@Z 5f405ade f winctrl2.obj
 0001:00004b5f       ?SetItem@CListCtrl@@QAEHHHIPBGHIIJ@Z 5f405b5f f winctrl2.obj
 0001:00004bec       ?GetItemText@CListCtrl@@QBE?AVCString@@HH@Z 5f405bec f winctrl2.obj
 0001:00004d12       ?GetItemText@CListCtrl@@QBEHHHPAGH@Z 5f405d12 f winctrl2.obj
 0001:00004d93       ?GetItemData@CListCtrl@@QBEKH@Z 5f405d93 f winctrl2.obj
 0001:00004e30       ?DrawItem@CListCtrl@@UAEXPAUtagDRAWITEMSTRUCT@@@Z 5f405e30 f winctrl2.obj
 0001:00004e60       ?OnChildNotify@CListCtrl@@MAEHIIJPAJ@Z 5f405e60 f winctrl2.obj
 0001:00004ed8       ?RemoveImageList@CListCtrl@@IAEXH@Z 5f405ed8 f winctrl2.obj
 0001:00004f2a       ?OnNcDestroy@CListCtrl@@IAEXXZ 5f405f2a f winctrl2.obj
 0001:00004f66       ?CreateDragImage@CListCtrl@@QAEPAVCImageList@@HPAUtagPOINT@@@Z 5f405f66 f winctrl2.obj
 0001:0000503d       ?_GetBaseMessageMap@CTreeCtrl@@KGPBUAFX_MSGMAP@@XZ 5f40603d f winctrl2.obj
 0001:00005052       ?GetMessageMap@CTreeCtrl@@MBEPBUAFX_MSGMAP@@XZ 5f406052 f winctrl2.obj
 0001:0000506d       ?Create@CTreeCtrl@@QAEHKABUtagRECT@@PAVCWnd@@I@Z 5f40606d f winctrl2.obj
 0001:000050f8       ??1CTreeCtrl@@UAE@XZ       5f4060f8 f winctrl2.obj
 0001:00005168       ?GetItemRect@CTreeCtrl@@QBEHPAU_TREEITEM@@PAUtagRECT@@H@Z 5f406168 f winctrl2.obj
 0001:000051cf       ?GetItemText@CTreeCtrl@@QBE?AVCString@@PAU_TREEITEM@@@Z 5f4061cf f winctrl2.obj
 0001:000052f4       ?GetItemImage@CTreeCtrl@@QBEHPAU_TREEITEM@@AAH1@Z 5f4062f4 f winctrl2.obj
 0001:0000537e       ?GetItemState@CTreeCtrl@@QBEIPAU_TREEITEM@@I@Z 5f40637e f winctrl2.obj
 0001:00005418       ?GetItemData@CTreeCtrl@@QBEKPAU_TREEITEM@@@Z 5f406418 f winctrl2.obj
 0001:000054a5       ?ItemHasChildren@CTreeCtrl@@QBEHPAU_TREEITEM@@@Z 5f4064a5 f winctrl2.obj
 0001:00005512       ?SetItem@CTreeCtrl@@QAEHPAU_TREEITEM@@IPBGHHIIJ@Z 5f406512 f winctrl2.obj
 0001:0000559f       ?InsertItem@CTreeCtrl@@QAEPAU_TREEITEM@@IPBGHHIIJPAU2@1@Z 5f40659f f winctrl2.obj
 0001:00005632       ?HitTest@CTreeCtrl@@QBEPAU_TREEITEM@@VCPoint@@PAI@Z 5f406632 f winctrl2.obj
 0001:000056b3       ?RemoveImageList@CTreeCtrl@@IAEXH@Z 5f4066b3 f winctrl2.obj
 0001:00005705       ?OnDestroy@CTreeCtrl@@QAEXXZ 5f406705 f winctrl2.obj
 0001:00005737       ?CreateDragImage@CTreeCtrl@@QAEPAVCImageList@@PAU_TREEITEM@@@Z 5f406737 f winctrl2.obj
 0001:0000580c       ?Create@CSpinButtonCtrl@@QAEHKABUtagRECT@@PAVCWnd@@I@Z 5f40680c f winctrl2.obj
 0001:00005897       ??1CSpinButtonCtrl@@UAE@XZ 5f406897 f winctrl2.obj
 0001:00005907       ?GetRange@CSpinButtonCtrl@@QBEXAAH0@Z 5f406907 f winctrl2.obj
 0001:00005981       ?Create@CSliderCtrl@@QAEHKABUtagRECT@@PAVCWnd@@I@Z 5f406981 f winctrl2.obj
 0001:00005a0c       ??1CSliderCtrl@@UAE@XZ     5f406a0c f winctrl2.obj
 0001:00005a7c       ?GetRange@CSliderCtrl@@QBEXAAH0@Z 5f406a7c f winctrl2.obj
 0001:00005adb       ?SetRange@CSliderCtrl@@QAEXHHH@Z 5f406adb f winctrl2.obj
 0001:00005b13       ?GetSelection@CSliderCtrl@@QBEXAAH0@Z 5f406b13 f winctrl2.obj
 0001:00005b8e       ?SetSelection@CSliderCtrl@@QAEXHH@Z 5f406b8e f winctrl2.obj
 0001:00005c03       ?Create@CProgressCtrl@@QAEHKABUtagRECT@@PAVCWnd@@I@Z 5f406c03 f winctrl2.obj
 0001:00005c8e       ??1CProgressCtrl@@UAE@XZ   5f406c8e f winctrl2.obj
 0001:00005cfe       ?Create@CHeaderCtrl@@QAEHKABUtagRECT@@PAVCWnd@@I@Z 5f406cfe f winctrl2.obj
 0001:00005d89       ??1CHeaderCtrl@@UAE@XZ     5f406d89 f winctrl2.obj
 0001:00005df9       ?DrawItem@CHeaderCtrl@@UAEXPAUtagDRAWITEMSTRUCT@@@Z 5f406df9 f winctrl2.obj
 0001:00005e29       ?OnChildNotify@CHeaderCtrl@@MAEHIIJPAJ@Z 5f406e29 f winctrl2.obj
 0001:00005ea1       ?Create@CHotKeyCtrl@@QAEHKABUtagRECT@@PAVCWnd@@I@Z 5f406ea1 f winctrl2.obj
 0001:00005f2c       ??1CHotKeyCtrl@@UAE@XZ     5f406f2c f winctrl2.obj
 0001:00005f9c       ?GetHotKey@CHotKeyCtrl@@QBEXAAG0@Z 5f406f9c f winctrl2.obj
 0001:00006010       ?_GetBaseMessageMap@CTabCtrl@@KGPBUAFX_MSGMAP@@XZ 5f407010 f winctrl2.obj
 0001:00006025       ?GetMessageMap@CTabCtrl@@MBEPBUAFX_MSGMAP@@XZ 5f407025 f winctrl2.obj
 0001:00006040       ?Create@CTabCtrl@@QAEHKABUtagRECT@@PAVCWnd@@I@Z 5f407040 f winctrl2.obj
 0001:000060cb       ??1CTabCtrl@@UAE@XZ        5f4070cb f winctrl2.obj
 0001:0000613b       ?DrawItem@CTabCtrl@@UAEXPAUtagDRAWITEMSTRUCT@@@Z 5f40713b f winctrl2.obj
 0001:0000616b       ?OnChildNotify@CTabCtrl@@MAEHIIJPAJ@Z 5f40716b f winctrl2.obj
 0001:000061e3       ?OnDestroy@CTabCtrl@@IAEXXZ 5f4071e3 f winctrl2.obj
 0001:00006237       ?Create@CAnimateCtrl@@QAEHKABUtagRECT@@PAVCWnd@@I@Z 5f407237 f winctrl2.obj
 0001:000062c2       ??1CAnimateCtrl@@UAE@XZ    5f4072c2 f winctrl2.obj
 0001:00006332       ??1CRichEditCtrl@@UAE@XZ   5f407332 f winctrl2.obj
 0001:000063a2       ??0CImageList@@QAE@XZ      5f4073a2 f winctrl2.obj
 0001:0000641b       ??1CImageList@@UAE@XZ      5f40741b f winctrl2.obj
 0001:0000648b       ?Detach@CImageList@@QAEPAU_IMAGELIST@@XZ 5f40748b f winctrl2.obj
 0001:0000658f       ?DeleteImageList@CImageList@@QAEHXZ 5f40758f f winctrl2.obj
 0001:000065c8       ?DeleteTempMap@CImageList@@SGXXZ 5f4075c8 f winctrl2.obj
 0001:000065fa       ?FromHandle@CImageList@@SGPAV1@PAU_IMAGELIST@@@Z 5f4075fa f winctrl2.obj
 0001:00006681       ?FromHandlePermanent@CImageList@@SGPAV1@PAU_IMAGELIST@@@Z 5f407681 f winctrl2.obj
 0001:000066f7       ?Create@CImageList@@QAEHHHIHH@Z 5f4076f7 f winctrl2.obj
 0001:00006732       ?Create@CImageList@@QAEHIHHK@Z 5f407732 f winctrl2.obj
 0001:000067a7       ?Create@CImageList@@QAEHPBGHHK@Z 5f4077a7 f winctrl2.obj
 0001:000067ee       ?Create@CImageList@@QAEHAAV1@H0HHH@Z 5f4077ee f winctrl2.obj
 0001:00006833       ?Attach@CImageList@@QAEHPAU_IMAGELIST@@@Z 5f407833 f winctrl2.obj
 0001:000068fa       ?Read@CImageList@@QAEHPAVCArchive@@@Z 5f4078fa f winctrl2.obj
 0001:000069b6       ?Write@CImageList@@QAEHPAVCArchive@@@Z 5f4079b6 f winctrl2.obj
 0001:00006a5a       ?Dump@CImageList@@UBEXAAVCDumpContext@@@Z 5f407a5a f winctrl2.obj
 0001:00006aa6       ?AssertValid@CImageList@@UBEXXZ 5f407aa6 f winctrl2.obj
 0001:00006b79       ??0CDragListBox@@QAE@XZ    5f407b79 f winctrl2.obj
 0001:00006bf2       ?ItemFromPt@CDragListBox@@QBEHVCPoint@@H@Z 5f407bf2 f winctrl2.obj
 0001:00006c4d       ??0CToolBarCtrl@@QAE@XZ    5f407c4d f winctrl2.obj
 0001:00006cbc       ?EnableButton@CToolBarCtrl@@QAEHHH@Z 5f407cbc f winctrl2.obj
 0001:00006d1d       ?CheckButton@CToolBarCtrl@@QAEHHH@Z 5f407d1d f winctrl2.obj
 0001:00006d7e       ?PressButton@CToolBarCtrl@@QAEHHH@Z 5f407d7e f winctrl2.obj
 0001:00006ddf       ?HideButton@CToolBarCtrl@@QAEHHH@Z 5f407ddf f winctrl2.obj
 0001:00006e40       ?Indeterminate@CToolBarCtrl@@QAEHHH@Z 5f407e40 f winctrl2.obj
 0001:00006ea1       ?IsButtonEnabled@CToolBarCtrl@@QBEHH@Z 5f407ea1 f winctrl2.obj
 0001:00006efb       ?IsButtonChecked@CToolBarCtrl@@QBEHH@Z 5f407efb f winctrl2.obj
 0001:00006f55       ?IsButtonPressed@CToolBarCtrl@@QBEHH@Z 5f407f55 f winctrl2.obj
 0001:00006faf       ?IsButtonHidden@CToolBarCtrl@@QBEHH@Z 5f407faf f winctrl2.obj
 0001:00007009       ?IsButtonIndeterminate@CToolBarCtrl@@QBEHH@Z 5f408009 f winctrl2.obj
 0001:00007063       ?SetState@CToolBarCtrl@@QAEHHI@Z 5f408063 f winctrl2.obj
 0001:000070c4       ?GetState@CToolBarCtrl@@QBEHH@Z 5f4080c4 f winctrl2.obj
 0001:0000711e       ?AddButtons@CToolBarCtrl@@QAEHHPAU_TBBUTTON@@@Z 5f40811e f winctrl2.obj
 0001:0000717a       ?InsertButton@CToolBarCtrl@@QAEHHPAU_TBBUTTON@@@Z 5f40817a f winctrl2.obj
 0001:000071d6       ?DeleteButton@CToolBarCtrl@@QAEHH@Z 5f4081d6 f winctrl2.obj
 0001:00007230       ?GetButton@CToolBarCtrl@@QBEHHPAU_TBBUTTON@@@Z 5f408230 f winctrl2.obj
 0001:0000728c       ?GetButtonCount@CToolBarCtrl@@QBEHXZ 5f40828c f winctrl2.obj
 0001:000072e2       ?CommandToIndex@CToolBarCtrl@@QBEII@Z 5f4082e2 f winctrl2.obj
 0001:0000733c       ?Customize@CToolBarCtrl@@QAEXXZ 5f40833c f winctrl2.obj
 0001:00007392       ?AddStrings@CToolBarCtrl@@QAEHPBG@Z 5f408392 f winctrl2.obj
 0001:000073ec       ?GetItemRect@CToolBarCtrl@@QBEHHPAUtagRECT@@@Z 5f4083ec f winctrl2.obj
 0001:00007448       ?SetButtonStructSize@CToolBarCtrl@@QAEXH@Z 5f408448 f winctrl2.obj
 0001:000074a2       ?SetButtonSize@CToolBarCtrl@@QAEHVCSize@@@Z 5f4084a2 f winctrl2.obj
 0001:0000750f       ?SetBitmapSize@CToolBarCtrl@@QAEHVCSize@@@Z 5f40850f f winctrl2.obj
 0001:0000757c       ?AutoSize@CToolBarCtrl@@QAEXXZ 5f40857c f winctrl2.obj
 0001:000075d2       ?GetToolTips@CToolBarCtrl@@QBEPAVCToolTipCtrl@@XZ 5f4085d2 f winctrl2.obj
 0001:0000762e       ?SetToolTips@CToolBarCtrl@@QAEXPAVCToolTipCtrl@@@Z 5f40862e f winctrl2.obj
 0001:0000768b       ?SetOwner@CToolBarCtrl@@QAEXPAVCWnd@@@Z 5f40868b f winctrl2.obj
 0001:000076e8       ?SetRows@CToolBarCtrl@@QAEXHHPAUtagRECT@@@Z 5f4086e8 f winctrl2.obj
 0001:00007757       ?GetRows@CToolBarCtrl@@QBEHXZ 5f408757 f winctrl2.obj
 0001:000077ad       ?SetCmdID@CToolBarCtrl@@QAEHHI@Z 5f4087ad f winctrl2.obj
 0001:00007809       ?GetBitmapFlags@CToolBarCtrl@@QBEIXZ 5f408809 f winctrl2.obj
 0001:0000785f       ??0CStatusBarCtrl@@QAE@XZ  5f40885f f winctrl2.obj
 0001:000078ce       ?SetText@CStatusBarCtrl@@QAEHPBGHH@Z 5f4088ce f winctrl2.obj
 0001:0000794f       ?SetParts@CStatusBarCtrl@@QAEHHPAH@Z 5f40894f f winctrl2.obj
 0001:000079ab       ?GetParts@CStatusBarCtrl@@QBEHHPAH@Z 5f4089ab f winctrl2.obj
 0001:00007a07       ?GetBorders@CStatusBarCtrl@@QBEHPAH@Z 5f408a07 f winctrl2.obj
 0001:00007a61       ?SetMinHeight@CStatusBarCtrl@@QAEXH@Z 5f408a61 f winctrl2.obj
 0001:00007abb       ?SetSimple@CStatusBarCtrl@@QAEHH@Z 5f408abb f winctrl2.obj
 0001:00007b15       ?GetRect@CStatusBarCtrl@@QBEHHPAUtagRECT@@@Z 5f408b15 f winctrl2.obj
 0001:00007b71       ??0CListCtrl@@QAE@XZ       5f408b71 f winctrl2.obj
 0001:00007be0       ?GetBkColor@CListCtrl@@QBEKXZ 5f408be0 f winctrl2.obj
 0001:00007c36       ?SetBkColor@CListCtrl@@QAEHK@Z 5f408c36 f winctrl2.obj
 0001:00007c90       ?GetImageList@CListCtrl@@QBEPAVCImageList@@H@Z 5f408c90 f winctrl2.obj
 0001:00007cf0       ?SetImageList@CListCtrl@@QAEPAVCImageList@@PAV2@H@Z 5f408cf0 f winctrl2.obj
 0001:00007d57       ?GetItemCount@CListCtrl@@QBEHXZ 5f408d57 f winctrl2.obj
 0001:00007dad       ?GetItem@CListCtrl@@QBEHPAUtagLVITEMW@@@Z 5f408dad f winctrl2.obj
 0001:00007e07       ?SetItem@CListCtrl@@QAEHPBUtagLVITEMW@@@Z 5f408e07 f winctrl2.obj
 0001:00007e61       ?SetItemState@CListCtrl@@QAEHHII@Z 5f408e61 f winctrl2.obj
 0001:00007ec4       ?SetItemText@CListCtrl@@QAEHHHPBG@Z 5f408ec4 f winctrl2.obj
 0001:00007f27       ?SetItemData@CListCtrl@@QAEHHK@Z 5f408f27 f winctrl2.obj
 0001:00007f88       ?InsertItem@CListCtrl@@QAEHPBUtagLVITEMW@@@Z 5f408f88 f winctrl2.obj
 0001:00007fe5       ?InsertItem@CListCtrl@@QAEHHPBG@Z 5f408fe5 f winctrl2.obj
 0001:00008044       ?InsertItem@CListCtrl@@QAEHHPBGH@Z 5f409044 f winctrl2.obj
 0001:000080a5       ?DeleteItem@CListCtrl@@QAEHH@Z 5f4090a5 f winctrl2.obj
 0001:00008102       ?DeleteAllItems@CListCtrl@@QAEHXZ 5f409102 f winctrl2.obj
 0001:0000815b       ?GetCallbackMask@CListCtrl@@QBEIXZ 5f40915b f winctrl2.obj
 0001:000081b4       ?SetCallbackMask@CListCtrl@@QAEHI@Z 5f4091b4 f winctrl2.obj
 0001:00008211       ?GetNextItem@CListCtrl@@QBEHHH@Z 5f409211 f winctrl2.obj
 0001:00008275       ?FindItem@CListCtrl@@QBEHPAUtagLVFINDINFOW@@H@Z 5f409275 f winctrl2.obj
 0001:000082d4       ?HitTest@CListCtrl@@QBEHPAUtagLVHITTESTINFO@@@Z 5f4092d4 f winctrl2.obj
 0001:00008331       ?SetItemPosition@CListCtrl@@QAEHHUtagPOINT@@@Z 5f409331 f winctrl2.obj
 0001:00008390       ?GetItemPosition@CListCtrl@@QBEHHPAUtagPOINT@@@Z 5f409390 f winctrl2.obj
 0001:000083ef       ?GetStringWidth@CListCtrl@@QBEHPBG@Z 5f4093ef f winctrl2.obj
 0001:0000844c       ?EnsureVisible@CListCtrl@@QAEHHH@Z 5f40944c f winctrl2.obj
 0001:000084b0       ?Scroll@CListCtrl@@QAEHVCSize@@@Z 5f4094b0 f winctrl2.obj
 0001:0000850f       ?RedrawItems@CListCtrl@@QAEHHH@Z 5f40950f f winctrl2.obj
 0001:0000856e       ?Arrange@CListCtrl@@QAEHI@Z 5f40956e f winctrl2.obj
 0001:000085cb       ?EditLabel@CListCtrl@@QAEPAVCEdit@@H@Z 5f4095cb f winctrl2.obj
 0001:0000862e       ?GetEditControl@CListCtrl@@QBEPAVCEdit@@XZ 5f40962e f winctrl2.obj
 0001:0000868d       ?GetColumn@CListCtrl@@QBEHHPAUtagLVCOLUMNW@@@Z 5f40968d f winctrl2.obj
 0001:000086ec       ?SetColumn@CListCtrl@@QAEHHPBUtagLVCOLUMNW@@@Z 5f4096ec f winctrl2.obj
 0001:0000874b       ?InsertColumn@CListCtrl@@QAEHHPBUtagLVCOLUMNW@@@Z 5f40974b f winctrl2.obj
 0001:000087aa       ?DeleteColumn@CListCtrl@@QAEHH@Z 5f4097aa f winctrl2.obj
 0001:00008807       ?GetColumnWidth@CListCtrl@@QBEHH@Z 5f409807 f winctrl2.obj
 0001:00008864       ?SetColumnWidth@CListCtrl@@QAEHHH@Z 5f409864 f winctrl2.obj
 0001:000088c8       ?GetViewRect@CListCtrl@@QBEHPAUtagRECT@@@Z 5f4098c8 f winctrl2.obj
 0001:00008925       ?GetTextColor@CListCtrl@@QBEKXZ 5f409925 f winctrl2.obj
 0001:0000897e       ?SetTextColor@CListCtrl@@QAEHK@Z 5f40997e f winctrl2.obj
 0001:000089db       ?GetTextBkColor@CListCtrl@@QBEKXZ 5f4099db f winctrl2.obj
 0001:00008a34       ?SetTextBkColor@CListCtrl@@QAEHK@Z 5f409a34 f winctrl2.obj
 0001:00008a91       ?GetTopIndex@CListCtrl@@QBEHXZ 5f409a91 f winctrl2.obj
 0001:00008aea       ?GetCountPerPage@CListCtrl@@QBEHXZ 5f409aea f winctrl2.obj
 0001:00008b43       ?GetOrigin@CListCtrl@@QBEHPAUtagPOINT@@@Z 5f409b43 f winctrl2.obj
 0001:00008ba0       ?Update@CListCtrl@@QAEHH@Z 5f409ba0 f winctrl2.obj
 0001:00008bfd       ?SetItemState@CListCtrl@@QAEHHPAUtagLVITEMW@@@Z 5f409bfd f winctrl2.obj
 0001:00008c5c       ?GetItemState@CListCtrl@@QBEIHI@Z 5f409c5c f winctrl2.obj
 0001:00008cbb       ?SetItemCount@CListCtrl@@QAEXH@Z 5f409cbb f winctrl2.obj
 0001:00008d18       ?SortItems@CListCtrl@@QAEHP6GHJJJ@ZK@Z 5f409d18 f winctrl2.obj
 0001:00008d77       ?GetSelectedCount@CListCtrl@@QBEIXZ 5f409d77 f winctrl2.obj
 0001:00008dd0       ??0CTreeCtrl@@QAE@XZ       5f409dd0 f winctrl2.obj
 0001:00008e3f       ?InsertItem@CTreeCtrl@@QAEPAU_TREEITEM@@PAUtagTVINSERTSTRUCTW@@@Z 5f409e3f f winctrl2.obj
 0001:00008e9c       ?InsertItem@CTreeCtrl@@QAEPAU_TREEITEM@@PBGHHPAU2@1@Z 5f409e9c f winctrl2.obj
 0001:00008f05       ?InsertItem@CTreeCtrl@@QAEPAU_TREEITEM@@PBGPAU2@1@Z 5f409f05 f winctrl2.obj
 0001:00008f6a       ?DeleteItem@CTreeCtrl@@QAEHPAU_TREEITEM@@@Z 5f409f6a f winctrl2.obj
 0001:00008fc7       ?DeleteAllItems@CTreeCtrl@@QAEHXZ 5f409fc7 f winctrl2.obj
 0001:00009023       ?Expand@CTreeCtrl@@QAEHPAU_TREEITEM@@I@Z 5f40a023 f winctrl2.obj
 0001:00009082       ?GetCount@CTreeCtrl@@QBEIXZ 5f40a082 f winctrl2.obj
 0001:000090db       ?GetIndent@CTreeCtrl@@QBEIXZ 5f40a0db f winctrl2.obj
 0001:00009134       ?SetIndent@CTreeCtrl@@QAEXI@Z 5f40a134 f winctrl2.obj
 0001:00009191       ?GetImageList@CTreeCtrl@@QBEPAVCImageList@@I@Z 5f40a191 f winctrl2.obj
 0001:000091f4       ?SetImageList@CTreeCtrl@@QAEPAVCImageList@@PAV2@H@Z 5f40a1f4 f winctrl2.obj
 0001:0000925e       ?GetNextItem@CTreeCtrl@@QBEPAU_TREEITEM@@PAU2@I@Z 5f40a25e f winctrl2.obj
 0001:000092bd       ?GetChildItem@CTreeCtrl@@QBEPAU_TREEITEM@@PAU2@@Z 5f40a2bd f winctrl2.obj
 0001:0000931a       ?GetNextSiblingItem@CTreeCtrl@@QBEPAU_TREEITEM@@PAU2@@Z 5f40a31a f winctrl2.obj
 0001:00009377       ?GetPrevSiblingItem@CTreeCtrl@@QBEPAU_TREEITEM@@PAU2@@Z 5f40a377 f winctrl2.obj
 0001:000093d4       ?GetParentItem@CTreeCtrl@@QBEPAU_TREEITEM@@PAU2@@Z 5f40a3d4 f winctrl2.obj
 0001:00009431       ?GetFirstVisibleItem@CTreeCtrl@@QBEPAU_TREEITEM@@XZ 5f40a431 f winctrl2.obj
 0001:0000948a       ?GetNextVisibleItem@CTreeCtrl@@QBEPAU_TREEITEM@@PAU2@@Z 5f40a48a f winctrl2.obj
 0001:000094e7       ?GetPrevVisibleItem@CTreeCtrl@@QBEPAU_TREEITEM@@PAU2@@Z 5f40a4e7 f winctrl2.obj
 0001:00009544       ?GetSelectedItem@CTreeCtrl@@QBEPAU_TREEITEM@@XZ 5f40a544 f winctrl2.obj
 0001:0000959d       ?GetDropHilightItem@CTreeCtrl@@QBEPAU_TREEITEM@@XZ 5f40a59d f winctrl2.obj
 0001:000095f6       ?GetRootItem@CTreeCtrl@@QBEPAU_TREEITEM@@XZ 5f40a5f6 f winctrl2.obj
 0001:0000964f       ?Select@CTreeCtrl@@QAEHPAU_TREEITEM@@I@Z 5f40a64f f winctrl2.obj
 0001:000096ae       ?SelectItem@CTreeCtrl@@QAEHPAU_TREEITEM@@@Z 5f40a6ae f winctrl2.obj
 0001:0000970b       ?SelectDropTarget@CTreeCtrl@@QAEHPAU_TREEITEM@@@Z 5f40a70b f winctrl2.obj
 0001:00009768       ?SelectSetFirstVisible@CTreeCtrl@@QAEHPAU_TREEITEM@@@Z 5f40a768 f winctrl2.obj
 0001:000097c5       ?GetItem@CTreeCtrl@@QBEHPAUtagTVITEMW@@@Z 5f40a7c5 f winctrl2.obj
 0001:00009822       ?SetItem@CTreeCtrl@@QAEHPAUtagTVITEMW@@@Z 5f40a822 f winctrl2.obj
 0001:0000987f       ?SetItemText@CTreeCtrl@@QAEHPAU_TREEITEM@@PBG@Z 5f40a87f f winctrl2.obj
 0001:000098e0       ?SetItemImage@CTreeCtrl@@QAEHPAU_TREEITEM@@HH@Z 5f40a8e0 f winctrl2.obj
 0001:00009943       ?SetItemState@CTreeCtrl@@QAEHPAU_TREEITEM@@II@Z 5f40a943 f winctrl2.obj
 0001:000099a6       ?SetItemData@CTreeCtrl@@QAEHPAU_TREEITEM@@K@Z 5f40a9a6 f winctrl2.obj
 0001:00009a07       ?EditLabel@CTreeCtrl@@QAEPAVCEdit@@PAU_TREEITEM@@@Z 5f40aa07 f winctrl2.obj
 0001:00009a6a       ?HitTest@CTreeCtrl@@QBEPAU_TREEITEM@@PAUtagTVHITTESTINFO@@@Z 5f40aa6a f winctrl2.obj
 0001:00009ac7       ?GetEditControl@CTreeCtrl@@QBEPAVCEdit@@XZ 5f40aac7 f winctrl2.obj
 0001:00009b26       ?GetVisibleCount@CTreeCtrl@@QBEIXZ 5f40ab26 f winctrl2.obj
 0001:00009b7f       ?SortChildren@CTreeCtrl@@QAEHPAU_TREEITEM@@@Z 5f40ab7f f winctrl2.obj
 0001:00009bdc       ?EnsureVisible@CTreeCtrl@@QAEHPAU_TREEITEM@@@Z 5f40abdc f winctrl2.obj
 0001:00009c39       ?SortChildrenCB@CTreeCtrl@@QAEHPAUtagTVSORTCB@@@Z 5f40ac39 f winctrl2.obj
 0001:00009c96       ??0CHotKeyCtrl@@QAE@XZ     5f40ac96 f winctrl2.obj
 0001:00009d05       ?SetHotKey@CHotKeyCtrl@@QAEXGG@Z 5f40ad05 f winctrl2.obj
 0001:00009d71       ?GetHotKey@CHotKeyCtrl@@QBEKXZ 5f40ad71 f winctrl2.obj
 0001:00009dca       ?SetRules@CHotKeyCtrl@@QAEXGG@Z 5f40adca f winctrl2.obj
 0001:00009e33       ?Activate@CToolTipCtrl@@QAEXH@Z 5f40ae33 f winctrl2.obj
 0001:00009e90       ?SetToolInfo@CToolTipCtrl@@QAEXPAUtagTOOLINFOW@@@Z 5f40ae90 f winctrl2.obj
 0001:00009eed       ?RelayEvent@CToolTipCtrl@@QAEXPAUtagMSG@@@Z 5f40aeed f winctrl2.obj
 0001:00009f4a       ?SetDelayTime@CToolTipCtrl@@QAEXI@Z 5f40af4a f winctrl2.obj
 0001:00009fa7       ?GetToolCount@CToolTipCtrl@@QBEHXZ 5f40afa7 f winctrl2.obj
 0001:0000a000       ??0CSpinButtonCtrl@@QAE@XZ 5f40b000 f winctrl2.obj
 0001:0000a06f       ?GetAccel@CSpinButtonCtrl@@QBEIHPAU_UDACCEL@@@Z 5f40b06f f winctrl2.obj
 0001:0000a0d1       ?GetBase@CSpinButtonCtrl@@QBEIXZ 5f40b0d1 f winctrl2.obj
 0001:0000a12d       ?GetBuddy@CSpinButtonCtrl@@QBEPAVCWnd@@XZ 5f40b12d f winctrl2.obj
 0001:0000a18c       ?GetPos@CSpinButtonCtrl@@QBEHXZ 5f40b18c f winctrl2.obj
 0001:0000a1e8       ?GetRange@CSpinButtonCtrl@@QBEKXZ 5f40b1e8 f winctrl2.obj
 0001:0000a241       ?SetAccel@CSpinButtonCtrl@@QAEHHPAU_UDACCEL@@@Z 5f40b241 f winctrl2.obj
 0001:0000a2a3       ?SetBase@CSpinButtonCtrl@@QAEHH@Z 5f40b2a3 f winctrl2.obj
 0001:0000a300       ?SetBuddy@CSpinButtonCtrl@@QAEPAVCWnd@@PAV2@@Z 5f40b300 f winctrl2.obj
 0001:0000a366       ?SetPos@CSpinButtonCtrl@@QAEHH@Z 5f40b366 f winctrl2.obj
 0001:0000a3cb       ?SetRange@CSpinButtonCtrl@@QAEXHH@Z 5f40b3cb f winctrl2.obj
 0001:0000a43b       ??0CSliderCtrl@@QAE@XZ     5f40b43b f winctrl2.obj
 0001:0000a4aa       ?GetLineSize@CSliderCtrl@@QBEHXZ 5f40b4aa f winctrl2.obj
 0001:0000a503       ?SetLineSize@CSliderCtrl@@QAEHH@Z 5f40b503 f winctrl2.obj
 0001:0000a560       ?GetPageSize@CSliderCtrl@@QBEHXZ 5f40b560 f winctrl2.obj
 0001:0000a5b9       ?SetPageSize@CSliderCtrl@@QAEHH@Z 5f40b5b9 f winctrl2.obj
 0001:0000a616       ?GetRangeMax@CSliderCtrl@@QBEHXZ 5f40b616 f winctrl2.obj
 0001:0000a66f       ?GetRangeMin@CSliderCtrl@@QBEHXZ 5f40b66f f winctrl2.obj
 0001:0000a6c8       ?SetRangeMin@CSliderCtrl@@QAEXHH@Z 5f40b6c8 f winctrl2.obj
 0001:0000a727       ?SetRangeMax@CSliderCtrl@@QAEXHH@Z 5f40b727 f winctrl2.obj
 0001:0000a786       ?ClearSel@CSliderCtrl@@QAEXH@Z 5f40b786 f winctrl2.obj
 0001:0000a7e3       ?GetChannelRect@CSliderCtrl@@QBEXPAUtagRECT@@@Z 5f40b7e3 f winctrl2.obj
 0001:0000a840       ?GetThumbRect@CSliderCtrl@@QBEXPAUtagRECT@@@Z 5f40b840 f winctrl2.obj
 0001:0000a89d       ?GetPos@CSliderCtrl@@QBEHXZ 5f40b89d f winctrl2.obj
 0001:0000a8f6       ?SetPos@CSliderCtrl@@QAEXH@Z 5f40b8f6 f winctrl2.obj
 0001:0000a953       ?VerifyPos@CSliderCtrl@@QAEXXZ 5f40b953 f winctrl2.obj
 0001:0000a9ac       ?ClearTics@CSliderCtrl@@QAEXH@Z 5f40b9ac f winctrl2.obj
 0001:0000aa09       ?GetNumTics@CSliderCtrl@@QBEIXZ 5f40ba09 f winctrl2.obj
 0001:0000aa62       ?GetTicArray@CSliderCtrl@@QBEPAKXZ 5f40ba62 f winctrl2.obj
 0001:0000aabb       ?GetTic@CSliderCtrl@@QBEHH@Z 5f40babb f winctrl2.obj
 0001:0000ab18       ?GetTicPos@CSliderCtrl@@QBEHH@Z 5f40bb18 f winctrl2.obj
 0001:0000ab75       ?SetTic@CSliderCtrl@@QAEHH@Z 5f40bb75 f winctrl2.obj
 0001:0000abd2       ?SetTicFreq@CSliderCtrl@@QAEXH@Z 5f40bbd2 f winctrl2.obj
 0001:0000ac2f       ??0CProgressCtrl@@QAE@XZ   5f40bc2f f winctrl2.obj
 0001:0000ac9e       ?SetRange@CProgressCtrl@@QAEXHH@Z 5f40bc9e f winctrl2.obj
 0001:0000ad0e       ?SetPos@CProgressCtrl@@QAEHH@Z 5f40bd0e f winctrl2.obj
 0001:0000ad6e       ?OffsetPos@CProgressCtrl@@QAEHH@Z 5f40bd6e f winctrl2.obj
 0001:0000adce       ?SetStep@CProgressCtrl@@QAEHH@Z 5f40bdce f winctrl2.obj
 0001:0000ae2e       ?StepIt@CProgressCtrl@@QAEHXZ 5f40be2e f winctrl2.obj
 0001:0000ae8a       ??0CHeaderCtrl@@QAE@XZ     5f40be8a f winctrl2.obj
 0001:0000aef9       ?GetItemCount@CHeaderCtrl@@QBEHXZ 5f40bef9 f winctrl2.obj
 0001:0000af52       ?InsertItem@CHeaderCtrl@@QAEHHPAU_HD_ITEMW@@@Z 5f40bf52 f winctrl2.obj
 0001:0000afb1       ?DeleteItem@CHeaderCtrl@@QAEHH@Z 5f40bfb1 f winctrl2.obj
 0001:0000b00e       ?GetItem@CHeaderCtrl@@QBEHHPAU_HD_ITEMW@@@Z 5f40c00e f winctrl2.obj
 0001:0000b06d       ?SetItem@CHeaderCtrl@@QAEHHPAU_HD_ITEMW@@@Z 5f40c06d f winctrl2.obj
 0001:0000b0cc       ?Layout@CHeaderCtrl@@QAEHPAU_HD_LAYOUT@@@Z 5f40c0cc f winctrl2.obj
 0001:0000b129       ??BCImageList@@QBEPAU_IMAGELIST@@XZ 5f40c129 f winctrl2.obj
 0001:0000b145       ?GetSafeHandle@CImageList@@QBEPAU_IMAGELIST@@XZ 5f40c145 f winctrl2.obj
 0001:0000b172       ?GetImageCount@CImageList@@QBEHXZ 5f40c172 f winctrl2.obj
 0001:0000b1ba       ?Add@CImageList@@QAEHPAVCBitmap@@0@Z 5f40c1ba f winctrl2.obj
 0001:0000b216       ?Add@CImageList@@QAEHPAVCBitmap@@K@Z 5f40c216 f winctrl2.obj
 0001:0000b26d       ?Remove@CImageList@@QAEHH@Z 5f40c26d f winctrl2.obj
 0001:0000b2bb       ?Replace@CImageList@@QAEHHPAVCBitmap@@0@Z 5f40c2bb f winctrl2.obj
 0001:0000b31b       ?Add@CImageList@@QAEHPAUHICON__@@@Z 5f40c31b f winctrl2.obj
 0001:0000b36b       ?Replace@CImageList@@QAEHHPAUHICON__@@@Z 5f40c36b f winctrl2.obj
 0001:0000b3bd       ?ExtractIconW@CImageList@@QAEPAUHICON__@@H@Z 5f40c3bd f winctrl2.obj
 0001:0000b40d       ?Draw@CImageList@@QAEHPAVCDC@@HUtagPOINT@@I@Z 5f40c40d f winctrl2.obj
 0001:0000b492       ?SetBkColor@CImageList@@QAEKK@Z 5f40c492 f winctrl2.obj
 0001:0000b4e0       ?GetBkColor@CImageList@@QBEKXZ 5f40c4e0 f winctrl2.obj
 0001:0000b528       ?SetOverlayImage@CImageList@@QAEHHH@Z 5f40c528 f winctrl2.obj
 0001:0000b57a       ?GetImageInfo@CImageList@@QBEHHPAU_IMAGEINFO@@@Z 5f40c57a f winctrl2.obj
 0001:0000b5cc       ?BeginDrag@CImageList@@QAEHHVCPoint@@@Z 5f40c5cc f winctrl2.obj
 0001:0000b622       ?EndDrag@CImageList@@SGXXZ 5f40c622 f winctrl2.obj
 0001:0000b638       ?DragMove@CImageList@@SGHVCPoint@@@Z 5f40c638 f winctrl2.obj
 0001:0000b658       ?SetDragCursorImage@CImageList@@QAEHHVCPoint@@@Z 5f40c658 f winctrl2.obj
 0001:0000b6ae       ?DragShowNolock@CImageList@@SGHH@Z 5f40c6ae f winctrl2.obj
 0001:0000b6ca       ?GetDragImage@CImageList@@SGPAV1@PAUtagPOINT@@0@Z 5f40c6ca f winctrl2.obj
 0001:0000b6f0       ?DragEnter@CImageList@@SGHPAVCWnd@@VCPoint@@@Z 5f40c6f0 f winctrl2.obj
 0001:0000b719       ?DragLeave@CImageList@@SGHPAVCWnd@@@Z 5f40c719 f winctrl2.obj
 0001:0000b73a       ??0CTabCtrl@@QAE@XZ        5f40c73a f winctrl2.obj
 0001:0000b7a9       ?GetImageList@CTabCtrl@@QBEPAVCImageList@@XZ 5f40c7a9 f winctrl2.obj
 0001:0000b808       ?SetImageList@CTabCtrl@@QAEPAVCImageList@@PAV2@@Z 5f40c808 f winctrl2.obj
 0001:0000b870       ?GetItemCount@CTabCtrl@@QBEHXZ 5f40c870 f winctrl2.obj
 0001:0000b8c9       ?GetItem@CTabCtrl@@QBEHHPAUtagTCITEMW@@@Z 5f40c8c9 f winctrl2.obj
 0001:0000b928       ?SetItem@CTabCtrl@@QAEHHPAUtagTCITEMW@@@Z 5f40c928 f winctrl2.obj
 0001:0000b987       ?InsertItem@CTabCtrl@@QAEHHPAUtagTCITEMW@@@Z 5f40c987 f winctrl2.obj
 0001:0000b9e6       ?DeleteItem@CTabCtrl@@QAEHH@Z 5f40c9e6 f winctrl2.obj
 0001:0000ba43       ?DeleteAllItems@CTabCtrl@@QAEHXZ 5f40ca43 f winctrl2.obj
 0001:0000ba9c       ?GetItemRect@CTabCtrl@@QBEHHPAUtagRECT@@@Z 5f40ca9c f winctrl2.obj
 0001:0000bafb       ?GetCurSel@CTabCtrl@@QBEHXZ 5f40cafb f winctrl2.obj
 0001:0000bb54       ?SetCurSel@CTabCtrl@@QAEHH@Z 5f40cb54 f winctrl2.obj
 0001:0000bbb1       ?HitTest@CTabCtrl@@QBEHPAUtagTCHITTESTINFO@@@Z 5f40cbb1 f winctrl2.obj
 0001:0000bc0e       ?AdjustRect@CTabCtrl@@QAEXHPAUtagRECT@@@Z 5f40cc0e f winctrl2.obj
 0001:0000bc6d       ?SetItemSize@CTabCtrl@@QAE?AVCSize@@V2@@Z 5f40cc6d f winctrl2.obj
 0001:0000bce9       ?RemoveImage@CTabCtrl@@QAEXH@Z 5f40cce9 f winctrl2.obj
 0001:0000bd46       ?SetPadding@CTabCtrl@@QAEXVCSize@@@Z 5f40cd46 f winctrl2.obj
 0001:0000bdb6       ?GetRowCount@CTabCtrl@@QBEHXZ 5f40cdb6 f winctrl2.obj
 0001:0000be0f       ?GetTooltips@CTabCtrl@@QBEPAVCToolTipCtrl@@XZ 5f40ce0f f winctrl2.obj
 0001:0000be6e       ?SetTooltips@CTabCtrl@@QAEXPAVCToolTipCtrl@@@Z 5f40ce6e f winctrl2.obj
 0001:0000bece       ?GetCurFocus@CTabCtrl@@QBEHXZ 5f40cece f winctrl2.obj
 0001:0000bf27       ??0CAnimateCtrl@@QAE@XZ    5f40cf27 f winctrl2.obj
 0001:0000bf96       ?Open@CAnimateCtrl@@QAEHPBG@Z 5f40cf96 f winctrl2.obj
 0001:0000bff3       ?Open@CAnimateCtrl@@QAEHI@Z 5f40cff3 f winctrl2.obj
 0001:0000c050       ?Play@CAnimateCtrl@@QAEHIII@Z 5f40d050 f winctrl2.obj
 0001:0000c0c2       ?Stop@CAnimateCtrl@@QAEHXZ 5f40d0c2 f winctrl2.obj
 0001:0000c11b       ?Close@CAnimateCtrl@@QAEHXZ 5f40d11b f winctrl2.obj
 0001:0000c174       ?Seek@CAnimateCtrl@@QAEHI@Z 5f40d174 f winctrl2.obj
 0001:0000c1e4       ??0CRichEditCtrl@@QAE@XZ   5f40d1e4 f winctrl2.obj
 0001:0000c253       ?CanUndo@CRichEditCtrl@@QBEHXZ 5f40d253 f winctrl2.obj
 0001:0000c2ac       ?GetLineCount@CRichEditCtrl@@QBEHXZ 5f40d2ac f winctrl2.obj
 0001:0000c305       ?GetModify@CRichEditCtrl@@QBEHXZ 5f40d305 f winctrl2.obj
 0001:0000c35e       ?SetModify@CRichEditCtrl@@QAEXH@Z 5f40d35e f winctrl2.obj
 0001:0000c3bb       ?GetRect@CRichEditCtrl@@QBEXPAUtagRECT@@@Z 5f40d3bb f winctrl2.obj
 0001:0000c418       ?GetCharPos@CRichEditCtrl@@QBE?AVCPoint@@J@Z 5f40d418 f winctrl2.obj
 0001:0000c490       ?SetOptions@CRichEditCtrl@@QAEXGK@Z 5f40d490 f winctrl2.obj
 0001:0000c4f4       ?EmptyUndoBuffer@CRichEditCtrl@@QAEXXZ 5f40d4f4 f winctrl2.obj
 0001:0000c54d       ?ReplaceSel@CRichEditCtrl@@QAEXPBGH@Z 5f40d54d f winctrl2.obj
 0001:0000c5ac       ?SetRect@CRichEditCtrl@@QAEXPBUtagRECT@@@Z 5f40d5ac f winctrl2.obj
 0001:0000c609       ?Undo@CRichEditCtrl@@QAEHXZ 5f40d609 f winctrl2.obj
 0001:0000c662       ?Clear@CRichEditCtrl@@QAEXXZ 5f40d662 f winctrl2.obj
 0001:0000c6bb       ?Copy@CRichEditCtrl@@QAEXXZ 5f40d6bb f winctrl2.obj
 0001:0000c714       ?Cut@CRichEditCtrl@@QAEXXZ 5f40d714 f winctrl2.obj
 0001:0000c76d       ?Paste@CRichEditCtrl@@QAEXXZ 5f40d76d f winctrl2.obj
 0001:0000c7c6       ?SetReadOnly@CRichEditCtrl@@QAEHH@Z 5f40d7c6 f winctrl2.obj
 0001:0000c823       ?GetFirstVisibleLine@CRichEditCtrl@@QBEHXZ 5f40d823 f winctrl2.obj
 0001:0000c87c       ?DisplayBand@CRichEditCtrl@@QAEHPAUtagRECT@@@Z 5f40d87c f winctrl2.obj
 0001:0000c8d9       ?GetSel@CRichEditCtrl@@QBEXAAU_charrange@@@Z 5f40d8d9 f winctrl2.obj
 0001:0000c936       ?LimitText@CRichEditCtrl@@QAEXJ@Z 5f40d936 f winctrl2.obj
 0001:0000c993       ?LineFromChar@CRichEditCtrl@@QBEJJ@Z 5f40d993 f winctrl2.obj
 0001:0000c9f0       ?SetSel@CRichEditCtrl@@QAEXAAU_charrange@@@Z 5f40d9f0 f winctrl2.obj
 0001:0000ca4d       ?FindTextW@CRichEditCtrl@@QBEJKPAU_findtextexw@@@Z 5f40da4d f winctrl2.obj
 0001:0000caac       ?FormatRange@CRichEditCtrl@@QAEJPAU_formatrange@@H@Z 5f40daac f winctrl2.obj
 0001:0000cb0b       ?GetEventMask@CRichEditCtrl@@QBEJXZ 5f40db0b f winctrl2.obj
 0001:0000cb64       ?GetLimitText@CRichEditCtrl@@QBEJXZ 5f40db64 f winctrl2.obj
 0001:0000cbbd       ?GetSelText@CRichEditCtrl@@QBEJPAD@Z 5f40dbbd f winctrl2.obj
 0001:0000cc1a       ?HideSelection@CRichEditCtrl@@QAEXHH@Z 5f40dc1a f winctrl2.obj
 0001:0000cc79       ?RequestResize@CRichEditCtrl@@QAEXXZ 5f40dc79 f winctrl2.obj
 0001:0000ccd2       ?GetSelectionType@CRichEditCtrl@@QBEGXZ 5f40dcd2 f winctrl2.obj
 0001:0000cd2b       ?SetBackgroundColor@CRichEditCtrl@@QAEKHK@Z 5f40dd2b f winctrl2.obj
 0001:0000cd8a       ?SetEventMask@CRichEditCtrl@@QAEKK@Z 5f40dd8a f winctrl2.obj
 0001:0000cde7       ?SetOLECallback@CRichEditCtrl@@QAEHPAUIRichEditOleCallback@@@Z 5f40dde7 f winctrl2.obj
 0001:0000ce44       ?SetTargetDevice@CRichEditCtrl@@QAEHPAUHDC__@@J@Z 5f40de44 f winctrl2.obj
 0001:0000cea3       ?SetTargetDevice@CRichEditCtrl@@QAEHAAVCDC@@J@Z 5f40dea3 f winctrl2.obj
 0001:0000cf05       ?StreamIn@CRichEditCtrl@@QAEJHAAU_editstream@@@Z 5f40df05 f winctrl2.obj
 0001:0000cf64       ?StreamOut@CRichEditCtrl@@QAEJHAAU_editstream@@@Z 5f40df64 f winctrl2.obj
 0001:0000cfc3       ?GetTextLength@CRichEditCtrl@@QBEJXZ 5f40dfc3 f winctrl2.obj
 0001:0000d020       ??_GCDragListBox@@UAEPAXI@Z 5f40e020 f winctrl2.obj
 0001:0000d060       ??_GCToolBarCtrl@@UAEPAXI@Z 5f40e060 f winctrl2.obj
 0001:0000d0a0       ??_GCStatusBarCtrl@@UAEPAXI@Z 5f40e0a0 f winctrl2.obj
 0001:0000d0e0       ??_GCListCtrl@@UAEPAXI@Z   5f40e0e0 f winctrl2.obj
 0001:0000d120       ??_GCTreeCtrl@@UAEPAXI@Z   5f40e120 f winctrl2.obj
 0001:0000d160       ??_GCSpinButtonCtrl@@UAEPAXI@Z 5f40e160 f winctrl2.obj
 0001:0000d1a0       ??_GCSliderCtrl@@UAEPAXI@Z 5f40e1a0 f winctrl2.obj
 0001:0000d1e0       ??_GCProgressCtrl@@UAEPAXI@Z 5f40e1e0 f winctrl2.obj
 0001:0000d220       ??_GCHeaderCtrl@@UAEPAXI@Z 5f40e220 f winctrl2.obj
 0001:0000d260       ??_GCHotKeyCtrl@@UAEPAXI@Z 5f40e260 f winctrl2.obj
 0001:0000d2a0       ??_GCTabCtrl@@UAEPAXI@Z    5f40e2a0 f winctrl2.obj
 0001:0000d2e0       ??_GCAnimateCtrl@@UAEPAXI@Z 5f40e2e0 f winctrl2.obj
 0001:0000d320       ??_GCRichEditCtrl@@UAEPAXI@Z 5f40e320 f winctrl2.obj
 0001:0000d360       ??_GCImageList@@UAEPAXI@Z  5f40e360 f winctrl2.obj
 0001:0000d3a0       ??0AFX_CHECK_DATA@@QAE@XZ  5f40e3a0 f winctrl3.obj
 0001:0000d3e0       ??B?$CProcessLocal@V_AFX_CHECKLIST_STATE@@@@QAEPAV_AFX_CHECKLIST_STATE@@XZ 5f40e3e0 f winctrl3.obj
 0001:0000d400       ?GetData@?$CProcessLocal@V_AFX_CHECKLIST_STATE@@@@QAEPAV_AFX_CHECKLIST_STATE@@XZ 5f40e400 f winctrl3.obj
 0001:0000d450       ?CreateObject@?$CProcessLocal@V_AFX_CHECKLIST_STATE@@@@SGPAVCNoTrackObject@@XZ 5f40e450 f winctrl3.obj
 0001:0000d4e0       ??1_AFX_RICHEDIT_STATE@@UAE@XZ 5f40e4e0 f winctrl4.obj
 0001:0000d562       ?AfxGetRichEditState@@YAPAV_AFX_RICHEDIT_STATE@@XZ 5f40e562 f winctrl4.obj
 0001:0000d57c       ?Create@CRichEditCtrl@@QAEHKABUtagRECT@@PAVCWnd@@I@Z 5f40e57c f winctrl4.obj
 0001:0000d5fd       ?GetLine@CRichEditCtrl@@QBEHHPAG@Z 5f40e5fd f winctrl4.obj
 0001:0000d659       ?LineIndex@CRichEditCtrl@@QBEHH@Z 5f40e659 f winctrl4.obj
 0001:0000d6b3       ?LineLength@CRichEditCtrl@@QBEHH@Z 5f40e6b3 f winctrl4.obj
 0001:0000d70d       ?LineScroll@CRichEditCtrl@@QAEXHH@Z 5f40e70d f winctrl4.obj
 0001:0000d769       ?SetSel@CRichEditCtrl@@QAEXJJ@Z 5f40e769 f winctrl4.obj
 0001:0000d7cf       ?CanPaste@CRichEditCtrl@@QBEHI@Z 5f40e7cf f winctrl4.obj
 0001:0000d861       ?PasteSpecial@CRichEditCtrl@@QAEXIKPAUHMETAFILE__@@@Z 5f40e861 f winctrl4.obj
 0001:0000d8c9       ?GetLine@CRichEditCtrl@@QBEHHPAGH@Z 5f40e8c9 f winctrl4.obj
 0001:0000d930       ?GetSel@CRichEditCtrl@@QBEXAAJ0@Z 5f40e930 f winctrl4.obj
 0001:0000d99d       ?GetSelText@CRichEditCtrl@@QBE?AVCString@@XZ 5f40e99d f winctrl4.obj
 0001:0000da96       ?GetIRichEditOle@CRichEditCtrl@@QBEPAUIRichEditOle@@XZ 5f40ea96 f winctrl4.obj
 0001:0000dafb       ?SetDefaultCharFormat@CRichEditCtrl@@QAEHAAU_charformatw@@@Z 5f40eafb f winctrl4.obj
 0001:0000db61       ?SetSelectionCharFormat@CRichEditCtrl@@QAEHAAU_charformatw@@@Z 5f40eb61 f winctrl4.obj
 0001:0000dbc7       ?SetWordCharFormat@CRichEditCtrl@@QAEHAAU_charformatw@@@Z 5f40ebc7 f winctrl4.obj
 0001:0000dc2d       ?GetDefaultCharFormat@CRichEditCtrl@@QBEKAAU_charformatw@@@Z 5f40ec2d f winctrl4.obj
 0001:0000dc93       ?GetSelectionCharFormat@CRichEditCtrl@@QBEKAAU_charformatw@@@Z 5f40ec93 f winctrl4.obj
 0001:0000dcf9       ?GetParaFormat@CRichEditCtrl@@QBEKAAU_paraformat@@@Z 5f40ecf9 f winctrl4.obj
 0001:0000dd5f       ?SetParaFormat@CRichEditCtrl@@QAEHAAU_paraformat@@@Z 5f40ed5f f winctrl4.obj
 0001:0000de30       ??1?$CProcessLocal@V_AFX_RICHEDIT_STATE@@@@QAE@XZ 5f40ee30 f winctrl4.obj
 0001:0000de90       ?GetData@?$CProcessLocal@V_AFX_RICHEDIT_STATE@@@@QAEPAV_AFX_RICHEDIT_STATE@@XZ 5f40ee90 f winctrl4.obj
 0001:0000dee0       ??B?$CProcessLocal@V_AFX_RICHEDIT_STATE@@@@QAEPAV_AFX_RICHEDIT_STATE@@XZ 5f40eee0 f winctrl4.obj
 0001:0000df00       ?CreateObject@?$CProcessLocal@V_AFX_RICHEDIT_STATE@@@@SGPAVCNoTrackObject@@XZ 5f40ef00 f winctrl4.obj
 0001:0000df90       ??0_AFX_RICHEDIT_STATE@@QAE@XZ 5f40ef90 f winctrl4.obj
 0001:0000e000       ??_G_AFX_RICHEDIT_STATE@@UAEPAXI@Z 5f40f000 f winctrl4.obj
 0001:0000e000       ??_E_AFX_RICHEDIT_STATE@@UAEPAXI@Z 5f40f000 f winctrl4.obj
 0001:0000e040       ??_9@$BNA@AE               5f40f040 f dlgcore.obj
 0001:0000e050       ??_9@$BMM@AE               5f40f050 f dlgcore.obj
 0001:0000e060       ??C?$CProcessLocal@V_AFX_COLOR_STATE@@@@QAEPAV_AFX_COLOR_STATE@@XZ 5f40f060 f dlgclr.obj
 0001:0000e080       ?GetData@?$CProcessLocal@V_AFX_COLOR_STATE@@@@QAEPAV_AFX_COLOR_STATE@@XZ 5f40f080 f dlgclr.obj
 0001:0000e0d0       ?CreateObject@?$CProcessLocal@V_AFX_COLOR_STATE@@@@SGPAVCNoTrackObject@@XZ 5f40f0d0 f dlgclr.obj
 0001:0000e160       _FindTextW@4               5f40f160 f dlgfr.obj
 0001:0000e180       ?GetData@?$CProcessLocal@U_AFX_PROPPAGEFONTINFO@@@@QAEPAU_AFX_PROPPAGEFONTINFO@@XZ 5f40f180 f ccdata.obj
 0001:0000e1d0       ?CreateObject@?$CProcessLocal@U_AFX_PROPPAGEFONTINFO@@@@SGPAVCNoTrackObject@@XZ 5f40f1d0 f ccdata.obj
 0001:0000e260       ??0_AFX_PROPPAGEFONTINFO@@QAE@XZ 5f40f260 f ccdata.obj
 0001:0000e2f0       ??1_AFX_PROPPAGEFONTINFO@@UAE@XZ 5f40f2f0 f ccdata.obj
 0001:0000e370       ??C?$CProcessLocal@V_AFX_EXTDLL_STATE@@@@QAEPAV_AFX_EXTDLL_STATE@@XZ 5f40f370 f ccdata.obj
 0001:0000e390       ?GetData@?$CProcessLocal@V_AFX_EXTDLL_STATE@@@@QAEPAV_AFX_EXTDLL_STATE@@XZ 5f40f390 f ccdata.obj
 0001:0000e3e0       ?CreateObject@?$CProcessLocal@V_AFX_EXTDLL_STATE@@@@SGPAVCNoTrackObject@@XZ 5f40f3e0 f ccdata.obj
 0001:0000e470       ??0_AFX_EXTDLL_STATE@@QAE@XZ 5f40f470 f ccdata.obj
 0001:0000e4e0       ??_E_AFX_EXTDLL_STATE@@UAEPAXI@Z 5f40f4e0 f ccdata.obj
 0001:0000e4e0       ??_G_AFX_EXTDLL_STATE@@UAEPAXI@Z 5f40f4e0 f ccdata.obj
 0001:0000e520       ??1_AFX_WINGDIX_TERM@@QAE@XZ 5f40f520 f wingdix.obj
 0001:0000e540       ?IsEqualGUID@@YAHABU_GUID@@0@Z 5f40f540 f cmdtarg.obj
 0001:0000e580       ??0CNewTypeDlg@@QAE@PAVCPtrList@@@Z 5f40f580 f docmgr.obj
 0001:0000e610       ??1CNewTypeDlg@@UAE@XZ     5f40f610 f docmgr.obj
 0001:0000e680       ??_9@$BOI@AE               5f40f680 f viewcore.obj
 0001:0000e690       ??0CPrintingDialog@@QAE@PAVCWnd@@@Z 5f40f690 f viewprnt.obj
 0001:0000e730       ??1CPrintingDialog@@UAE@XZ 5f40f730 f viewprnt.obj
 0001:0000e7a0       ??C?$CProcessLocal@V_AFX_WIN_STATE@@@@QAEPAV_AFX_WIN_STATE@@XZ 5f40f7a0 f viewprnt.obj
 0001:0000e7c0       ??1_AFX_EDITVIEW_TERM@@QAE@XZ 5f40f7c0 f viewedit.obj
 0001:0000e7e0       ??B?$CProcessLocal@V_AFX_EDIT_STATE@@@@QAEPAV_AFX_EDIT_STATE@@XZ 5f40f7e0 f viewedit.obj
 0001:0000e800       ?GetData@?$CProcessLocal@V_AFX_EDIT_STATE@@@@QAEPAV_AFX_EDIT_STATE@@XZ 5f40f800 f viewedit.obj
 0001:0000e850       ?CreateObject@?$CProcessLocal@V_AFX_EDIT_STATE@@@@SGPAVCNoTrackObject@@XZ 5f40f850 f viewedit.obj
 0001:0000e8e0       __wcsdec                   5f40f8e0 f viewedit.obj
 0001:0000e900       ??B?$CProcessLocal@V_AFX_MAIL_STATE@@@@QAEPAV_AFX_MAIL_STATE@@XZ 5f40f900 f docmapi.obj
 0001:0000e920       ?GetData@?$CProcessLocal@V_AFX_MAIL_STATE@@@@QAEPAV_AFX_MAIL_STATE@@XZ 5f40f920 f docmapi.obj
 0001:0000e970       ?CreateObject@?$CProcessLocal@V_AFX_MAIL_STATE@@@@SGPAVCNoTrackObject@@XZ 5f40f970 f docmapi.obj
 0001:0000ea00       ??B?$CTypedSimpleList@PAVCFrameWnd@@@@QAEPAVCFrameWnd@@XZ 5f40fa00 f thrdcore.obj
 0001:0000ea20       ?GetDataNA@?$CThreadLocal@V_AFX_THREAD_STATE@@@@QAEPAV_AFX_THREAD_STATE@@XZ 5f40fa20 f thrdcore.obj
 0001:0000ea50       ??B?$CThreadLocal@V_AFX_CTL3D_THREAD@@@@QAEPAV_AFX_CTL3D_THREAD@@XZ 5f40fa50 f thrdcore.obj
 0001:0000ea70       ?GetData@?$CThreadLocal@V_AFX_CTL3D_THREAD@@@@QAEPAV_AFX_CTL3D_THREAD@@XZ 5f40fa70 f thrdcore.obj
 0001:0000eac0       ?CreateObject@?$CThreadLocal@V_AFX_CTL3D_THREAD@@@@SGPAVCNoTrackObject@@XZ 5f40fac0 f thrdcore.obj
 0001:0000eb50       ??0_AFX_CTL3D_THREAD@@QAE@XZ 5f40fb50 f thrdcore.obj
 0001:0000ebc0       ??_E_AFX_CTL3D_THREAD@@UAEPAXI@Z 5f40fbc0 f thrdcore.obj
 0001:0000ebc0       ??_G_AFX_CTL3D_THREAD@@UAEPAXI@Z 5f40fbc0 f thrdcore.obj
 0001:0000ec00       ?GetSize@CRecentFileList@@QBEHXZ 5f40fc00 f appcore.obj
 0001:0000ec20       ??ACRecentFileList@@QAEAAVCString@@H@Z 5f40fc20 f appcore.obj
 0001:0000ec70       ?AfxParseURL@@YGHPBGAAKAAVCString@@2AAG@Z 5f40fc70 f inet.obj
 0001:0000ef06       ?AfxGetInternetHandleType@@YGKPAX@Z 5f40ff06 f inet.obj
 0001:0000ef5a       ?AfxInternetStatusCallbackDebug@@YGXPAXKK0K@Z 5f40ff5a f inet.obj
 0001:0000f198       ?AfxInternetStatusCallback@@YGXPAXKK0K@Z 5f410198 f inet.obj
 0001:0000f208       ??1CInternetSession@@UAE@XZ 5f410208 f inet.obj
 0001:0000f278       ??0CInternetSession@@QAE@PBGKK00K@Z 5f410278 f inet.obj
 0001:0000f36d       ?Close@CInternetSession@@UAEXXZ 5f41036d f inet.obj
 0001:0000f3cf       ?GetGopherConnection@CInternetSession@@QAEPAVCGopherConnection@@PBG00G@Z 5f4103cf f inet.obj
 0001:0000f499       ?GetFtpConnection@CInternetSession@@QAEPAVCFtpConnection@@PBG00GH@Z 5f410499 f inet.obj
 0001:0000f567       ?GetHttpConnection@CInternetSession@@QAEPAVCHttpConnection@@PBGG00@Z 5f410567 f inet.obj
 0001:0000f631       ?OpenURL@CInternetSession@@QAEPAVCStdioFile@@PBGKK0K@Z 5f410631 f inet.obj
 0001:0000f99e       ?SetOption@CInternetSession@@QAEHKPAXKK@Z 5f41099e f inet.obj
 0001:0000fa74       ?QueryOption@CInternetSession@@QBEHKPAXPAK@Z 5f410a74 f inet.obj
 0001:0000fb39       ?QueryOption@CInternetSession@@QBEHKAAK@Z 5f410b39 f inet.obj
 0001:0000fb71       ?QueryOption@CInternetSession@@QBEHKAAVCString@@@Z 5f410b71 f inet.obj
 0001:0000fc66       ?OnStatusCallback@CInternetSession@@UAEXKKPAXK@Z 5f410c66 f inet.obj
 0001:0000fccd       ?EnableStatusCallback@CInternetSession@@QAEHH@Z 5f410ccd f inet.obj
 0001:0000fe03       ?Dump@CInternetSession@@UBEXAAVCDumpContext@@@Z 5f410e03 f inet.obj
 0001:0000fe5d       ??0CInternetFile@@IAE@PAX0PBG1KH@Z 5f410e5d f inet.obj
 0001:0000ffe0       ??0CInternetFile@@IAE@PAXPBGPAVCInternetConnection@@H@Z 5f410fe0 f inet.obj
 0001:0001019f       ?QueryOption@CInternetFile@@QBEHKPAXPAK@Z 5f41119f f inet.obj
 0001:00010289       ?QueryOption@CInternetFile@@QBEHKAAK@Z 5f411289 f inet.obj
 0001:000102e6       ?QueryOption@CInternetFile@@QBEHKAAVCString@@@Z 5f4112e6 f inet.obj
 0001:00010366       ?SetOption@CInternetFile@@QAEHKPAXKK@Z 5f411366 f inet.obj
 0001:0001043c       ?SetReadBufferSize@CInternetFile@@QAEHI@Z 5f41143c f inet.obj
 0001:0001055c       ?SetWriteBufferSize@CInternetFile@@QAEHI@Z 5f41155c f inet.obj
 0001:00010668       ?Seek@CInternetFile@@UAEJJI@Z 5f411668 f inet.obj
 0001:000107c1       ??1CInternetFile@@UAE@XZ   5f4117c1 f inet.obj
 0001:0001092b       ?Abort@CInternetFile@@UAEXXZ 5f41192b f inet.obj
 0001:00010977       ?Flush@CInternetFile@@UAEXXZ 5f411977 f inet.obj
 0001:00010a03       ?Close@CInternetFile@@UAEXXZ 5f411a03 f inet.obj
 0001:00010abd       ?Read@CInternetFile@@UAEIPAXI@Z 5f411abd f inet.obj
 0001:00010d41       ?Write@CInternetFile@@UAEXPBXI@Z 5f411d41 f inet.obj
 0001:00010ef6       ?WriteString@CInternetFile@@UAEXPBG@Z 5f411ef6 f inet.obj
 0001:00010fc2       ?ReadString@CInternetFile@@UAEPAGPAGI@Z 5f411fc2 f inet.obj
 0001:0001118b       ?ReadString@CInternetFile@@UAEHAAVCString@@@Z 5f41218b f inet.obj
 0001:000112f5       ?GetLength@CInternetFile@@UBEKXZ 5f4122f5 f inet.obj
 0001:0001137e       ?LockRange@CInternetFile@@UAEXKK@Z 5f41237e f inet.obj
 0001:000113d3       ?UnlockRange@CInternetFile@@UAEXKK@Z 5f4123d3 f inet.obj
 0001:00011428       ?SetLength@CInternetFile@@UAEXK@Z 5f412428 f inet.obj
 0001:0001147d       ?Duplicate@CInternetFile@@UBEPAVCFile@@XZ 5f41247d f inet.obj
 0001:000114d2       ?AssertValid@CInternetFile@@MBEXXZ 5f4124d2 f inet.obj
 0001:000115fd       ?Dump@CInternetFile@@MBEXAAVCDumpContext@@@Z 5f4125fd f inet.obj
 0001:0001165d       ??0CInternetConnection@@QAE@PAVCInternetSession@@PBGGK@Z 5f41265d f inet.obj
 0001:00011780       ??1CInternetConnection@@UAE@XZ 5f412780 f inet.obj
 0001:000118a1       ?SetOption@CInternetConnection@@QAEHKPAXKK@Z 5f4128a1 f inet.obj
 0001:00011977       ?QueryOption@CInternetConnection@@QBEHKPAXPAK@Z 5f412977 f inet.obj
 0001:00011a3c       ?QueryOption@CInternetConnection@@QBEHKAAK@Z 5f412a3c f inet.obj
 0001:00011a74       ?QueryOption@CInternetConnection@@QBEHKAAVCString@@@Z 5f412a74 f inet.obj
 0001:00011acf       ?Close@CInternetConnection@@MAEXXZ 5f412acf f inet.obj
 0001:00011b1a       ?Dump@CInternetConnection@@UBEXAAVCDumpContext@@@Z 5f412b1a f inet.obj
 0001:00011b59       ?AssertValid@CInternetConnection@@UBEXXZ 5f412b59 f inet.obj
 0001:00011b77       ??1CFtpConnection@@UAE@XZ  5f412b77 f inet.obj
 0001:00011bf8       ??0CFtpConnection@@QAE@PAVCInternetSession@@PAXPBGK@Z 5f412bf8 f inet.obj
 0001:00011d4b       ??0CFtpConnection@@QAE@PAVCInternetSession@@PBG11KGH@Z 5f412d4b f inet.obj
 0001:00011ec2       ?Close@CFtpConnection@@UAEXXZ 5f412ec2 f inet.obj
 0001:00011ee0       ?Remove@CFtpConnection@@QAEHPBG@Z 5f412ee0 f inet.obj
 0001:00011f41       ?Rename@CFtpConnection@@QAEHPBG0@Z 5f412f41 f inet.obj
 0001:00011fa6       ?CreateDirectoryW@CFtpConnection@@QAEHPBG@Z 5f412fa6 f inet.obj
 0001:00012007       ?RemoveDirectoryW@CFtpConnection@@QAEHPBG@Z 5f413007 f inet.obj
 0001:00012068       ?SetCurrentDirectoryW@CFtpConnection@@QAEHPBG@Z 5f413068 f inet.obj
 0001:000120c9       ?GetCurrentDirectoryW@CFtpConnection@@QBEHPAGPAK@Z 5f4130c9 f inet.obj
 0001:00012150       ?GetCurrentDirectoryAsURL@CFtpConnection@@QBEHAAVCString@@@Z 5f413150 f inet.obj
 0001:00012277       ?GetCurrentDirectoryAsURL@CFtpConnection@@QBEHPAGPAK@Z 5f413277 f inet.obj
 0001:00012377       ?GetCurrentDirectoryW@CFtpConnection@@QBEHAAVCString@@@Z 5f413377 f inet.obj
 0001:0001241d       ?OpenFile@CFtpConnection@@QAEPAVCInternetFile@@PBGKKK@Z 5f41341d f inet.obj
 0001:0001259d       ?PutFile@CFtpConnection@@QAEHPBG0KK@Z 5f41359d f inet.obj
 0001:00012661       ?GetFile@CFtpConnection@@QAEHPBG0HKKK@Z 5f413661 f inet.obj
 0001:0001274f       ?Dump@CFtpConnection@@UBEXAAVCDumpContext@@@Z 5f41374f f inet.obj
 0001:0001278d       ?AssertValid@CFtpConnection@@UBEXXZ 5f41378d f inet.obj
 0001:00012802       ??1CGopherConnection@@UAE@XZ 5f413802 f inet.obj
 0001:0001286a       ??0CGopherConnection@@QAE@PAVCInternetSession@@PBG11KG@Z 5f41386a f inet.obj
 0001:000129c4       ??0CGopherConnection@@QAE@PAVCInternetSession@@PAXPBGK@Z 5f4139c4 f inet.obj
 0001:00012b0a       ?CreateLocator@CGopherConnection@@SA?AVCGopherLocator@@PBG@Z 5f413b0a f inet.obj
 0001:00012ba6       ?CreateLocator@CGopherConnection@@SA?AVCGopherLocator@@PBG00KG@Z 5f413ba6 f inet.obj
 0001:00012c84       ?CreateLocator@CGopherConnection@@QAE?AVCGopherLocator@@PBG0K@Z 5f413c84 f inet.obj
 0001:00012d84       ?GetAttribute@CGopherConnection@@QAEHAAVCGopherLocator@@VCString@@AAV3@@Z 5f413d84 f inet.obj
 0001:00012e5e       ?OpenFile@CGopherConnection@@QAEPAVCGopherFile@@AAVCGopherLocator@@KPBGK@Z 5f413e5e f inet.obj
 0001:00012f7c       ?Close@CGopherConnection@@UAEXXZ 5f413f7c f inet.obj
 0001:00012f9a       ?Dump@CGopherConnection@@UBEXAAVCDumpContext@@@Z 5f413f9a f inet.obj
 0001:00012fd8       ?AssertValid@CGopherConnection@@UBEXXZ 5f413fd8 f inet.obj
 0001:0001304d       ??1CHttpConnection@@UAE@XZ 5f41404d f inet.obj
 0001:000130ce       ??0CHttpConnection@@QAE@PAVCInternetSession@@PAXPBGK@Z 5f4140ce f inet.obj
 0001:0001322f       ??0CHttpConnection@@QAE@PAVCInternetSession@@PBGG11K@Z 5f41422f f inet.obj
 0001:00013382       ?Close@CHttpConnection@@UAEXXZ 5f414382 f inet.obj
 0001:000133a0       ?OpenRequest@CHttpConnection@@QAEPAVCHttpFile@@PBG00KPAPBG0K@Z 5f4143a0 f inet.obj
 0001:000134c5       ?OpenRequest@CHttpConnection@@QAEPAVCHttpFile@@HPBG0KPAPBG0K@Z 5f4144c5 f inet.obj
 0001:00013592       ?Dump@CHttpConnection@@UBEXAAVCDumpContext@@@Z 5f414592 f inet.obj
 0001:000135d0       ?AssertValid@CHttpConnection@@UBEXXZ 5f4145d0 f inet.obj
 0001:00013645       ??0CHttpFile@@IAE@PAX0PBG11K@Z 5f414645 f inet.obj
 0001:00013728       ??0CHttpFile@@IAE@PAXPBG1PAVCHttpConnection@@@Z 5f414728 f inet.obj
 0001:00013838       ??1CHttpFile@@UAE@XZ       5f414838 f inet.obj
 0001:000138d2       ?Close@CHttpFile@@UAEXXZ   5f4148d2 f inet.obj
 0001:000138f0       ?ErrorDlg@CHttpFile@@QAEKPAVCWnd@@KKPAPAX@Z 5f4148f0 f inet.obj
 0001:00013975       ?GetVerb@CHttpFile@@QBE?AVCString@@XZ 5f414975 f inet.obj
 0001:00013a1e       ?GetObjectW@CHttpFile@@QBE?AVCString@@XZ 5f414a1e f inet.obj
 0001:00013ac7       ?GetFileURL@CHttpFile@@UBE?AVCString@@XZ 5f414ac7 f inet.obj
 0001:00013c04       ?AddRequestHeaders@CHttpFile@@QAEHPBGKH@Z 5f414c04 f inet.obj
 0001:00013cc9       ?AddRequestHeaders@CHttpFile@@QAEHAAVCString@@K@Z 5f414cc9 f inet.obj
 0001:00013cff       ?SendRequest@CHttpFile@@QAEHPBGKPAXK@Z 5f414cff f inet.obj
 0001:00013de2       ?SendRequest@CHttpFile@@QAEHAAVCString@@PAXK@Z 5f414de2 f inet.obj
 0001:00013e80       ?QueryInfo@CHttpFile@@QBEHKPAXPAK1@Z 5f414e80 f inet.obj
 0001:00013f47       ?QueryInfo@CHttpFile@@QBEHKPAU_SYSTEMTIME@@PAK@Z 5f414f47 f inet.obj
 0001:00013fa0       ?QueryInfoStatusCode@CHttpFile@@QBEHAAK@Z 5f414fa0 f inet.obj
 0001:00014047       ?QueryInfo@CHttpFile@@QBEHKAAVCString@@PAK@Z 5f415047 f inet.obj
 0001:00014156       ?Dump@CHttpFile@@MBEXAAVCDumpContext@@@Z 5f415156 f inet.obj
 0001:000141a2       ?AssertValid@CHttpFile@@MBEXXZ 5f4151a2 f inet.obj
 0001:000141c0       ??0CGopherFile@@IAE@PAXAAVCGopherLocator@@PAVCGopherConnection@@@Z 5f4151c0 f inet.obj
 0001:00014294       ??0CGopherFile@@IAE@PAX0PBGKK@Z 5f415294 f inet.obj
 0001:00014340       ??1CGopherFile@@UAE@XZ     5f415340 f inet.obj
 0001:000143c1       ?Close@CGopherFile@@UAEXXZ 5f4153c1 f inet.obj
 0001:000143df       ?Write@CGopherFile@@UAEXPBXI@Z 5f4153df f inet.obj
 0001:00014414       ?WriteString@CGopherFile@@UAEXPBG@Z 5f415414 f inet.obj
 0001:00014449       ?Dump@CGopherFile@@UBEXAAVCDumpContext@@@Z 5f415449 f inet.obj
 0001:0001446d       ?AssertValid@CGopherFile@@UBEXXZ 5f41546d f inet.obj
 0001:0001448b       ??0CFtpFileFind@@QAE@PAVCFtpConnection@@K@Z 5f41548b f inet.obj
 0001:0001457b       ??1CFtpFileFind@@UAE@XZ    5f41557b f inet.obj
 0001:000145e3       ?FindFile@CFtpFileFind@@UAEHPBGK@Z 5f4155e3 f inet.obj
 0001:00014809       ?FindNextFileW@CFtpFileFind@@UAEHXZ 5f415809 f inet.obj
 0001:000148bd       ?CloseContext@CFtpFileFind@@MAEXXZ 5f4158bd f inet.obj
 0001:00014904       ?GetFileURL@CFtpFileFind@@UBE?AVCString@@XZ 5f415904 f inet.obj
 0001:00014a41       ?Dump@CFtpFileFind@@UBEXAAVCDumpContext@@@Z 5f415a41 f inet.obj
 0001:00014a80       ?AssertValid@CFtpFileFind@@UBEXXZ 5f415a80 f inet.obj
 0001:00014a9e       ??0CGopherFileFind@@QAE@PAVCGopherConnection@@K@Z 5f415a9e f inet.obj
 0001:00014b85       ??1CGopherFileFind@@UAE@XZ 5f415b85 f inet.obj
 0001:00014bed       ?FindFile@CGopherFileFind@@UAEHPBGK@Z 5f415bed f inet.obj
 0001:00014c88       ?FindFile@CGopherFileFind@@UAEHAAVCGopherLocator@@PBGK@Z 5f415c88 f inet.obj
 0001:00014d3d       ?FindNextFileW@CGopherFileFind@@UAEHXZ 5f415d3d f inet.obj
 0001:00014df1       ?CloseContext@CGopherFileFind@@MAEXXZ 5f415df1 f inet.obj
 0001:00014e38       ?GetFileName@CGopherFileFind@@UBE?AVCString@@XZ 5f415e38 f inet.obj
 0001:00014ea7       ?GetFilePath@CGopherFileFind@@UBE?AVCString@@XZ 5f415ea7 f inet.obj
 0001:00014f16       ?GetFileTitle@CGopherFileFind@@UBE?AVCString@@XZ 5f415f16 f inet.obj
 0001:00014f85       ?IsDots@CGopherFileFind@@UBEHXZ 5f415f85 f inet.obj
 0001:00014f9d       ?GetLastWriteTime@CGopherFileFind@@UBEHPAU_FILETIME@@@Z 5f415f9d f inet.obj
 0001:0001504f       ?GetLastAccessTime@CGopherFileFind@@UBEHPAU_FILETIME@@@Z 5f41604f f inet.obj
 0001:00015076       ?GetCreationTime@CGopherFileFind@@UBEHPAU_FILETIME@@@Z 5f416076 f inet.obj
 0001:0001509d       ?GetLastWriteTime@CGopherFileFind@@UBEHAAVCTime@@@Z 5f41609d f inet.obj
 0001:0001512a       ?GetCreationTime@CGopherFileFind@@UBEHAAVCTime@@@Z 5f41612a f inet.obj
 0001:00015151       ?GetLastAccessTime@CGopherFileFind@@UBEHAAVCTime@@@Z 5f416151 f inet.obj
 0001:00015178       ?GetFileURL@CGopherFileFind@@UBE?AVCString@@XZ 5f416178 f inet.obj
 0001:000151e7       ?GetRoot@CGopherFileFind@@UBE?AVCString@@XZ 5f4161e7 f inet.obj
 0001:00015256       ?GetLocator@CGopherFileFind@@QBE?AVCGopherLocator@@XZ 5f416256 f inet.obj
 0001:00015315       ?GetScreenName@CGopherFileFind@@QBE?AVCString@@XZ 5f416315 f inet.obj
 0001:000153f8       ?GetLength@CGopherFileFind@@UBEKXZ 5f4163f8 f inet.obj
 0001:00015446       ?GetLength64@CGopherFileFind@@UBE_JXZ 5f416446 f inet.obj
 0001:000154a7       ?Dump@CGopherFileFind@@UBEXAAVCDumpContext@@@Z 5f4164a7 f inet.obj
 0001:000154e6       ?AssertValid@CGopherFileFind@@UBEXXZ 5f4164e6 f inet.obj
 0001:00015504       ??0CGopherLocator@@AAE@PBGK@Z 5f416504 f inet.obj
 0001:000155ce       ??1CGopherLocator@@UAE@XZ  5f4165ce f inet.obj
 0001:0001564f       ?AfxThrowInternetException@@YGXKK@Z 5f41664f f inet.obj
 0001:0001571a       ?GetErrorMessage@CInternetException@@UAEHPAGIPAI@Z 5f41671a f inet.obj
 0001:000158ea       ??0CInternetException@@QAE@K@Z 5f4168ea f inet.obj
 0001:00015964       ??1CInternetException@@UAE@XZ 5f416964 f inet.obj
 0001:000159cc       ?Dump@CInternetException@@UBEXAAVCDumpContext@@@Z 5f4169cc f inet.obj
 0001:00015a26       ?GetContext@CInternetSession@@QBEKXZ 5f416a26 f inet.obj
 0001:00015a42       ?GetServerName@CInternetConnection@@QBE?AVCString@@XZ 5f416a42 f inet.obj
 0001:00015ab3       ?GetSession@CInternetConnection@@QBEPAVCInternetSession@@XZ 5f416ab3 f inet.obj
 0001:00015acf       ??BCInternetSession@@QBEPAXXZ 5f416acf f inet.obj
 0001:00015aeb       ?SetOption@CInternetSession@@QAEHKKK@Z 5f416aeb f inet.obj
 0001:00015b19       ??BCGopherLocator@@QBEPBGXZ 5f416b19 f inet.obj
 0001:00015b3a       ?GetLocatorType@CGopherLocator@@QBEHAAK@Z 5f416b3a f inet.obj
 0001:00015b68       ??0CGopherLocator@@QAE@ABV0@@Z 5f416b68 f inet.obj
 0001:00015c12       ??BCInternetConnection@@QBEPAXXZ 5f416c12 f inet.obj
 0001:00015c2e       ?GetContext@CInternetConnection@@QBEKXZ 5f416c2e f inet.obj
 0001:00015c4a       ?SetOption@CInternetConnection@@QAEHKKK@Z 5f416c4a f inet.obj
 0001:00015c78       ?GetContext@CInternetFile@@QBEKXZ 5f416c78 f inet.obj
 0001:00015c94       ??BCInternetFile@@QBEPAXXZ 5f416c94 f inet.obj
 0001:00015cb0       ?SetOption@CInternetFile@@QAEHKKK@Z 5f416cb0 f inet.obj
 0001:00015ce0       ??_GCInternetSession@@UAEPAXI@Z 5f416ce0 f inet.obj
 0001:00015d20       ??_GCInternetFile@@UAEPAXI@Z 5f416d20 f inet.obj
 0001:00015d20       ??_ECInternetFile@@UAEPAXI@Z 5f416d20 f inet.obj
 0001:00015d60       ??_GCInternetConnection@@UAEPAXI@Z 5f416d60 f inet.obj
 0001:00015d60       ??_ECInternetConnection@@UAEPAXI@Z 5f416d60 f inet.obj
 0001:00015da0       ??_GCFtpConnection@@UAEPAXI@Z 5f416da0 f inet.obj
 0001:00015da0       ??_ECFtpConnection@@UAEPAXI@Z 5f416da0 f inet.obj
 0001:00015de0       ??_ECGopherConnection@@UAEPAXI@Z 5f416de0 f inet.obj
 0001:00015de0       ??_GCGopherConnection@@UAEPAXI@Z 5f416de0 f inet.obj
 0001:00015e20       ??_GCHttpConnection@@UAEPAXI@Z 5f416e20 f inet.obj
 0001:00015e20       ??_ECHttpConnection@@UAEPAXI@Z 5f416e20 f inet.obj
 0001:00015e60       ??_GCHttpFile@@UAEPAXI@Z   5f416e60 f inet.obj
 0001:00015e60       ??_ECHttpFile@@UAEPAXI@Z   5f416e60 f inet.obj
 0001:00015ea0       ??_GCGopherFile@@UAEPAXI@Z 5f416ea0 f inet.obj
 0001:00015ea0       ??_ECGopherFile@@UAEPAXI@Z 5f416ea0 f inet.obj
 0001:00015ee0       ??_GCFtpFileFind@@UAEPAXI@Z 5f416ee0 f inet.obj
 0001:00015ee0       ??_ECFtpFileFind@@UAEPAXI@Z 5f416ee0 f inet.obj
 0001:00015f20       ??_ECGopherFileFind@@UAEPAXI@Z 5f416f20 f inet.obj
 0001:00015f20       ??_GCGopherFileFind@@UAEPAXI@Z 5f416f20 f inet.obj
 0001:00015f60       ??_GCGopherLocator@@UAEPAXI@Z 5f416f60 f inet.obj
 0001:00015f60       ??_ECGopherLocator@@UAEPAXI@Z 5f416f60 f inet.obj
 0001:00015fa0       ??_ECInternetException@@UAEPAXI@Z 5f416fa0 f inet.obj
 0001:00015fa0       ??_GCInternetException@@UAEPAXI@Z 5f416fa0 f inet.obj
 0001:00015fe0       ??0CFileFind@@QAE@XZ       5f416fe0 f filefind.obj
 0001:00016091       ??1CFileFind@@UAE@XZ       5f417091 f filefind.obj
 0001:0001611a       ?Close@CFileFind@@QAEXXZ   5f41711a f filefind.obj
 0001:000161c3       ?CloseContext@CFileFind@@MAEXXZ 5f4171c3 f filefind.obj
 0001:000161e6       ?FindFile@CFileFind@@UAEHPBGK@Z 5f4171e6 f filefind.obj
 0001:00016398       ?MatchesMask@CFileFind@@UBEHK@Z 5f417398 f filefind.obj
 0001:00016418       ?GetLastAccessTime@CFileFind@@UBEHPAU_FILETIME@@@Z 5f417418 f filefind.obj
 0001:000164c8       ?GetLastWriteTime@CFileFind@@UBEHPAU_FILETIME@@@Z 5f4174c8 f filefind.obj
 0001:00016578       ?GetCreationTime@CFileFind@@UBEHPAU_FILETIME@@@Z 5f417578 f filefind.obj
 0001:00016606       ?GetLastAccessTime@CFileFind@@UBEHAAVCTime@@@Z 5f417606 f filefind.obj
 0001:00016691       ?GetLastWriteTime@CFileFind@@UBEHAAVCTime@@@Z 5f417691 f filefind.obj
 0001:0001671c       ?GetCreationTime@CFileFind@@UBEHAAVCTime@@@Z 5f41771c f filefind.obj
 0001:000167a7       ?IsDots@CFileFind@@UBEHXZ  5f4177a7 f filefind.obj
 0001:00016872       ?FindNextFileW@CFileFind@@UAEHXZ 5f417872 f filefind.obj
 0001:00016926       ?GetFileURL@CFileFind@@UBE?AVCString@@XZ 5f417926 f filefind.obj
 0001:00016a20       ?GetRoot@CFileFind@@UBE?AVCString@@XZ 5f417a20 f filefind.obj
 0001:00016ac9       ?GetFilePath@CFileFind@@UBE?AVCString@@XZ 5f417ac9 f filefind.obj
 0001:00016c11       ?GetFileTitle@CFileFind@@UBE?AVCString@@XZ 5f417c11 f filefind.obj
 0001:00016d28       ?GetFileName@CFileFind@@UBE?AVCString@@XZ 5f417d28 f filefind.obj
 0001:00016e0e       ?GetLength@CFileFind@@QBEKXZ 5f417e0e f filefind.obj
 0001:00016e7e       ?GetLength64@CFileFind@@QBE_JXZ 5f417e7e f filefind.obj
 0001:00016efe       ?Dump@CFileFind@@MBEXAAVCDumpContext@@@Z 5f417efe f filefind.obj
 0001:00016f3d       ?AssertValid@CFileFind@@MBEXXZ 5f417f3d f filefind.obj
 0001:00016fd0       ??_GCFileFind@@UAEPAXI@Z   5f417fd0 f filefind.obj
 0001:00017010       ?IsEmpty@CSimpleList@@QBEHXZ 5f418010 f dllinit.obj
 0001:00017040       ?GetHead@?$CTypedSimpleList@PAUCRuntimeClass@@@@QAEPAUCRuntimeClass@@XZ 5f418040 f dllinit.obj
 0001:00017060       ?GetHead@?$CTypedSimpleList@PAVCOleObjectFactory@@@@QAEPAVCOleObjectFactory@@XZ 5f418060 f dllinit.obj
 0001:00017080       ?AddHead@?$CTypedSimpleList@PAVCDynLinkLibrary@@@@QAEXPAVCDynLinkLibrary@@@Z 5f418080 f dllinit.obj
 0001:000170b0       ?Remove@?$CTypedSimpleList@PAVCDynLinkLibrary@@@@QAEHPAVCDynLinkLibrary@@@Z 5f4180b0 f dllinit.obj
 0001:000170e0       ??0type_info@@AAE@ABV0@@Z  5f4180e0 f msvcrtd:ti_inst.obj
 0001:00017110       ??_Gtype_info@@UAEPAXI@Z   5f418110 f msvcrtd:ti_inst.obj
 0001:00017110       ??_Etype_info@@UAEPAXI@Z   5f418110 f msvcrtd:ti_inst.obj
 0001:00017150       ??4type_info@@AAEAAV0@ABV0@@Z 5f418150 f msvcrtd:ti_inst.obj
 0001:00017170       ___CxxFrameHandler         5f418170 f msvcrtd:MSVCRTD.dll
 0001:00017180       __onexit                   5f418180 f msvcrtd:atonexit.obj
 0001:00017250       _atexit                    5f418250 f msvcrtd:atonexit.obj
 0001:00017280       __CxxThrowException@8      5f418280 f msvcrtd:MSVCRTD.dll
 0001:00017286       __CrtDbgReport             5f418286 f msvcrtd:MSVCRTD.dll
 0001:00017290       __alloca_probe             5f418290   msvcrtd:chkstk.obj
 0001:00017290       __chkstk                   5f418290   msvcrtd:chkstk.obj
 0001:000172c0       _wcslen                    5f4182c0 f msvcrtd:MSVCRTD.dll
 0001:000172c6       __gcvt                     5f4182c6 f msvcrtd:MSVCRTD.dll
 0001:000172cc       _memcpy                    5f4182cc f msvcrtd:MSVCRTD.dll
 0001:000172d2       _memmove                   5f4182d2 f msvcrtd:MSVCRTD.dll
 0001:000172d8       __purecall                 5f4182d8 f msvcrtd:MSVCRTD.dll
 0001:000172de       _memcmp                    5f4182de f msvcrtd:MSVCRTD.dll
 0001:000172e4       __except_handler3          5f4182e4 f msvcrtd:MSVCRTD.dll
 0001:000172ea       __CrtSetReportMode         5f4182ea f msvcrtd:MSVCRTD.dll
 0001:000172f0       __CrtSetReportHook         5f4182f0 f msvcrtd:MSVCRTD.dll
 0001:000172f6       __CrtSetDumpClient         5f4182f6 f msvcrtd:MSVCRTD.dll
 0001:000172fc       __CrtSetDbgFlag            5f4182fc f msvcrtd:MSVCRTD.dll
 0001:00017302       __CrtDumpMemoryLeaks       5f418302 f msvcrtd:MSVCRTD.dll
 0001:00017308       _vswprintf                 5f418308 f msvcrtd:MSVCRTD.dll
 0001:0001730e       __free_dbg                 5f41830e f msvcrtd:MSVCRTD.dll
 0001:00017314       __malloc_dbg               5f418314 f msvcrtd:MSVCRTD.dll
 0001:0001731a       __CrtSetAllocHook          5f41831a f msvcrtd:MSVCRTD.dll
 0001:00017320       __CrtSetBreakAlloc         5f418320 f msvcrtd:MSVCRTD.dll
 0001:00017326       __CrtCheckMemory           5f418326 f msvcrtd:MSVCRTD.dll
 0001:0001732c       __CrtIsMemoryBlock         5f41832c f msvcrtd:MSVCRTD.dll
 0001:00017332       _memset                    5f418332 f msvcrtd:MSVCRTD.dll
 0001:00017338       __CrtMemDifference         5f418338 f msvcrtd:MSVCRTD.dll
 0001:0001733e       __CrtMemDumpStatistics     5f41833e f msvcrtd:MSVCRTD.dll
 0001:00017344       __CrtMemCheckpoint         5f418344 f msvcrtd:MSVCRTD.dll
 0001:0001734a       __CrtMemDumpAllObjectsSince 5f41834a f msvcrtd:MSVCRTD.dll
 0001:00017350       __CrtDoForAllClientObjects 5f418350 f msvcrtd:MSVCRTD.dll
 0001:00017356       _abort                     5f418356 f msvcrtd:MSVCRTD.dll
 0001:0001735c       _wcscmp                    5f41835c f msvcrtd:MSVCRTD.dll
 0001:00017362       __wcsicmp                  5f418362 f msvcrtd:MSVCRTD.dll
 0001:00017368       _wcscoll                   5f418368 f msvcrtd:MSVCRTD.dll
 0001:0001736e       __get_osfhandle            5f41836e f msvcrtd:MSVCRTD.dll
 0001:00017374       ___doserrno                5f418374 f msvcrtd:MSVCRTD.dll
 0001:0001737a       __fdopen                   5f41837a f msvcrtd:MSVCRTD.dll
 0001:00017380       __open_osfhandle           5f418380 f msvcrtd:MSVCRTD.dll
 0001:00017386       _clearerr                  5f418386 f msvcrtd:MSVCRTD.dll
 0001:0001738c       _fread                     5f41838c f msvcrtd:MSVCRTD.dll
 0001:00017392       _fwrite                    5f418392 f msvcrtd:MSVCRTD.dll
 0001:00017398       _fputws                    5f418398 f msvcrtd:MSVCRTD.dll
 0001:0001739e       _fgetws                    5f41839e f msvcrtd:MSVCRTD.dll
 0001:000173a4       _ftell                     5f4183a4 f msvcrtd:MSVCRTD.dll
 0001:000173aa       _fseek                     5f4183aa f msvcrtd:MSVCRTD.dll
 0001:000173b0       _fflush                    5f4183b0 f msvcrtd:MSVCRTD.dll
 0001:000173b6       _fclose                    5f4183b6 f msvcrtd:MSVCRTD.dll
 0001:000173bc       _malloc                    5f4183bc f msvcrtd:MSVCRTD.dll
 0001:000173c2       _realloc                   5f4183c2 f msvcrtd:MSVCRTD.dll
 0001:000173c8       _free                      5f4183c8 f msvcrtd:MSVCRTD.dll
 0001:000173ce       _wcschr                    5f4183ce f msvcrtd:MSVCRTD.dll
 0001:000173d4       _wcspbrk                   5f4183d4 f msvcrtd:MSVCRTD.dll
 0001:000173da       __wcsrev                   5f4183da f msvcrtd:MSVCRTD.dll
 0001:000173e0       _wcsspn                    5f4183e0 f msvcrtd:MSVCRTD.dll
 0001:000173e6       _wcscspn                   5f4183e6 f msvcrtd:MSVCRTD.dll
 0001:000173ec       _wcsrchr                   5f4183ec f msvcrtd:MSVCRTD.dll
 0001:000173f2       _wcsstr                    5f4183f2 f msvcrtd:MSVCRTD.dll
 0001:000173f8       _iswdigit                  5f4183f8 f msvcrtd:MSVCRTD.dll
 0001:000173fe       __wtoi                     5f4183fe f msvcrtd:MSVCRTD.dll
 0001:00017404       _iswspace                  5f418404 f msvcrtd:MSVCRTD.dll
[...]
FIXUPS: 7dc09 1c 7f b 38 17 20 17 11 f c 10 c 14 c 9 8 9 10 12 16 1b c
FIXUPS: 7de34 c c fffc1207 2c 40 a 25 78 62 1f 6 3e65a 5 2a 1d 23 14 1b
FIXUPS: 7d915 2e 19 13 d 38 64 14 1b 30 2e 19 13 d 38 64 fffc1cbb fffff9e7
FIXUPS: 3f234 18 21 d 11 21 1e 9 20 1c 15 28 28 23 28 2c 2e 2b 14 7 d 31
FIXUPS: 3f4be 1c 25 37 1f 3f 5e922 15 41e 55 34 1b 19 83 4f 34 1f 38 30
FIXUPS: 9df17 5 1a 1a 1d 15d 12 3f 22 e007 fff93514 33 4d a 24 5c 36 10
FIXUPS: 3f7c2 8 3a c535 1b b7 73 31 a8 6b 8 4b 29 28 23 1c 8 3c1f1 22 1cf
FIXUPS: 884c0 30 41 19 21 2f 1b 3e 19 27 22 35 cb 15aa5 98 fffa1f60 80
FIXUPS: 402ff 7b 7b 87 a0 32 80 85 7b 85 29 4d 83 34 34 77 69 39 4a 61
FIXUPS: 40ae2 19 5b af88 1f 1e 1d 118 66 7b 52a64 23 14 7 14 7 1a d 20
FIXUPS: 3f871 92 82 8a 2d 58 1f 83 8f 92 9d 90 88 85 19 98 1b 79 7a 7a
FIXUPS: 400f8 66 2e 197b 2d 21 1d 1f 6b 1b 62 14 17 3f 2b 2f 17 2a 1c 2b
FIXUPS: 41e3e 6e 34 13 fffcd65e 8f033 18 23 8b b9 37 1a 19 7 7 fffa2a9c
FIXUPS: 4125a 24 25 44 24 25 41 22 2b 5b 22 2d 25 76 139 34 34 ea 20 7
FIXUPS: 418bb 26 1e 26 df 27 21 3c 7 7 f caab 13 6f 9 b ffff25ff 15 1f
FIXUPS: 40c7a b 75 31 b 29 1c e 105 a9 21 3f 3e 2a 34 59 30 33 2e 37 21
FIXUPS: 41197 3d 21 cee1 31 2b 10 17 39 17 46 80 41 78 14 6 14 6 14 7 14
FIXUPS: 4e392 8 43 7 12 20 3d 2d 13 42 12 2c 9 b fffff688 9 b 49 8f 20
FIXUPS: 4dcdc 38 17 5c 17 11 15 82 9 9 b 3b 13 18 8 16 aa 1c 1a 17 18 1c
FIXUPS: 4e05a 1e 1a c fffff585 3a f b 10 6 8 c 6 19 b 36 1c 35 68 b 2a
FIXUPS: 4d806 90 19 6e 11 a9 20 34 38 17 6d 17 11 15 82 fffff654 8 2a 2f
FIXUPS: 4d269 6 19 b 50 17 b 1a 13 17 31 78 25 1a 1e c 1a 40 64 49 2b 1b
FIXUPS: 4d5bf 10 b 25 b 13 fffff70c b 57 12 17 8 15 17 1d 1f c 6 a 8 c
FIXUPS: 4ce63 f 6 7f 62 9 b 7a 24 d 26 6d 19 14 17 d 1c fffff899 24 3d
FIXUPS: 4ca2e 26 4c f 10 1c 18 12 17 d 19 8 25 12 1b 15 2c 7 2b c 2d 6
FIXUPS: 4cc60 17 18 b 45 38 9 fffff6a5 14 3d 47 89 24 11 10 60 24 11 10
FIXUPS: 4c5fd 55 24 11 10 2f 48 32 3d 8 20 70 15 e 17 2c 18 2f 22 29 2c26
FIXUPS: 4f540 20 3d 23 13 ffffcb42 12 f 11 40 14 28 c c 9 b 54 17 b b 14
FIXUPS: 4c2c8 45 c c 9 b 2a 2f 13 13 2cb9 37 12 1b 20 17 17 22 3a 2d 4e
FIXUPS: 4f220 14 20 43 35 bb 68 d 17 3e 14 7 14 6 23 7 12 8 15 3b 7 fffff5a8
FIXUPS: 4eae9 14 76 131 9 b 2b a 2b 1c 3d 1e 59 48 7 6 27 28 12 1b 2d 51
FIXUPS: 4ef42 39 12 1b 20 17 17 4e 1c cee 20 23 1f 13 ffffe862 12 30 20
FIXUPS: 4e69b 20 14 20 14 d7 17 2f 15 23 17 1f 9 b 28 1a 19 2e 62 62 70
FIXUPS: 4ea95 20 d24 3c 19 c 8b 19 16 14 19 29 28 22 29 51 81 2c 48 78
FIXUPS: 4fbbb 4a b 3a 28 15 17 11 25 b 28 21 7 12 6e4 17 11 25 b 28 14
FIXUPS: 504c0 14 7 17 7 10 e 7 7 3b 7 12 20 3d 2a 13 fffff012 36 b 5e 21
FIXUPS: 4f6f0 75 4f 19 74a 55 4d 13 b 61 9 b 25 25 28 c 11 14 18 28 c 11
FIXUPS: 50158 54 11 17 48 42 52 2b 2d 6d b 3a 28 31 2f4 18 6 3e 18 17 25
FIXUPS: 50885 b 3d 8 2b 17 33 29 4e 1c 5b7bf 22 21 57 9 b fffa3bcb 14 18
FIXUPS: 4fe55 3f 1f 9 b 25 1579c 17 28 b 37 42 13 26 b 22 b 1c 16 27 8
FIXUPS: 65832 b 1c 14 7 12 d fffa9d19 3f b 65 b 5625a 13 fffead79 45 42
FIXUPS: 6545a 35 c c c c c c c c c c c 9 9 9 9 9 9 9 9 9 9 b 3d 17 11 10
FIXUPS: 655fd 18 f 4e fffffa84 1f a 5f 13 d 13 4f d 11 13 d 1f a 5f 13
FIXUPS: 652e6 13 4f d 11 13 d e 18 1c 1b 26 8 5 29 13 fffff94e d 3c 41
FIXUPS: 64e37 11 10 d e 12 b 14 25 b 22 27 12 5 1c 18 f 5 57 a 59 13 d
FIXUPS: 65069 4f d 11 13 fffff9e1 29 12 1b 1b c 8 1f 8 17 13 a c a 28 9
FIXUPS: 64bfc 41 f 17 a 31 10 d 21 a 31 10 d 21 a 31 fffffa0b 17 1d f 21
FIXUPS: 6481d 16 32 3a 1a 11 17 18 d 10 d 11 11 13 11 2c 4f c c c c b 42
FIXUPS: 64a6e 17 11 f fffff901 13 f 8 d b 25 1c 11 28 1c 10 17 11 38 1c
FIXUPS: 64579 11 17 23 23 25 23 1c 12 17 51 1c 12 17 6c 12 3aac6 9 9 9
FIXUPS: 9f272 9 9 9 b 5b 93 5a 13 fffc4e04 1c 11 b 1c 12 17 11 28 10 9
FIXUPS: 642dd 2b 19 1c d 19 1c 10 3ab66 f d 9 6 63 f d 9 6 59 f d 9 6 65
FIXUPS: 9f0a9 1b 20 9 19 12 15 12 9 6 5e f 15 6 66 9 fffff93e 2d a 15 13
FIXUPS: 9ebeb 6 5e f d 9 6 6d 15 f 12 6 63 f 12 6 59 f 12 6 59 d d 12 12
FIXUPS: 9eedb d fffb2c9b 2d 13 6f 9 b 4cd1f 14 2c 9 b 3b 14 11 f d 6 b
FIXUPS: 9ea71 11 10 10 10 16 10 6 26 22 f 11 c c fffb2c76 8 50 8 24 21
FIXUPS: 51880 12 20 63 12 1c 28 9 b 39 14 b 1f 1c 42 27 29 22 14 6 14 7
FIXUPS: 51b1b b 17 33 fffff587 25 17 11 6b f2 10 21 15 52 11 2c 89 23 15
FIXUPS: 51483 1c 17 63 14 7a 3d 57 12 79 2b 2b 13 2e 19 d 17 fffff32c 5c
FIXUPS: 50b40 b 33 1b 1f 75 2c 37 19 1d 25 15 15 8 66 17 68 30 30 87 46
FIXUPS: 50f3a 5f 13 2b 55 3f 11 10 44 57724 c c c c 9 9 b 3a 12 a 22 3c
FIXUPS: a8908 d 6d c b c1 b fff66c50 21 a 29 b 67 b 9930a 13 fff66d0d 412d5
FIXUPS: 50abb 57a00 11 b 11 b 11 5a 17 6a 28 a b d c 8 56 2d 13 2b d 7
FIXUPS: a8719 27 8 52 c c 9 c 9 c c fffffa9d 18 9 6 12 16 30 7 7 12 f f
FIXUPS: a8353 f b 11 11 14 b 11 d b f 10 7 27 8 e 4f b b 11 fffffabf c
FIXUPS: a7f87 2e 57 11 24 14 14 14 11 e c e f 11 62 d 41 f 15 c 17 7 b
FIXUPS: a81f5 10 18 e c 21 d fffc3a18 6 d 20 13 3befc 2f 5e 9 a 8 20 15
FIXUPS: a7ccb 24 e 5a 30 2c 17 14 19 14 1a 2b 2a 28 17 49 20 e 12 fffc3ac2
FIXUPS: 6ba29 25 2a 2a 2b 23 7 14 7 14 7 14 7 14 7 14 7 14 7 14 7 14 7
FIXUPS: 6bbf6 7 16 6 1c 6 16 6 fffff909 10 10 17 24 1b 2c 18 36 29 26 25
FIXUPS: 6b71e 2d 30 31 ba 1b 10 16 e 14 b 2b f 16 8 12 21 32 1c 25 fffff6cb
FIXUPS: 6b0d5 25 3c 40 10 10 17 24 42 18 1a 40 10 10 17 24 42 18 37 38
FIXUPS: 6b3ce 3e 40 10 10 17 24 1b 2c 18 1a fffff6b5 8e 41 22 15 28 27
FIXUPS: 6ad31 2c 24 7 3b 49 25 11 54 7 12 b 18 21 36 49 25 11 54 7 12 b
FIXUPS: 6b038 21 30 ffffee1b f f f 20 8 6a 6d 68 9 b 14d b 5e 1f e8 49
FIXUPS: 6a371 36 2d 32 24 1d 40 f8 98 98 5d d2 18 23e ab ffffed26 69 3c
FIXUPS: 69923 45 2e 61 37 25 62 1e 23 1e 16 1c 8 8 9 c 7 c 10 11 2b 8 8
FIXUPS: 69be3 8f 9 9f 9 ed fffff2f7 7 44 2f 11 8 c 20 8 2a 1a 12 1d 70
FIXUPS: 692cd 14 34 12 c 2b 69 1c 70 7d 1c 73 ce 34 5f 4d 22 22 fffff5ca
FIXUPS: 68d2c 8 38 9 16 27 2b d1 e 17 82 c 31 10 6c 2b 1c 8 9 e 13 16 8
FIXUPS: 690bd 8 9 8 9 8 9 8 fffff207 63 46 9f 12 242 2b 8 c 1a 8 b 82 74
FIXUPS: 689b1 12 62 8 c 1a 8 5d 7 5d 7 1a 6a 85 a5 8 17 11 fffff019 5e
FIXUPS: 67d80 9 28 23 6b 13d 17 10 15 4c 1b 8 16 1c 8 11 94 1c 17 c 12
FIXUPS: 6815e 50 6c 46 1c 17 c 12 7 fffff3ca 25 2a 40 51 4e 3e 49 6c 47
FIXUPS: 678f2 17 25 27 82 71 1c 1a 9 2e 1e 5e 8 17 25 27 82 71 1c 1a 9
FIXUPS: 67cfc fffff48e 2f 9 c 14 9 c 26 9 c 14 46 9 2b 8 17 25 2a 43 51
FIXUPS: 6740d 3e 49 72 4d 24 27 26 39 2b 3b 8 fffff5f9 5d 28 22 22 9d 83
FIXUPS: 66e80 11 1e 34 33 11 1e 2c 32 d d 12 43 10 10 17 6d 9 18 43 1d
FIXUPS: 67140 c 14 9 fffff55e f 14 33 2a 17 24 14 30 1c 10 6b 19 27 22
FIXUPS: 668e6 44 10 9 1c 37 13 1f 80 33 6b 28 63 28 22 22 5f fffff672 17
FIXUPS: 6630f 29 17 16 11 4b 28 31 22 16 17 16 17 19 9 1a 12 48 36 21 17
FIXUPS: 665af 1f 12 12 17 18 32 17 25 fffff585 1f 1f 29 29 29 41 3b 35
FIXUPS: 65d96 14 a4 2c 2c 2c 22 22 32 47 13 60 2c 22 22 35 32 2d 1f 3e
FIXUPS: 6618b 84 8d fffed6fd 12 12 12 12 12 12 12 12 4e 20 22 18 6f 13
FIXUPS: 65945 15 e e e 1c 78 97 1f b 5b 1b 21 b 30 29 1f fffed7f7 10 37
FIXUPS: 534a7 6c bc cc 34 23 25 45 2d 13 37 13 74 1c 1c 29 1a 6 1a 6 1a
FIXUPS: 5391b 1a 6 14 7 14 7 d fffff5a7 c 17 19 db d8 11 f 20 17 8 1a 10
FIXUPS: 531a9 20 20 1a 8 8 20 38 1c 2a 1a e 2a 1a 32 3d 17 8 c fffff720
FIXUPS: 52af7 23 45 8 16 8 9 c 2a 2c 22 d 20 c b 16 13 2d 3f 2e 22 13 13
FIXUPS: 52d6b 13 35 81 c 23 22 f fffff876 14 19 14 56 78 22 13 13 a 13
FIXUPS: 52898 2b 13 8 8 9 23 1a 14 9 21 14 9 34 11 8 9 26 50 23 23 fffff812
FIXUPS: 522cc 12 21 86 a2 19 d b 4a 14 29 13 16 e 2a b 4e 20 16 e 16 d
FIXUPS: 52663 d b 26 b 9 23 1e c fffff87a 7 20 c 8 14 17 14 23 10 31 23
FIXUPS: 520a2 19 e c 8 1a 11 8 9 c 25 a 50 22 2c 2b 1a 23 18 27 208f d
FIXUPS: 54355 2b 13 5f b ffffd8b8 12 b b b 19 29 b 5e b 2a 1c 12 f 34 3d
FIXUPS: 51e8f 29 21 40 8 14 13 7 14 1f28 16 11 f 41 14 30 a 17 b 2d 20
FIXUPS: 53fe0 2a 96 43 1c 1c 15 1a 29 39 14 2b 8 17 23 5 54 56 d 2b fffbb579
FIXUPS: f8ba b 8fc21 15 4c 5 2a 1d 5f b fffb45c8 49 b 3a 33 47 b 33 22
FIXUPS: 53d4d 14 23 1f 19 16 4b 31 18 c 8 8 2dc43 7 21 7 21 7 14 7 d a
FIXUPS: 81b72 7 14 7 14 6 14 6 14 7 14 7 d fff8dbc7 7245e 13 2d 13 fff8db6d
FIXUPS: f815 1c 40 71d72 41 16 10c 13 2b 7 76 36 4a 21 7 13 3b 13 23 b
FIXUPS: 81968 33 18 7 a 13 20 16 23 6 23 6 a 26 22 fffff762 24 11 d e d
FIXUPS: 8127b 37 f 9 9 9 9 b 4f 7 1e 13 12 25 42 b 45 19 28 11 13 7 46
FIXUPS: 81501 29 30 fffff9f3 a 13 7 25 9 13 28 9 21 9 13 29 43 a c 1c 27
FIXUPS: 810f6 1f 10 9 d e 28 24 15 e 9 9 d b fffffad6 2f a 12 25 9 13 22
FIXUPS: 80d91 a 12 f 1a 1a 9 7 13 9 13 2b a 12 f 1b 1a 9 1a 9 7 11 9 1b
FIXUPS: 80990 a 1c 9 13 22 3e a 2a d 23 1a 1c 1c 8 13 8 17 f 18 15 31 42
FIXUPS: 80bda 10 25 25 d 1c 25 22 9 fffff9e8 7 1c 2f 1c 2c 1c 11 7 1c 3c
FIXUPS: 807d7 11 18 2c 10 7 8 18 11 14 21 6 f 8 13 2b a 13 29 a 13 fffffaa5
FIXUPS: 80414 7 13 29 8 7 13 29 8 7 13 29 8 7 13 29 e 7 13 29 8 f 7 13
FIXUPS: 805e7 8 19 2b c 29 1c fffff9fa 1b 18 1a 34 b 2b 35 10 7 2a 2b 26
FIXUPS: 80227 8 24 2b a b 13 3c 2b 8 7 1e 2b 8 29 2b 8 7 13 fffff733 16
FIXUPS: 7fb62 17 72 17 97 1b 18 17 d7 2c 1b 2f 37 21 29 23 4d 13 19 25
FIXUPS: 7ff9b 19 14 18 19 d 18 27 11 18 fffff3ac 13 b 10 f 21 86 2e 13
FIXUPS: 7f558 14 1c 25 34 13 b 2c 2b 3c 18 29 3a 48 15 39 66 aa 18 115
FIXUPS: 7f9f8 47 95 fffff502 d 25 3b 5 13 13 24 34 13 e 17 19 e 17 24 2c
FIXUPS: 7f1a3 35 49 2b 5e 2b 13 41 14 18 2b 19 b 20 1b fffff900 c 11 16
FIXUPS: 7ed28 13 2b 25 26 1b 2a 1e 7 1c 1f 7 a 13 46 8 1c 11 1c 12 17 11
FIXUPS: 7ef54 15 13 f 2f 8 fffff95a 2f 21 2d 9 b 30 2d 19 48 16 36 2a a
FIXUPS: 7eb0d 10 7 15 7 24 15 28 3c 10 3b 1c 13 13 29 1c 11 10 2cb83 2d
FIXUPS: ab88b b b 2f 13 ffff3d51 1c 2d b fffdef7f 35 5 2a 1d 63 12 f 36
FIXUPS: 7e74e 9 b 7b c 9 b 3e 12 5e 9 b 2ccee 17 7 17 7 17 7 1c 6 1c 6
FIXUPS: ab658 1e 12 12 12 3a 1b 12 12 12 12 12 12 12 12 55 7 14 7 d 2b
FIXUPS: ab0c8 1c b 39 4c 17 11 3a 53 b 3d 3b b7 d 16 20 24 66 16 23 25
FIXUPS: ab4d7 49 14 7 14 7 17 7 14 7 17 fffff6f8 44 e 19 10 2f 1a f b 16
FIXUPS: aada6 7f a 5a f f 10 32 1d 17 1d 2f 51 42 19 d 17 11 22 a 18 27
FIXUPS: aa76d 15 10 22 1e 10 19 1a 1a 13 85 25 3b 2b 2b 27 5 19 14 32 f
FIXUPS: aaa26 4c 23 f f b5 4e 4a 34 1c 32 fffff6db c 1e 18 1d 18 3b 42
FIXUPS: aa4d0 46 8 38 1b 8 12 f f f 13 f 16 e 6e 8 22 9 b 40 3c 20 9 15
FIXUPS: a9f08 11 2b 20 28 40 11 13 b 1c 9 11 c 23 b 4b 34 8 1c 8 19 57
FIXUPS: aa1cd 58 11 19 1e 88 7 2c 10 19 fffff491 17 13 a e 7e 4d 27 2f
FIXUPS: a9960 7 61 85 35 42 b4 20 8 10 1e 19 10 d0 fb 39 68 1f 1c 14 1e
FIXUPS: a9eea 17 fffff30d 4f 26 20 8c 9 b 26 47 19 17 4c 10 1f 37 58 10
FIXUPS: a9516 73 12 12 26 d6 16 92 11 e 19 10 1e f b fffff546 11 1c 17
FIXUPS: a8d6f 33 1c 47 17 bb 2c 5b 1b 31 10 18 17 18 13 b 2d d 10 17 11
FIXUPS: a90f8 12 1b e e b9 9 fffd8df1 3c 13 5f b 23 13 5f b 1d596 15 58
FIXUPS: 9f765 93d3 1f 36 17 11 15 11 e 52 19 16 16 14 1f e 16 d 14 11 ffffb80c
FIXUPS: a4541 b ffffb26b 5 2a 1d 5f b fffe2477 24 43 1b 4b c 1b 22 a a
FIXUPS: 81e16 52 2b c 1b 22 a 8 3d 2c b 5b 2c 2217e 13 b 23 7 35 19 1c
FIXUPS: a4222 b 2d a2 18 17 2e 23 46 1f 38 12 17 28 32 24 13 fff6b43d 25
FIXUPS: f951 40 1c 2d b 942c0 b 48 19 11 11 48 2d 3f 2a 21 47 38 77 36
FIXUPS: a3f84 11 22 6 18 1e 14 f 40 2f 13 35 20 7 e 11 28 fff9f7fa 7 d
FIXUPS: 9f8a5 12 23 1c b 3a 12 25 1c b e7 13 c819 3a b fff6371f 20 30 25
FIXUPS: faa1 40 1c 2d b 40 2c b 24 13 33b97 7 14 7 14 7 14 7 5 1d 7 d 14
FIXUPS: 43823 14 7 14 7 14 7 14 7 15 14 6 d 14 7 14 7 1a 6 fffff7ff 6 27
FIXUPS: 43158 94 29 23 28 62 15 15 1a 19 14 1f f 26 1c 4b 3f 1b5 29 37
FIXUPS: 4366e 12 27 67 22 14 7 14 7 fffff38e 52 36 7a 5 18 3e 18 17 3b
FIXUPS: 42cdc 15 11 e 48 8 31 15 22 3b 15 7 18 17 79 30 37 34 89 18 109
FIXUPS: 43111 fffff3c7 1b 18 26 29 5 18 49 27 12 1f 2f 15 11 1b f e 8 7
FIXUPS: 426c8 8d 34 16 8 54 7c 18 2c 42 39 b6 2b fffff6de 2b 12 c 40 29
FIXUPS: 421f1 28 23 16 b 23 b 1f 1b 32 1a 1d 22 17 29 17 1b 18 3a 16 17
FIXUPS: 42452 12 13 21 29 5e590 1d 22 13 b8a6 1e b 1c ffff4742 13 2d 13
FIXUPS: a0b82 b fff6f0b6 32309 21 22 22 22 1a 10 16 1a 1d 5 19 21 1a 1b
FIXUPS: 420d2 18 5e2dd 37 17 1d 17 1d 17 1d 17 23 17 1d 17 1d 17 1d 17
FIXUPS: a05c1 103 ae 1f 146 b 2d 3c 19 1b 15 15 1c 5d 5 fffff46e 31 4d
FIXUPS: 9ff2a e f7 12 f f f 54 c c c 9 b 95 c c c 9 b 66 14 f 11 c 31 11
FIXUPS: a02bb a8 2d fffa3d7e 7 14 7 14 7 14 7 14 7 15 14 6 d d 5b90b 2c
FIXUPS: 9fb0c 38 59 8 14 17 15 26 16 17 15 11c b e8 1f fffa4061 7 17 7
FIXUPS: 43f18 7 17 7 17 7 17 7 17 7 17 7 17 7 1d e 30 7 1a e 6 47 7 17
FIXUPS: 440cf 17 7 d fffff8c7 a 8 1b 16 1e 49 69 2e 4a 66 17 37 17 78 6b
FIXUPS: 43d2c 61 37 5 1b e 1e e 37 22 14 7 14 7 14 7 5cd2f 39 5 12 28 1b
FIXUPS: a0c98 16 63 17 22 29 2c 17 23 2e 1a 1c 57 17 19 35 2e 37 2e 2d
FIXUPS: a0fd0 14 17 23 52 fffa293a 2889f 19 14 17 2c 58 92 b6 1f 25 17
FIXUPS: 6c4d1 26 7 17 1b 7 10 15 7 3fe77 a 24 1c 16 29 5 29 21 1a ffff46ef
FIXUPS: a0bdd fffcb138 1a 40 22 10 7a 1d 35 14 59 a b 28 8 13 35 a1 8 1d
FIXUPS: 6c05f 1d 4f 13 16 12 1e 1b 2c b 2c 8 17 352b7 25 11 24 12 5c 26
FIXUPS: a15a9 c c c c b 4c 4f 17 77 2b b 54 6d 5b fffb2c28 1815d 1c 4b
FIXUPS: 6c656 7f fffe7d5c 1a 178b0 d b7f 4a 40 88 33 56 25 66 8b 1d 18
FIXUPS: a10ef 2e 49 14 32 3f 28 13 7 88 25 11 12 43 1f 19 26 1f 19 6a 19
FIXUPS: a1ebd 3f 6a 18 1c 16 b 4b 22 22 22 3e 5c 14 56 2f 37 1f f 2b 21
FIXUPS: a2261 1c 31 15 46 b fffca41d 22 25 78 6c 35b4a 2b fffff4e3 1f 25
FIXUPS: a1908 64 3d 1e 14 1b 34 25 f2 18 72 1f 25 68 22 3d 53 2c 22 2b
FIXUPS: a1dbb 17 47 1c 22 2d 15 a246 c 17 ffff6368 b 49 3e b 1f 19 2a 131
FIXUPS: a274a 21 15 5 2a 1d 15 5 2a 1d 55 b 55 b fffca304 52 356fa 12 3e
FIXUPS: a2397 971a b 34 b 70 b be 12 42 19 25 12 25 25 46 c c c c b 26
FIXUPS: abe54 18 51 18 dc 19 1c b 55 47 3d fff99216 13 46 c 10 13 27c37
FIXUPS: 6cfb2 1e d a0 13 d 14 11 20 fffffbcb 16 f 26 e0 75 89 e 25 34 3e9e2
FIXUPS: ab9f5 2f 12 32 12 fff99392 1f 19 10 9 1a 4a 14 17 14 17 14 d b
FIXUPS: 44f74 22 d 1b 26 10 b 37 a4 25 2e 21 20 25 2e 61 2d 25 fffff6ff
FIXUPS: 44989 16 73 46 3a 12 57 18 11 e a1 6f 11 b 1f 28 35 c c c b 38
FIXUPS: 44d55 17 14 17 14 d b 12 9 fffff674 1f 14 14 19 49 6 43 2a 37 17
FIXUPS: 445ea 24 1a 40 20 1a 35 14 25 27 1d 1c 17 24 8e 45 36 d 57 20 2d
FIXUPS: 82196 18 23 14 18 34 28 1c 23 18 8 32 17 26 fffc1ee1 12 f 23 1e
FIXUPS: 442a4 43 f 26 f c c b 6d 38 c c b fffd28da 13 2d 13 2d 13 2d 13
FIXUPS: 16df0 13 2d 13 2d 13 2d 13 2d 13 2d 13 2d 13 2d 13 8bb54 5 1c 1a
FIXUPS: a2b6f fffdf5fb 14 5 fff94553 17 e b 33 17 2d 128 6a 35 b 60 b 26
FIXUPS: 169f4 7 14 7 5f 1e b 6b 23 25 3c 12 1f 2b 9 b 6b 66 fffff5bf 29
FIXUPS: 162d4 21 b 4c 1c 11 23 c 27 9 b 30 4e 5a 14 7 20 33 12 1c 14 12
FIXUPS: 165a5 9 b 70 9 b 46 20 fffff64f 22 4d 34 1c b0 8 1e b 3e 8 1e b
FIXUPS: 15f3f 8 1e b 51 22 1c c2 1c 23 9 98 8 1e b 3e 8 1e b fffff727 21
FIXUPS: 15998 d 25 15 27 9 9 9 b 29 14 7 20 33 29 16 17 24 28 b 60 b 22
FIXUPS: 15c07 36 22 39 a 13 31 fffff710 e 27 e 24 20 33 29 16 17 24 31
FIXUPS: 15566 60 b 4b 1f 1c a 5c 22 38 8e 13 13 1e b 39 34 1c be 1c fffff611
FIXUPS: 14f90 34 1f 8f 1c 1c 18 39 39 f 2f 6 14 6 20 42 16 26 1c 1f 9 b
FIXUPS: 152d1 1a 2c 9 b 70 9 b 22 fffff782 8 a 14 a 16 f c 27 9 b 40 1c
FIXUPS: 14c67 72 d 9 3b 2c 1c 1c 41 3e 1c 1c 19 9 9 3b 2e 1c 1c fffff7ba
FIXUPS: 146f3 c 9 b 48 12 13 26 22 1c 1f c 9 b 7d c 9 b 22 ca 1c 18 1e
FIXUPS: 14a09 4c 1c 36 b 4c 1c 16 fffff6ea 4a 12 26 16 17 2c 28 1d 1f 9
FIXUPS: 1436d 25 3e 1c 60 2c 2d b 30 1c 2c 5a 24 14 6 34 22 18 52 12 13
FIXUPS: 13e04 18 22 b 45 1c 30 26 7 28 2d b 25 22 14 6 34 22 18 72 9 b
FIXUPS: 14101 12 26 22 19 18 3e 1d 1f 9 fffff779 1c b 48 29 22 19 18 3e
FIXUPS: 13ace 1c b 50 13 27 9 b 77 13 13 2d 9 b 77 20 13 13 2d 9 b 4c 22
FIXUPS: 13469 25 32 51 7 38 2d b 30 1c 22 22 64 1c 22 22 22 65 14 6 34
FIXUPS: 137d3 18 62 b 47 29 16 17 22 2c 28 fffff6b7 1c 45 1c 45 1c 22 5e
FIXUPS: 1319c 11 13 30 c d 16 c 23 9 b 4b 11 1d 35 19 2e b 30 1c 1c 31
FIXUPS: 1340a 43 fffff78e b 45 12 26 19 18 1f 33 1d 1f 9 b 4a 12 26 16
FIXUPS: 12de5 18 33 2d 1d 1f 9 b 25 29 1c 45 1c 49 1c fffff6fd 19 39 2b
FIXUPS: 12760 b 62 1d 1f f c 1f b 2a 9 b 40 22 22 31 61 22 22 24 95 1d
FIXUPS: 12b02 2c 14 7 20 69 fffff73e 1c 6d 1c e 2b 1c e 2b 1c e 2b 1c e
FIXUPS: 124e2 1c 22 10 21 1b 21 1b 21 1d 2b 1a 7 14 7 35 16 26 fffff5f1
FIXUPS: 11ce8 34 40 1c 25 31 3c 1a 4f 48 1f 40 22 1c 1c 24 45 1c 23 44
FIXUPS: 120ce d8 1c 16 1b 24 47 14 18 b 3a fffff3f5 24 3e 17 71 60 1d 1f
FIXUPS: 11859 c 18 b 25 28 2d 9 b 30 23 65 1d 56 2f 32 36 1c 25 31 3c 46
FIXUPS: 11c10 67 fffff476 7d c 9 b 40 22 22 24 25 56 64 25 1d 3e 22 22
FIXUPS: 11406 51 5d 28 29 20 18 3a 52 28 20 20 18 3a 1c fffff5eb 71 4a
FIXUPS: 10da0 21 56 14 7 14 7 35 1b 26 22 22 1b f f 77 9 b 3a 12 26 22
FIXUPS: 1107b 19 11 f f 8 12 fffff6b8 15 2f 25 1f 9 14 25 23 9 14 2c 83
FIXUPS: 10958 a a 9 9 b 40 22 22 31 61 22 22 24 95 1d 63 13 26 fffff648
FIXUPS: 102d9 3e 1a 1c b 34 2b 4e 10 37 2d b 4b 10 3b 2d b 4b 10 37 2d
FIXUPS: 1061c 4b 2c 24 f 1d 21 1b 9 5a fffff689 11 16 10 16 38 12 10 2b
FIXUPS: fee6 b 7c 1c 16 17 17 1a 17 17 17 17 17 16 16 16 16 16 fb 12 68
FIXUPS: 1025b b 7a44 6 a c 30 9 9 b 55 1c 8 26 c 27 9 b 39 1c 54 1c 54
FIXUPS: 17f26 7 4e 37 2e 13 ffff7cad 3b ea c 16 7b7f 1c d 23 15 27 9 9
FIXUPS: 17a0b 55 1c f 1e b 55 1c f f a 14 a 1c 1c 15 27 9 9 b 55 1c 1e
FIXUPS: 17ca1 fffff64a 1f 11 68 36 19 6a 22 1c 72 22 1c 72 1c 72 1c 21
FIXUPS: 17670 45 1c 21 9 45 1c 21 9 45 1c 1c 93 34 1c 8ba28 3d 41 41 69
FIXUPS: a343f 15 14 18 11 23 1f 3b 11 f fff73ad7 12 53 9 b 4c 2a 9 b 3f
FIXUPS: 17179 7d a 70 21 32 20 9a365 ffff1579 3f 2f 43 3b 3b 33 3b 3b 3f
FIXUPS: a2e07 33 4b 3f 3b 3f 47 3f 33 37 33 33 33 37 3f 3f 43 3f 47 4b
FIXUPS: a32c3 dfb5 41 c 10 13 41 c 10 13 44 c 10 13 29 45 c 10 13 30 41
FIXUPS: b14e5 10 13 2e 43 c 10 13 30 41 c 10 fffff8c3 41 c 10 13 41 c 10
FIXUPS: b0fd8 41 c 10 13 41 c 10 13 41 c 10 13 41 c 10 13 41 c 10 13 41
FIXUPS: b1255 10 fffff913 41 c 10 13 41 c 10 13 41 c 10 13 41 c 10 13 41
FIXUPS: b0d85 10 13 41 c 10 13 41 c 10 13 41 c 10 fffff924 c 10 13 41 c
FIXUPS: b0895 13 41 c 10 13 41 c 10 13 41 c 10 13 34 3d c 10 13 41 c 10
FIXUPS: b0b08 41 c 10 fffff913 10 13 3e c 10 13 44 c 10 13 3e c 10 13 41
FIXUPS: b0635 10 13 41 c 10 13 2a 37 c 10 13 44 c 10 13 fffff8fd 41 c 10
FIXUPS: b0138 41 c 10 13 41 c 10 13 2a 37 c 10 13 41 c 10 13 41 c 10 13
FIXUPS: b03c9 c 10 13 32 42 fffff8bc 2a 37 c 10 13 2a 37 c 10 13 2d 44
FIXUPS: afec5 10 13 41 c 10 13 41 c 10 13 41 c 10 13 2a 37 c 10 fffff904
FIXUPS: af9c5 10 13 41 c 10 13 2a 37 c 10 13 2a 37 c 10 13 2a 37 c 10 13
FIXUPS: afc32 37 c 10 13 2a 37 c 10 fffff924 c 10 13 44 c 10 13 3e c 10
FIXUPS: af748 41 c 10 13 41 c 10 13 44 c 10 13 3e c 10 13 41 c 10 13 fffff941
FIXUPS: af2c5 10 13 41 c 10 13 41 c 10 13 41 c 10 13 41 c 10 13 41 c 10
FIXUPS: af518 41 c 10 13 41 c 10 13 fffffac8 10 10 10 10 10 10 10 d d d
FIXUPS: af164 d d d d d d d d d d d e fff68e4f 20 24 30 97185 c 10 13 fffffc48
FIXUPS: aeed0 10 10 10 10 10 10 10 10 10 10 10 10 10 10 10 10 10 10 10
FIXUPS: af010 10 10 10 10 10 10 10 10 10 10 fffffadf 2c 4d 2c 4d 2c 4d
FIXUPS: aed30 10 10 10 10 10 10 10 10 10 10 10 10 10 10 10 10 10 10 10
FIXUPS: aee70 10 10 10 10 fffff52b 2f 4d 2f 4d 2f 4d 2f 4d 2f 4d 2c 4d
FIXUPS: ae6ef 4d 2f 4d 2c 4d 2f 4d 2f 4d 2f 4d 2c 4d 2c 4d 2f 50 2c fffff127
FIXUPS: adc95 4d 2c 32 29 32 2c 50 2c 4d 2f 4d 2c 4d 2c 4d 2c 4d 2f 4d
FIXUPS: ae122 4d 2f 4d 2f 4d 2f 4d 2f 4d 2f fffff136 2c 4d 2c 4d 2c 4d
FIXUPS: ad65b 4d 2c 4d 2f 4d 2c 4d 2f 4d 2c 4d 2f 50 2f 4d 2f 50 2c 4d
FIXUPS: adb2a 4d 2c 4d 2c fffff13f 23 3e 26 41 29 4d 2f 4d 2f 4d 2c 4d
FIXUPS: ad036 4d 2c 4d 2c 4d 2c 4d 2c 4d 2c 4d 2c 4d 2c 4d 2c 4d 2c fffa73b1
FIXUPS: 54896 4d e 7d 14 57eea 10 3e 26 3e 23 3e 26 3e 23 3e 23 3e 26 3e
FIXUPS: acb2c 3e 23 3e 26 3e 26 41 26 3e 23 fffff9e5 a e 6c e 5 2e 10 14
FIXUPS: ac80a 14 fffa7cc0 22 e 18 2c e 59 17 4d 2c e 59 17 5 26 17 1b 18
FIXUPS: 54789 e 7d 4f282 16 16 b 34 7 17 10 23 35 18 8 33 b 2b 13 8941
FIXUPS: ac579 7 1e b 33 34 17 7 17 7 40 7 12 d 42 ffff6eb1 14 d 16 d 19
FIXUPS: a3655 15 7 1c b 2f 2c 20 e 1d 86 30 23 17 4a 17 10 2c 3e 73 26
FIXUPS: a39ef 66 17 15 c
