 MFCD42D

 Timestamp is 31c840c3 (Wed Jun 19 11:02:43 1996)

 Preferred load address is 5f700000

 Start         Length     Name                   Class
 0001:00000000 0002c488H .text                   CODE
 0001:0002c490 00000490H .text$AFX_INIT          CODE
 0001:0002c920 000005e0H .text$AFX_VDEL          CODE
 0002:00000000 00006d58H .rdata                  DATA
 0002:00006d58 000007b0H .rdata$r                DATA
 0002:00007508 00003380H .xdata$x                DATA
 0002:0000a890 00000b8cH .edata                  DATA
 0003:00000000 00000004H .CRT$XCA                DATA
 0003:00000004 00000004H .CRT$XCL                DATA
 0003:00000008 00000008H .CRT$XCU                DATA
 0003:00000010 00000004H .CRT$XCZ                DATA
 0003:00000014 00000004H .CRT$XIA                DATA
 0003:00000018 00000004H .CRT$XIZ                DATA
 0003:00000020 000005c4H .data                   DATA
 0003:000005e8 00000050H .bss                    DATA
 0004:00000000 00000064H .idata$2                DATA
 0004:00000064 00000014H .idata$3                DATA
 0004:00000078 000004dcH .idata$4                DATA
 0004:00000554 000004dcH .idata$5                DATA
 0004:00000a30 000002ceH .idata$6                DATA
 0005:00000000 00000100H .rsrc$01                DATA
 0005:00000100 00001014H .rsrc$02                DATA

  Address         Publics by Value              Rva+Base   Lib:Object

 0001:00000000       ??B?$CTypedSimpleList@PAUCRuntimeClass@@@@QAEPAUCRuntimeClass@@XZ 5f701000 f dlldb.obj
 0001:00000020       ?GetHead@CSimpleList@@QBEPAXXZ 5f701020 f dlldb.obj
 0001:00000040       ??B?$CTypedSimpleList@PAVCOleObjectFactory@@@@QAEPAVCOleObjectFactory@@XZ 5f701040 f dlldb.obj
 0001:00000060       ?AfxThunkSQLAllocConnect@@YGFPAXPAPAX@Z 5f701060 f dbcore.obj
 0001:000001c6       ?AfxThunkSQLAllocEnv@@YGFPAPAX@Z 5f7011c6 f dbcore.obj
 0001:000001f5       ?AfxThunkSQLAllocStmt@@YGFPAXPAPAX@Z 5f7011f5 f dbcore.obj
 0001:00000228       ?AfxThunkSQLBindCol@@YGFPAXGF0JPAJ@Z 5f701228 f dbcore.obj
 0001:0000026b       ?AfxThunkSQLCancel@@YGFPAX@Z 5f70126b f dbcore.obj
 0001:0000029a       ?AfxThunkSQLDescribeCol@@YGFPAXGPAEFPAF2PAK22@Z 5f70129a f dbcore.obj
 0001:000002e9       ?AfxThunkSQLDisconnect@@YGFPAX@Z 5f7012e9 f dbcore.obj
 0001:00000318       ?AfxThunkSQLDriverConnect@@YGFPAXPAUHWND__@@PAEF2FPAFG@Z 5f701318 f dbcore.obj
 0001:00000363       ?AfxThunkSQLError@@YGFPAX00PAEPAJ1FPAF@Z 5f701363 f dbcore.obj
 0001:000003ae       ?AfxThunkSQLExecDirect@@YGFPAXPAEJ@Z 5f7013ae f dbcore.obj
 0001:000003e5       ?AfxThunkSQLExecute@@YGFPAX@Z 5f7013e5 f dbcore.obj
 0001:00000414       ?AfxThunkSQLExtendedFetch@@YGFPAXGJPAKPAG@Z 5f701414 f dbcore.obj
 0001:00000453       ?AfxThunkSQLFetch@@YGFPAX@Z 5f701453 f dbcore.obj
 0001:00000482       ?AfxThunkSQLFreeConnect@@YGFPAX@Z 5f701482 f dbcore.obj
 0001:000004b1       ?AfxThunkSQLFreeEnv@@YGFPAX@Z 5f7014b1 f dbcore.obj
 0001:000004e0       ?AfxThunkSQLFreeStmt@@YGFPAXG@Z 5f7014e0 f dbcore.obj
 0001:00000513       ?AfxThunkSQLGetCursorName@@YGFPAXPAEFPAF@Z 5f701513 f dbcore.obj
 0001:0000054e       ?AfxThunkSQLGetData@@YGFPAXGF0JPAJ@Z 5f70154e f dbcore.obj
 0001:00000591       ?AfxThunkSQLGetFunctions@@YGFPAXGPAG@Z 5f701591 f dbcore.obj
 0001:000005c8       ?AfxThunkSQLGetInfo@@YGFPAXG0FPAF@Z 5f7015c8 f dbcore.obj
 0001:00000607       ?AfxThunkSQLMoreResults@@YGFPAX@Z 5f701607 f dbcore.obj
 0001:00000636       ?AfxThunkSQLNumResultCols@@YGFPAXPAF@Z 5f701636 f dbcore.obj
 0001:00000669       ?AfxThunkSQLParamData@@YGFPAXPAPAX@Z 5f701669 f dbcore.obj
 0001:0000069c       ?AfxThunkSQLPrepare@@YGFPAXPAEJ@Z 5f70169c f dbcore.obj
 0001:000006d3       ?AfxThunkSQLPutData@@YGFPAX0J@Z 5f7016d3 f dbcore.obj
 0001:0000070a       ?AfxThunkSQLRowCount@@YGFPAXPAJ@Z 5f70170a f dbcore.obj
 0001:0000073d       ?AfxThunkSQLSetConnectOption@@YGFPAXGK@Z 5f70173d f dbcore.obj
 0001:00000774       ?AfxThunkSQLSetPos@@YGFPAXGGG@Z 5f701774 f dbcore.obj
 0001:000007af       ?AfxThunkSQLSetStmtOption@@YGFPAXGK@Z 5f7017af f dbcore.obj
 0001:000007e6       ?AfxThunkSQLTransact@@YGFPAX0G@Z 5f7017e6 f dbcore.obj
 0001:0000081d       ?AfxThunkSQLBindParameter@@YGFPAXGFFFKF0JPAJ@Z 5f70181d f dbcore.obj
 0001:00000870       ?AfxThunkSQLNumParams@@YGFPAXPAF@Z 5f701870 f dbcore.obj
 0001:000008a3       ?AfxThunkSQLGetStmtOption@@YGFPAXG0@Z 5f7018a3 f dbcore.obj
 0001:000008dc       ??1_AFX_DB_STATE@@UAE@XZ   5f7018dc f dbcore.obj
 0001:0000095e       ?AfxThrowDBException@@YGXFPAVCDatabase@@PAX@Z 5f70195e f dbcore.obj
 0001:00000a58       ??0CDBException@@QAE@F@Z   5f701a58 f dbcore.obj
 0001:00000b0a       ??1CDBException@@UAE@XZ    5f701b0a f dbcore.obj
 0001:00000ba4       ?BuildErrorString@CDBException@@UAEXPAVCDatabase@@PAXH@Z 5f701ba4 f dbcore.obj
 0001:00000f35       ?GetErrorMessage@CDBException@@UAEHPADIPAI@Z 5f701f35 f dbcore.obj
 0001:00000fc2       ?TraceErrorMessage@CDBException@@QBEXPBD@Z 5f701fc2 f dbcore.obj
 0001:000010e3       ?Empty@CDBException@@QAEXXZ 5f7020e3 f dbcore.obj
 0001:0000110f       ??0CDatabase@@QAE@XZ       5f70210f f dbcore.obj
 0001:0000121a       ??1CDatabase@@UAE@XZ       5f70221a f dbcore.obj
 0001:000012cf       ?Open@CDatabase@@UAEHPBDHH0H@Z 5f7022cf f dbcore.obj
 0001:000014d2       ?OpenEx@CDatabase@@UAEHPBDK@Z 5f7024d2 f dbcore.obj
 0001:00001675       ?ExecuteSQL@CDatabase@@QAEXPBD@Z 5f702675 f dbcore.obj
 0001:000018d5       ?Cancel@CDatabase@@QAEXXZ  5f7028d5 f dbcore.obj
 0001:00001930       ?Close@CDatabase@@UAEXXZ   5f702930 f dbcore.obj
 0001:00001aa8       ?Free@CDatabase@@IAEXXZ    5f702aa8 f dbcore.obj
 0001:00001bfe       ?OnSetOptions@CDatabase@@UAEXPAX@Z 5f702bfe f dbcore.obj
 0001:00001c93       ?GetDatabaseName@CDatabase@@QBE?AVCString@@XZ 5f702c93 f dbcore.obj
 0001:00001d71       ?BeginTrans@CDatabase@@QAEHXZ 5f702d71 f dbcore.obj
 0001:00001e26       ?CommitTrans@CDatabase@@QAEHXZ 5f702e26 f dbcore.obj
 0001:00001f08       ?Rollback@CDatabase@@QAEHXZ 5f702f08 f dbcore.obj
 0001:00001fea       ?Check@CDatabase@@UBEHF@Z  5f702fea f dbcore.obj
 0001:000020d6       ?ReplaceBrackets@CDatabase@@QAEXPAD@Z 5f7030d6 f dbcore.obj
 0001:00002274       ?AllocConnect@CDatabase@@IAEXK@Z 5f703274 f dbcore.obj
 0001:000024ab       ?Connect@CDatabase@@IAEHK@Z 5f7034ab f dbcore.obj
 0001:00002630       ?VerifyConnect@CDatabase@@IAEXXZ 5f703630 f dbcore.obj
 0001:00002705       ?GetConnectInfo@CDatabase@@IAEXXZ 5f703705 f dbcore.obj
 0001:00002b30       ?BindParameters@CDatabase@@UAEXPAX@Z 5f703b30 f dbcore.obj
 0001:00002b48       ?AssertValid@CDatabase@@UBEXXZ 5f703b48 f dbcore.obj
 0001:00002b66       ?Dump@CDatabase@@UBEXAAVCDumpContext@@@Z 5f703b66 f dbcore.obj
 0001:00002cb3       ??0CRecordset@@QAE@PAVCDatabase@@@Z 5f703cb3 f dbcore.obj
 0001:000031c0       ??1CRecordset@@UAE@XZ      5f7041c0 f dbcore.obj
 0001:00003472       ?Open@CRecordset@@UAEHIPBDK@Z 5f704472 f dbcore.obj
 0001:0000378b       ?Close@CRecordset@@UAEXXZ  5f70478b f dbcore.obj
 0001:00003be9       ?IsOpen@CRecordset@@QBEHXZ 5f704be9 f dbcore.obj
 0001:00003d51       ?IsFieldDirty@CRecordset@@QAEHPAX@Z 5f704d51 f dbcore.obj
 0001:00003eab       ?IsFieldNull@CRecordset@@QAEHPAX@Z 5f704eab f dbcore.obj
 0001:00003f33       ?IsFieldNullable@CRecordset@@QAEHPAX@Z 5f704f33 f dbcore.obj
 0001:00003fbf       ?CanBookmark@CRecordset@@QBEHXZ 5f704fbf f dbcore.obj
 0001:00004052       ?Move@CRecordset@@UAEXJG@Z 5f705052 f dbcore.obj
 0001:0000420e       ?CheckRowsetError@CRecordset@@UAEXF@Z 5f70520e f dbcore.obj
 0001:000043c5       ?GetBookmark@CRecordset@@QAEXAAVCDBVariant@@@Z 5f7053c5 f dbcore.obj
 0001:000044c8       ?SetBookmark@CRecordset@@QAEXABVCDBVariant@@@Z 5f7054c8 f dbcore.obj
 0001:00004572       ?SetRowsetSize@CRecordset@@UAEXK@Z 5f705572 f dbcore.obj
 0001:000046f4       ?AddNew@CRecordset@@UAEXXZ 5f7056f4 f dbcore.obj
 0001:0000481f       ?Edit@CRecordset@@UAEXXZ   5f70581f f dbcore.obj
 0001:00004a14       ?Update@CRecordset@@UAEHXZ 5f705a14 f dbcore.obj
 0001:00004ada       ?Delete@CRecordset@@UAEXXZ 5f705ada f dbcore.obj
 0001:00004b8e       ?CancelUpdate@CRecordset@@QAEXXZ 5f705b8e f dbcore.obj
 0001:00004c28       ?FlushResultSet@CRecordset@@QBEHXZ 5f705c28 f dbcore.obj
 0001:00004cb5       ?GetODBCFieldInfo@CRecordset@@QAEXPBDAAUCODBCFieldInfo@@@Z 5f705cb5 f dbcore.obj
 0001:00004d7a       ?GetODBCFieldInfo@CRecordset@@QAEXFAAUCODBCFieldInfo@@@Z 5f705d7a f dbcore.obj
 0001:00004e51       ?GetFieldValue@CRecordset@@QAEXPBDAAVCDBVariant@@F@Z 5f705e51 f dbcore.obj
 0001:00004f22       ?GetFieldValue@CRecordset@@QAEXFAAVCDBVariant@@F@Z 5f705f22 f dbcore.obj
 0001:00005142       ?GetFieldValue@CRecordset@@QAEXPBDAAVCString@@@Z 5f706142 f dbcore.obj
 0001:00005207       ?GetFieldValue@CRecordset@@QAEXFAAVCString@@@Z 5f706207 f dbcore.obj
 0001:00005392       ?SetFieldDirty@CRecordset@@QAEXPAXH@Z 5f706392 f dbcore.obj
 0001:0000545a       ?SetFieldNull@CRecordset@@QAEXPAXH@Z 5f70645a f dbcore.obj
 0001:00005573       ?SetLockingMode@CRecordset@@QAEXI@Z 5f706573 f dbcore.obj
 0001:000055f4       ?Requery@CRecordset@@UAEHXZ 5f7065f4 f dbcore.obj
 0001:00005880       ?Cancel@CRecordset@@QAEXXZ 5f706880 f dbcore.obj
 0001:000058fb       ?GetDefaultConnect@CRecordset@@UAE?AVCString@@XZ 5f7068fb f dbcore.obj
 0001:0000597d       ?GetDefaultSQL@CRecordset@@UAE?AVCString@@XZ 5f70697d f dbcore.obj
 0001:000059ff       ?DoFieldExchange@CRecordset@@UAEXPAVCFieldExchange@@@Z 5f7069ff f dbcore.obj
 0001:00005a2a       ?DoBulkFieldExchange@CRecordset@@UAEXPAVCFieldExchange@@@Z 5f706a2a f dbcore.obj
 0001:00005a6d       ?OnSetOptions@CRecordset@@UAEXPAX@Z 5f706a6d f dbcore.obj
 0001:00005b39       ?Check@CRecordset@@UBEHF@Z 5f706b39 f dbcore.obj
 0001:00005c9b       ?PreBindFields@CRecordset@@UAEXXZ 5f706c9b f dbcore.obj
 0001:00005cb1       ?SetState@CRecordset@@IAEXHPBDK@Z 5f706cb1 f dbcore.obj
 0001:00005e04       ?AllocHstmt@CRecordset@@IAEHXZ 5f706e04 f dbcore.obj
 0001:000061f1       ?BuildSQL@CRecordset@@IAEXPBD@Z 5f7071f1 f dbcore.obj
 0001:0000639d       ?PrepareAndExecute@CRecordset@@IAEXXZ 5f70739d f dbcore.obj
 0001:0000673d       ?VerifyDriverBehavior@CRecordset@@IAEXXZ 5f70773d f dbcore.obj
 0001:000068a4       ?VerifyCursorSupport@CRecordset@@IAEKXZ 5f7078a4 f dbcore.obj
 0001:000069b1       ?AllocAndCacheFieldInfo@CRecordset@@IAEXXZ 5f7079b1 f dbcore.obj
 0001:00006c2c       ?AllocRowset@CRecordset@@IAEXXZ 5f707c2c f dbcore.obj
 0001:00006c93       ?FreeRowset@CRecordset@@IAEXXZ 5f707c93 f dbcore.obj
 0001:00006d2a       ?EnableBookmarks@CRecordset@@IAEXXZ 5f707d2a f dbcore.obj
 0001:00006daf       ?SetUpdateMethod@CRecordset@@IAEXXZ 5f707daf f dbcore.obj
 0001:00006e10       ?SetConcurrencyAndCursorType@CRecordset@@IAEXPAXK@Z 5f707e10 f dbcore.obj
 0001:0000701e       ?IsSQLUpdatable@CRecordset@@QAEHPBD@Z 5f70801e f dbcore.obj
 0001:0000709a       ?IsSelectQueryUpdatable@CRecordset@@QAEHPBD@Z 5f70809a f dbcore.obj
 0001:00007364       ?IsJoin@CRecordset@@SGHPBD@Z 5f708364 f dbcore.obj
 0001:000073b8       ?FindSQLToken@CRecordset@@SGPBDPBD0@Z 5f7083b8 f dbcore.obj
 0001:00007647       ?InitRecord@CRecordset@@QAEXXZ 5f708647 f dbcore.obj
 0001:000076dc       ?ResetCursor@CRecordset@@QAEXXZ 5f7086dc f dbcore.obj
 0001:0000774a       ?CheckRowsetCurrencyStatus@CRecordset@@QAEXGJ@Z 5f70874a f dbcore.obj
 0001:000078c0       ?FetchData@CRecordset@@QAEFGJPAK@Z 5f7088c0 f dbcore.obj
 0001:000079d3       ?SkipDeletedRecords@CRecordset@@QAEXGJPAKPAF@Z 5f7089d3 f dbcore.obj
 0001:00007c6d       ?SetRowsetCurrencyStatus@CRecordset@@UAEXFGJK@Z 5f708c6d f dbcore.obj
 0001:0000801f       ?RefreshRowset@CRecordset@@QAEXGG@Z 5f70901f f dbcore.obj
 0001:000080ee       ?SetRowsetCursorPosition@CRecordset@@QAEXGG@Z 5f7090ee f dbcore.obj
 0001:0000817b       ?BuildSelectSQL@CRecordset@@IAEXXZ 5f70917b f dbcore.obj
 0001:000083d4       ?AppendFilterAndSortSQL@CRecordset@@IAEXXZ 5f7093d4 f dbcore.obj
 0001:00008460       ?IsRecordsetUpdatable@CRecordset@@IAEHXZ 5f709460 f dbcore.obj
 0001:00008548       ?ExecuteSetPosUpdate@CRecordset@@IAEXXZ 5f709548 f dbcore.obj
 0001:0000867b       ?PrepareUpdateHstmt@CRecordset@@IAEXXZ 5f70967b f dbcore.obj
 0001:000087ff       ?BuildUpdateSQL@CRecordset@@IAEXXZ 5f7097ff f dbcore.obj
 0001:00008bf6       ?ExecuteUpdateSQL@CRecordset@@IAEXXZ 5f709bf6 f dbcore.obj
 0001:00008d9f       ?SendLongBinaryData@CRecordset@@IAEXPAX@Z 5f709d9f f dbcore.obj
 0001:00008fc9       ?AllocStatusArrays@CRecordset@@QAEXXZ 5f709fc9 f dbcore.obj
 0001:0000921f       ?GetBoundFieldIndex@CRecordset@@QAEHPAX@Z 5f70a21f f dbcore.obj
 0001:00009264       ?GetBoundParamIndex@CRecordset@@QAEHPAX@Z 5f70a264 f dbcore.obj
 0001:000092a9       ?GetFieldIndexByName@CRecordset@@QAEFPBD@Z 5f70a2a9 f dbcore.obj
 0001:0000933d       ?GetFieldLengthBuffer@CRecordset@@QAEPAJKH@Z 5f70a33d f dbcore.obj
 0001:000093d9       ?GetFieldStatus@CRecordset@@QAEEK@Z 5f70a3d9 f dbcore.obj
 0001:00009427       ?SetFieldStatus@CRecordset@@QAEXKE@Z 5f70a427 f dbcore.obj
 0001:00009489       ?ClearFieldStatus@CRecordset@@QAEXXZ 5f70a489 f dbcore.obj
 0001:000094ba       ?IsFieldStatusDirty@CRecordset@@QBEHK@Z 5f70a4ba f dbcore.obj
 0001:0000950f       ?SetDirtyFieldStatus@CRecordset@@QAEXK@Z 5f70a50f f dbcore.obj
 0001:00009571       ?ClearDirtyFieldStatus@CRecordset@@QAEXK@Z 5f70a571 f dbcore.obj
 0001:000095d3       ?IsFieldStatusNull@CRecordset@@QBEHK@Z 5f70a5d3 f dbcore.obj
 0001:00009628       ?SetNullFieldStatus@CRecordset@@QAEXK@Z 5f70a628 f dbcore.obj
 0001:0000968a       ?ClearNullFieldStatus@CRecordset@@QAEXK@Z 5f70a68a f dbcore.obj
 0001:000096ec       ?IsParamStatusNull@CRecordset@@QBEHK@Z 5f70a6ec f dbcore.obj
 0001:00009741       ?SetNullParamStatus@CRecordset@@QAEXK@Z 5f70a741 f dbcore.obj
 0001:000097a3       ?ClearNullParamStatus@CRecordset@@QAEXK@Z 5f70a7a3 f dbcore.obj
 0001:00009805       ?IsFieldNullable@CRecordset@@QBEHK@Z 5f70a805 f dbcore.obj
 0001:00009893       ?BindParams@CRecordset@@QAEIPAX@Z 5f70a893 f dbcore.obj
 0001:0000990b       ?RebindParams@CRecordset@@QAEXPAX@Z 5f70a90b f dbcore.obj
 0001:0000998d       ?BindFieldsToColumns@CRecordset@@QAEIXZ 5f70a98d f dbcore.obj
 0001:00009a84       ?BindFieldsForUpdate@CRecordset@@QAEXXZ 5f70aa84 f dbcore.obj
 0001:00009af5       ?UnbindFieldsForUpdate@CRecordset@@QAEXXZ 5f70aaf5 f dbcore.obj
 0001:00009b66       ?Fixups@CRecordset@@QAEXXZ 5f70ab66 f dbcore.obj
 0001:00009c04       ?AppendNames@CRecordset@@QAEIPAVCString@@PBD@Z 5f70ac04 f dbcore.obj
 0001:00009cfb       ?AppendNamesValues@CRecordset@@QAEIPAXPAVCString@@PBD@Z 5f70acfb f dbcore.obj
 0001:00009df9       ?AppendValues@CRecordset@@QAEIPAXPAVCString@@PBD@Z 5f70adf9 f dbcore.obj
 0001:00009ef7       ?StoreFields@CRecordset@@QAEXXZ 5f70aef7 f dbcore.obj
 0001:00009f67       ?LoadFields@CRecordset@@QAEXXZ 5f70af67 f dbcore.obj
 0001:00009fdf       ?MarkForUpdate@CRecordset@@QAEXXZ 5f70afdf f dbcore.obj
 0001:0000a027       ?MarkForAddNew@CRecordset@@QAEXXZ 5f70b027 f dbcore.obj
 0001:0000a06f       ?AllocDataCache@CRecordset@@QAEXXZ 5f70b06f f dbcore.obj
 0001:0000a0b7       ?FreeDataCache@CRecordset@@QAEXXZ 5f70b0b7 f dbcore.obj
 0001:0000a28a       ?DumpFields@CRecordset@@QBEXAAVCDumpContext@@@Z 5f70b28a f dbcore.obj
 0001:0000a2c7       ?UpdateInsertDelete@CRecordset@@IAEHXZ 5f70b2c7 f dbcore.obj
 0001:0000a669       ?GetLBFetchSize@CRecordset@@MAEJJ@Z 5f70b669 f dbcore.obj
 0001:0000a686       ?GetLBReallocSize@CRecordset@@MAEJJ@Z 5f70b686 f dbcore.obj
 0001:0000a6a3       ?GetDefaultFieldType@CRecordset@@SGFF@Z 5f70b6a3 f dbcore.obj
 0001:0000a7b4       ?GetDataBuffer@CRecordset@@SGPAXAAVCDBVariant@@FPAHFK@Z 5f70b7b4 f dbcore.obj
 0001:0000aafd       ?GetTextLen@CRecordset@@SGHFK@Z 5f70bafd f dbcore.obj
 0001:0000ab82       ?GetData@CRecordset@@SGJPAVCDatabase@@PAXFF1HF@Z 5f70bb82 f dbcore.obj
 0001:0000ad4a       ?GetLongCharDataAndCleanup@CRecordset@@SGXPAVCDatabase@@PAXFJPAPAXHAAVCString@@F@Z 5f70bd4a f dbcore.obj
 0001:0000aecc       ?GetLongBinaryDataAndCleanup@CRecordset@@SGXPAVCDatabase@@PAXFJPAPAXHAAVCDBVariant@@F@Z 5f70becc f dbcore.obj
 0001:0000b0b6       ?AssertValid@CRecordset@@UBEXXZ 5f70c0b6 f dbcore.obj
 0001:0000b0f2       ?Dump@CRecordset@@UBEXAAVCDumpContext@@@Z 5f70c0f2 f dbcore.obj
 0001:0000b388       ?AfxSetCurrentRecord@@YGXPAJJF@Z 5f70c388 f dbcore.obj
 0001:0000b3bb       ?AfxSetRecordCount@@YGXPAJJJHF@Z 5f70c3bb f dbcore.obj
 0001:0000b408       ?IsOpen@CDatabase@@QBEHXZ  5f70c408 f dbcore.obj
 0001:0000b447       ?CanUpdate@CDatabase@@QBEHXZ 5f70c447 f dbcore.obj
 0001:0000b488       ?CanTransact@CDatabase@@QBEHXZ 5f70c488 f dbcore.obj
 0001:0000b4c9       ?SetLoginTimeout@CDatabase@@QAEXK@Z 5f70c4c9 f dbcore.obj
 0001:0000b4fa       ?SetQueryTimeout@CDatabase@@QAEXK@Z 5f70c4fa f dbcore.obj
 0001:0000b52b       ?GetConnect@CDatabase@@QBEABVCString@@XZ 5f70c52b f dbcore.obj
 0001:0000b557       ?GetBookmarkPersistence@CDatabase@@QBEKXZ 5f70c557 f dbcore.obj
 0001:0000b583       ?GetCursorCommitBehavior@CDatabase@@QBEHXZ 5f70c583 f dbcore.obj
 0001:0000b5b0       ?GetCursorRollbackBehavior@CDatabase@@QBEHXZ 5f70c5b0 f dbcore.obj
 0001:0000b5dd       ?ThrowDBException@CDatabase@@MAEXF@Z 5f70c5dd f dbcore.obj
 0001:0000b619       ?SetSynchronousMode@CDatabase@@QAEXH@Z 5f70c619 f dbcore.obj
 0001:0000b653       ?GetSQL@CRecordset@@QBEABVCString@@XZ 5f70c653 f dbcore.obj
 0001:0000b696       ?GetTableName@CRecordset@@QBEABVCString@@XZ 5f70c696 f dbcore.obj
 0001:0000b6d9       ?IsBOF@CRecordset@@QBEHXZ  5f70c6d9 f dbcore.obj
 0001:0000b71d       ?IsEOF@CRecordset@@QBEHXZ  5f70c71d f dbcore.obj
 0001:0000b761       ?IsDeleted@CRecordset@@QBEHXZ 5f70c761 f dbcore.obj
 0001:0000b7a5       ?CanUpdate@CRecordset@@QBEHXZ 5f70c7a5 f dbcore.obj
 0001:0000b7e9       ?CanScroll@CRecordset@@QBEHXZ 5f70c7e9 f dbcore.obj
 0001:0000b82d       ?CanAppend@CRecordset@@QBEHXZ 5f70c82d f dbcore.obj
 0001:0000b871       ?CanRestart@CRecordset@@QBEHXZ 5f70c871 f dbcore.obj
 0001:0000b8c5       ?CanTransact@CRecordset@@QBEHXZ 5f70c8c5 f dbcore.obj
 0001:0000b90c       ?GetODBCFieldCount@CRecordset@@QBEFXZ 5f70c90c f dbcore.obj
 0001:0000b94e       ?GetRowsetSize@CRecordset@@QBEKXZ 5f70c94e f dbcore.obj
 0001:0000b992       ?GetRowsFetched@CRecordset@@QBEKXZ 5f70c992 f dbcore.obj
 0001:0000b9d6       ?GetRowStatus@CRecordset@@QBEGG@Z 5f70c9d6 f dbcore.obj
 0001:0000ba4b       ?GetRecordCount@CRecordset@@QBEJXZ 5f70ca4b f dbcore.obj
 0001:0000ba8f       ?GetStatus@CRecordset@@QBEXAAUCRecordsetStatus@@@Z 5f70ca8f f dbcore.obj
 0001:0000bae9       ?ThrowDBException@CRecordset@@UAEXFPAX@Z 5f70cae9 f dbcore.obj
 0001:0000bb43       ?MoveNext@CRecordset@@QAEXXZ 5f70cb43 f dbcore.obj
 0001:0000bb8d       ?MovePrev@CRecordset@@QAEXXZ 5f70cb8d f dbcore.obj
 0001:0000bbd7       ?MoveFirst@CRecordset@@QAEXXZ 5f70cbd7 f dbcore.obj
 0001:0000bc21       ?MoveLast@CRecordset@@QAEXXZ 5f70cc21 f dbcore.obj
 0001:0000bc6b       ?SetAbsolutePosition@CRecordset@@QAEXJ@Z 5f70cc6b f dbcore.obj
 0001:0000bcc0       ??_ECDBException@@UAEPAXI@Z 5f70ccc0 f dbcore.obj
 0001:0000bcc0       ??_GCDBException@@UAEPAXI@Z 5f70ccc0 f dbcore.obj
 0001:0000bd00       ??1CNoTrackObject@@UAE@XZ  5f70cd00 f dbcore.obj
 0001:0000bd20       ??_ECNoTrackObject@@UAEPAXI@Z 5f70cd20 f dbcore.obj
 0001:0000bd20       ??_GCNoTrackObject@@UAEPAXI@Z 5f70cd20 f dbcore.obj
 0001:0000bd60       __tcsnicmp                 5f70cd60 f dbcore.obj
 0001:0000bd90       __tcsinc                   5f70cd90 f dbcore.obj
 0001:0000bdb0       ??_ECRecordset@@UAEPAXI@Z  5f70cdb0 f dbcore.obj
 0001:0000bdb0       ??_GCRecordset@@UAEPAXI@Z  5f70cdb0 f dbcore.obj
 0001:0000bdf0       ??_ECODBCFieldInfo@@QAEPAXI@Z 5f70cdf0 f dbcore.obj
 0001:0000be60       ??1CODBCFieldInfo@@QAE@XZ  5f70ce60 f dbcore.obj
 0001:0000bec0       ?T2A@@YAPADPAD@Z           5f70cec0 f dbcore.obj
 0001:0000bee0       ??B?$CProcessLocal@V_AFX_DB_STATE@@@@QAEPAV_AFX_DB_STATE@@XZ 5f70cee0 f dbcore.obj
 0001:0000bf00       ?GetData@?$CProcessLocal@V_AFX_DB_STATE@@@@QAEPAV_AFX_DB_STATE@@XZ 5f70cf00 f dbcore.obj
 0001:0000bf50       ??C?$CProcessLocal@V_AFX_DB_STATE@@@@QAEPAV_AFX_DB_STATE@@XZ 5f70cf50 f dbcore.obj
 0001:0000bf70       ?CreateObject@?$CProcessLocal@V_AFX_DB_STATE@@@@SGPAVCNoTrackObject@@XZ 5f70cf70 f dbcore.obj
 0001:0000c000       ??0_AFX_DB_STATE@@QAE@XZ   5f70d000 f dbcore.obj
 0001:0000c070       ??0CNoTrackObject@@QAE@XZ  5f70d070 f dbcore.obj
 0001:0000c0a0       ??_G_AFX_DB_STATE@@UAEPAXI@Z 5f70d0a0 f dbcore.obj
 0001:0000c0a0       ??_E_AFX_DB_STATE@@UAEPAXI@Z 5f70d0a0 f dbcore.obj
 0001:0000c0e0       ?T2CA@@YAPBDPBD@Z          5f70d0e0 f dbcore.obj
 0001:0000c100       ??0CODBCFieldInfo@@QAE@XZ  5f70d100 f dbcore.obj
 0001:0000c170       __tcsstr                   5f70d170 f dbcore.obj
 0001:0000c1a0       ??_GCString@@QAEPAXI@Z     5f70d1a0 f dbcore.obj
 0001:0000c1e0       ??0CFieldExchange@@QAE@IPAVCRecordset@@PAX@Z 5f70d1e0 f dbrfx.obj
 0001:0000c2ca       ?IsFieldType@CFieldExchange@@QAEHPAI@Z 5f70d2ca f dbrfx.obj
 0001:0000c3fa       ?Default@CFieldExchange@@QAEXPBDPAXPAJHII@Z 5f70d3fa f dbrfx.obj
 0001:0000c9e7       ?RFX_Text@@YGXPAVCFieldExchange@@PBDAAVCString@@HHF@Z 5f70d9e7 f dbrfx.obj
 0001:0000d0fb       ?RFX_Int@@YGXPAVCFieldExchange@@PBDAAH@Z 5f70e0fb f dbrfx.obj
 0001:0000d3e5       ?RFX_Long@@YGXPAVCFieldExchange@@PBDAAJ@Z 5f70e3e5 f dbrfx.obj
 0001:0000d6cf       ?RFX_Byte@@YGXPAVCFieldExchange@@PBDAAE@Z 5f70e6cf f dbrfx.obj
 0001:0000d9bb       ?RFX_Bool@@YGXPAVCFieldExchange@@PBDAAH@Z 5f70e9bb f dbrfx.obj
 0001:0000dcb0       ?RFX_Binary@@YGXPAVCFieldExchange@@PBDAAVCByteArray@@H@Z 5f70ecb0 f dbrfx.obj
 0001:0000e1b3       ?RFX_Date@@YGXPAVCFieldExchange@@PBDAAVCTime@@@Z 5f70f1b3 f dbrfx.obj
 0001:0000ed50       ?RFX_Date@@YGXPAVCFieldExchange@@PBDAAUtagTIMESTAMP_STRUCT@@@Z 5f70fd50 f dbrfx.obj
 0001:0000f2f1       ?RFX_LongBinary@@YGXPAVCFieldExchange@@PBDAAVCLongBinary@@@Z 5f7102f1 f dbrfx.obj
 0001:0000f88a       ?GetLongBinarySize@CFieldExchange@@QAEJH@Z 5f71088a f dbrfx.obj
 0001:0000f9e3       ?GetLongBinaryData@CFieldExchange@@QAEXHAAVCLongBinary@@PAJ@Z 5f7109e3 f dbrfx.obj
 0001:0000fc50       ?ReallocLongBinary@CFieldExchange@@QAEPAEAAVCLongBinary@@JJ@Z 5f710c50 f dbrfx.obj
 0001:0000fd5b       ?AfxStoreField@@YGXAAVCRecordset@@IPAX@Z 5f710d5b f dbrfx.obj
 0001:0000feb4       ?AfxLoadField@@YGXAAVCRecordset@@IPAXPAJ@Z 5f710eb4 f dbrfx.obj
 0001:0000ffde       ?AfxCompareValueByRef@@YGHPAX0H@Z 5f710fde f dbrfx.obj
 0001:000102d8       ?AfxCopyValueByRef@@YGXPAX0PAJH@Z 5f7112d8 f dbrfx.obj
 0001:00010537       ?RFX_Text_Bulk@@YGXPAVCFieldExchange@@PBDPAPADPAPAJH@Z 5f711537 f dbrfx.obj
 0001:000106ef       ?RFX_Bool_Bulk@@YGXPAVCFieldExchange@@PBDPAPAHPAPAJ@Z 5f7116ef f dbrfx.obj
 0001:000108a4       ?RFX_Int_Bulk@@YGXPAVCFieldExchange@@PBDPAPAHPAPAJ@Z 5f7118a4 f dbrfx.obj
 0001:00010a59       ?RFX_Long_Bulk@@YGXPAVCFieldExchange@@PBDPAPAJ2@Z 5f711a59 f dbrfx.obj
 0001:00010c0e       ?RFX_Date_Bulk@@YGXPAVCFieldExchange@@PBDPAPAUtagTIMESTAMP_STRUCT@@PAPAJ@Z 5f711c0e f dbrfx.obj
 0001:00010dc3       ?RFX_Byte_Bulk@@YGXPAVCFieldExchange@@PBDPAPAEPAPAJ@Z 5f711dc3 f dbrfx.obj
 0001:00010f75       ?RFX_Binary_Bulk@@YGXPAVCFieldExchange@@PBDPAPAEPAPAJH@Z 5f711f75 f dbrfx.obj
 0001:0001112d       ?AfxRFXBulkDefault@@YGXPAVCFieldExchange@@PBDPAXPAJHI@Z 5f71212d f dbrfx.obj
 0001:0001123e       ?SetFieldType@CFieldExchange@@QAEXI@Z 5f71223e f dbrfx.obj
 0001:000112a0       ?SetLength@CDBByteArray@@QAEXH@Z 5f7122a0 f dbrfx.obj
 0001:000112f0       ?_GetBaseMessageMap@CRecordView@@KGPBUAFX_MSGMAP@@XZ 5f7122f0 f dbview.obj
 0001:00011305       ?GetMessageMap@CRecordView@@MBEPBUAFX_MSGMAP@@XZ 5f712305 f dbview.obj
 0001:00011320       ??0CRecordView@@IAE@PBD@Z  5f712320 f dbview.obj
 0001:00011395       ??0CRecordView@@IAE@I@Z    5f712395 f dbview.obj
 0001:0001140a       ??1CRecordView@@UAE@XZ     5f71240a f dbview.obj
 0001:00011472       ?OnInitialUpdate@CRecordView@@UAEXXZ 5f712472 f dbview.obj
 0001:0001152d       ?IsOnFirstRecord@CRecordView@@QAEHXZ 5f71252d f dbview.obj
 0001:00011582       ?IsOnLastRecord@CRecordView@@QAEHXZ 5f712582 f dbview.obj
 0001:000115f6       ?OnMove@CRecordView@@UAEHI@Z 5f7125f6 f dbview.obj
 0001:00011738       ?OnUpdateRecordFirst@CRecordView@@IAEXPAVCCmdUI@@@Z 5f712738 f dbview.obj
 0001:000117d2       ?OnUpdateRecordPrev@CRecordView@@IAEXPAVCCmdUI@@@Z 5f7127d2 f dbview.obj
 0001:000117f6       ?OnUpdateRecordNext@CRecordView@@IAEXPAVCCmdUI@@@Z 5f7127f6 f dbview.obj
 0001:00011880       ?OnUpdateRecordLast@CRecordView@@IAEXPAVCCmdUI@@@Z 5f712880 f dbview.obj
 0001:0001191a       ?AfxFieldText@@YGHPAVCDataExchange@@HPAXPAVCRecordset@@@Z 5f71291a f dbview.obj
 0001:000119fe       ?DDX_FieldText@@YGXPAVCDataExchange@@HAAHPAVCRecordset@@@Z 5f7129fe f dbview.obj
 0001:00011a3e       ?DDX_FieldText@@YGXPAVCDataExchange@@HAAEPAVCRecordset@@@Z 5f712a3e f dbview.obj
 0001:00011a7e       ?DDX_FieldText@@YGXPAVCDataExchange@@HAAIPAVCRecordset@@@Z 5f712a7e f dbview.obj
 0001:00011abe       ?DDX_FieldText@@YGXPAVCDataExchange@@HAAJPAVCRecordset@@@Z 5f712abe f dbview.obj
 0001:00011afe       ?DDX_FieldText@@YGXPAVCDataExchange@@HAAKPAVCRecordset@@@Z 5f712afe f dbview.obj
 0001:00011b3e       ?DDX_FieldText@@YGXPAVCDataExchange@@HAAVCString@@PAVCRecordset@@@Z 5f712b3e f dbview.obj
 0001:00011cd8       ?DDX_FieldLBString@@YGXPAVCDataExchange@@HAAVCString@@PAVCRecordset@@@Z 5f712cd8 f dbview.obj
 0001:00011e84       ?DDX_FieldLBStringExact@@YGXPAVCDataExchange@@HAAVCString@@PAVCRecordset@@@Z 5f712e84 f dbview.obj
 0001:00011f70       ?DDX_FieldLBIndex@@YGXPAVCDataExchange@@HAAHPAVCRecordset@@@Z 5f712f70 f dbview.obj
 0001:00011ff6       ?DDX_FieldCBString@@YGXPAVCDataExchange@@HAAVCString@@PAVCRecordset@@@Z 5f712ff6 f dbview.obj
 0001:000121f3       ?DDX_FieldCBStringExact@@YGXPAVCDataExchange@@HAAVCString@@PAVCRecordset@@@Z 5f7131f3 f dbview.obj
 0001:000122df       ?DDX_FieldCBIndex@@YGXPAVCDataExchange@@HAAHPAVCRecordset@@@Z 5f7132df f dbview.obj
 0001:00012365       ?DDX_FieldScroll@@YGXPAVCDataExchange@@HAAHPAVCRecordset@@@Z 5f713365 f dbview.obj
 0001:000123eb       ?DDX_FieldCheck@@YGXPAVCDataExchange@@HAAHPAVCRecordset@@@Z 5f7133eb f dbview.obj
 0001:00012587       ?DDX_FieldRadio@@YGXPAVCDataExchange@@HAAHPAVCRecordset@@@Z 5f713587 f dbview.obj
 0001:0001264a       ?AssertValid@CRecordView@@UBEXXZ 5f71364a f dbview.obj
 0001:00012668       ?Dump@CRecordView@@UBEXAAVCDumpContext@@@Z 5f713668 f dbview.obj
 0001:000126d5       ?OnMove@CRecordView@@IAEXHH@Z 5f7136d5 f dbview.obj
 0001:00012700       ??_GCRecordView@@UAEPAXI@Z 5f713700 f dbview.obj
 0001:00012700       ??_ECRecordView@@UAEPAXI@Z 5f713700 f dbview.obj
 0001:00012740       ??1CFormView@@UAE@XZ       5f713740 f dbview.obj
 0001:000127a0       ??_9@$BBBE@AE              5f7137a0 f dbview.obj
 0001:000127b0       ?RFX_Single@@YGXPAVCFieldExchange@@PBDAAM@Z 5f7137b0 f dbflt.obj
 0001:00012aa6       ?RFX_Double@@YGXPAVCFieldExchange@@PBDAAN@Z 5f713aa6 f dbflt.obj
 0001:00012dd7       ?RFX_Single_Bulk@@YGXPAVCFieldExchange@@PBDPAPAMPAPAJ@Z 5f713dd7 f dbflt.obj
 0001:00012f78       ?RFX_Double_Bulk@@YGXPAVCFieldExchange@@PBDPAPANPAPAJ@Z 5f713f78 f dbflt.obj
 0001:00013119       ?DDX_FieldText@@YGXPAVCDataExchange@@HAAMPAVCRecordset@@@Z 5f714119 f dbflt.obj
 0001:00013166       ?DDX_FieldText@@YGXPAVCDataExchange@@HAANPAVCRecordset@@@Z 5f714166 f dbflt.obj
 0001:000131c0       ??0CLongBinary@@QAE@XZ     5f7141c0 f dblong.obj
 0001:00013239       ??1CLongBinary@@UAE@XZ     5f714239 f dblong.obj
 0001:000132c5       ?AssertValid@CLongBinary@@UBEXXZ 5f7142c5 f dblong.obj
 0001:000132e3       ?Dump@CLongBinary@@UBEXAAVCDumpContext@@@Z 5f7142e3 f dblong.obj
 0001:00013350       ??0CDBVariant@@QAE@XZ      5f714350 f dbvar.obj
 0001:0001337c       ?Clear@CDBVariant@@QAEXXZ  5f71437c f dbvar.obj
 0001:0001343b       ??1CDBVariant@@UAE@XZ      5f71443b f dbvar.obj
 0001:00013470       ??_GCDBVariant@@UAEPAXI@Z  5f714470 f dbvar.obj
 0001:00013470       ??_ECDBVariant@@UAEPAXI@Z  5f714470 f dbvar.obj
 0001:000134b0       ??0_AFX_DAO_STATE@@QAE@XZ  5f7144b0 f daocore.obj
 0001:00013550       ??1_AFX_DAO_STATE@@UAE@XZ  5f714550 f daocore.obj
 0001:0001369b       ?AfxDaoCheck@@YGXJPBD0HHH@Z 5f71469b f daocore.obj
 0001:0001373c       ?AfxDaoTrace@@YGXJPBD0H@Z  5f71473c f daocore.obj
 0001:000137af       ?Dump@CDaoErrorInfo@@UBEXAAVCDumpContext@@@Z 5f7147af f daocore.obj
 0001:00013870       ?Dump@CDaoWorkspaceInfo@@UBEXAAVCDumpContext@@@Z 5f714870 f daocore.obj
 0001:000138fc       ?Dump@CDaoDatabaseInfo@@UBEXAAVCDumpContext@@@Z 5f7148fc f daocore.obj
 0001:000139f4       ?Dump@CDaoTableDefInfo@@UBEXAAVCDumpContext@@@Z 5f7149f4 f daocore.obj
 0001:00013b54       ?Dump@CDaoFieldInfo@@UBEXAAVCDumpContext@@@Z 5f714b54 f daocore.obj
 0001:00013d06       ?Dump@CDaoIndexFieldInfo@@UBEXAAVCDumpContext@@@Z 5f714d06 f daocore.obj
 0001:00013d6b       ??0CDaoIndexInfo@@QAE@XZ   5f714d6b f daocore.obj
 0001:00013dfd       ??1CDaoIndexInfo@@UAE@XZ   5f714dfd f daocore.obj
 0001:00013eb4       ?Dump@CDaoIndexInfo@@UBEXAAVCDumpContext@@@Z 5f714eb4 f daocore.obj
 0001:0001402c       ?Dump@CDaoRelationFieldInfo@@UBEXAAVCDumpContext@@@Z 5f71502c f daocore.obj
 0001:00014090       ??0CDaoRelationInfo@@QAE@XZ 5f715090 f daocore.obj
 0001:00014158       ??1CDaoRelationInfo@@UAE@XZ 5f715158 f daocore.obj
 0001:00014241       ?Dump@CDaoRelationInfo@@UBEXAAVCDumpContext@@@Z 5f715241 f daocore.obj
 0001:0001434b       ?Dump@CDaoQueryDefInfo@@UBEXAAVCDumpContext@@@Z 5f71534b f daocore.obj
 0001:00014494       ?Dump@CDaoParameterInfo@@UBEXAAVCDumpContext@@@Z 5f715494 f daocore.obj
 0001:0001456e       ?_GetBaseClass@CDaoException@@KGPAUCRuntimeClass@@XZ 5f71556e f daocore.obj
 0001:00014583       ?GetRuntimeClass@CDaoException@@UBEPAUCRuntimeClass@@XZ 5f715583 f daocore.obj
 0001:0001459e       ??0CDaoException@@QAE@XZ   5f71559e f daocore.obj
 0001:0001462b       ??1CDaoException@@UAE@XZ   5f71562b f daocore.obj
 0001:00014717       ?GetErrorCount@CDaoException@@QAEFXZ 5f715717 f daocore.obj
 0001:0001478b       ?GetErrorInfo@CDaoException@@QAEXH@Z 5f71578b f daocore.obj
 0001:000148a4       ?GetErrorMessage@CDaoException@@UAEHPADIPAI@Z 5f7158a4 f daocore.obj
 0001:000149fc       ?InitErrorsCollection@CDaoException@@IAEXXZ 5f7159fc f daocore.obj
 0001:00014a68       ?FillErrorInfo@CDaoException@@IAEXXZ 5f715a68 f daocore.obj
 0001:00014c91       ?AfxThrowDaoException@@YGXHJ@Z 5f715c91 f daocore.obj
 0001:00014e24       ?_GetBaseClass@CDaoWorkspace@@KGPAUCRuntimeClass@@XZ 5f715e24 f daocore.obj
 0001:00014e39       ?GetRuntimeClass@CDaoWorkspace@@UBEPAUCRuntimeClass@@XZ 5f715e39 f daocore.obj
 0001:00014e54       ??0CDaoWorkspace@@QAE@XZ   5f715e54 f daocore.obj
 0001:00014f1c       ??1CDaoWorkspace@@UAE@XZ   5f715f1c f daocore.obj
 0001:00014fe5       ?Create@CDaoWorkspace@@UAEXPBD00@Z 5f715fe5 f daocore.obj
 0001:0001518b       ?Append@CDaoWorkspace@@UAEXXZ 5f71618b f daocore.obj
 0001:0001531d       ?Open@CDaoWorkspace@@UAEXPBD@Z 5f71631d f daocore.obj
 0001:000154f6       ?Close@CDaoWorkspace@@UAEXXZ 5f7164f6 f daocore.obj
 0001:0001564d       ?GetVersion@CDaoWorkspace@@SG?AVCString@@XZ 5f71664d f daocore.obj
 0001:00015728       ?GetIniPath@CDaoWorkspace@@SG?AVCString@@XZ 5f716728 f daocore.obj
 0001:00015803       ?SetIniPath@CDaoWorkspace@@SGXPBD@Z 5f716803 f daocore.obj
 0001:000158b3       ?SetDefaultUser@CDaoWorkspace@@SGXPBD@Z 5f7168b3 f daocore.obj
 0001:00015963       ?SetDefaultPassword@CDaoWorkspace@@SGXPBD@Z 5f716963 f daocore.obj
 0001:00015a13       ?GetLoginTimeout@CDaoWorkspace@@SGFXZ 5f716a13 f daocore.obj
 0001:00015a73       ?SetLoginTimeout@CDaoWorkspace@@SGXF@Z 5f716a73 f daocore.obj
 0001:00015ad1       ?GetName@CDaoWorkspace@@QAE?AVCString@@XZ 5f716ad1 f daocore.obj
 0001:00015bcd       ?GetUserNameA@CDaoWorkspace@@QAE?AVCString@@XZ 5f716bcd f daocore.obj
 0001:00015cc9       ?SetIsolateODBCTrans@CDaoWorkspace@@QAEXH@Z 5f716cc9 f daocore.obj
 0001:00015d51       ?GetIsolateODBCTrans@CDaoWorkspace@@QAEHXZ 5f716d51 f daocore.obj
 0001:00015de7       ?CompactDatabase@CDaoWorkspace@@SGXPBD00H0@Z 5f716de7 f daocore.obj
 0001:00015fe3       ?CompactDatabase@CDaoWorkspace@@SGXPBD00H@Z 5f716fe3 f daocore.obj
 0001:0001600c       ?RepairDatabase@CDaoWorkspace@@SGXPBD@Z 5f71700c f daocore.obj
 0001:000160bc       ?Idle@CDaoWorkspace@@SGXH@Z 5f7170bc f daocore.obj
 0001:00016177       ?GetWorkspaceCount@CDaoWorkspace@@QAEFXZ 5f717177 f daocore.obj
 0001:000161e8       ?GetWorkspaceInfo@CDaoWorkspace@@QAEXHAAUCDaoWorkspaceInfo@@K@Z 5f7171e8 f daocore.obj
 0001:000162d8       ?GetWorkspaceInfo@CDaoWorkspace@@QAEXPBDAAUCDaoWorkspaceInfo@@K@Z 5f7172d8 f daocore.obj
 0001:000163c8       ?GetDatabaseCount@CDaoWorkspace@@QAEFXZ 5f7173c8 f daocore.obj
 0001:00016439       ?GetDatabaseInfo@CDaoWorkspace@@QAEXHAAUCDaoDatabaseInfo@@K@Z 5f717439 f daocore.obj
 0001:00016529       ?GetDatabaseInfo@CDaoWorkspace@@QAEXPBDAAUCDaoDatabaseInfo@@K@Z 5f717529 f daocore.obj
 0001:00016619       ?BeginTrans@CDaoWorkspace@@QAEXXZ 5f717619 f daocore.obj
 0001:000166ba       ?CommitTrans@CDaoWorkspace@@QAEXXZ 5f7176ba f daocore.obj
 0001:0001675b       ?Rollback@CDaoWorkspace@@QAEXXZ 5f71775b f daocore.obj
 0001:000167fc       ?InitializeEngine@CDaoWorkspace@@KAXXZ 5f7177fc f daocore.obj
 0001:00016811       ?InitWorkspacesCollection@CDaoWorkspace@@IAEXXZ 5f717811 f daocore.obj
 0001:00016886       ?FillWorkspaceInfo@CDaoWorkspace@@IAEXPAUDAOWorkspace@@AAUCDaoWorkspaceInfo@@K@Z 5f717886 f daocore.obj
 0001:00016a3a       ?InitDatabasesCollection@CDaoWorkspace@@IAEXXZ 5f717a3a f daocore.obj
 0001:00016a95       ?FillDatabaseInfo@CDaoWorkspace@@IAEXPAUDAODatabase@@AAUCDaoDatabaseInfo@@K@Z 5f717a95 f daocore.obj
 0001:00016d36       ?ThrowDaoException@CDaoWorkspace@@MAEXH@Z 5f717d36 f daocore.obj
 0001:00016d6c       ?AssertValid@CDaoWorkspace@@UBEXXZ 5f717d6c f daocore.obj
 0001:00016d8a       ?Dump@CDaoWorkspace@@UBEXAAVCDumpContext@@@Z 5f717d8a f daocore.obj
 0001:00016e1f       ?_GetBaseClass@CDaoDatabase@@KGPAUCRuntimeClass@@XZ 5f717e1f f daocore.obj
 0001:00016e34       ?GetRuntimeClass@CDaoDatabase@@UBEPAUCRuntimeClass@@XZ 5f717e34 f daocore.obj
 0001:00016e4f       ??0CDaoDatabase@@QAE@PAVCDaoWorkspace@@@Z 5f717e4f f daocore.obj
 0001:00016f66       ??1CDaoDatabase@@UAE@XZ    5f717f66 f daocore.obj
 0001:00017091       ?Create@CDaoDatabase@@UAEXPBD0H@Z 5f718091 f daocore.obj
 0001:000171f5       ?Open@CDaoDatabase@@UAEXPBDHH0@Z 5f7181f5 f daocore.obj
 0001:0001739c       ?Close@CDaoDatabase@@UAEXXZ 5f71839c f daocore.obj
 0001:000175c0       ?CanUpdate@CDaoDatabase@@QAEHXZ 5f7185c0 f daocore.obj
 0001:0001767e       ?CanTransact@CDaoDatabase@@QAEHXZ 5f71867e f daocore.obj
 0001:0001773c       ?GetName@CDaoDatabase@@QAE?AVCString@@XZ 5f71873c f daocore.obj
 0001:00017860       ?GetConnect@CDaoDatabase@@QAE?AVCString@@XZ 5f718860 f daocore.obj
 0001:00017984       ?GetVersion@CDaoDatabase@@QAE?AVCString@@XZ 5f718984 f daocore.obj
 0001:00017aa8       ?GetQueryTimeout@CDaoDatabase@@QAEFXZ 5f718aa8 f daocore.obj
 0001:00017b51       ?SetQueryTimeout@CDaoDatabase@@QAEXF@Z 5f718b51 f daocore.obj
 0001:00017bf8       ?GetRecordsAffected@CDaoDatabase@@QAEJXZ 5f718bf8 f daocore.obj
 0001:00017ca0       ?DeleteTableDef@CDaoDatabase@@QAEXPBD@Z 5f718ca0 f daocore.obj
 0001:00017d89       ?DeleteQueryDef@CDaoDatabase@@QAEXPBD@Z 5f718d89 f daocore.obj
 0001:00017e72       ?CreateRelation@CDaoDatabase@@QAEXPBD00J00@Z 5f718e72 f daocore.obj
 0001:00017f67       ?CreateRelation@CDaoDatabase@@QAEXAAUCDaoRelationInfo@@@Z 5f718f67 f daocore.obj
 0001:000183dd       ?DeleteRelation@CDaoDatabase@@QAEXPBD@Z 5f7193dd f daocore.obj
 0001:000184c6       ?Execute@CDaoDatabase@@QAEXPBDH@Z 5f7194c6 f daocore.obj
 0001:000185ca       ?GetTableDefCount@CDaoDatabase@@QAEFXZ 5f7195ca f daocore.obj
 0001:0001863b       ?GetTableDefInfo@CDaoDatabase@@QAEXHAAUCDaoTableDefInfo@@K@Z 5f71963b f daocore.obj
 0001:0001872b       ?GetTableDefInfo@CDaoDatabase@@QAEXPBDAAUCDaoTableDefInfo@@K@Z 5f71972b f daocore.obj
 0001:0001881b       ?GetRelationCount@CDaoDatabase@@QAEFXZ 5f71981b f daocore.obj
 0001:0001888c       ?GetRelationInfo@CDaoDatabase@@QAEXHAAUCDaoRelationInfo@@K@Z 5f71988c f daocore.obj
 0001:0001897c       ?GetRelationInfo@CDaoDatabase@@QAEXPBDAAUCDaoRelationInfo@@K@Z 5f71997c f daocore.obj
 0001:00018a6c       ?GetQueryDefCount@CDaoDatabase@@QAEFXZ 5f719a6c f daocore.obj
 0001:00018add       ?GetQueryDefInfo@CDaoDatabase@@QAEXHAAUCDaoQueryDefInfo@@K@Z 5f719add f daocore.obj
 0001:00018bcd       ?GetQueryDefInfo@CDaoDatabase@@QAEXPBDAAUCDaoQueryDefInfo@@K@Z 5f719bcd f daocore.obj
 0001:00018cbd       ?InitWorkspace@CDaoDatabase@@IAEXXZ 5f719cbd f daocore.obj
 0001:00018d78       ?InitTableDefsCollection@CDaoDatabase@@IAEXXZ 5f719d78 f daocore.obj
 0001:00018dd3       ?FillTableDefInfo@CDaoDatabase@@IAEXPAU_DAOTableDef@@AAUCDaoTableDefInfo@@K@Z 5f719dd3 f daocore.obj
 0001:00019121       ?InitRelationsCollection@CDaoDatabase@@IAEXXZ 5f71a121 f daocore.obj
 0001:0001917c       ?FillRelationInfo@CDaoDatabase@@IAEXPAU_DAORelation@@AAUCDaoRelationInfo@@K@Z 5f71a17c f daocore.obj
 0001:00019671       ?InitQueryDefsCollection@CDaoDatabase@@IAEXXZ 5f71a671 f daocore.obj
 0001:000196cc       ?FillQueryDefInfo@CDaoDatabase@@IAEXPAU_DAOQueryDef@@AAUCDaoQueryDefInfo@@K@Z 5f71a6cc f daocore.obj
 0001:000199c2       ?ThrowDaoException@CDaoDatabase@@MAEXH@Z 5f71a9c2 f daocore.obj
 0001:000199f8       ?AssertValid@CDaoDatabase@@UBEXXZ 5f71a9f8 f daocore.obj
 0001:00019a16       ?Dump@CDaoDatabase@@UBEXAAVCDumpContext@@@Z 5f71aa16 f daocore.obj
 0001:00019a90       ?_GetBaseClass@CDaoTableDef@@KGPAUCRuntimeClass@@XZ 5f71aa90 f daocore.obj
 0001:00019aa5       ?GetRuntimeClass@CDaoTableDef@@UBEPAUCRuntimeClass@@XZ 5f71aaa5 f daocore.obj
 0001:00019ac0       ??0CDaoTableDef@@QAE@PAVCDaoDatabase@@@Z 5f71aac0 f daocore.obj
 0001:00019b6c       ??1CDaoTableDef@@UAE@XZ    5f71ab6c f daocore.obj
 0001:00019c10       ?Create@CDaoTableDef@@UAEXPBDJ00@Z 5f71ac10 f daocore.obj
 0001:00019db5       ?Append@CDaoTableDef@@UAEXXZ 5f71adb5 f daocore.obj
 0001:00019f33       ?Open@CDaoTableDef@@UAEXPBD@Z 5f71af33 f daocore.obj
 0001:0001a108       ?Close@CDaoTableDef@@UAEXXZ 5f71b108 f daocore.obj
 0001:0001a1d2       ?CanUpdate@CDaoTableDef@@QAEHXZ 5f71b1d2 f daocore.obj
 0001:0001a290       ?SetName@CDaoTableDef@@QAEXPBD@Z 5f71b290 f daocore.obj
 0001:0001a396       ?GetName@CDaoTableDef@@QAE?AVCString@@XZ 5f71b396 f daocore.obj
 0001:0001a4ba       ?SetSourceTableName@CDaoTableDef@@QAEXPBD@Z 5f71b4ba f daocore.obj
 0001:0001a5c0       ?GetSourceTableName@CDaoTableDef@@QAE?AVCString@@XZ 5f71b5c0 f daocore.obj
 0001:0001a6e4       ?SetConnect@CDaoTableDef@@QAEXPBD@Z 5f71b6e4 f daocore.obj
 0001:0001a7ea       ?GetConnect@CDaoTableDef@@QAE?AVCString@@XZ 5f71b7ea f daocore.obj
 0001:0001a90e       ?SetAttributes@CDaoTableDef@@QAEXJ@Z 5f71b90e f daocore.obj
 0001:0001a9c2       ?GetAttributes@CDaoTableDef@@QAEJXZ 5f71b9c2 f daocore.obj
 0001:0001aa6a       ?GetDateCreated@CDaoTableDef@@QAE?AVCOleDateTime@@XZ 5f71ba6a f daocore.obj
 0001:0001ab71       ?GetDateLastUpdated@CDaoTableDef@@QAE?AVCOleDateTime@@XZ 5f71bb71 f daocore.obj
 0001:0001ac78       ?SetValidationRule@CDaoTableDef@@QAEXPBD@Z 5f71bc78 f daocore.obj
 0001:0001ad7e       ?GetValidationRule@CDaoTableDef@@QAE?AVCString@@XZ 5f71bd7e f daocore.obj
 0001:0001aea2       ?SetValidationText@CDaoTableDef@@QAEXPBD@Z 5f71bea2 f daocore.obj
 0001:0001afa8       ?GetValidationText@CDaoTableDef@@QAE?AVCString@@XZ 5f71bfa8 f daocore.obj
 0001:0001b0cc       ?GetRecordCount@CDaoTableDef@@QAEJXZ 5f71c0cc f daocore.obj
 0001:0001b174       ?CreateField@CDaoTableDef@@QAEXPBDFJJ@Z 5f71c174 f daocore.obj
 0001:0001b232       ?CreateField@CDaoTableDef@@QAEXAAUCDaoFieldInfo@@@Z 5f71c232 f daocore.obj
 0001:0001b424       ?DeleteField@CDaoTableDef@@QAEXPBD@Z 5f71c424 f daocore.obj
 0001:0001b507       ?DeleteField@CDaoTableDef@@QAEXH@Z 5f71c507 f daocore.obj
 0001:0001b5a1       ?CreateIndex@CDaoTableDef@@QAEXAAUCDaoIndexInfo@@@Z 5f71c5a1 f daocore.obj
 0001:0001b726       ?DeleteIndex@CDaoTableDef@@QAEXPBD@Z 5f71c726 f daocore.obj
 0001:0001b809       ?DeleteIndex@CDaoTableDef@@QAEXH@Z 5f71c809 f daocore.obj
 0001:0001b8a3       ?GetFieldCount@CDaoTableDef@@QAEFXZ 5f71c8a3 f daocore.obj
 0001:0001b914       ?GetFieldInfo@CDaoTableDef@@QAEXHAAUCDaoFieldInfo@@K@Z 5f71c914 f daocore.obj
 0001:0001ba04       ?GetFieldInfo@CDaoTableDef@@QAEXPBDAAUCDaoFieldInfo@@K@Z 5f71ca04 f daocore.obj
 0001:0001baf4       ?GetIndexCount@CDaoTableDef@@QAEFXZ 5f71caf4 f daocore.obj
 0001:0001bb65       ?GetIndexInfo@CDaoTableDef@@QAEXHAAUCDaoIndexInfo@@K@Z 5f71cb65 f daocore.obj
 0001:0001bc55       ?GetIndexInfo@CDaoTableDef@@QAEXPBDAAUCDaoIndexInfo@@K@Z 5f71cc55 f daocore.obj
 0001:0001bd45       ?RefreshLink@CDaoTableDef@@QAEXXZ 5f71cd45 f daocore.obj
 0001:0001bde6       ?InitFieldsCollection@CDaoTableDef@@IAEXXZ 5f71cde6 f daocore.obj
 0001:0001be41       ?InitIndexesCollection@CDaoTableDef@@IAEXXZ 5f71ce41 f daocore.obj
 0001:0001be9c       ?ThrowDaoException@CDaoTableDef@@MAEXH@Z 5f71ce9c f daocore.obj
 0001:0001bed2       ?AssertValid@CDaoTableDef@@UBEXXZ 5f71ced2 f daocore.obj
 0001:0001bef0       ?Dump@CDaoTableDef@@UBEXAAVCDumpContext@@@Z 5f71cef0 f daocore.obj
 0001:0001bf6a       ?_GetBaseClass@CDaoQueryDef@@KGPAUCRuntimeClass@@XZ 5f71cf6a f daocore.obj
 0001:0001bf7f       ?GetRuntimeClass@CDaoQueryDef@@UBEPAUCRuntimeClass@@XZ 5f71cf7f f daocore.obj
 0001:0001bf9a       ??0CDaoQueryDef@@QAE@PAVCDaoDatabase@@@Z 5f71cf9a f daocore.obj
 0001:0001c046       ??1CDaoQueryDef@@UAE@XZ    5f71d046 f daocore.obj
 0001:0001c0ea       ?Create@CDaoQueryDef@@UAEXPBD0@Z 5f71d0ea f daocore.obj
 0001:0001c2e1       ?Append@CDaoQueryDef@@UAEXXZ 5f71d2e1 f daocore.obj
 0001:0001c45f       ?Open@CDaoQueryDef@@UAEXPBD@Z 5f71d45f f daocore.obj
 0001:0001c629       ?Close@CDaoQueryDef@@UAEXXZ 5f71d629 f daocore.obj
 0001:0001c71a       ?CanUpdate@CDaoQueryDef@@QAEHXZ 5f71d71a f daocore.obj
 0001:0001c7b3       ?GetName@CDaoQueryDef@@QAE?AVCString@@XZ 5f71d7b3 f daocore.obj
 0001:0001c8b2       ?SetName@CDaoQueryDef@@QAEXPBD@Z 5f71d8b2 f daocore.obj
 0001:0001c993       ?GetSQL@CDaoQueryDef@@QAE?AVCString@@XZ 5f71d993 f daocore.obj
 0001:0001ca92       ?SetSQL@CDaoQueryDef@@QAEXPBD@Z 5f71da92 f daocore.obj
 0001:0001cb73       ?GetType@CDaoQueryDef@@QAEFXZ 5f71db73 f daocore.obj
 0001:0001cbf7       ?GetDateCreated@CDaoQueryDef@@QAE?AVCOleDateTime@@XZ 5f71dbf7 f daocore.obj
 0001:0001ccd9       ?GetDateLastUpdated@CDaoQueryDef@@QAE?AVCOleDateTime@@XZ 5f71dcd9 f daocore.obj
 0001:0001cdbb       ?GetConnect@CDaoQueryDef@@QAE?AVCString@@XZ 5f71ddbb f daocore.obj
 0001:0001ceba       ?SetConnect@CDaoQueryDef@@QAEXPBD@Z 5f71deba f daocore.obj
 0001:0001cf9b       ?GetODBCTimeout@CDaoQueryDef@@QAEFXZ 5f71df9b f daocore.obj
 0001:0001d01f       ?SetODBCTimeout@CDaoQueryDef@@QAEXF@Z 5f71e01f f daocore.obj
 0001:0001d0ae       ?GetReturnsRecords@CDaoQueryDef@@QAEHXZ 5f71e0ae f daocore.obj
 0001:0001d147       ?SetReturnsRecords@CDaoQueryDef@@QAEXH@Z 5f71e147 f daocore.obj
 0001:0001d1df       ?GetRecordsAffected@CDaoQueryDef@@QAEJXZ 5f71e1df f daocore.obj
 0001:0001d262       ?Execute@CDaoQueryDef@@UAEXH@Z 5f71e262 f daocore.obj
 0001:0001d33e       ?GetParamValue@CDaoQueryDef@@UAE?AVCOleVariant@@PBD@Z 5f71e33e f daocore.obj
 0001:0001d549       ?GetParamValue@CDaoQueryDef@@UAE?AVCOleVariant@@H@Z 5f71e549 f daocore.obj
 0001:0001d754       ?SetParamValue@CDaoQueryDef@@UAEXPBDABVCOleVariant@@@Z 5f71e754 f daocore.obj
 0001:0001d92e       ?SetParamValue@CDaoQueryDef@@UAEXHABVCOleVariant@@@Z 5f71e92e f daocore.obj
 0001:0001db08       ?SetParamValueNull@CDaoQueryDef@@QAEXPBD@Z 5f71eb08 f daocore.obj
 0001:0001db94       ?SetParamValueNull@CDaoQueryDef@@QAEXH@Z 5f71eb94 f daocore.obj
 0001:0001dc20       ?GetFieldCount@CDaoQueryDef@@QAEFXZ 5f71ec20 f daocore.obj
 0001:0001dc91       ?GetFieldInfo@CDaoQueryDef@@QAEXHAAUCDaoFieldInfo@@K@Z 5f71ec91 f daocore.obj
 0001:0001dd81       ?GetFieldInfo@CDaoQueryDef@@QAEXPBDAAUCDaoFieldInfo@@K@Z 5f71ed81 f daocore.obj
 0001:0001de71       ?GetParameterCount@CDaoQueryDef@@QAEFXZ 5f71ee71 f daocore.obj
 0001:0001dee2       ?GetParameterInfo@CDaoQueryDef@@QAEXHAAUCDaoParameterInfo@@K@Z 5f71eee2 f daocore.obj
 0001:0001dfd2       ?GetParameterInfo@CDaoQueryDef@@QAEXPBDAAUCDaoParameterInfo@@K@Z 5f71efd2 f daocore.obj
 0001:0001e0c2       ?InitFieldsCollection@CDaoQueryDef@@IAEXXZ 5f71f0c2 f daocore.obj
 0001:0001e11d       ?InitParametersCollection@CDaoQueryDef@@IAEXXZ 5f71f11d f daocore.obj
 0001:0001e178       ?FillParameterInfo@CDaoQueryDef@@IAEXPAUDAOParameter@@AAUCDaoParameterInfo@@K@Z 5f71f178 f daocore.obj
 0001:0001e2db       ?ThrowDaoException@CDaoQueryDef@@MAEXH@Z 5f71f2db f daocore.obj
 0001:0001e311       ?AssertValid@CDaoQueryDef@@UBEXXZ 5f71f311 f daocore.obj
 0001:0001e32f       ?Dump@CDaoQueryDef@@UBEXAAVCDumpContext@@@Z 5f71f32f f daocore.obj
 0001:0001e3a9       ?_GetBaseClass@CDaoRecordset@@KGPAUCRuntimeClass@@XZ 5f71f3a9 f daocore.obj
 0001:0001e3be       ?GetRuntimeClass@CDaoRecordset@@UBEPAUCRuntimeClass@@XZ 5f71f3be f daocore.obj
 0001:0001e3d9       ??0CDaoRecordset@@QAE@PAVCDaoDatabase@@@Z 5f71f3d9 f daocore.obj
 0001:0001e5be       ??1CDaoRecordset@@UAE@XZ   5f71f5be f daocore.obj
 0001:0001e73d       ?Open@CDaoRecordset@@UAEXHPBDH@Z 5f71f73d f daocore.obj
 0001:0001ef35       ?Open@CDaoRecordset@@UAEXPAVCDaoQueryDef@@HH@Z 5f71ff35 f daocore.obj
 0001:0001f1ef       ?Open@CDaoRecordset@@UAEXPAVCDaoTableDef@@HH@Z 5f7201ef f daocore.obj
 0001:0001f455       ?Close@CDaoRecordset@@UAEXXZ 5f720455 f daocore.obj
 0001:0001f77c       ?Requery@CDaoRecordset@@UAEXXZ 5f72077c f daocore.obj
 0001:0001f9ea       ?GetDefaultDBName@CDaoRecordset@@UAE?AVCString@@XZ 5f7209ea f daocore.obj
 0001:0001fa6c       ?GetDefaultSQL@CDaoRecordset@@UAE?AVCString@@XZ 5f720a6c f daocore.obj
 0001:0001faee       ?DoFieldExchange@CDaoRecordset@@UAEXPAVCDaoFieldExchange@@@Z 5f720aee f daocore.obj
 0001:0001fb19       ?IsBOF@CDaoRecordset@@QAEHXZ 5f720b19 f daocore.obj
 0001:0001fbb2       ?IsEOF@CDaoRecordset@@QAEHXZ 5f720bb2 f daocore.obj
 0001:0001fc4b       ?IsDeleted@CDaoRecordset@@QBEHXZ 5f720c4b f daocore.obj
 0001:0001fca2       ?CanScroll@CDaoRecordset@@QBEHXZ 5f720ca2 f daocore.obj
 0001:0001fcf9       ?CanUpdate@CDaoRecordset@@QBEHXZ 5f720cf9 f daocore.obj
 0001:0001fd92       ?CanAppend@CDaoRecordset@@QBEHXZ 5f720d92 f daocore.obj
 0001:0001fde9       ?CanRestart@CDaoRecordset@@QAEHXZ 5f720de9 f daocore.obj
 0001:0001fea7       ?CanTransact@CDaoRecordset@@QAEHXZ 5f720ea7 f daocore.obj
 0001:0001ff40       ?CanBookmark@CDaoRecordset@@QAEHXZ 5f720f40 f daocore.obj
 0001:0001ffd9       ?GetName@CDaoRecordset@@QAE?AVCString@@XZ 5f720fd9 f daocore.obj
 0001:000200fd       ?GetType@CDaoRecordset@@QAEFXZ 5f7210fd f daocore.obj
 0001:000201a6       ?GetEditMode@CDaoRecordset@@QAEFXZ 5f7211a6 f daocore.obj
 0001:00020252       ?GetSQL@CDaoRecordset@@QBE?AVCString@@XZ 5f721252 f daocore.obj
 0001:00020323       ?GetDateCreated@CDaoRecordset@@QAE?AVCOleDateTime@@XZ 5f721323 f daocore.obj
 0001:0002042a       ?GetDateLastUpdated@CDaoRecordset@@QAE?AVCOleDateTime@@XZ 5f72142a f daocore.obj
 0001:00020531       ?GetLastModifiedBookmark@CDaoRecordset@@QAE?AVCOleVariant@@XZ 5f721531 f daocore.obj
 0001:00020655       ?GetValidationRule@CDaoRecordset@@QAE?AVCString@@XZ 5f721655 f daocore.obj
 0001:0002077c       ?GetValidationText@CDaoRecordset@@QAE?AVCString@@XZ 5f72177c f daocore.obj
 0001:000208a0       ?GetCurrentIndex@CDaoRecordset@@QAE?AVCString@@XZ 5f7218a0 f daocore.obj
 0001:000209c4       ?SetCurrentIndex@CDaoRecordset@@QAEXPBD@Z 5f7219c4 f daocore.obj
 0001:00020ac5       ?GetRecordCount@CDaoRecordset@@QAEJXZ 5f721ac5 f daocore.obj
 0001:00020b6d       ?SetFieldDirty@CDaoRecordset@@QAEXPAXH@Z 5f721b6d f daocore.obj
 0001:00020c54       ?IsFieldDirty@CDaoRecordset@@QAEHPAX@Z 5f721c54 f daocore.obj
 0001:00020d6e       ?SetFieldNull@CDaoRecordset@@QAEXPAXH@Z 5f721d6e f daocore.obj
 0001:00020e93       ?IsFieldNull@CDaoRecordset@@QAEHPAX@Z 5f721e93 f daocore.obj
 0001:00020f7e       ?IsFieldNullable@CDaoRecordset@@QAEHPAX@Z 5f721f7e f daocore.obj
 0001:0002111a       ?GetFieldCount@CDaoRecordset@@QAEFXZ 5f72211a f daocore.obj
 0001:0002118b       ?GetFieldInfo@CDaoRecordset@@QAEXHAAUCDaoFieldInfo@@K@Z 5f72218b f daocore.obj
 0001:0002127b       ?GetFieldInfo@CDaoRecordset@@QAEXPBDAAUCDaoFieldInfo@@K@Z 5f72227b f daocore.obj
 0001:0002136b       ?GetIndexCount@CDaoRecordset@@QAEFXZ 5f72236b f daocore.obj
 0001:000213dc       ?GetIndexInfo@CDaoRecordset@@QAEXHAAUCDaoIndexInfo@@K@Z 5f7223dc f daocore.obj
 0001:000214cc       ?GetIndexInfo@CDaoRecordset@@QAEXPBDAAUCDaoIndexInfo@@K@Z 5f7224cc f daocore.obj
 0001:000215bc       ?GetBookmark@CDaoRecordset@@QAE?AVCOleVariant@@XZ 5f7225bc f daocore.obj
 0001:000216e0       ?SetBookmark@CDaoRecordset@@QAEXVCOleVariant@@@Z 5f7226e0 f daocore.obj
 0001:000217d3       ?GetAbsolutePosition@CDaoRecordset@@QAEJXZ 5f7227d3 f daocore.obj
 0001:0002187e       ?SetAbsolutePosition@CDaoRecordset@@QAEXJ@Z 5f72287e f daocore.obj
 0001:00021930       ?GetPercentPosition@CDaoRecordset@@QAEMXZ 5f722930 f daocore.obj
 0001:000219db       ?SetPercentPosition@CDaoRecordset@@QAEXM@Z 5f7229db f daocore.obj
 0001:00021a8d       ?MoveNext@CDaoRecordset@@QAEXXZ 5f722a8d f daocore.obj
 0001:00021ac3       ?MovePrev@CDaoRecordset@@QAEXXZ 5f722ac3 f daocore.obj
 0001:00021af9       ?MoveFirst@CDaoRecordset@@QAEXXZ 5f722af9 f daocore.obj
 0001:00021b32       ?MoveLast@CDaoRecordset@@QAEXXZ 5f722b32 f daocore.obj
 0001:00021b6b       ?Move@CDaoRecordset@@UAEXJ@Z 5f722b6b f daocore.obj
 0001:00021d92       ?FindNext@CDaoRecordset@@QAEHPBD@Z 5f722d92 f daocore.obj
 0001:00021dce       ?FindPrev@CDaoRecordset@@QAEHPBD@Z 5f722dce f daocore.obj
 0001:00021e0a       ?FindFirst@CDaoRecordset@@QAEHPBD@Z 5f722e0a f daocore.obj
 0001:00021e49       ?FindLast@CDaoRecordset@@QAEHPBD@Z 5f722e49 f daocore.obj
 0001:00021e88       ?Find@CDaoRecordset@@UAEHJPBD@Z 5f722e88 f daocore.obj
 0001:000220bb       ?Seek@CDaoRecordset@@QAEHPBDPAVCOleVariant@@11@Z 5f7230bb f daocore.obj
 0001:0002249b       ?Seek@CDaoRecordset@@QAEHPBDPAVCOleVariant@@G@Z 5f72349b f daocore.obj
 0001:00022795       ?CancelUpdate@CDaoRecordset@@UAEXXZ 5f723795 f daocore.obj
 0001:0002285b       ?SetLockingMode@CDaoRecordset@@QAEXH@Z 5f72385b f daocore.obj
 0001:0002290b       ?GetLockingMode@CDaoRecordset@@QAEHXZ 5f72390b f daocore.obj
 0001:000229c9       ?SetCacheStart@CDaoRecordset@@QAEXVCOleVariant@@@Z 5f7239c9 f daocore.obj
 0001:00022ab7       ?GetCacheStart@CDaoRecordset@@QAE?AVCOleVariant@@XZ 5f723ab7 f daocore.obj
 0001:00022bde       ?SetCacheSize@CDaoRecordset@@QAEXJ@Z 5f723bde f daocore.obj
 0001:00022c88       ?GetCacheSize@CDaoRecordset@@QAEJXZ 5f723c88 f daocore.obj
 0001:00022d33       ?FillCache@CDaoRecordset@@QAEXPAJPAVCOleVariant@@@Z 5f723d33 f daocore.obj
 0001:00022f2d       ?AddNew@CDaoRecordset@@UAEXXZ 5f723f2d f daocore.obj
 0001:00023039       ?Edit@CDaoRecordset@@UAEXXZ 5f724039 f daocore.obj
 0001:00023145       ?Update@CDaoRecordset@@UAEXXZ 5f724145 f daocore.obj
 0001:00023252       ?Delete@CDaoRecordset@@UAEXXZ 5f724252 f daocore.obj
 0001:00023332       ?GetFieldValue@CDaoRecordset@@UAE?AVCOleVariant@@PBD@Z 5f724332 f daocore.obj
 0001:000233d4       ?GetFieldValue@CDaoRecordset@@UAE?AVCOleVariant@@H@Z 5f7243d4 f daocore.obj
 0001:00023476       ?GetFieldValue@CDaoRecordset@@UAEXPBDAAVCOleVariant@@@Z 5f724476 f daocore.obj
 0001:00023589       ?GetFieldValue@CDaoRecordset@@UAEXHAAVCOleVariant@@@Z 5f724589 f daocore.obj
 0001:0002369c       ?SetFieldValue@CDaoRecordset@@UAEXPBDABVCOleVariant@@@Z 5f72469c f daocore.obj
 0001:000237b5       ?SetFieldValue@CDaoRecordset@@UAEXHABVCOleVariant@@@Z 5f7247b5 f daocore.obj
 0001:000238ce       ?SetFieldValue@CDaoRecordset@@QAEXHPBD@Z 5f7248ce f daocore.obj
 0001:0002394b       ?SetFieldValue@CDaoRecordset@@QAEXPBD0@Z 5f72494b f daocore.obj
 0001:000239c8       ?SetFieldValueNull@CDaoRecordset@@QAEXPBD@Z 5f7249c8 f daocore.obj
 0001:00023a54       ?SetFieldValueNull@CDaoRecordset@@QAEXH@Z 5f724a54 f daocore.obj
 0001:00023ae0       ?GetParamValue@CDaoRecordset@@UAE?AVCOleVariant@@PBD@Z 5f724ae0 f daocore.obj
 0001:00023bbb       ?GetParamValue@CDaoRecordset@@UAE?AVCOleVariant@@H@Z 5f724bbb f daocore.obj
 0001:00023c96       ?SetParamValue@CDaoRecordset@@UAEXPBDABVCOleVariant@@@Z 5f724c96 f daocore.obj
 0001:00023d27       ?SetParamValue@CDaoRecordset@@UAEXHABVCOleVariant@@@Z 5f724d27 f daocore.obj
 0001:00023db8       ?SetParamValueNull@CDaoRecordset@@QAEXPBD@Z 5f724db8 f daocore.obj
 0001:00023e44       ?SetParamValueNull@CDaoRecordset@@QAEXH@Z 5f724e44 f daocore.obj
 0001:00023ed0       ?GetFieldLength@CDaoRecordset@@QAEKH@Z 5f724ed0 f daocore.obj
 0001:00023f2f       ?InitFieldsCollection@CDaoRecordset@@IAEXXZ 5f724f2f f daocore.obj
 0001:00023fb5       ?InitIndexesCollection@CDaoRecordset@@IAEXXZ 5f724fb5 f daocore.obj
 0001:0002403e       ?BuildSQL@CDaoRecordset@@IAEXXZ 5f72503e f daocore.obj
 0001:00024180       ?AllocDatabase@CDaoRecordset@@IAEXXZ 5f725180 f daocore.obj
 0001:00024289       ?BuildSelectList@CDaoRecordset@@IAEXXZ 5f725289 f daocore.obj
 0001:00024306       ?BuildParameterList@CDaoRecordset@@IAEXXZ 5f725306 f daocore.obj
 0001:000243ad       ?BindFields@CDaoRecordset@@IAEXXZ 5f7253ad f daocore.obj
 0001:0002453d       ?BindParameters@CDaoRecordset@@IAEXXZ 5f72553d f daocore.obj
 0001:000245c4       ?Fixup@CDaoRecordset@@IAEXXZ 5f7255c4 f daocore.obj
 0001:0002460c       ?AllocCache@CDaoRecordset@@IAEXXZ 5f72560c f daocore.obj
 0001:000246b8       ?StoreFields@CDaoRecordset@@IAEXXZ 5f7256b8 f daocore.obj
 0001:0002473f       ?LoadFields@CDaoRecordset@@IAEXXZ 5f72573f f daocore.obj
 0001:000247ad       ?FreeCache@CDaoRecordset@@IAEXXZ 5f7257ad f daocore.obj
 0001:00024893       ?MarkForAddNew@CDaoRecordset@@IAEXXZ 5f725893 f daocore.obj
 0001:000248db       ?MarkForEdit@CDaoRecordset@@IAEXXZ 5f7258db f daocore.obj
 0001:00024923       ?GetFieldIndex@CDaoRecordset@@IAEHPAX@Z 5f725923 f daocore.obj
 0001:000249a1       ?SetDirtyFields@CDaoRecordset@@MAEXXZ 5f7259a1 f daocore.obj
 0001:000249fe       ?SetCursorAttributes@CDaoRecordset@@QAEXXZ 5f7259fe f daocore.obj
 0001:00024a99       ?GetDataAndFixupNulls@CDaoRecordset@@QAEXXZ 5f725a99 f daocore.obj
 0001:00024bcf       ?IsFieldStatusDirty@CDaoRecordset@@QAEHI@Z 5f725bcf f daocore.obj
 0001:00024c19       ?SetDirtyFieldStatus@CDaoRecordset@@QAEXI@Z 5f725c19 f daocore.obj
 0001:00024c61       ?ClearDirtyFieldStatus@CDaoRecordset@@QAEXI@Z 5f725c61 f daocore.obj
 0001:00024ca9       ?IsFieldStatusNull@CDaoRecordset@@QAEHI@Z 5f725ca9 f daocore.obj
 0001:00024cf3       ?SetNullFieldStatus@CDaoRecordset@@QAEXI@Z 5f725cf3 f daocore.obj
 0001:00024d3b       ?ClearNullFieldStatus@CDaoRecordset@@QAEXI@Z 5f725d3b f daocore.obj
 0001:00024d83       ?IsFieldStatusNullable@CDaoRecordset@@QAEHI@Z 5f725d83 f daocore.obj
 0001:00024dcd       ?SetNullableFieldStatus@CDaoRecordset@@QAEXI@Z 5f725dcd f daocore.obj
 0001:00024e15       ?IsFieldStatusNullableKnown@CDaoRecordset@@QAEHI@Z 5f725e15 f daocore.obj
 0001:00024e5f       ?SetNullableKnownFieldStatus@CDaoRecordset@@QAEXI@Z 5f725e5f f daocore.obj
 0001:00024ea7       ?ClearFieldStatusFlags@CDaoRecordset@@QAEXXZ 5f725ea7 f daocore.obj
 0001:00024ee8       ?IsMatch@CDaoRecordset@@QAEHXZ 5f725ee8 f daocore.obj
 0001:00024f80       ?StripBrackets@CDaoRecordset@@SAXPBDPAD@Z 5f725f80 f daocore.obj
 0001:0002502a       ?ThrowDaoException@CDaoRecordset@@MAEXH@Z 5f72602a f daocore.obj
 0001:00025060       ?AssertValid@CDaoRecordset@@UBEXXZ 5f726060 f daocore.obj
 0001:0002507e       ?Dump@CDaoRecordset@@UBEXAAVCDumpContext@@@Z 5f72607e f daocore.obj
 0001:00025296       ?AfxGetFieldInfo@@YAXPAU_DAOField@@AAUCDaoFieldInfo@@K@Z 5f726296 f daocore.obj
 0001:0002573b       ?AfxSetFieldInfo@@YAXPAU_DAOField@@AAUCDaoFieldInfo@@@Z 5f72673b f daocore.obj
 0001:00025a36       ?AfxGetIndexInfo@@YAXPAU_DAOIndex@@AAUCDaoIndexInfo@@K@Z 5f726a36 f daocore.obj
 0001:00025d53       ?AfxSetIndexInfo@@YAXPAU_DAOIndex@@AAUCDaoIndexInfo@@@Z 5f726d53 f daocore.obj
 0001:00025e99       ?AfxGetIndexFields@@YAXPAU_DAOIndex@@PAPAUDAOIndexFields@@@Z 5f726e99 f daocore.obj
 0001:00025f6b       ?AfxGetIndexFieldInfo@@YAXPAU_DAOIndex@@AAUCDaoIndexInfo@@@Z 5f726f6b f daocore.obj
 0001:0002631c       ?AfxSetIndexFieldInfo@@YAXPAU_DAOIndex@@AAUCDaoIndexInfo@@@Z 5f72731c f daocore.obj
 0001:00026552       ?ThrowGetRowsDaoException@@YAXJ@Z 5f727552 f daocore.obj
 0001:00026746       ?AfxGetDaoState@@YAPAV_AFX_DAO_STATE@@XZ 5f727746 f daocore.obj
 0001:000267bb       ?AfxDaoInit@@YGXXZ         5f7277bb f daocore.obj
 0001:00026970       ?AfxDaoGetEngine@@YGPAU_DAODBEngine@@XZ 5f727970 f daocore.obj
 0001:00026988       ?AfxDaoTerm@@YGXXZ         5f727988 f daocore.obj
 0001:00026a57       ?IsOpen@CDaoWorkspace@@QBEHXZ 5f727a57 f daocore.obj
 0001:00026a83       ?IsNew@CDaoWorkspace@@QBEHXZ 5f727a83 f daocore.obj
 0001:00026aaf       ?IsOpen@CDaoDatabase@@QBEHXZ 5f727aaf f daocore.obj
 0001:00026adb       ?IsOpen@CDaoTableDef@@QBEHXZ 5f727adb f daocore.obj
 0001:00026b07       ?IsOpen@CDaoQueryDef@@QBEHXZ 5f727b07 f daocore.obj
 0001:00026b33       ?IsOpen@CDaoRecordset@@QBEHXZ 5f727b33 f daocore.obj
 0001:00026b60       ??_E_AFX_DAO_STATE@@UAEPAXI@Z 5f727b60 f daocore.obj
 0001:00026b60       ??_G_AFX_DAO_STATE@@UAEPAXI@Z 5f727b60 f daocore.obj
 0001:00026ba0       ??0AFX_INITOPTIONALVARIANT@@QAE@XZ 5f727ba0 f daocore.obj
 0001:00026bd0       ??0AFX_INITNULLVARIANT@@QAE@XZ 5f727bd0 f daocore.obj
 0001:00026c00       ??_GCDaoIndexInfo@@UAEPAXI@Z 5f727c00 f daocore.obj
 0001:00026c00       ??_ECDaoIndexInfo@@UAEPAXI@Z 5f727c00 f daocore.obj
 0001:00026c40       ??_ECDaoIndexFieldInfo@@QAEPAXI@Z 5f727c40 f daocore.obj
 0001:00026cb0       ??1CDaoIndexFieldInfo@@QAE@XZ 5f727cb0 f daocore.obj
 0001:00026d20       ??_ECDaoRelationInfo@@UAEPAXI@Z 5f727d20 f daocore.obj
 0001:00026d20       ??_GCDaoRelationInfo@@UAEPAXI@Z 5f727d20 f daocore.obj
 0001:00026d60       ??_ECDaoRelationFieldInfo@@QAEPAXI@Z 5f727d60 f daocore.obj
 0001:00026dd0       ??1CDaoRelationFieldInfo@@QAE@XZ 5f727dd0 f daocore.obj
 0001:00026e50       ??_GCDaoErrorInfo@@QAEPAXI@Z 5f727e50 f daocore.obj
 0001:00026e90       ??1CDaoErrorInfo@@QAE@XZ   5f727e90 f daocore.obj
 0001:00026f30       ??0CDaoErrorInfo@@QAE@XZ   5f727f30 f daocore.obj
 0001:00026fe0       ??0CDaoRelationFieldInfo@@QAE@XZ 5f727fe0 f daocore.obj
 0001:00027070       ??_ECDaoTableDef@@UAEPAXI@Z 5f728070 f daocore.obj
 0001:00027070       ??_GCDaoTableDef@@UAEPAXI@Z 5f728070 f daocore.obj
 0001:000270b0       ??0CDaoFieldInfo@@QAE@XZ   5f7280b0 f daocore.obj
 0001:000271d0       ??1CDaoFieldInfo@@QAE@XZ   5f7281d0 f daocore.obj
 0001:000272d0       ??_GCDaoQueryDef@@UAEPAXI@Z 5f7282d0 f daocore.obj
 0001:000272d0       ??_ECDaoQueryDef@@UAEPAXI@Z 5f7282d0 f daocore.obj
 0001:00027310       ??0CDaoIndexFieldInfo@@QAE@XZ 5f728310 f daocore.obj
 0001:00027390       ??0CDaoFieldExchange@@QAE@IPAVCDaoRecordset@@PAX@Z 5f728390 f daodfx.obj
 0001:00027402       ?IsValidOperation@CDaoFieldExchange@@QAEHXZ 5f728402 f daodfx.obj
 0001:000274b6       ?AppendParamType@CDaoFieldExchange@@SGXAAVCString@@K@Z 5f7284b6 f daodfx.obj
 0001:00027606       ?GetCacheValue@CDaoFieldExchange@@SGPAUCDaoFieldCache@@PAVCDaoRecordset@@PAX@Z 5f728606 f daodfx.obj
 0001:00027645       ?SetNullValue@CDaoFieldExchange@@SGXPAXK@Z 5f728645 f daodfx.obj
 0001:0002777a       ?IsNullValue@CDaoFieldExchange@@SGHPAXK@Z 5f72877a f daodfx.obj
 0001:0002794f       ?AllocCacheValue@CDaoFieldExchange@@SGXAAPAUCDaoFieldCache@@K@Z 5f72894f f daodfx.obj
 0001:00027bed       ?DeleteCacheValue@CDaoFieldExchange@@SGXPAUCDaoFieldCache@@K@Z 5f728bed f daodfx.obj
 0001:00027d85       ?CopyValue@CDaoFieldExchange@@SGXPAX0K@Z 5f728d85 f daodfx.obj
 0001:00027f39       ?CompareValue@CDaoFieldExchange@@SGHPAX0K@Z 5f728f39 f daodfx.obj
 0001:000281d8       ?FillVariant@CDaoFieldExchange@@SGXPAXKPAPAVCOleVariant@@@Z 5f7291d8 f daodfx.obj
 0001:000283e6       ?Default@CDaoFieldExchange@@QAEXPBDPAXKK@Z 5f7293e6 f daodfx.obj
 0001:00028bf2       ?DFX_Text@@YGXPAVCDaoFieldExchange@@PBDAAVCString@@HK@Z 5f729bf2 f daodfx.obj
 0001:00028d9e       ?DFX_Binary@@YGXPAVCDaoFieldExchange@@PBDAAVCByteArray@@HK@Z 5f729d9e f daodfx.obj
 0001:00028eba       ?DFX_LongBinary@@YGXPAVCDaoFieldExchange@@PBDAAVCLongBinary@@KK@Z 5f729eba f daodfx.obj
 0001:00029017       ?DFX_Bool@@YGXPAVCDaoFieldExchange@@PBDAAHK@Z 5f72a017 f daodfx.obj
 0001:00029183       ?DFX_Byte@@YGXPAVCDaoFieldExchange@@PBDAAEK@Z 5f72a183 f daodfx.obj
 0001:000292a7       ?DFX_Short@@YGXPAVCDaoFieldExchange@@PBDAAFK@Z 5f72a2a7 f daodfx.obj
 0001:000293cc       ?DFX_Long@@YGXPAVCDaoFieldExchange@@PBDAAJK@Z 5f72a3cc f daodfx.obj
 0001:000294f2       ?DFX_Currency@@YGXPAVCDaoFieldExchange@@PBDAAVCOleCurrency@@K@Z 5f72a4f2 f daodfx.obj
 0001:00029676       ?DFX_Single@@YGXPAVCDaoFieldExchange@@PBDAAMK@Z 5f72a676 f daodfx.obj
 0001:0002979a       ?DFX_Double@@YGXPAVCDaoFieldExchange@@PBDAANK@Z 5f72a79a f daodfx.obj
 0001:000298bb       ?DFX_DateTime@@YGXPAVCDaoFieldExchange@@PBDAAVCOleDateTime@@K@Z 5f72a8bb f daodfx.obj
 0001:00029a3d       _DaoStringAllocCallback@12 5f72aa3d f daodfx.obj
 0001:00029b2b       _DaoBinaryAllocCallback@12 5f72ab2b f daodfx.obj
 0001:00029c10       _DaoLongBinaryAllocCallback@12 5f72ac10 f daodfx.obj
 0001:00029d2e       ?AllocLongBinary@@YAXAAVCLongBinary@@K@Z 5f72ad2e f daodfx.obj
 0001:00029dda       ?SetFieldType@CDaoFieldExchange@@QAEXI@Z 5f72adda f daodfx.obj
 0001:00029e30       ??_GCOleVariant@@QAEPAXI@Z 5f72ae30 f daodfx.obj
 0001:00029e70       ?_GetBaseClass@CDaoRecordView@@KGPAUCRuntimeClass@@XZ 5f72ae70 f daoview.obj
 0001:00029e85       ?GetRuntimeClass@CDaoRecordView@@UBEPAUCRuntimeClass@@XZ 5f72ae85 f daoview.obj
 0001:00029ea0       ?_GetBaseMessageMap@CDaoRecordView@@KGPBUAFX_MSGMAP@@XZ 5f72aea0 f daoview.obj
 0001:00029eb5       ?GetMessageMap@CDaoRecordView@@MBEPBUAFX_MSGMAP@@XZ 5f72aeb5 f daoview.obj
 0001:00029ed0       ??0CDaoRecordView@@IAE@PBD@Z 5f72aed0 f daoview.obj
 0001:00029fe4       ??0CDaoRecordView@@IAE@I@Z 5f72afe4 f daoview.obj
 0001:0002a0f8       ??1CDaoRecordView@@UAE@XZ  5f72b0f8 f daoview.obj
 0001:0002a1b4       ?OnInitialUpdate@CDaoRecordView@@UAEXXZ 5f72b1b4 f daoview.obj
 0001:0002a357       ?OnMove@CDaoRecordView@@UAEHI@Z 5f72b357 f daoview.obj
 0001:0002a7a6       ?IsOnFirstRecord@CDaoRecordView@@QAEHXZ 5f72b7a6 f daoview.obj
 0001:0002a7e6       ?IsOnLastRecord@CDaoRecordView@@QAEHXZ 5f72b7e6 f daoview.obj
 0001:0002a826       ?AfxFieldText@@YGHPAVCDataExchange@@HPAXPAVCDaoRecordset@@@Z 5f72b826 f daoview.obj
 0001:0002a93a       ?DDX_FieldText@@YGXPAVCDataExchange@@HAAHPAVCDaoRecordset@@@Z 5f72b93a f daoview.obj
 0001:0002a97a       ?DDX_FieldText@@YGXPAVCDataExchange@@HAAEPAVCDaoRecordset@@@Z 5f72b97a f daoview.obj
 0001:0002a9ba       ?DDX_FieldText@@YGXPAVCDataExchange@@HAAFPAVCDaoRecordset@@@Z 5f72b9ba f daoview.obj
 0001:0002a9fa       ?DDX_FieldText@@YGXPAVCDataExchange@@HAAJPAVCDaoRecordset@@@Z 5f72b9fa f daoview.obj
 0001:0002aa3a       ?DDX_FieldText@@YGXPAVCDataExchange@@HAAKPAVCDaoRecordset@@@Z 5f72ba3a f daoview.obj
 0001:0002aa7a       ?DDX_FieldText@@YGXPAVCDataExchange@@HAAVCOleCurrency@@PAVCDaoRecordset@@@Z 5f72ba7a f daoview.obj
 0001:0002aaba       ?DDX_FieldText@@YGXPAVCDataExchange@@HAAMPAVCDaoRecordset@@@Z 5f72baba f daoview.obj
 0001:0002aafa       ?DDX_FieldText@@YGXPAVCDataExchange@@HAANPAVCDaoRecordset@@@Z 5f72bafa f daoview.obj
 0001:0002ab3a       ?DDX_FieldText@@YGXPAVCDataExchange@@HAAVCOleDateTime@@PAVCDaoRecordset@@@Z 5f72bb3a f daoview.obj
 0001:0002ab7a       ?DDX_FieldText@@YGXPAVCDataExchange@@HAAVCString@@PAVCDaoRecordset@@@Z 5f72bb7a f daoview.obj
 0001:0002abba       ?DDX_FieldLBString@@YGXPAVCDataExchange@@HAAVCString@@PAVCDaoRecordset@@@Z 5f72bbba f daoview.obj
 0001:0002ad45       ?DDX_FieldLBStringExact@@YGXPAVCDataExchange@@HAAVCString@@PAVCDaoRecordset@@@Z 5f72bd45 f daoview.obj
 0001:0002ae31       ?DDX_FieldCBString@@YGXPAVCDataExchange@@HAAVCString@@PAVCDaoRecordset@@@Z 5f72be31 f daoview.obj
 0001:0002afac       ?DDX_FieldCBStringExact@@YGXPAVCDataExchange@@HAAVCString@@PAVCDaoRecordset@@@Z 5f72bfac f daoview.obj
 0001:0002b098       ?DDX_FieldLBIndex@@YGXPAVCDataExchange@@HAAHPAVCDaoRecordset@@@Z 5f72c098 f daoview.obj
 0001:0002b11e       ?DDX_FieldCBIndex@@YGXPAVCDataExchange@@HAAHPAVCDaoRecordset@@@Z 5f72c11e f daoview.obj
 0001:0002b1a4       ?DDX_FieldScroll@@YGXPAVCDataExchange@@HAAHPAVCDaoRecordset@@@Z 5f72c1a4 f daoview.obj
 0001:0002b22a       ?DDX_FieldCheck@@YGXPAVCDataExchange@@HAAHPAVCDaoRecordset@@@Z 5f72c22a f daoview.obj
 0001:0002b3c6       ?DDX_FieldRadio@@YGXPAVCDataExchange@@HAAHPAVCDaoRecordset@@@Z 5f72c3c6 f daoview.obj
 0001:0002b489       ?AssertValid@CDaoRecordView@@UBEXXZ 5f72c489 f daoview.obj
 0001:0002b4a7       ?Dump@CDaoRecordView@@UBEXAAVCDumpContext@@@Z 5f72c4a7 f daoview.obj
 0001:0002b5f4       ?OnUpdateRecordFirst@CDaoRecordView@@IAEXPAVCCmdUI@@@Z 5f72c5f4 f daoview.obj
 0001:0002b633       ?OnUpdateRecordNext@CDaoRecordView@@IAEXPAVCCmdUI@@@Z 5f72c633 f daoview.obj
 0001:0002b672       ?OnUpdateRecordPrev@CDaoRecordView@@IAEXPAVCCmdUI@@@Z 5f72c672 f daoview.obj
 0001:0002b6b1       ?OnUpdateRecordLast@CDaoRecordView@@IAEXPAVCCmdUI@@@Z 5f72c6b1 f daoview.obj
 0001:0002b6f0       ?OnMove@CDaoRecordView@@IAEXHH@Z 5f72c6f0 f daoview.obj
 0001:0002b720       ??_GCDaoRecordView@@UAEPAXI@Z 5f72c720 f daoview.obj
 0001:0002b720       ??_ECDaoRecordView@@UAEPAXI@Z 5f72c720 f daoview.obj
 0001:0002b756       ?AfxGetModuleState@@YGPAVAFX_MODULE_STATE@@XZ 5f72c756 f MFC42D:MFC42D.DLL
 0001:0002b75c       ??3CObject@@SGXPAX@Z       5f72c75c f MFC42D:MFC42D.DLL
 0001:0002b762       ?AfxTermThread@@YGXPAUHINSTANCE__@@@Z 5f72c762 f MFC42D:MFC42D.DLL
 0001:0002b768       ?AfxTermExtensionModule@@YGXAAUAFX_EXTENSION_MODULE@@H@Z 5f72c768 f MFC42D:MFC42D.DLL
 0001:0002b76e       ?AfxAssertFailedLine@@YGHPBDH@Z 5f72c76e f MFC42D:MFC42D.DLL
 0001:0002b774       ??0CDynLinkLibrary@@QAE@AAUAFX_EXTENSION_MODULE@@H@Z 5f72c774 f MFC42D:MFC42D.DLL
 0001:0002b77a       ??2CObject@@SGPAXI@Z       5f72c77a f MFC42D:MFC42D.DLL
 0001:0002b780       ?AfxInitExtensionModule@@YGHAAUAFX_EXTENSION_MODULE@@PAUHINSTANCE__@@@Z 5f72c780 f MFC42D:MFC42D.DLL
 0001:0002b786       ?AfxGetAppModuleState@@YGPAVAFX_MODULE_STATE@@XZ 5f72c786 f MFC42D:MFC42D.DLL
 0001:0002b78c       ??3@YAXPAX@Z               5f72c78c f MFC42D:MFC42D.DLL
 0001:0002b792       ??2@YAPAXI@Z               5f72c792 f MFC42D:MFC42D.DLL
 0001:0002b798       ??3CException@@SGXPAX@Z    5f72c798 f MFC42D:MFC42D.DLL
 0001:0002b79e       ?AfxTrace@@YAXPBDZZ        5f72c79e f MFC42D:MFC42D.DLL
 0001:0002b7a4       ?IsKindOf@CObject@@QBEHPBUCRuntimeClass@@@Z 5f72c7a4 f MFC42D:MFC42D.DLL
 0001:0002b7aa       ?AfxLoadDll@@YGPAUHINSTANCE__@@RAPAU1@PBD@Z 5f72c7aa f MFC42D:MFC42D.DLL
 0001:0002b7b0       ?LoadStringA@CString@@QAEHI@Z 5f72c7b0 f MFC42D:MFC42D.DLL
 0001:0002b7b6       ??2CObject@@SGPAXIPBDH@Z   5f72c7b6 f MFC42D:MFC42D.DLL
 0001:0002b7bc       ?ReportError@CException@@UAEHII@Z 5f72c7bc f MFC42D:MFC42D.DLL
 0001:0002b7c2       ?Dump@CObject@@UBEXAAVCDumpContext@@@Z 5f72c7c2 f MFC42D:MFC42D.DLL
 0001:0002b7c8       ?AssertValid@CObject@@UBEXXZ 5f72c7c8 f MFC42D:MFC42D.DLL
 0001:0002b7ce       ?Serialize@CObject@@UAEXAAVCArchive@@@Z 5f72c7ce f MFC42D:MFC42D.DLL
 0001:0002b7d4       ??1CException@@UAE@XZ      5f72c7d4 f MFC42D:MFC42D.DLL
 0001:0002b7da       ??1CString@@QAE@XZ         5f72c7da f MFC42D:MFC42D.DLL
 0001:0002b7e0       ??0CString@@QAE@XZ         5f72c7e0 f MFC42D:MFC42D.DLL
 0001:0002b7e6       ??0CException@@QAE@XZ      5f72c7e6 f MFC42D:MFC42D.DLL
 0001:0002b7ec       ??4CString@@QAEABV0@PBE@Z  5f72c7ec f MFC42D:MFC42D.DLL
 0001:0002b7f2       ??BCString@@QBEPBDXZ       5f72c7f2 f MFC42D:MFC42D.DLL
 0001:0002b7f8       ??H@YG?AVCString@@PBDABV0@@Z 5f72c7f8 f MFC42D:MFC42D.DLL
 0001:0002b7fe       ??YCString@@QAEABV0@ABV0@@Z 5f72c7fe f MFC42D:MFC42D.DLL
 0001:0002b804       ??H@YG?AVCString@@ABV0@PBD@Z 5f72c804 f MFC42D:MFC42D.DLL
 0001:0002b80a       ??YCString@@QAEABV0@PBD@Z  5f72c80a f MFC42D:MFC42D.DLL
 0001:0002b810       ??4CString@@QAEABV0@ABV0@@Z 5f72c810 f MFC42D:MFC42D.DLL
 0001:0002b816       ?Right@CString@@QBE?AV1@H@Z 5f72c816 f MFC42D:MFC42D.DLL
 0001:0002b81c       ??ACString@@QBEDH@Z        5f72c81c f MFC42D:MFC42D.DLL
 0001:0002b822       ?GetLength@CString@@QBEHXZ 5f72c822 f MFC42D:MFC42D.DLL
 0001:0002b828       ?Left@CString@@QBE?AV1@H@Z 5f72c828 f MFC42D:MFC42D.DLL
 0001:0002b82e       ?Find@CString@@QBEHD@Z     5f72c82e f MFC42D:MFC42D.DLL
 0001:0002b834       ?IsEmpty@CString@@QBEHXZ   5f72c834 f MFC42D:MFC42D.DLL
 0001:0002b83a       ?AfxAssertValidObject@@YGXPBVCObject@@PBDH@Z 5f72c83a f MFC42D:MFC42D.DLL
 0001:0002b840       ??3CNoTrackObject@@SGXPAX@Z 5f72c840 f MFC42D:MFC42D.DLL
 0001:0002b846       ?AfxIsValidString@@YGHPBDH@Z 5f72c846 f MFC42D:MFC42D.DLL
 0001:0002b84c       ??0CString@@QAE@PBD@Z      5f72c84c f MFC42D:MFC42D.DLL
 0001:0002b852       ?Empty@CString@@QAEXXZ     5f72c852 f MFC42D:MFC42D.DLL
 0001:0002b858       ??1CObject@@UAE@XZ         5f72c858 f MFC42D:MFC42D.DLL
 0001:0002b85e       ??1CPtrList@@UAE@XZ        5f72c85e f MFC42D:MFC42D.DLL
 0001:0002b864       ??0CPtrList@@QAE@H@Z       5f72c864 f MFC42D:MFC42D.DLL
 0001:0002b86a       ??0CObject@@IAE@XZ         5f72c86a f MFC42D:MFC42D.DLL
 0001:0002b870       ??4CString@@QAEABV0@PBD@Z  5f72c870 f MFC42D:MFC42D.DLL
 0001:0002b876       ?AfxUnlockGlobals@@YGXH@Z  5f72c876 f MFC42D:MFC42D.DLL
 0001:0002b87c       ?AfxLockGlobals@@YGXH@Z    5f72c87c f MFC42D:MFC42D.DLL
 0001:0002b882       ?GetHead@CPtrList@@QAEAAPAXXZ 5f72c882 f MFC42D:MFC42D.DLL
 0001:0002b888       ?IsEmpty@CPtrList@@QBEHXZ  5f72c888 f MFC42D:MFC42D.DLL
 0001:0002b88e       ?Delete@CException@@QAEXXZ 5f72c88e f MFC42D:MFC42D.DLL
 0001:0002b894       ?AfxThrowMemoryException@@YGXXZ 5f72c894 f MFC42D:MFC42D.DLL
 0001:0002b89a       ?GetDesktopWindow@CWnd@@SGPAV1@XZ 5f72c89a f MFC42D:MFC42D.DLL
 0001:0002b8a0       ?GetSafeOwner@CWnd@@SGPAV1@PAV1@PAPAUHWND__@@@Z 5f72c8a0 f MFC42D:MFC42D.DLL
 0001:0002b8a6       ??6CDumpContext@@QAEAAV0@PBD@Z 5f72c8a6 f MFC42D:MFC42D.DLL
 0001:0002b8ac       ??6CDumpContext@@QAEAAV0@PBX@Z 5f72c8ac f MFC42D:MFC42D.DLL
 0001:0002b8b2       ??6CDumpContext@@QAEAAV0@H@Z 5f72c8b2 f MFC42D:MFC42D.DLL
 0001:0002b8b8       ?GetDepth@CDumpContext@@QBEHXZ 5f72c8b8 f MFC42D:MFC42D.DLL
 0001:0002b8be       ??6CDumpContext@@QAEAAV0@K@Z 5f72c8be f MFC42D:MFC42D.DLL
 0001:0002b8c4       ??6@YGAAVCDumpContext@@AAV0@ABVCString@@@Z 5f72c8c4 f MFC42D:MFC42D.DLL
 0001:0002b8ca       ??1CMapPtrToPtr@@UAE@XZ    5f72c8ca f MFC42D:MFC42D.DLL
 0001:0002b8d0       ?AddHead@CPtrList@@QAEPAU__POSITION@@PAX@Z 5f72c8d0 f MFC42D:MFC42D.DLL
 0001:0002b8d6       ?AfxIsValidAddress@@YGHPBXIH@Z 5f72c8d6 f MFC42D:MFC42D.DLL
 0001:0002b8dc       ??0CMapPtrToPtr@@QAE@H@Z   5f72c8dc f MFC42D:MFC42D.DLL
 0001:0002b8e2       ?RemoveAt@CPtrList@@QAEXPAU__POSITION@@@Z 5f72c8e2 f MFC42D:MFC42D.DLL
 0001:0002b8e8       ?Find@CPtrList@@QBEPAU__POSITION@@PAXPAU2@@Z 5f72c8e8 f MFC42D:MFC42D.DLL
 0001:0002b8ee       ?Find@CString@@QBEHPBD@Z   5f72c8ee f MFC42D:MFC42D.DLL
 0001:0002b8f4       ??2@YAPAXIPBDH@Z           5f72c8f4 f MFC42D:MFC42D.DLL
 0001:0002b8fa       ?GetData@CProcessLocalObject@@QAEPAVCNoTrackObject@@P6GPAV2@XZ@Z 5f72c8fa f MFC42D:MFC42D.DLL
 0001:0002b900       ??2CNoTrackObject@@SGPAXI@Z 5f72c900 f MFC42D:MFC42D.DLL
 0001:0002b906       ?GetBufferSetLength@CString@@QAEPADH@Z 5f72c906 f MFC42D:MFC42D.DLL
 0001:0002b90c       ??9@YGHABVCString@@0@Z     5f72c90c f MFC42D:MFC42D.DLL
 0001:0002b912       ?ReleaseBuffer@CString@@QAEXH@Z 5f72c912 f MFC42D:MFC42D.DLL
 0001:0002b918       ?GetBuffer@CString@@QAEPADH@Z 5f72c918 f MFC42D:MFC42D.DLL
 0001:0002b91e       ?MakeUpper@CString@@QAEXXZ 5f72c91e f MFC42D:MFC42D.DLL
 0001:0002b924       ?SetAt@CString@@QAEXHD@Z   5f72c924 f MFC42D:MFC42D.DLL
 0001:0002b92a       ?Lookup@CMapPtrToPtr@@QBEHPAXAAPAX@Z 5f72c92a f MFC42D:MFC42D.DLL
 0001:0002b930       ??8@YGHABVCString@@PBD@Z   5f72c930 f MFC42D:MFC42D.DLL
 0001:0002b936       ??6CDumpContext@@QAEAAV0@PBVCObject@@@Z 5f72c936 f MFC42D:MFC42D.DLL
 0001:0002b93c       ??6CDumpContext@@QAEAAV0@I@Z 5f72c93c f MFC42D:MFC42D.DLL
 0001:0002b942       ??6CDumpContext@@QAEAAV0@J@Z 5f72c942 f MFC42D:MFC42D.DLL
 0001:0002b948       ??1CProcessLocalObject@@QAE@XZ 5f72c948 f MFC42D:MFC42D.DLL
 0001:0002b94e       ??YCString@@QAEABV0@D@Z    5f72c94e f MFC42D:MFC42D.DLL
 0001:0002b954       ?SetAt@CMapPtrToPtr@@QAEXPAX0@Z 5f72c954 f MFC42D:MFC42D.DLL
 0001:0002b95a       ?LockBuffer@CString@@QAEPADXZ 5f72c95a f MFC42D:MFC42D.DLL
 0001:0002b960       ??6CDumpContext@@QAEAAV0@E@Z 5f72c960 f MFC42D:MFC42D.DLL
 0001:0002b966       ??0CByteArray@@QAE@XZ      5f72c966 f MFC42D:MFC42D.DLL
 0001:0002b96c       ??ACByteArray@@QAEAAEH@Z   5f72c96c f MFC42D:MFC42D.DLL
 0001:0002b972       ?GetSize@CByteArray@@QBEHXZ 5f72c972 f MFC42D:MFC42D.DLL
 0001:0002b978       ?SetSize@CByteArray@@QAEXHH@Z 5f72c978 f MFC42D:MFC42D.DLL
 0001:0002b97e       ??6@YGAAVCDumpContext@@AAV0@VCTime@@@Z 5f72c97e f MFC42D:MFC42D.DLL
 0001:0002b984       ??0CTime@@QAE@ABV0@@Z      5f72c984 f MFC42D:MFC42D.DLL
 0001:0002b98a       ??0CTime@@QAE@XZ           5f72c98a f MFC42D:MFC42D.DLL
 0001:0002b990       ?GetSecond@CTime@@QBEHXZ   5f72c990 f MFC42D:MFC42D.DLL
 0001:0002b996       ?GetMinute@CTime@@QBEHXZ   5f72c996 f MFC42D:MFC42D.DLL
 0001:0002b99c       ?GetHour@CTime@@QBEHXZ     5f72c99c f MFC42D:MFC42D.DLL
 0001:0002b9a2       ?GetDay@CTime@@QBEHXZ      5f72c9a2 f MFC42D:MFC42D.DLL
 0001:0002b9a8       ?GetMonth@CTime@@QBEHXZ    5f72c9a8 f MFC42D:MFC42D.DLL
 0001:0002b9ae       ?GetYear@CTime@@QBEHXZ     5f72c9ae f MFC42D:MFC42D.DLL
 0001:0002b9b4       ??9CTime@@QBEHV0@@Z        5f72c9b4 f MFC42D:MFC42D.DLL
 0001:0002b9ba       ??0CTime@@QAE@J@Z          5f72c9ba f MFC42D:MFC42D.DLL
 0001:0002b9c0       ??4CTime@@QAEABV0@ABV0@@Z  5f72c9c0 f MFC42D:MFC42D.DLL
 0001:0002b9c6       ??0CTime@@QAE@HHHHHHH@Z    5f72c9c6 f MFC42D:MFC42D.DLL
 0001:0002b9cc       ??6CDumpContext@@QAEAAV0@G@Z 5f72c9cc f MFC42D:MFC42D.DLL
 0001:0002b9d2       ?GetData@CByteArray@@QAEPAEXZ 5f72c9d2 f MFC42D:MFC42D.DLL
 0001:0002b9d8       ??8CTime@@QBEHV0@@Z        5f72c9d8 f MFC42D:MFC42D.DLL
 0001:0002b9de       ??8@YGHABVCString@@0@Z     5f72c9de f MFC42D:MFC42D.DLL
 0001:0002b9e4       ?Copy@CByteArray@@QAEXABV1@@Z 5f72c9e4 f MFC42D:MFC42D.DLL
 0001:0002b9ea       ?OnEndPrintPreview@CView@@MAEXPAVCDC@@PAUCPrintInfo@@UtagPOINT@@PAVCPreviewView@@@Z 5f72c9ea f MFC42D:MFC42D.DLL
 0001:0002b9f0       ?OnEndPrinting@CView@@MAEXPAVCDC@@PAUCPrintInfo@@@Z 5f72c9f0 f MFC42D:MFC42D.DLL
 0001:0002b9f6       ?OnPrint@CView@@MAEXPAVCDC@@PAUCPrintInfo@@@Z 5f72c9f6 f MFC42D:MFC42D.DLL
 0001:0002b9fc       ?OnBeginPrinting@CView@@MAEXPAVCDC@@PAUCPrintInfo@@@Z 5f72c9fc f MFC42D:MFC42D.DLL
 0001:0002ba02       ?OnPreparePrinting@CView@@MAEHPAUCPrintInfo@@@Z 5f72ca02 f MFC42D:MFC42D.DLL
 0001:0002ba08       ?OnDraw@CFormView@@MAEXPAVCDC@@@Z 5f72ca08 f MFC42D:MFC42D.DLL
 0001:0002ba0e       ?OnUpdate@CView@@MAEXPAV1@JPAVCObject@@@Z 5f72ca0e f MFC42D:MFC42D.DLL
 0001:0002ba14       ?OnActivateFrame@CFormView@@MAEXIPAVCFrameWnd@@@Z 5f72ca14 f MFC42D:MFC42D.DLL
 0001:0002ba1a       ?OnActivateView@CFormView@@MAEXHPAVCView@@0@Z 5f72ca1a f MFC42D:MFC42D.DLL
 0001:0002ba20       ?OnPrepareDC@CScrollView@@UAEXPAVCDC@@PAUCPrintInfo@@@Z 5f72ca20 f MFC42D:MFC42D.DLL
 0001:0002ba26       ?OnDragScroll@CView@@UAEKKVCPoint@@@Z 5f72ca26 f MFC42D:MFC42D.DLL
 0001:0002ba2c       ?OnDropEx@CView@@UAEKPAVCOleDataObject@@KKVCPoint@@@Z 5f72ca2c f MFC42D:MFC42D.DLL
 0001:0002ba32       ?OnDrop@CView@@UAEHPAVCOleDataObject@@KVCPoint@@@Z 5f72ca32 f MFC42D:MFC42D.DLL
 0001:0002ba38       ?OnDragLeave@CView@@UAEXXZ 5f72ca38 f MFC42D:MFC42D.DLL
 0001:0002ba3e       ?OnDragOver@CView@@UAEKPAVCOleDataObject@@KVCPoint@@@Z 5f72ca3e f MFC42D:MFC42D.DLL
 0001:0002ba44       ?OnDragEnter@CView@@UAEKPAVCOleDataObject@@KVCPoint@@@Z 5f72ca44 f MFC42D:MFC42D.DLL
 0001:0002ba4a       ?OnScrollBy@CScrollView@@UAEHVCSize@@H@Z 5f72ca4a f MFC42D:MFC42D.DLL
 0001:0002ba50       ?OnScroll@CScrollView@@UAEHIIH@Z 5f72ca50 f MFC42D:MFC42D.DLL
 0001:0002ba56       ?IsSelected@CView@@UBEHPBVCObject@@@Z 5f72ca56 f MFC42D:MFC42D.DLL
 0001:0002ba5c       ?SetOccDialogInfo@CFormView@@MAEHPAU_AFX_OCC_DIALOG_INFO@@@Z 5f72ca5c f MFC42D:MFC42D.DLL
 0001:0002ba62       ?IsFrameWnd@CWnd@@UBEHXZ   5f72ca62 f MFC42D:MFC42D.DLL
 0001:0002ba68       ?CheckAutoCenter@CWnd@@UAEHXZ 5f72ca68 f MFC42D:MFC42D.DLL
 0001:0002ba6e       ?OnChildNotify@CWnd@@MAEHIIJPAJ@Z 5f72ca6e f MFC42D:MFC42D.DLL
 0001:0002ba74       ?PostNcDestroy@CView@@MAEXXZ 5f72ca74 f MFC42D:MFC42D.DLL
 0001:0002ba7a       ?DefWindowProcA@CWnd@@MAEJIIJ@Z 5f72ca7a f MFC42D:MFC42D.DLL
 0001:0002ba80       ?OnWndMsg@CWnd@@MAEHIIJPAJ@Z 5f72ca80 f MFC42D:MFC42D.DLL
 0001:0002ba86       ?WindowProc@CWnd@@MAEJIIJ@Z 5f72ca86 f MFC42D:MFC42D.DLL
 0001:0002ba8c       ?OnAmbientProperty@CWnd@@UAEHPAVCOleControlSite@@JPAUtagVARIANT@@@Z 5f72ca8c f MFC42D:MFC42D.DLL
 0001:0002ba92       ?PreTranslateMessage@CFormView@@MAEHPAUtagMSG@@@Z 5f72ca92 f MFC42D:MFC42D.DLL
 0001:0002ba98       ?EndModalState@CWnd@@UAEXXZ 5f72ca98 f MFC42D:MFC42D.DLL
 0001:0002ba9e       ?BeginModalState@CWnd@@UAEXXZ 5f72ca9e f MFC42D:MFC42D.DLL
 0001:0002baa4       ?DoDataExchange@CWnd@@MAEXPAVCDataExchange@@@Z 5f72caa4 f MFC42D:MFC42D.DLL
 0001:0002baaa       ?GetSuperWndProcAddr@CWnd@@MAEPAP6GJPAUHWND__@@IIJ@ZXZ 5f72caaa f MFC42D:MFC42D.DLL
 0001:0002bab0       ?OnNotify@CWnd@@MAEHIJPAJ@Z 5f72cab0 f MFC42D:MFC42D.DLL
 0001:0002bab6       ?OnCommand@CWnd@@MAEHIJ@Z  5f72cab6 f MFC42D:MFC42D.DLL
 0001:0002babc       ?EndModalLoop@CWnd@@UAEXH@Z 5f72cabc f MFC42D:MFC42D.DLL
 0001:0002bac2       ?ContinueModal@CWnd@@UAEHXZ 5f72cac2 f MFC42D:MFC42D.DLL
 0001:0002bac8       ?WinHelpA@CWnd@@UAEXKI@Z   5f72cac8 f MFC42D:MFC42D.DLL
 0001:0002bace       ?GetScrollBarCtrl@CView@@UBEPAVCScrollBar@@H@Z 5f72cace f MFC42D:MFC42D.DLL
 0001:0002bad4       ?OnToolHitTest@CWnd@@UBEHVCPoint@@PAUtagTOOLINFOA@@@Z 5f72cad4 f MFC42D:MFC42D.DLL
 0001:0002bada       ?CalcWindowRect@CScrollView@@UAEXPAUtagRECT@@I@Z 5f72cada f MFC42D:MFC42D.DLL
 0001:0002bae0       ?PreCreateWindow@CView@@MAEHAAUtagCREATESTRUCTA@@@Z 5f72cae0 f MFC42D:MFC42D.DLL
 0001:0002bae6       ?DestroyWindow@CWnd@@UAEHXZ 5f72cae6 f MFC42D:MFC42D.DLL
 0001:0002baec       ?Create@CFormView@@MAEHPBD0KABUtagRECT@@PAVCWnd@@IPAUCCreateContext@@@Z 5f72caec f MFC42D:MFC42D.DLL
 0001:0002baf2       ?PreSubclassWindow@CWnd@@UAEXXZ 5f72caf2 f MFC42D:MFC42D.DLL
 0001:0002baf8       ?GetConnectionHook@CCmdTarget@@MAEPAUIConnectionPoint@@ABU_GUID@@@Z 5f72caf8 f MFC42D:MFC42D.DLL
 0001:0002bafe       ?GetExtraConnectionPoints@CCmdTarget@@MAEHPAVCPtrArray@@@Z 5f72cafe f MFC42D:MFC42D.DLL
 0001:0002bb04       ?GetInterfaceHook@CCmdTarget@@UAEPAUIUnknown@@PBX@Z 5f72cb04 f MFC42D:MFC42D.DLL
[...]
 0004:000009e4       __imp___mbsstr             5f73b9e4   msvcrtd:MSVCRTD.dll
 0004:000009e8       __imp__memcpy              5f73b9e8   msvcrtd:MSVCRTD.dll
 0004:000009ec       __imp___CxxThrowException@8 5f73b9ec   msvcrtd:MSVCRTD.dll
 0004:000009f0       __imp___mbsinc             5f73b9f0   msvcrtd:MSVCRTD.dll
 0004:000009f4       __imp___mbsnbicmp          5f73b9f4   msvcrtd:MSVCRTD.dll
 0004:000009f8       __imp___free_dbg           5f73b9f8   msvcrtd:MSVCRTD.dll
 0004:000009fc       __imp____CxxFrameHandler   5f73b9fc   msvcrtd:MSVCRTD.dll
 0004:00000a00       __imp___initterm           5f73ba00   msvcrtd:MSVCRTD.dll
 0004:00000a04       __imp__labs                5f73ba04   msvcrtd:MSVCRTD.dll
 0004:00000a08       __imp__memcmp              5f73ba08   msvcrtd:MSVCRTD.dll
 0004:00000a0c       __imp___except_handler3    5f73ba0c   msvcrtd:MSVCRTD.dll
 0004:00000a10       \177MSVCRTD_NULL_THUNK_DATA 5f73ba10   msvcrtd:MSVCRTD.dll
 0004:00000a14       __imp__EnableWindow@8      5f73ba14   user32:USER32.dll
 0004:00000a18       __imp__GetWindowTextA@12   5f73ba18   user32:USER32.dll
 0004:00000a1c       __imp__GetWindowTextLengthA@4 5f73ba1c   user32:USER32.dll
 0004:00000a20       __imp__SendMessageA@16     5f73ba20   user32:USER32.dll
 0004:00000a24       __imp__GetWindowLongA@8    5f73ba24   user32:USER32.dll
 0004:00000a28       __imp__wsprintfA           5f73ba28   user32:USER32.dll
 0004:00000a2c       \177USER32_NULL_THUNK_DATA 5f73ba2c   user32:USER32.dll

 entry point at        0001:0002c330

 Static symbols

 0001:0001363d       _$E352                     5f71463d f daocore.obj
 0001:00013652       _$E351                     5f714652 f daocore.obj
 0001:0001366c       _$E355                     5f71466c f daocore.obj
 0001:00013681       _$E354                     5f714681 f daocore.obj
 0001:0000008f       ?AfxOdbcLoad@@YGXPAP6GHXZPBD@Z 5f70108f f dbcore.obj
 0001:0002c7f0       _$E355                     5f72d7f0 f dbcore.obj
 0001:0002c80a       _$E352                     5f72d80a f dbcore.obj
 0001:0002c81a       _$E354                     5f72d81a f dbcore.obj
 0001:0002c837       _$E353                     5f72d837 f dbcore.obj
 0001:0002c920       ?_AfxForceVectorDelete@@YAXXZ 5f72d920 f dlldb.obj
 0001:0002bf60       ?ArrayUnwindFilter@@YAHPAU_EXCEPTION_POINTERS@@@Z 5f72cf60 f msvcrtd:ehvecdtr.obj

FIXUPS: 2d3d0 26 25 fffffc9b 35 fffffed5 13 fffffedc 7d 53 fffffe74 e00
FIXUPS: 2dc01 48 c 10 13 41 c 10 13 41 c 10 13 41 c 10 13 41 c 10 13 2a
FIXUPS: 2de9c c 10 13 27 fffd311e 40 2c21c 13f 234 32 24 18 13 b 34 7 14
FIXUPS: 2d6ca 23 32 17 b 208 13 3e 23 3e 23 3e 23 3e 26 3e 26 41 2a d d
FIXUPS: 2dbd9 d fffdf2bc b 43 25 1c 2f 31 1c 2d b 40 2c b 54 13 62 23 b
FIXUPS: d1b0 13 20634 5 2a 1d 5f b fffffc38 e 11 94 14 10 fffdf3b6 30 14
FIXUPS: c9e6 14 22 3f 14 30 14 4e 32 20 14 36 14 36 14 36 14 36 14 41 13
FIXUPS: cd30 13 7d 13 46 c 10 13 fffff6ca 31 2c 2c 2d 2d 14 28 f 23 14
FIXUPS: c6a6 14 2f 14 30 14 30 14 30 14 30 14 30 14 30 14 43 14 30 14 2e
FIXUPS: c205 7 17 7 14 7 17 7 17 7 17 7 17 7 17 7 16 6 17 7 d c 8 22 19
FIXUPS: c378 a8 37 14 2d 14 35 fffff99c 14 f d b 9d 8f f 19 2d 14 24 26
FIXUPS: c0a2 24 40 17 7 16 6 14 7 17 7 17 7 17 7 17 7 17 7 fffff708 3b
FIXUPS: b94c 2c 16 19 15 53 5d d5 a3 21 16 27 18 b 9 8 9 36 13 14 21 14
FIXUPS: bd21 9 b 48 33 78 f 19 fffff1aa 10 38 10 38 10 38 4f 3e 2a 28 28
FIXUPS: b2a2 5b 1c 38 39 54 2f 24 30 40 46 8 63 69 52 17 11 21 d0 f0 fffff3af
FIXUPS: abde 41 d 17 14 17 25 19 6a d 17 14 17 25 22 19 4f d 17 14 17 25
FIXUPS: aeaa 19 4f 1f 19 38 1f 11 10 fffff43d 4e 5c 37 55 62 62 55 62 62
FIXUPS: a767 62 60 11 1b 59 1c 19 43 1c 26 40 1c 28 35 19 65 30 41 30 41
FIXUPS: ab9d fffff299 14 26 29 64 19 2f 14 45 6a 28 28 28 39 24 19 24 26
FIXUPS: a164 1c 27 16 17 1d 1c 2d 45 49 26 1a 65 44 fffff55e 20 e 10 1b
FIXUPS: 9981 10 18 17 13 20 e 10 1b 19 10 60 e 63 17 10 c 10 24 6 8f 6
FIXUPS: 9cf2 72 2d 5d 19 fffff5e0 1b 15 b 1b 15 24 9 77 12 25 79 4c 1a
FIXUPS: 9628 17 2e 69 1d dc 1d 3f 17 18 17 13 16 e 10 1b 19 10 fffff76f
FIXUPS: 90b1 10 1d 20 17 25 71 1c 29 6 2b 6 2b 6 27 11 18 e 13 c 16 17
FIXUPS: 9325 10 1b 19 10 13 12 19 b fffff1cf 74 22 b 32 2d 2b c6 1d 10
FIXUPS: 87c6 2d 43 22 43 6a 80 72 6d 22 1a 97 40 69 107 2a d2 21 2a a7
FIXUPS: 902f 17 fffff147 6 2a 2b 6 10 6 d 58 2a 8 6 25 26 10 13 2c 9 b
FIXUPS: 8374 20 51 f a 19 1a 49 2a 18 4f 18 56 fffff282 5b 9c cf 1a 25
FIXUPS: 7a54 4b 36 32 2f a5 2a 67 4a 4a 4a 43 113 63 a3 54 47 26 17 45
FIXUPS: 80d7 6 2a 2b 6 2a fffff068 9 b 5f 23 1c 21 11 8 28 67 10 c 10 d
FIXUPS: 7389 38 6 9e 19 4a 25 b 8b 46 28 17 112 12 59 52 12 fffff330 10
FIXUPS: 6b69 26 16 1b bb b 111 33 15 15 48 29 15 3e 14 41 9f 39 87 16 13
FIXUPS: 70ac 10 9 14 13 17 26 64 12 fffff4e3 1d 1d 15 19 45 4f 44 29 8
FIXUPS: 6818 17 1d 21 2e 1c 7b d 1e b 4c d 1e b 30 2b f 34 19 48 1d 8 fffff690
FIXUPS: 61af 1a 1a 14 2b 8 17 11 1a 27 4d 15 38 15 40 2b 16 1d 51 11 33
FIXUPS: 6491 1f 23 11 21 20 35 d0 8 17 fffff721 2b 8 17 11 1a 2c 61 8 17
FIXUPS: 5ead 11 1a 11 11 18 2b 8 17 11 1a 11 1e 54 3c 3a 15 50 4d 2b 8
FIXUPS: 617c fffff6be 1c 25 47 4d 8f 46 d 8 36 1c 25 3f 1d 29 1c 25 2d
FIXUPS: 5b80 29 8 17 52 5a 1a 42 8 17 22 11 1a 1a fffff5b1 34 b 9 8 9 46
FIXUPS: 53b1 2f 2c 2f 69 3f 2c 36 48 19 11 35 38 15 35 3c 65 1c 25 47 40
FIXUPS: 57e4 8 c c fffff6c2 1c 15 2c 2b 19 1c 2c 2b b 17 45 2c 1c 21 8
FIXUPS: 50da 20 7f 1e 3a 10 1d 46 1f d 34 27 17 b 9 8 fffff653 66 20 35
FIXUPS: 4a80 1b 1f 22 16 17 10 9 14 a1 92 19 3a 10 1b e 9 b 9 14 46 1c
FIXUPS: 4dad 4c d 2c 23 3b fffff640 15 17 4a 2c 36 2c 1d 8 21 28 4b 18
FIXUPS: 46ad 8 8 2c 13 25 17 1d 21 4b 1c 17 2f 8 25 30 2a 2b 5c fffff827
FIXUPS: 4167 c c c c 9 b 87 3b 12 12 b 58 17 18 b 94 f f f f f f c c c
FIXUPS: 444c 9 b 3d 17 fffff84b 11 11 12 12 12 12 12 12 12 24 17 1d3 1e
FIXUPS: 3ff6 14 7 16 13 17 10 9 14 13 17 25 11 2f f f f f fffff948 15 43
FIXUPS: 3af7 1c b 3a 22 14 7 14 6 14 7 14 7 14 7 14 7 14 7 8 12 10 14 7
FIXUPS: 3c8f 7 d 3b 12 fffff3c6 b 50 22 f 59 22 3d 22 2e f 36 1c a 29 38
FIXUPS: 331b 1c 3f 1c 82 5b 5f 12 16 52 6 4d 40 2b 15 3b5 fffff133 17 18
FIXUPS: 2b3d 17 a 29 42 14 f 2d 1c 95 1c 4d 1e b 30 1c 39 60 1c 39 13 7a
FIXUPS: 2f3f 39 13 8f 26 16 13 fffff5a5 17 11 9 21 52 b 17 46 30 47 c1
FIXUPS: 2869 2c 2c 2f 1c 5a 7 12 13 32 17 10 9 14 43 a 1c 16 f 48 fffff7bf
FIXUPS: 22a9 9 b 44 17 1e 17 11 1d 19 6 1a 26 1c d 32 c 3d 2b 9 b 4b 15
FIXUPS: 2534 2c 22 42 c c 17 8 fffff909 9 9 b 33 17 2c 54 f 17 10 17 11
FIXUPS: 205d 10 d 1c 1c 9 9 b 27 b 33 12 11 90 c 9 b 5b 8 fffff973 12 f
FIXUPS: 1c0c 43 26 1e 28 8 12 16 2f d 11 27 2e d 1b 15 13 1e 13 1b c 15
FIXUPS: 1e55 c 49 2a c c c fffff724 2f 33 33 37 37 33 37 3b 37 37 53 35
FIXUPS: 1941 b 28 19 73 17 1a 17 35 12 f 37 c 9 b 7d c 9 b 106e8 49 fffeedae
FIXUPS: 10c5 9 16 14 17 23 1f 39 11 17 29 2f 33 43 2f 4f 2f 4b 4b 37 2f
FIXUPS: 1468 2f 2f 2f 33 3b 43 37 10785 2e 45 17 14 17 15 35 24 14 16 1e
FIXUPS: 11ef1 23 2e 45 17 14 17 15 35 24 14 1a 1e 24 23 30 54 2f 18 12
FIXUPS: 11942 24 14 19 1e 24 23 2e 45 17 14 17 15 35 24 14 19 1e 24 23
FIXUPS: 11bdb 45 17 14 17 15 35 24 14 19 1e 24 fffff70a 100 17 14 17 15
FIXUPS: 115d5 24 14 1a 1e 24 23 30 45 17 14 17 15 35 24 14 19 1e 24 23
FIXUPS: 11871 45 17 14 17 15 fffff43b 3b 13 61 1f 26 10 25 72 d 61 1f 23
FIXUPS: 10fb3 12 37 22 2a 1b 28 b 1a e1 8 15d 22 22 23 1a 8 16 8 fffff2d4
FIXUPS: 10686 92 28 2a 20 15 55 7 7 f1 19 40 17 e 9 b 9 8 b9 68 38 19 40
FIXUPS: 10b6d e 9 b 9 5a 7f a1 fffff52b 7 7 7 20 7 7 7 7c 17 14 17 15 24
FIXUPS: 103b5 20 76 14 1a 25 26 15 15 17 d 10 18 3c 12 8f 18 22 fffff768
FIXUPS: fddd 75 1d 21 8a 5d 27 8e 10 8b 31 37 7 7 7 21 7 7 7 21 7 7 7 21
FIXUPS: 101d8 7 7 21 7 7 7 fffff84d 12 12 8 18 10 f 12 8 18 37 10 22 1b
FIXUPS: fb90 f f f f 49 12 3a 18 34 19 7 7 6 88 17 14 17 fffff922 f f 2b
FIXUPS: f730 a 9 57 13 a 9 2f 46 9 15 17 d 10 2b 1e e f f f f 37 12 63
FIXUPS: fa11 a 9 1e fffff783 17 14 17 15 24 2a 22 49 2a 40 39 e f f f f
FIXUPS: f448 33 e f f f f 7b 2f 2a 40 8e 33 e f fffff6c7 9 17 73 23 12
FIXUPS: eeab 21 c a 2b 17 4b c a 27 8 23 10 13 20 10 d 13 20 19 1d 31 15
FIXUPS: f121 7 7 fffff7bf 4e 7 7 7 7c 17 14 17 15 24 55 1d 21 65 27 27
FIXUPS: ebb2 10 21 4e 7 7 7 7c 17 14 17 15 24 18 12 fffff6a7 14 17 15 24
FIXUPS: e4c7 1d 21 54 27 27 27 10 24 4e 7 7 7 7c 17 14 17 15 24 55 1d 21
FIXUPS: e840 24 27 2b 10 fffff6aa 1d d 1d 12 22 31 18 3f 7 7 6 86 17 14
FIXUPS: e14f 15 24 55 1d 21 54 27 27 27 10 24 4e 7 7 7 7c fffff6ff 8 4a
FIXUPS: db86 52 99 8 34 4a 21 a a f 5f 25 8 50 a a 1e 27 10 18 10 d 18
FIXUPS: dee2 c 17 3f 10 14 fffff6d4 17 d 10 18 3b 12 c3 18 15 75 18 23
FIXUPS: d882 58 12 35 2b 1d 14 7c 17 14 17 16 17 15 24 1c 11 d a 5b01 24
FIXUPS: 1361b 1f 20 22 17 7 17 7 d 28 23 13 5f b ffff9a7b 19 19 d7 41 3b
FIXUPS: d443 90 1a 26 25 87 15 29 18 12 5bad b 2c c 24 d 14 28 2e 45 14
FIXUPS: 1331f 20 16 28 14 14 20 16 28 c 4e 21 16 14 19 14 4b 3d 3f 14 14
FIXUPS: 12ecc d 14 28 2e 45 14 14 20 16 3d c 2e 18 15 8 b 11 a f 24 c 15
FIXUPS: 13114 14 16 13 d 14 28 23 a fffffa39 b 11 a 1b 15 16 16 13 d a
FIXUPS: 12cb9 b 2c c 4f 11 a a 2a 16 13 a f c 16 d 14 28 2a 2b c fffff99f
FIXUPS: 128a1 10 10 10 10 51 c 37 16 1d d 14 19 33 19 27 19 27 19 27 19
FIXUPS: 12b15 19 3d c 24 1e a 8 18 15 fffff8be 11 10 2c d b 2a 19 3c 1d
FIXUPS: 125d0 47 1d 30 8 15 d 8 15 14 d 14 43 36 10 10 10 10 4d 31 10 10
FIXUPS: 13e99 14 f 14 24 23 2e 45 17 14 17 15 35 24 14 f 14 24 23 2e 4a
FIXUPS: 14156 27 25 ffffe1a7 2c b 3e 2c b 60 b 154e 2b 4e 7 7 7 7c 17 14
FIXUPS: 13afa 15 24 65 1d 21 5f 32 27 2e 10 2b 27 3a 7 7 7 7c 17 14 17
FIXUPS: 13e40 35 144f2 b fffec042 6c 34 2c 13 fffffd52 36 b 82 b 22 22
FIXUPS: 1430b 7 14 7 d fffff488 14 14 14 15 24 55 1d 21 56 29 27 2e 1467c
FIXUPS: 28046 c b 23 13 45 12 f f f f f 2c c c c c c c b af c c c c c c
FIXUPS: 282b6 2a 13 45 fffff84b 8d 13 46 c 10 13 5d b 30 13 46 c 10 13
FIXUPS: 27e22 c b 27 13 7c c c b 46 12 f 2c c c b 40 fffff6f2 b 11 b 17
FIXUPS: 27750 2a 15 51 2c f 6e 14 3f 1c 17 1e 26 b 19 1b e 24 1b 50 40
FIXUPS: 27a9b 2c 2c 2c 2c 25 fffff676 20 8 29 4e 17 34 26 9 b 3a 22 84
FIXUPS: 273f3 25 5c 47 17 34 26 9 b 27 b 47 15 20 18 31 70 17 2b fffff44d
FIXUPS: 26b85 4f 4f 4f 4f 5c 19 b 2d 16 37 34 34 34 34 30 4e 2c 19 b 3a
FIXUPS: 26fb5 30 4d 2c 32 36 95 25 35 8 fffff5f3 3c 37 37 b 15 9 33 17
FIXUPS: 268e2 9 30 17 15 9 30 17 15 9 30 19 9 9 9 b 45 22 11 3a 15 8 d
FIXUPS: 263b1 2c 36 29 52 52 29 15 8 29 15 8 30 15 8 12 17 22 10 8 40 15
FIXUPS: 26679 29 15 8 29 15 8 19 b 45 fffff9d8 7 17 7 14 6 14 6 14 6 16
FIXUPS: 261d5 16 6 16 6 14 7 14 7 14 7 14 7 d 49 22 11 3a 15 8 2c fffff865
FIXUPS: 25c34 48 48 4a 48 48 4a 48 4a 48 15 2c 8 17 38 5d 8e b 20 29 c
FIXUPS: 260b9 7 14 7 14 7 14 7 17 7 fffff5a4 36 19 38 2a 1b 29 37 b 24
FIXUPS: 25840 10 5e 10 38 10 38 1c 1c 46 15 10 38 31 6a 15 10 21 48 46
FIXUPS: 25bb9 8 fffff6b6 2d 1c 19 10 38 1c 19 10 29 10 29 29 22 21 1c 1f
FIXUPS: 2548d 3d 1a 17 25 38 18 1e 19 38 10 38 38 17 25 fffff858 17 40
FIXUPS: 24f52 17 3e 29 8 17 41 3e f 12 15 8 12 10 14 18 12 b 18 12 19 9
FIXUPS: 2516e 42 1e 17 31 2b 2b fffff825 30 b 4b 8 17 25 40 b 4c 8 17 25
FIXUPS: 24c76 b 30 8 17 25 4d 8 17 25 62 d 30 b 44 d 30 b 2f fffff723 25
FIXUPS: 24664 19 b 44 8 17 25 3c 31 19 b 44 8 17 25 3c 31 19 b 3f 33 b
FIXUPS: 24976 33 b 44 d 30 b 44 fffff794 2c 29 8 17 25 37 26 c 44 26 27
FIXUPS: 243b4 b 41 26 27 9 b 45 8 17 25 11 25 31 19 b 44 8 17 25 fffff78c
FIXUPS: 23dae 88 b1 27 b 2f 8 17 25 2b 26 8 c c 2e 29 8 17 25 2b 25 8 c
FIXUPS: 24109 2e 29 8 17 25 2d 8 fffff76c 25 38 5e 8 17 25 3b 19 b 4b 8
FIXUPS: 23b0d 25 11 39 12 27 9 b 30 8 17 25 3b 2b 8 17 25 3b 48 8 fffff42d
FIXUPS: 23436 b 18 22 b 45 8 17 25 28 25 29 17 19a 8 15 22 b 30 8 17 25
FIXUPS: 2382b 22 29 8 17 25 41 2b 8 fffff326 33 33 20 35 57 d b 2f 3c 3c
FIXUPS: 22e64 54 8 17 25 17 21 3b 37 37 37 50 15 22 b 4b b 17 28 2b 22
FIXUPS: 227bf 2f 8 17 25 3b 2c 8 17 25 3b 8 2b 8 17 25 3b 2c 8 17 25 3b
FIXUPS: 22a7d 2b 36 36 39 4e 8 17 25 42 fffff7a9 42 15 25 2e 1d 1c b 44
FIXUPS: 22511 25 2e 1d 1c b 4b 8 17 25 11 36 12 27 9 b 4c 8 17 25 38 8
FIXUPS: 227b4 fffff7af 4b 1c 3c 22 32 10 19 33 c 1d 1b b 30 15 2f 42 15
FIXUPS: 221f5 2e 1d 1c b 44 15 25 2e 1d 1c b 2f 15 fffff6f2 19 b 2f 8 17
FIXUPS: 21b24 38 2c 1c 3a 22 2b 11 33 8 46 d 2c 22 3b 36 1c 2a 2f 3a 22
FIXUPS: 21e7b 33 1c 3c 22 fffff7b9 39 12 27 9 b 4c 8 17 25 11 36 12 27
FIXUPS: 21880 b 4c 8 17 25 11 36 12 27 9 b 45 8 17 25 17 36 fffff8ce 8
FIXUPS: 21372 25 11 36 10 1c b 45 8 17 25 11 36 10 1c b 4c 8 17 25 11 36
FIXUPS: 21605 27 9 b 4c 8 17 25 fffff849 42 8 17 38 5e 8 17 25 11 36 12
FIXUPS: 210d4 9 b 30 8 17 25 38 2d 8 17 25 3b 49 8 17 25 18 1e b fffff7c0
FIXUPS: 20ad9 30 2b 8 17 38 42 8 17 38 42 8 17 38 8 17 38 8 17 38 42 8
FIXUPS: 20dcc 38 8 17 25 38 42 8 17 fffff597 10 4d 34 25 25 101 11a 44
FIXUPS: 207ba 17 11 17 38 1d 2b 23 15 5b 13 17 18 6a 8 d b 49 d 1e b 4c
FIXUPS: 20ab0 fffff607 2a 31 35 f 8 8 13 17 1d 1a 9 b 4a 19 11 29 17 8e
FIXUPS: 20347 31 35 f 8 8 13 17 1d 1a 9 b 2f fffff850 f b 34 2a 37 25 17
FIXUPS: 1fdc2 56 39 12 b b 13 17 23 1a 9 9 9 9 9 9 b 4a 19 11 20 17 6a
FIXUPS: 20089 fffff84f 30 1f 3c f 6 13 e 4c 2a 37 25 17 17 56 23 1f 41
FIXUPS: 1fb78 20 6 20 6 20 6 16 13 20 13 17 20 13 fffff79e 12 12 12 ef
FIXUPS: 1f562 f c c c 9 b 62 10 ba f f c c c 9 b 4e 14 14 17 8c 1b 1b b
FIXUPS: 1f897 e fffff7c5 20 19 b 2f 32 29 32 3e 19 22 11 3a 15 8 2c 2c
FIXUPS: 1f2bc b 2f b 20 29 c 14 7 14 7 d 65 12 f fffff7e2 b 2f 15 2f 42
FIXUPS: 1ecd6 25 2e 1d 1c b 44 15 25 2e 1d 1c b 2f 15 2f 42 15 25 2e 20
FIXUPS: 1efb3 b 44 15 25 fffff74e 8 24 25 1e 33 2b 40 13 17 28 26 b 4a
FIXUPS: 1e96c 24 25 1e 33 2b 40 13 17 28 26 b 44 d 30 b 44 d fffff7c9 25
FIXUPS: 1e3dd f 30 2b 32 13 17 28 25 27 9 9 b 52 8 17 25 1e f 30 2b 32
FIXUPS: 1e697 17 28 25 27 9 9 b fffff7ee 36 19 b 2f 8 17 38 2d 8 24 38
FIXUPS: 1e0c9 8 17 38 42 8 24 41 2b 8 17 38 41 1c 2a 2e 19 b 51 8 fffff80b
FIXUPS: 1db96 17 38 42 8 17 11 36 10 1c b 45 8 17 11 36 10 1c b 4c 8 17
FIXUPS: 1de22 36 12 27 9 b 45 8 24 fffff8d4 8 17 11 36 12 27 9 b 45 8 24
FIXUPS: 1d925 36 19 b 4b 8 17 11 36 12 27 9 b 45 8 24 17 36 19 b fffff74d
FIXUPS: 1d2b9 9 b 4a 1c 25 3e 33 13 17 1e 3c 42 1c 11 17 59 37 1f 46 2c
FIXUPS: 1d601 9 b 2f 86 42 29 8 17 38 fffff64c 29 32 29 32 29 b 20 29 c
FIXUPS: 1cf2b 7 14 7 d 65 67 b 4a 10 24 1e b 42 8 17 49 25 34 8f 16 16
FIXUPS: 1c9ac 1d 1c b 44 15 25 2e 1d 1c b 2f 15 2f 42 15 25 2e 1d 1c b
FIXUPS: 1cc85 15 25 2e 1d 1c b 2f 8 17 25 fffff833 24 9 2e 20 18 2f 13
FIXUPS: 1c6c3 1e 26 b 44 19 1e e 36 19 b 44 8 19 8 9 19 b 2f 15 2f 42 15
FIXUPS: 1c97e fffff895 b 4a 28 28 20 9 2b 32 18 2f 13 17 1e 26 9 9 b 44
FIXUPS: 1c46d 1e e 36 19 b 44 8 19 8 9 19 b fffff8b3 12 27 9 b 45 8 24
FIXUPS: 1bf23 17 36 19 b 4b 8 17 25 11 36 12 27 9 b 30 8 17 25 38 41 8
FIXUPS: 1c1bf 3b fffff85f 41 8 17 25 11 36 10 1c b 45 8 17 25 11 36 10
FIXUPS: 1bc58 b 45 8 24 25 17 36 19 b 4b 8 17 25 11 fffff878 12 27 9 b
FIXUPS: 1b714 8 24 25 17 36 19 b 4b 8 17 25 11 36 12 27 9 b 30 8 24 25
FIXUPS: 1b9b2 2b 8 17 25 fffff848 57 8 24 25 17 36 19 b 4b 8 17 25 11 36
FIXUPS: 1b46a 27 9 b 45 8 24 25 17 36 19 b 4b 8 17 25 11 fffff738 9 9 b
FIXUPS: 1adeb 1c 25 3e 33 13 17 1e 3c 48 19 11 17 51 28 25 1c 17 28 39
FIXUPS: 1b0e9 b 2f a1 29 8 17 25 fffff748 8 22 b 2f b 20 29 c 14 7 14 7
FIXUPS: 1aa80 65 67 b 4a 10 24 1e b 42 8 17 31 24 21 21 31 47 d fffff7cb
FIXUPS: 1a54e 2c 1f 8 2b 17 34 32 9 b 2f 32 3e 19 22 11 3a 15 8 2c 33 4f
FIXUPS: 1a85c 29 f 29 59 15 8 1b 16 fffff709 29 15 8 36 19 b 2f 32 44 19
FIXUPS: 1a1ed 11 3a 15 8 29 15 8 29 15 8 44 29 2d 4d 2c 32 36 74 25 32
FIXUPS: 19c65 20 19 b 2f 1e 15 31 13 44 32 3e 19 22 11 3a 15 8 29 52 33
FIXUPS: 19f63 29 f 29 15 8 29 15 8 29 15 fffff797 b 2f 15 2f 42 15 25 2e
FIXUPS: 19944 19 b 44 15 25 2e 20 19 b 2f 15 2f 42 15 25 2e 20 19 b 44
FIXUPS: 19c12 25 fffff792 44 8 17 1e e 36 19 b 44 1c 17 28 2f 22 9 b 2f
FIXUPS: 195fa 2f 42 15 25 2e 20 19 b 44 15 25 2e 20 fffff770 50 b 17 27
FIXUPS: 19010 3d 23 9 20 9 20 9 31 57 7d c 25 20 9 30 29 4f 13 17 4a 48
FIXUPS: 1939a 9 9 9 9 fffff855 8 17 25 38 41 8 17 1e e 36 19 b 44 8 17
FIXUPS: 18df6 e 36 19 b 44 8 f 10 c c 21 f c 22 9 fffff8f8 b 4c 8 17 25
FIXUPS: 188ec 36 12 27 9 b 4c 8 17 25 11 36 12 27 9 b 30 8 17 25 38 2d
FIXUPS: 18b74 17 25 38 fffff795 b 2f af 24 1b b 24 1b b 24 1b 41 38 29
FIXUPS: 185e3 17 25 38 42 8 17 25 38 5e 8 17 25 11 36 12 27 fffff780 9c
FIXUPS: 1805f c 9 b 42 8 17 11 e 15 2c 39 29 22 9 9 b 44 8 17 16 e 2f 21
FIXUPS: 182d9 35 3b 19 9 9 fffff8c5 15 8 2c 2c 33 15 8 19 b 2f b 20 29
FIXUPS: 17db1 14 7 14 7 14 7 d 65 14 11 11 7b c c 9 b 56 fffff7ee 25 34
FIXUPS: 17803 29 5 15 32 3e 19 22 11 3a 15 8 33 15 8 33 3f b 2f 32 3e 19
FIXUPS: 17b00 11 3a 15 8 29 4f fffff7b0 19 b 2f 15 2f 42 15 25 2e 20 19
FIXUPS: 17515 44 15 25 2e 20 19 b 2f 8 17 25 34 29 8 17 25 34 29 8 fffff821
FIXUPS: 16fb2 9 9 b 2d 38 c 15 2f 19 b 33 15 21 2e 19 b 2f 15 2f 42 15
FIXUPS: 17252 2e 20 19 b 44 15 25 2e fffff751 47 1c 11 36 12 27 9 b 4c
FIXUPS: 16c20 11 36 12 27 9 b 30 1c 41 2b 1c 38 56 15 9 15 18 9a 24 33
FIXUPS: 16f96 fffff77d 3e c 15 2f 12 27 9 b 3d c 15 2f 19 b 3c c 15 2f
FIXUPS: 16944 b 3c c 15 2f 19 b 1e 15 2f 1c 15 fffff808 17 1e 3c 42 1c
FIXUPS: 1638e 11 17 1c 1b f 15 32 42 39 19 b 2f 34 24 1b 41 68 12 37 c
FIXUPS: 16697 2f 12 27 9 fffff7f6 b 4c 17 17 12 2a 9 b 42 8 17 22 22 e
FIXUPS: 1609b e 15 12 42 1d 2b 9 9 b 4a 1c 25 e 15 2f 33 fffff859 1d 3c
FIXUPS: 15b68 18 8 2f 18 8 2f 18 8 35 19 b 43 15 31 2d 22 11 b 11 b 1b
FIXUPS: 15dc1 11 2f f 69 14 68 fffff640 d d b 69 4a b 63 7f b 35 3f 4b
FIXUPS: 157e2 38 2e 14 29 b 48 17 48 2a 1b 15 26 25 b 22 51 47 27 fffff873
FIXUPS: 15364 7 14 6 15 7 15 d 6 15 d 6 14 7 14 7 14 6 14 6 15 7 d 3e 7
FIXUPS: 154dd 6 15 7 15 14 fffffae7 d 29 7 14 6 14 6 38 12 f 49 c c b 85
FIXUPS: 1520c c c b 2b 7 14 6 14 6 14 6 14 7 15 7 fffffa10 29 7 14 6 14
FIXUPS: 14d5b 38 4c b 7d 30 b 2b 7 14 6 15 7 5c 7 14 7 14 7 14 7 14 7 14
FIXUPS: 14ff4 14 fffffb2f d 29 7 14 6 15 7 14 7 14 7 15 7 14 7 14 7 14
FIXUPS: 14c4d 14 6 14 6 14 6 14 6 14 6 14 6 fffffc97 6 14 7 15 7 14 6 d
FIXUPS: 14a0d 7 14 6 14 7 14 7 15 d 6 15 d 6 14 6 14 6 14 6 14 6 14 fffffc5b
FIXUPS: 1479c 2c 7 14 7 14 6 14 6 14 6 14 7 d 29 7 14 6 14 6 14 7 d 29
FIXUPS: 1491c 14 6 14 7 14 7 1630b 11 91 55 55 3f 3e 13 fffe9682 14 40
FIXUPS: 14532 b 4f 14 22 22 33 9 b 19 1a 15 1a 37 11 15 11 15 1c 39 11
FIXUPS: 2a767 5e 86 28 7 7 7 5e 86 18 13 f 16 17 19 7 7 6 79 f 33 17 11
FIXUPS: 2ab16 50 14 26 17 11 33 4f 16 fffff5ff 7 7 7 5e 8d 25 7 7 7 5e
FIXUPS: 2a486 24 7 7 7 5e 88 18 13 f 16 17 19 7 7 6 68 8d 24 7 7 fffff550
FIXUPS: 29cf3 22 16 22 7 7 6 68 28 5f 22 7 7 7 5e 27 62 35 22 7 7 7 68
FIXUPS: 2a0cf 3e 24 7 7 7 68 8d fffff60e 15 1b 13 1c 1b 13 18 16 67 1b
FIXUPS: 2999e 29 19 16 18 40 a 13 37 16 17 1b 20 15 15 20 20 6a 3f 2d a
FIXUPS: 29436 12 13 25 12 20 13 62 24 32 17 1b 20 15 15 20 24 16 13 1c
FIXUPS: 29698 1f 1e 18 13 4e 1e 18 24 18 3b 20 fffff589 1a 11 21 43 6c
FIXUPS: 28ed4 8b 1b 28 b 26 75 b7 62 97 1a 9 2f 20 25 18 29 1a 11 13 14
FIXUPS: 29335 11 13 17 11 fffff220 7d 14 32 16 11 52 38 8b 16 1c a4 61
FIXUPS: 28965 2b 1f 18 36 15 36 15 6e 18 44 29 18 a4 30 84 1f 1f 6d 37ce
FIXUPS: 2c550 14 d 17 14 d d d 9 9 b 2c 3f 3f 3f 3f 28 13 ffffbc6b 74 b0
FIXUPS: 284ed 12 12 12 12 12 12 12 12 12 3bcf 20 16 28 14 14 20 16 28 c
FIXUPS: 2c29c 21 16 14 19 14 4b 3d 3f 14 14 22 24 11 1f 20 3e c 17 7 17
FIXUPS: 2c52c fffff882 28 2e 45 c 37 18 28 15 8 14 16 13 d 14 28 23 a 28
FIXUPS: 2bfd0 24 d 14 28 2e 45 14 14 20 16 28 14 fffff8c7 19 27 19 27 19
FIXUPS: 2bad1 19 27 19 27 19 27 19 28 c 53 2a 16 13 a f c 16 d 14 28 2a
FIXUPS: 2bd5d c 24 d fffff8df 2d 16 23 37 43 12 9 9 9 b 30 17 29 17 26
FIXUPS: 2b84a 37 16 e 1b 16 e d 14 19 33 19 27 19 27 19 fffff83f 2c 10
FIXUPS: 2b279 16 23 12 60 d 9 b 3f 19 1d 25 b 16 8 1e 16 32 47 12 37 16
FIXUPS: 2b537 3a 8 1e 16 14 9c fffff89c 15 12 12 2a 10 f 22 f f 9 b 3e
FIXUPS: 2b022 12 12 2a 10 f 22 f f 9 b 8d f f 9 b 3f 27 11
