 MFCN42D

 Timestamp is 31c840ca (Wed Jun 19 11:02:50 1996)

 Preferred load address is 5f600000

 Start         Length     Name                   Class
 0001:00000000 00000c38H .text                   CODE
 0001:00000c40 0000040fH .text$AFX_INIT          CODE
 0001:00001050 00002eefH .text$AFX_SOCK          CODE
 0001:00003f40 0000020bH .text$AFX_VDEL          CODE
 0002:00000000 000005c1H .rdata                  DATA
 0002:000005c8 00000288H .rdata$r                DATA
 0002:00000850 000002b8H .xdata$x                DATA
 0002:00000b10 00000268H .edata                  DATA
 0003:00000000 00000004H .CRT$XCA                DATA
 0003:00000004 00000004H .CRT$XCL                DATA
 0003:00000008 00000004H .CRT$XCZ                DATA
 0003:0000000c 00000004H .CRT$XIA                DATA
 0003:00000010 00000004H .CRT$XIZ                DATA
 0003:00000020 00000214H .data                   DATA
 0003:00000238 00000024H .bss                    DATA
 0004:00000000 00000050H .idata$2                DATA
 0004:00000050 00000014H .idata$3                DATA
 0004:00000064 00000238H .idata$4                DATA
 0004:0000029c 00000238H .idata$5                DATA
 0004:000004d4 000001b6H .idata$6                DATA
 0005:00000000 00000058H .rsrc$01                DATA
 0005:00000060 00000364H .rsrc$02                DATA

  Address         Publics by Value              Rva+Base   Lib:Object

 0001:00000000       ??B?$CTypedSimpleList@PAUCRuntimeClass@@@@QAEPAUCRuntimeClass@@XZ 5f601000 f dllnet.obj
 0001:00000020       ?GetHead@CSimpleList@@QBEPAXXZ 5f601020 f dllnet.obj
 0001:00000040       ??B?$CTypedSimpleList@PAVCOleObjectFactory@@@@QAEPAVCOleObjectFactory@@XZ 5f601040 f dllnet.obj
 0001:00000060       ??1CNoTrackObject@@UAE@XZ  5f601060 f sockcore.obj
 0001:00000080       ??_ECNoTrackObject@@UAEPAXI@Z 5f601080 f sockcore.obj
 0001:00000080       ??_GCNoTrackObject@@UAEPAXI@Z 5f601080 f sockcore.obj
 0001:000000c0       ?T2A@@YAPADPAD@Z           5f6010c0 f sockcore.obj
 0001:000000e0       ?GetData@?$CProcessLocal@V_AFX_SOCK_STATE@@@@QAEPAV_AFX_SOCK_STATE@@XZ 5f6010e0 f sockcore.obj
 0001:00000130       ??C?$CProcessLocal@V_AFX_SOCK_STATE@@@@QAEPAV_AFX_SOCK_STATE@@XZ 5f601130 f sockcore.obj
 0001:00000150       ?CreateObject@?$CProcessLocal@V_AFX_SOCK_STATE@@@@SGPAVCNoTrackObject@@XZ 5f601150 f sockcore.obj
 0001:000001e0       ??0_AFX_SOCK_STATE@@QAE@XZ 5f6011e0 f sockcore.obj
 0001:00000250       ??0CNoTrackObject@@QAE@XZ  5f601250 f sockcore.obj
 0001:00000280       ??_E_AFX_SOCK_STATE@@UAEPAXI@Z 5f601280 f sockcore.obj
 0001:00000280       ??_G_AFX_SOCK_STATE@@UAEPAXI@Z 5f601280 f sockcore.obj
 0001:000002b6       ?AfxGetModuleState@@YGPAVAFX_MODULE_STATE@@XZ 5f6012b6 f MFC42D:MFC42D.DLL
 0001:000002bc       ??3CObject@@SGXPAX@Z       5f6012bc f MFC42D:MFC42D.DLL
 0001:000002c2       ?AfxTermThread@@YGXPAUHINSTANCE__@@@Z 5f6012c2 f MFC42D:MFC42D.DLL
 0001:000002c8       ?AfxTermExtensionModule@@YGXAAUAFX_EXTENSION_MODULE@@H@Z 5f6012c8 f MFC42D:MFC42D.DLL
 0001:000002ce       ?AfxAssertFailedLine@@YGHPBDH@Z 5f6012ce f MFC42D:MFC42D.DLL
 0001:000002d4       ??0CDynLinkLibrary@@QAE@AAUAFX_EXTENSION_MODULE@@H@Z 5f6012d4 f MFC42D:MFC42D.DLL
 0001:000002da       ??2CObject@@SGPAXI@Z       5f6012da f MFC42D:MFC42D.DLL
 0001:000002e0       ?AfxInitExtensionModule@@YGHAAUAFX_EXTENSION_MODULE@@PAUHINSTANCE__@@@Z 5f6012e0 f MFC42D:MFC42D.DLL
 0001:000002e6       ?AfxGetAppModuleState@@YGPAVAFX_MODULE_STATE@@XZ 5f6012e6 f MFC42D:MFC42D.DLL
 0001:000002ec       ??3@YAXPAX@Z               5f6012ec f MFC42D:MFC42D.DLL
 0001:000002f2       ??2@YAPAXI@Z               5f6012f2 f MFC42D:MFC42D.DLL
 0001:000002f8       ?AfxLoadDll@@YGPAUHINSTANCE__@@RAPAU1@PBDPAP6GHXZ1@Z 5f6012f8 f MFC42D:MFC42D.DLL
 0001:000002fe       ?Serialize@CObject@@UAEXAAVCArchive@@@Z 5f6012fe f MFC42D:MFC42D.DLL
 0001:00000304       ??1CObject@@UAE@XZ         5f601304 f MFC42D:MFC42D.DLL
 0001:0000030a       ??0CObject@@IAE@XZ         5f60130a f MFC42D:MFC42D.DLL
 0001:00000310       ??4CString@@QAEABV0@PBD@Z  5f601310 f MFC42D:MFC42D.DLL
 0001:00000316       ??3CNoTrackObject@@SGXPAX@Z 5f601316 f MFC42D:MFC42D.DLL
 0001:0000031c       ?AfxGetModuleThreadState@@YGPAVAFX_MODULE_THREAD_STATE@@XZ 5f60131c f MFC42D:MFC42D.DLL
 0001:00000322       ?GetValueAt@CMapPtrToPtr@@QBEPAXPAX@Z 5f601322 f MFC42D:MFC42D.DLL
 0001:00000328       ?AfxEnableMemoryTracking@@YGHH@Z 5f601328 f MFC42D:MFC42D.DLL
 0001:0000032e       ?SetAt@CMapPtrToPtr@@QAEXPAX0@Z 5f60132e f MFC42D:MFC42D.DLL
 0001:00000334       ?Lookup@CMapPtrToPtr@@QBEHPAXAAPAX@Z 5f601334 f MFC42D:MFC42D.DLL
 0001:0000033a       ?FromHandlePermanent@CWnd@@SGPAV1@PAUHWND__@@@Z 5f60133a f MFC42D:MFC42D.DLL
 0001:00000340       ?AfxThrowResourceException@@YGXXZ 5f601340 f MFC42D:MFC42D.DLL
 0001:00000346       ?AfxTrace@@YAXPBDZZ        5f601346 f MFC42D:MFC42D.DLL
 0001:0000034c       ?CreateEx@CWnd@@QAEHKPBD0KHHHHPAUHWND__@@PAUHMENU__@@PAX@Z 5f60134c f MFC42D:MFC42D.DLL
 0001:00000352       ?AfxRegisterWndClass@@YGPBDIPAUHICON__@@PAUHBRUSH__@@0@Z 5f601352 f MFC42D:MFC42D.DLL
 0001:00000358       ??2CObject@@SGPAXIPBDH@Z   5f601358 f MFC42D:MFC42D.DLL
 0001:0000035e       ?IsEmpty@CMapPtrToPtr@@QBEHXZ 5f60135e f MFC42D:MFC42D.DLL
 0001:00000364       ?RemoveKey@CMapPtrToPtr@@QAEHPAX@Z 5f601364 f MFC42D:MFC42D.DLL
 0001:0000036a       ?RemoveHead@CPtrList@@QAEPAXXZ 5f60136a f MFC42D:MFC42D.DLL
 0001:00000370       ?IsEmpty@CPtrList@@QBEHXZ  5f601370 f MFC42D:MFC42D.DLL
 0001:00000376       ?RemoveAll@CMapPtrToPtr@@QAEXXZ 5f601376 f MFC42D:MFC42D.DLL
 0001:0000037c       ?AfxAssertValidObject@@YGXPBVCObject@@PBDH@Z 5f60137c f MFC42D:MFC42D.DLL
 0001:00000382       ?AssertValid@CObject@@UBEXXZ 5f601382 f MFC42D:MFC42D.DLL
 0001:00000388       ??6CDumpContext@@QAEAAV0@PBD@Z 5f601388 f MFC42D:MFC42D.DLL
 0001:0000038e       ??6CDumpContext@@QAEAAV0@I@Z 5f60138e f MFC42D:MFC42D.DLL
 0001:00000394       ?Dump@CObject@@UBEXAAVCDumpContext@@@Z 5f601394 f MFC42D:MFC42D.DLL
 0001:0000039a       ?AddTail@CPtrList@@QAEPAU__POSITION@@PAX@Z 5f60139a f MFC42D:MFC42D.DLL
 0001:000003a0       ??2@YAPAXIPBDH@Z           5f6013a0 f MFC42D:MFC42D.DLL
 0001:000003a6       ?Delete@CException@@QAEXXZ 5f6013a6 f MFC42D:MFC42D.DLL
 0001:000003ac       ?IsKindOf@CObject@@QBEHPBUCRuntimeClass@@@Z 5f6013ac f MFC42D:MFC42D.DLL
 0001:000003b2       ?AfxGetThread@@YGPAVCWinThread@@XZ 5f6013b2 f MFC42D:MFC42D.DLL
 0001:000003b8       ??6CDumpContext@@QAEAAV0@H@Z 5f6013b8 f MFC42D:MFC42D.DLL
 0001:000003be       ??6CDumpContext@@QAEAAV0@PBX@Z 5f6013be f MFC42D:MFC42D.DLL
 0001:000003c4       ?GetBufferPtr@CFile@@UAEIIIPAPAX0@Z 5f6013c4 f MFC42D:MFC42D.DLL
 0001:000003ca       ?SetFilePath@CFile@@UAEXPBD@Z 5f6013ca f MFC42D:MFC42D.DLL
 0001:000003d0       ?GetFilePath@CFile@@UBE?AVCString@@XZ 5f6013d0 f MFC42D:MFC42D.DLL
 0001:000003d6       ?GetFileTitle@CFile@@UBE?AVCString@@XZ 5f6013d6 f MFC42D:MFC42D.DLL
 0001:000003dc       ?GetFileName@CFile@@UBE?AVCString@@XZ 5f6013dc f MFC42D:MFC42D.DLL
 0001:000003e2       ??1CFile@@UAE@XZ           5f6013e2 f MFC42D:MFC42D.DLL
 0001:000003e8       ??0CFile@@QAE@XZ           5f6013e8 f MFC42D:MFC42D.DLL
 0001:000003ee       ?AfxThrowFileException@@YGXHJPBD@Z 5f6013ee f MFC42D:MFC42D.DLL
 0001:000003f4       ?AfxThrowNotSupportedException@@YGXXZ 5f6013f4 f MFC42D:MFC42D.DLL
 0001:000003fa       ?AssertValid@CFile@@UBEXXZ 5f6013fa f MFC42D:MFC42D.DLL
 0001:00000400       ??6CDumpContext@@QAEAAV0@PBVCObject@@@Z 5f601400 f MFC42D:MFC42D.DLL
 0001:00000406       ?GetDepth@CDumpContext@@QBEHXZ 5f601406 f MFC42D:MFC42D.DLL
 0001:0000040c       ?Dump@CFile@@UBEXAAVCDumpContext@@@Z 5f60140c f MFC42D:MFC42D.DLL
 0001:00000412       ?SetOccDialogInfo@CWnd@@MAEHPAU_AFX_OCC_DIALOG_INFO@@@Z 5f601412 f MFC42D:MFC42D.DLL
 0001:00000418       ?IsFrameWnd@CWnd@@UBEHXZ   5f601418 f MFC42D:MFC42D.DLL
 0001:0000041e       ?CheckAutoCenter@CWnd@@UAEHXZ 5f60141e f MFC42D:MFC42D.DLL
 0001:00000424       ?OnChildNotify@CWnd@@MAEHIIJPAJ@Z 5f601424 f MFC42D:MFC42D.DLL
 0001:0000042a       ?PostNcDestroy@CWnd@@MAEXXZ 5f60142a f MFC42D:MFC42D.DLL
 0001:00000430       ?DefWindowProcA@CWnd@@MAEJIIJ@Z 5f601430 f MFC42D:MFC42D.DLL
 0001:00000436       ?OnWndMsg@CWnd@@MAEHIIJPAJ@Z 5f601436 f MFC42D:MFC42D.DLL
 0001:0000043c       ?WindowProc@CWnd@@MAEJIIJ@Z 5f60143c f MFC42D:MFC42D.DLL
 0001:00000442       ?OnAmbientProperty@CWnd@@UAEHPAVCOleControlSite@@JPAUtagVARIANT@@@Z 5f601442 f MFC42D:MFC42D.DLL
 0001:00000448       ?PreTranslateMessage@CWnd@@UAEHPAUtagMSG@@@Z 5f601448 f MFC42D:MFC42D.DLL
 0001:0000044e       ?EndModalState@CWnd@@UAEXXZ 5f60144e f MFC42D:MFC42D.DLL
 0001:00000454       ?BeginModalState@CWnd@@UAEXXZ 5f601454 f MFC42D:MFC42D.DLL
 0001:0000045a       ?DoDataExchange@CWnd@@MAEXPAVCDataExchange@@@Z 5f60145a f MFC42D:MFC42D.DLL
 0001:00000460       ?GetSuperWndProcAddr@CWnd@@MAEPAP6GJPAUHWND__@@IIJ@ZXZ 5f601460 f MFC42D:MFC42D.DLL
 0001:00000466       ?OnNotify@CWnd@@MAEHIJPAJ@Z 5f601466 f MFC42D:MFC42D.DLL
 0001:0000046c       ?OnCommand@CWnd@@MAEHIJ@Z  5f60146c f MFC42D:MFC42D.DLL
 0001:00000472       ?EndModalLoop@CWnd@@UAEXH@Z 5f601472 f MFC42D:MFC42D.DLL
 0001:00000478       ?ContinueModal@CWnd@@UAEHXZ 5f601478 f MFC42D:MFC42D.DLL
 0001:0000047e       ?WinHelpA@CWnd@@UAEXKI@Z   5f60147e f MFC42D:MFC42D.DLL
 0001:00000484       ?GetScrollBarCtrl@CWnd@@UBEPAVCScrollBar@@H@Z 5f601484 f MFC42D:MFC42D.DLL
 0001:0000048a       ?OnToolHitTest@CWnd@@UBEHVCPoint@@PAUtagTOOLINFOA@@@Z 5f60148a f MFC42D:MFC42D.DLL
 0001:00000490       ?CalcWindowRect@CWnd@@UAEXPAUtagRECT@@I@Z 5f601490 f MFC42D:MFC42D.DLL
 0001:00000496       ?PreCreateWindow@CWnd@@UAEHAAUtagCREATESTRUCTA@@@Z 5f601496 f MFC42D:MFC42D.DLL
 0001:0000049c       ?DestroyWindow@CWnd@@UAEHXZ 5f60149c f MFC42D:MFC42D.DLL
 0001:000004a2       ?Create@CWnd@@UAEHPBD0KABUtagRECT@@PAV1@IPAUCCreateContext@@@Z 5f6014a2 f MFC42D:MFC42D.DLL
 0001:000004a8       ?PreSubclassWindow@CWnd@@UAEXXZ 5f6014a8 f MFC42D:MFC42D.DLL
 0001:000004ae       ?GetConnectionHook@CCmdTarget@@MAEPAUIConnectionPoint@@ABU_GUID@@@Z 5f6014ae f MFC42D:MFC42D.DLL
 0001:000004b4       ?GetExtraConnectionPoints@CCmdTarget@@MAEHPAVCPtrArray@@@Z 5f6014b4 f MFC42D:MFC42D.DLL
 0001:000004ba       ?GetInterfaceHook@CCmdTarget@@UAEPAUIUnknown@@PBX@Z 5f6014ba f MFC42D:MFC42D.DLL
 0001:000004c0       ?OnCreateAggregates@CCmdTarget@@UAEHXZ 5f6014c0 f MFC42D:MFC42D.DLL
 0001:000004c6       ?GetEventSinkMap@CCmdTarget@@MBEPBUAFX_EVENTSINKMAP@@XZ 5f6014c6 f MFC42D:MFC42D.DLL
 0001:000004cc       ?GetInterfaceMap@CCmdTarget@@MBEPBUAFX_INTERFACEMAP@@XZ 5f6014cc f MFC42D:MFC42D.DLL
 0001:000004d2       ?GetConnectionMap@CCmdTarget@@MBEPBUAFX_CONNECTIONMAP@@XZ 5f6014d2 f MFC42D:MFC42D.DLL
 0001:000004d8       ?GetDispatchMap@CCmdTarget@@MBEPBUAFX_DISPMAP@@XZ 5f6014d8 f MFC42D:MFC42D.DLL
 0001:000004de       ?GetCommandMap@CCmdTarget@@MBEPBUAFX_OLECMDMAP@@XZ 5f6014de f MFC42D:MFC42D.DLL
 0001:000004e4       ?GetTypeLib@CCmdTarget@@UAEJKPAPAUITypeLib@@@Z 5f6014e4 f MFC42D:MFC42D.DLL
 0001:000004ea       ?GetTypeLibCache@CCmdTarget@@UAEPAVCTypeLibCache@@XZ 5f6014ea f MFC42D:MFC42D.DLL
 0001:000004f0       ?GetTypeInfoCount@CCmdTarget@@UAEIXZ 5f6014f0 f MFC42D:MFC42D.DLL
 0001:000004f6       ?GetDispatchIID@CCmdTarget@@UAEHPAU_GUID@@@Z 5f6014f6 f MFC42D:MFC42D.DLL
 0001:000004fc       ?IsInvokeAllowed@CCmdTarget@@UAEHJ@Z 5f6014fc f MFC42D:MFC42D.DLL
 0001:00000502       ?OnFinalRelease@CWnd@@UAEXXZ 5f601502 f MFC42D:MFC42D.DLL
 0001:00000508       ?OnCmdMsg@CCmdTarget@@UAEHIHPAXPAUAFX_CMDHANDLERINFO@@@Z 5f601508 f MFC42D:MFC42D.DLL
 0001:0000050e       ?Dump@CWnd@@UBEXAAVCDumpContext@@@Z 5f60150e f MFC42D:MFC42D.DLL
 0001:00000514       ?AssertValid@CWnd@@UBEXXZ  5f601514 f MFC42D:MFC42D.DLL
 0001:0000051a       ?GetRuntimeClass@CWnd@@UBEPAUCRuntimeClass@@XZ 5f60151a f MFC42D:MFC42D.DLL
 0001:00000520       ??1CWnd@@UAE@XZ            5f601520 f MFC42D:MFC42D.DLL
 0001:00000526       ??0CWnd@@QAE@XZ            5f601526 f MFC42D:MFC42D.DLL
 0001:0000052c       ??1CProcessLocalObject@@QAE@XZ 5f60152c f MFC42D:MFC42D.DLL
 0001:00000532       ?GetData@CProcessLocalObject@@QAEPAVCNoTrackObject@@P6GPAV2@XZ@Z 5f601532 f MFC42D:MFC42D.DLL
 0001:00000538       ??2CNoTrackObject@@SGPAXI@Z 5f601538 f MFC42D:MFC42D.DLL
 0001:00000540       ___CxxFrameHandler         5f601540 f msvcrtd:MSVCRTD.dll
 0001:00000550       ??_L@YGXPAXIHP6EX0@Z1@Z    5f601550 f msvcrtd:ehvecctr.obj
 0001:00000610       ??_M@YGXPAXIHP6EX0@Z@Z     5f601610 f msvcrtd:ehvecdtr.obj
 0001:000006c0       ?__ArrayUnwind@@YGXPAXIHP6EX0@Z@Z 5f6016c0 f msvcrtd:ehvecdtr.obj
 0001:000007a0       ??_Etype_info@@UAEPAXI@Z   5f6017a0 f msvcrtd:ti_inst.obj
 0001:000007a0       ??_Gtype_info@@UAEPAXI@Z   5f6017a0 f msvcrtd:ti_inst.obj
 0001:000007da       _memset                    5f6017da f msvcrtd:MSVCRTD.dll
 0001:000007e0       __onexit                   5f6017e0 f msvcrtd:atonexit.obj
 0001:000008b0       _atexit                    5f6018b0 f msvcrtd:atonexit.obj
 0001:000008e0       __CRT_INIT@12              5f6018e0 f msvcrtd:crtdll.obj
 0001:00000ae0       __DllMainCRTStartup@12     5f601ae0 f msvcrtd:crtdll.obj
 0001:00000c1a       __except_handler3          5f601c1a f msvcrtd:MSVCRTD.dll
 0001:00000c20       ?terminate@@YAXXZ          5f601c20 f msvcrtd:MSVCRTD.dll
 0001:00000c26       ??1type_info@@UAE@XZ       5f601c26 f msvcrtd:MSVCRTD.dll
 0001:00000c2c       ___dllonexit               5f601c2c f msvcrtd:MSVCRTD.dll
 0001:00000c32       __initterm                 5f601c32 f msvcrtd:MSVCRTD.dll
 0001:00000c40       _RawDllMain@12             5f601c40 f dllnet.obj
 0001:00000cf9       _DllMain@12                5f601cf9 f dllnet.obj
 0001:00000e13       ?AfxNetInitModule@@YGXXZ   5f601e13 f dllnet.obj
 0001:00000ef0       ?_GetBaseClass@CAsyncSocket@@KGPAUCRuntimeClass@@XZ 5f601ef0 f sockcore.obj
 0001:00000f05       ?GetRuntimeClass@CAsyncSocket@@UBEPAUCRuntimeClass@@XZ 5f601f05 f sockcore.obj
 0001:00000f20       ?_GetBaseClass@CSocket@@KGPAUCRuntimeClass@@XZ 5f601f20 f sockcore.obj
 0001:00000f35       ?GetRuntimeClass@CSocket@@UBEPAUCRuntimeClass@@XZ 5f601f35 f sockcore.obj
 0001:00000f50       ?_GetBaseClass@CSocketFile@@KGPAUCRuntimeClass@@XZ 5f601f50 f sockcore.obj
 0001:00000f65       ?GetRuntimeClass@CSocketFile@@UBEPAUCRuntimeClass@@XZ 5f601f65 f sockcore.obj
 0001:00000ff0       ??1?$CProcessLocal@V_AFX_SOCK_STATE@@@@QAE@XZ 5f601ff0 f sockcore.obj
 0001:00001050       ?AfxThunkaccept@@YGIIPAUsockaddr@@PAH@Z 5f602050 f sockcore.obj
 0001:00001086       ?AfxThunkhtons@@YGGG@Z     5f602086 f sockcore.obj
 0001:000010b8       ?AfxThunkinet_addr@@YGKPBD@Z 5f6020b8 f sockcore.obj
 0001:000010ea       ?AfxThunkclosesocket@@YGHI@Z 5f6020ea f sockcore.obj
 0001:0000111c       ?AfxThunkgetsockname@@YGHIPAUsockaddr@@PAH@Z 5f60211c f sockcore.obj
 0001:00001156       ?AfxThunkgetpeername@@YGHIPAUsockaddr@@PAH@Z 5f602156 f sockcore.obj
 0001:00001190       ?AfxThunkntohs@@YGGG@Z     5f602190 f sockcore.obj
 0001:000011c2       ?AfxThunkinet_ntoa@@YGPADUin_addr@@@Z 5f6021c2 f sockcore.obj
 0001:000011f4       ?AfxThunkWSAGetLastError@@YGHXZ 5f6021f4 f sockcore.obj
 0001:00001220       ?AfxThunkWSASetLastError@@YGXH@Z 5f602220 f sockcore.obj
 0001:00001252       ?AfxThunkWSAStartup@@YGHGPAUWSAData@@@Z 5f602252 f sockcore.obj
 0001:00001288       ?AfxThunkWSACleanup@@YGHXZ 5f602288 f sockcore.obj
 0001:000012b4       ?AfxThunkhtonl@@YGKK@Z     5f6022b4 f sockcore.obj
 0001:000012e6       ?AfxThunksocket@@YGIHHH@Z  5f6022e6 f sockcore.obj
 0001:00001320       ?AfxThunkgethostbyname@@YGPAUhostent@@PBD@Z 5f602320 f sockcore.obj
 0001:00001352       ?AfxThunkrecv@@YGHIPADHH@Z 5f602352 f sockcore.obj
 0001:00001390       ?AfxThunksend@@YGHIPBDHH@Z 5f602390 f sockcore.obj
 0001:000013ce       ?AfxThunkWSAAsyncSelect@@YGHIPAUHWND__@@IJ@Z 5f6023ce f sockcore.obj
 0001:0000140c       ?AfxThunkrecvfrom@@YGHIPADHHPAUsockaddr@@PAH@Z 5f60240c f sockcore.obj
 0001:00001452       ?AfxThunksendto@@YGHIPBDHHPBUsockaddr@@H@Z 5f602452 f sockcore.obj
 0001:00001498       ?AfxThunkconnect@@YGHIPBUsockaddr@@H@Z 5f602498 f sockcore.obj
 0001:000014d2       ?AfxThunkbind@@YGHIPBUsockaddr@@H@Z 5f6024d2 f sockcore.obj
 0001:0000150c       ?AfxThunksetsockopt@@YGHIHHPBDH@Z 5f60250c f sockcore.obj
 0001:0000154e       ?AfxThunkgetsockopt@@YGHIHHPADPAH@Z 5f60254e f sockcore.obj
 0001:00001590       ?AfxThunkioctlsocket@@YGHIJPAK@Z 5f602590 f sockcore.obj
 0001:000015ca       ?AfxThunklisten@@YGHIH@Z   5f6025ca f sockcore.obj
 0001:00001600       ?AfxThunkshutdown@@YGHIH@Z 5f602600 f sockcore.obj
 0001:00001636       ??1_AFX_SOCK_STATE@@UAE@XZ 5f602636 f sockcore.obj
 0001:000016cb       ?AfxSocketTerm@@YGXXZ      5f6026cb f sockcore.obj
 0001:000016db       ?AfxSocketInit@@YGHPAUWSAData@@@Z 5f6026db f sockcore.obj
 0001:00001791       ??0CAsyncSocket@@QAE@XZ    5f602791 f sockcore.obj
 0001:0000180a       ?Create@CAsyncSocket@@QAEHIHJPBD@Z 5f60280a f sockcore.obj
 0001:0000187f       ?Attach@CAsyncSocket@@QAEHIJ@Z 5f60287f f sockcore.obj
 0001:000018dd       ?Detach@CAsyncSocket@@QAEIXZ 5f6028dd f sockcore.obj
 0001:00001932       ?GetPeerName@CAsyncSocket@@QAEHAAVCString@@AAI@Z 5f602932 f sockcore.obj
 0001:000019a6       ?GetSockName@CAsyncSocket@@QAEHAAVCString@@AAI@Z 5f6029a6 f sockcore.obj
 0001:00001a1a       ?Accept@CAsyncSocket@@UAEHAAV1@PAUsockaddr@@PAH@Z 5f602a1a f sockcore.obj
 0001:00001b10       ?Bind@CAsyncSocket@@QAEHIPBD@Z 5f602b10 f sockcore.obj
 0001:00001bb9       ?Close@CAsyncSocket@@UAEXXZ 5f602bb9 f sockcore.obj
 0001:00001c24       ?Connect@CAsyncSocket@@QAEHPBDI@Z 5f602c24 f sockcore.obj
 0001:00001cf8       ?Receive@CAsyncSocket@@UAEHPAXHH@Z 5f602cf8 f sockcore.obj
 0001:00001d29       ?ReceiveFrom@CAsyncSocket@@QAEHPAXHAAVCString@@AAIH@Z 5f602d29 f sockcore.obj
 0001:00001da9       ?Send@CAsyncSocket@@UAEHPBXHH@Z 5f602da9 f sockcore.obj
 0001:00001dda       ?SendTo@CAsyncSocket@@QAEHPBXHIPBDH@Z 5f602dda f sockcore.obj
 0001:00001eb2       ?AsyncSelect@CAsyncSocket@@QAEHJ@Z 5f602eb2 f sockcore.obj
 0001:00001f4e       ?OnReceive@CAsyncSocket@@MAEXH@Z 5f602f4e f sockcore.obj
 0001:00001f66       ?OnSend@CAsyncSocket@@MAEXH@Z 5f602f66 f sockcore.obj
 0001:00001f7e       ?OnOutOfBandData@CAsyncSocket@@MAEXH@Z 5f602f7e f sockcore.obj
 0001:00001f96       ?OnAccept@CAsyncSocket@@MAEXH@Z 5f602f96 f sockcore.obj
 0001:00001fae       ?OnConnect@CAsyncSocket@@MAEXH@Z 5f602fae f sockcore.obj
 0001:00001fc6       ?OnClose@CAsyncSocket@@MAEXH@Z 5f602fc6 f sockcore.obj
 0001:00001fde       ??1CAsyncSocket@@UAE@XZ    5f602fde f sockcore.obj
 0001:0000205b       ?LookupHandle@CAsyncSocket@@SGPAV1@IH@Z 5f60305b f sockcore.obj
 0001:000020d1       ?AttachHandle@CAsyncSocket@@SGXIPAV1@H@Z 5f6030d1 f sockcore.obj
 0001:000022d9       ?DetachHandle@CAsyncSocket@@SGXIH@Z 5f6032d9 f sockcore.obj
 0001:00002466       ?KillSocket@CAsyncSocket@@SGXIPAV1@@Z 5f603466 f sockcore.obj
 0001:000024ed       ?DoCallBack@CAsyncSocket@@SGXIJ@Z 5f6034ed f sockcore.obj
 0001:000026b6       ?Socket@CAsyncSocket@@QAEHHJHH@Z 5f6036b6 f sockcore.obj
 0001:0000273d       ?AssertValid@CAsyncSocket@@UBEXXZ 5f60373d f sockcore.obj
 0001:00002794       ?Dump@CAsyncSocket@@UBEXAAVCDumpContext@@@Z 5f603794 f sockcore.obj
 0001:000027ff       ?ReceiveFromHelper@CAsyncSocket@@MAEHPAXHPAUsockaddr@@PAHH@Z 5f6037ff f sockcore.obj
 0001:00002838       ?SendToHelper@CAsyncSocket@@MAEHPBXHPBUsockaddr@@HH@Z 5f603838 f sockcore.obj
 0001:00002871       ?ConnectHelper@CAsyncSocket@@MAEHPBUsockaddr@@H@Z 5f603871 f sockcore.obj
 0001:000028b3       ??0CSocket@@QAE@XZ         5f6038b3 f sockcore.obj
 0001:00002940       ?CancelBlockingCall@CSocket@@QAEXXZ 5f603940 f sockcore.obj
 0001:00002979       ?OnMessagePending@CSocket@@MAEHXZ 5f603979 f sockcore.obj
 0001:000029bc       ??1CSocket@@UAE@XZ         5f6039bc f sockcore.obj
 0001:00002a39       ?Accept@CSocket@@UAEHAAVCAsyncSocket@@PAUsockaddr@@PAH@Z 5f603a39 f sockcore.obj
 0001:00002ace       ?Close@CSocket@@UAEXXZ     5f603ace f sockcore.obj
 0001:00002b35       ?Receive@CSocket@@UAEHPAXHH@Z 5f603b35 f sockcore.obj
 0001:00002bd3       ?Send@CSocket@@UAEHPBXHH@Z 5f603bd3 f sockcore.obj
 0001:00002c64       ?SendChunk@CSocket@@QAEHPBXHH@Z 5f603c64 f sockcore.obj
 0001:00002ce3       ?ConnectHelper@CSocket@@MAEHPBUsockaddr@@H@Z 5f603ce3 f sockcore.obj
 0001:00002daa       ?ReceiveFromHelper@CSocket@@MAEHPAXHPAUsockaddr@@PAHH@Z 5f603daa f sockcore.obj
 0001:00002e50       ?SendToHelper@CSocket@@MAEHPBXHPBUsockaddr@@HH@Z 5f603e50 f sockcore.obj
 0001:00002ef6       ?ProcessAuxQueue@CSocket@@SGHXZ 5f603ef6 f sockcore.obj
 0001:00002ffc       ?AuxQueueAdd@CSocket@@KGXIIJ@Z 5f603ffc f sockcore.obj
 0001:0000305a       ?PumpMessages@CSocket@@MAEHI@Z 5f60405a f sockcore.obj
 0001:00003369       ?AssertValid@CSocket@@MBEXXZ 5f604369 f sockcore.obj
 0001:00003387       ?Dump@CSocket@@MBEXAAVCDumpContext@@@Z 5f604387 f sockcore.obj
 0001:000033f9       ??0CSocketFile@@QAE@PAVCSocket@@H@Z 5f6043f9 f sockcore.obj
 0001:00003536       ??1CSocketFile@@UAE@XZ     5f604536 f sockcore.obj
 0001:0000359e       ?Read@CSocketFile@@UAEIPAXI@Z 5f60459e f sockcore.obj
 0001:000036e5       ?Write@CSocketFile@@UAEXPBXI@Z 5f6046e5 f sockcore.obj
 0001:0000375f       ?Close@CSocketFile@@UAEXXZ 5f60475f f sockcore.obj
 0001:0000377f       ?Open@CSocketFile@@UAEHPBDIPAVCFileException@@@Z 5f60477f f sockcore.obj
 0001:0000379e       ?Duplicate@CSocketFile@@UBEPAVCFile@@XZ 5f60479e f sockcore.obj
 0001:000037bb       ?GetPosition@CSocketFile@@UBEKXZ 5f6047bb f sockcore.obj
 0001:000037d8       ?Seek@CSocketFile@@UAEJJI@Z 5f6047d8 f sockcore.obj
 0001:00003818       ?SetLength@CSocketFile@@UAEXK@Z 5f604818 f sockcore.obj
 0001:00003835       ?GetLength@CSocketFile@@UBEKXZ 5f604835 f sockcore.obj
 0001:00003852       ?LockRange@CSocketFile@@UAEXKK@Z 5f604852 f sockcore.obj
 0001:0000386f       ?UnlockRange@CSocketFile@@UAEXKK@Z 5f60486f f sockcore.obj
 0001:0000388c       ?Flush@CSocketFile@@UAEXXZ 5f60488c f sockcore.obj
 0001:000038a2       ?Abort@CSocketFile@@UAEXXZ 5f6048a2 f sockcore.obj
 0001:000038bd       ?AssertValid@CSocketFile@@UBEXXZ 5f6048bd f sockcore.obj
 0001:000038fe       ?Dump@CSocketFile@@UBEXAAVCDumpContext@@@Z 5f6048fe f sockcore.obj
 0001:0000396c       ??0CSocketWnd@@QAE@XZ      5f60496c f sockcore.obj
 0001:000039db       ?OnSocketNotify@CSocketWnd@@IAEJIJ@Z 5f6049db f sockcore.obj
 0001:00003a07       ?OnSocketDead@CSocketWnd@@IAEJIJ@Z 5f604a07 f sockcore.obj
 0001:00003a5c       ?_GetBaseMessageMap@CSocketWnd@@KGPBUAFX_MSGMAP@@XZ 5f604a5c f sockcore.obj
 0001:00003a71       ?GetMessageMap@CSocketWnd@@MBEPBUAFX_MSGMAP@@XZ 5f604a71 f sockcore.obj
 0001:00003a8c       ??BCAsyncSocket@@QBEIXZ    5f604a8c f sockcore.obj
 0001:00003aa8       ?GetPeerName@CAsyncSocket@@QAEHPAUsockaddr@@PAH@Z 5f604aa8 f sockcore.obj
 0001:00003aea       ?GetSockName@CAsyncSocket@@QAEHPAUsockaddr@@PAH@Z 5f604aea f sockcore.obj
 0001:00003b2c       ?SetSockOpt@CAsyncSocket@@QAEHHPBXHH@Z 5f604b2c f sockcore.obj
 0001:00003b76       ?GetSockOpt@CAsyncSocket@@QAEHHPAXPAHH@Z 5f604b76 f sockcore.obj
 0001:00003bc0       ?FromHandle@CAsyncSocket@@SGPAV1@I@Z 5f604bc0 f sockcore.obj
 0001:00003bdd       ?GetLastError@CAsyncSocket@@SGHXZ 5f604bdd f sockcore.obj
 0001:00003bf3       ?Bind@CAsyncSocket@@QAEHPBUsockaddr@@H@Z 5f604bf3 f sockcore.obj
 0001:00003c35       ?Connect@CAsyncSocket@@QAEHPBUsockaddr@@H@Z 5f604c35 f sockcore.obj
 0001:00003c60       ?IOCtl@CAsyncSocket@@QAEHJPAK@Z 5f604c60 f sockcore.obj
 0001:00003ca2       ?Listen@CAsyncSocket@@QAEHH@Z 5f604ca2 f sockcore.obj
 0001:00003ce0       ?ReceiveFrom@CAsyncSocket@@QAEHPAXHPAUsockaddr@@PAHH@Z 5f604ce0 f sockcore.obj
 0001:00003d17       ?ShutDown@CAsyncSocket@@QAEHH@Z 5f604d17 f sockcore.obj
 0001:00003d55       ?SendTo@CAsyncSocket@@QAEHPBXHPBUsockaddr@@HH@Z 5f604d55 f sockcore.obj
 0001:00003d8c       ?Create@CSocket@@QAEHIHPBD@Z 5f604d8c f sockcore.obj
 0001:00003dba       ?IsBlocking@CSocket@@QAEHXZ 5f604dba f sockcore.obj
 0001:00003de9       ?FromHandle@CSocket@@SGPAV1@I@Z 5f604de9 f sockcore.obj
 0001:00003e06       ?Attach@CSocket@@QAEHI@Z   5f604e06 f sockcore.obj
 0001:00003e30       ?AfxLoadSock@@YAPAUHINSTANCE__@@PAP6GHXZPBD@Z 5f604e30 f sockcore.obj
 0001:00003e60       ??_ECSocketFile@@UAEPAXI@Z 5f604e60 f sockcore.obj
 0001:00003e60       ??_GCSocketFile@@UAEPAXI@Z 5f604e60 f sockcore.obj
 0001:00003ea0       ??_GCSocketWnd@@UAEPAXI@Z  5f604ea0 f sockcore.obj
 0001:00003ea0       ??_ECSocketWnd@@UAEPAXI@Z  5f604ea0 f sockcore.obj
 0001:00003ee0       ??1CSocketWnd@@UAE@XZ      5f604ee0 f sockcore.obj
 0001:00004070       ??_ECAsyncSocket@@UAEPAXI@Z 5f605070 f dllnet.obj
 0001:000040e0       ??_ECSocket@@UAEPAXI@Z     5f6050e0 f dllnet.obj
 0002:00000054       ??_C@_0L@LDKI@MFC42D?4DLL?$AA@ 5f606054   dllnet.obj
 0002:00000060       ??_C@_0M@FJKI@CSocketFile?$AA@ 5f606060   sockcore.obj
 0002:0000006c       ??_C@_07MBCI@CSocket?$AA@  5f60606c   sockcore.obj
 0002:00000074       ??_C@_0N@CCKH@CAsyncSocket?$AA@ 5f606074   sockcore.obj
 0002:00000088       ?messageMap@CSocketWnd@@1UAFX_MSGMAP@@B 5f606088   sockcore.obj
 0002:00000090       ?_messageEntries@CSocketWnd@@0PBUAFX_MSGMAP_ENTRY@@B 5f606090   sockcore.obj
 0002:000000d8       ?classCAsyncSocket@CAsyncSocket@@2UCRuntimeClass@@B 5f6060d8   sockcore.obj
 0002:000000f0       ?classCSocket@CSocket@@2UCRuntimeClass@@B 5f6060f0   sockcore.obj
 0002:00000108       ?classCSocketFile@CSocketFile@@2UCRuntimeClass@@B 5f606108   sockcore.obj
 0002:00000120       ??_C@_06JGM@accept?$AA@    5f606120   sockcore.obj
 0002:00000128       ??_C@_0M@CGKO@WSOCK32?4DLL?$AA@ 5f606128   sockcore.obj
 0002:00000134       ??_C@_05MHGE@htons?$AA@    5f606134   sockcore.obj
 0002:0000013c       ??_C@_09NHDB@inet_addr?$AA@ 5f60613c   sockcore.obj
 0002:00000148       ??_C@_0M@BGOH@closesocket?$AA@ 5f606148   sockcore.obj
 0002:00000154       ??_C@_0M@NGKD@getsockname?$AA@ 5f606154   sockcore.obj
 0002:00000160       ??_C@_0M@PJMM@getpeername?$AA@ 5f606160   sockcore.obj
 0002:0000016c       ??_C@_05HAEE@ntohs?$AA@    5f60616c   sockcore.obj
 0002:00000174       ??_C@_09POBH@inet_ntoa?$AA@ 5f606174   sockcore.obj
 0002:00000180       ??_C@_0BA@OODD@WSAGetLastError?$AA@ 5f606180   sockcore.obj
 0002:00000190       ??_C@_0BA@IHDB@WSASetLastError?$AA@ 5f606190   sockcore.obj
 0002:000001a0       ??_C@_0L@BKPI@WSAStartup?$AA@ 5f6061a0   sockcore.obj
 0002:000001ac       ??_C@_0L@KLBB@WSACleanup?$AA@ 5f6061ac   sockcore.obj
 0002:000001b8       ??_C@_05GPEJ@htonl?$AA@    5f6061b8   sockcore.obj
 0002:000001c0       ??_C@_06KDPK@socket?$AA@   5f6061c0   sockcore.obj
 0002:000001c8       ??_C@_0O@BLIP@gethostbyname?$AA@ 5f6061c8   sockcore.obj
 0002:000001d8       ??_C@_04NJFL@recv?$AA@     5f6061d8   sockcore.obj
 0002:000001e0       ??_C@_04PJAD@send?$AA@     5f6061e0   sockcore.obj
 0002:000001e8       ??_C@_0P@KNOI@WSAAsyncSelect?$AA@ 5f6061e8   sockcore.obj
 0002:000001f8       ??_C@_08DJPD@recvfrom?$AA@ 5f6061f8   sockcore.obj
 0002:00000204       ??_C@_06CILG@sendto?$AA@   5f606204   sockcore.obj
 0002:0000020c       ??_C@_07DHIJ@connect?$AA@  5f60620c   sockcore.obj
 0002:00000214       ??_C@_04FBJP@bind?$AA@     5f606214   sockcore.obj
 0002:0000021c       ??_C@_0L@PCGG@setsockopt?$AA@ 5f60621c   sockcore.obj
 0002:00000228       ??_C@_0L@DBEL@getsockopt?$AA@ 5f606228   sockcore.obj
 0002:00000234       ??_C@_0M@LOFA@ioctlsocket?$AA@ 5f606234   sockcore.obj
 0002:00000240       ??_C@_06IODP@listen?$AA@   5f606240   sockcore.obj
 0002:00000248       ??_C@_08DHEI@shutdown?$AA@ 5f606248   sockcore.obj
 0002:0000025c       ??_7_AFX_SOCK_STATE@@6B@   5f60625c   sockcore.obj
 0002:00000264       ??_7CAsyncSocket@@6B@      5f606264   sockcore.obj
 0002:000002b4       ??_7CNoTrackObject@@6B@    5f6062b4   sockcore.obj
 0002:000002b8       ??_C@_02DILL@?$CFs?$AA@    5f6062b8   sockcore.obj
 0002:000002bc       ??_C@_0DB@FJKP@Warning?3?5unable?5to?5create?5socket@ 5f6062bc   sockcore.obj
 0002:000002f0       ??_C@_0BJ@HDPG@Socket?5Notification?5Sink?$AA@ 5f6062f0   sockcore.obj
 0002:0000030c       ??_C@_01BJG@?6?$AA@        5f60630c   sockcore.obj
 0002:00000310       ??_C@_0BA@MMD@INVALID_SOCKET?6?$AA@ 5f606310   sockcore.obj
 0002:00000320       ??_C@_0N@HJN@m_hSocket?5?$DN?5?$AA@ 5f606320   sockcore.obj
 0002:00000334       ??_7CSocket@@6B@           5f606334   sockcore.obj
 0002:00000384       ??_C@_0DG@NLAD@Error?3?5caught?5exception?5in?5PumpM@ 5f606384   sockcore.obj
 0002:000003bc       ??_C@_0BD@MNOG@m_nConnectError?5?$DN?5?$AA@ 5f6063bc   sockcore.obj
 0002:000003d0       ??_C@_0BA@EKGE@m_pbBlocking?5?$DN?5?$AA@ 5f6063d0   sockcore.obj
 0002:000003e4       ??_7CSocketFile@@6B@       5f6063e4   sockcore.obj
 0002:00000440       ??_C@_0DB@HFNB@Warning?5?9?5Attempt?5made?5to?5seek?5o@ 5f606440   sockcore.obj
 0002:00000474       ??_C@_0O@FJPJ@with?5socket?3?5?$AA@ 5f606474   sockcore.obj
 0002:00000484       ??_C@_0BA@JPDC@with?5no?5socket?6?$AA@ 5f606484   sockcore.obj
 0002:0000049c       ??_7CSocketWnd@@6B@        5f60649c   sockcore.obj
 0002:0000055c       ??_C@_0BP@CJDN@d?3?2msdev?2mfc?2include?2afxtls_?4h?$AA@ 5f60655c   sockcore.obj
 0002:000005b4       ??_7type_info@@6B@         5f6065b4   msvcrtd:ti_inst.obj
 0002:000005b8       ??_C@_08JKC@crtdll?4c?$AA@ 5f6065b8   msvcrtd:crtdll.obj
 0002:000005c8       ??_R4_AFX_SOCK_STATE@@6B@  5f6065c8   sockcore.obj
 0002:000005e0       ??_R3_AFX_SOCK_STATE@@8    5f6065e0   sockcore.obj
 0002:000005f0       ??_R2_AFX_SOCK_STATE@@8    5f6065f0   sockcore.obj
 0002:00000600       ??_R1A@?0A@A@_AFX_SOCK_STATE@@8 5f606600   sockcore.obj
 0002:00000618       ??_R1A@?0A@A@CNoTrackObject@@8 5f606618   sockcore.obj
 0002:00000630       ??_R4CAsyncSocket@@6B@     5f606630   sockcore.obj
 0002:00000648       ??_R3CAsyncSocket@@8       5f606648   sockcore.obj
 0002:00000658       ??_R2CAsyncSocket@@8       5f606658   sockcore.obj
 0002:00000668       ??_R1A@?0A@A@CAsyncSocket@@8 5f606668   sockcore.obj
 0002:00000680       ??_R1A@?0A@A@CObject@@8    5f606680   sockcore.obj
 0002:00000698       ??_R4CNoTrackObject@@6B@   5f606698   sockcore.obj
 0002:000006b0       ??_R3CNoTrackObject@@8     5f6066b0   sockcore.obj
 0002:000006c0       ??_R2CNoTrackObject@@8     5f6066c0   sockcore.obj
 0002:000006c8       ??_R4CSocket@@6B@          5f6066c8   sockcore.obj
 0002:000006e0       ??_R3CSocket@@8            5f6066e0   sockcore.obj
 0002:000006f0       ??_R2CSocket@@8            5f6066f0   sockcore.obj
 0002:00000700       ??_R1A@?0A@A@CSocket@@8    5f606700   sockcore.obj
 0002:00000718       ??_R4CSocketFile@@6B@      5f606718   sockcore.obj
 0002:00000730       ??_R3CSocketFile@@8        5f606730   sockcore.obj
 0002:00000740       ??_R2CSocketFile@@8        5f606740   sockcore.obj
 0002:00000750       ??_R1A@?0A@A@CFile@@8      5f606750   sockcore.obj
 0002:00000768       ??_R1A@?0A@A@CSocketFile@@8 5f606768   sockcore.obj
 0002:00000780       ??_R4CSocketWnd@@6B@       5f606780   sockcore.obj
 0002:00000798       ??_R3CSocketWnd@@8         5f606798   sockcore.obj
 0002:000007a8       ??_R2CSocketWnd@@8         5f6067a8   sockcore.obj
 0002:000007c0       ??_R1A@?0A@A@CSocketWnd@@8 5f6067c0   sockcore.obj
 0002:000007d8       ??_R1A@?0A@A@CCmdTarget@@8 5f6067d8   sockcore.obj
 0002:000007f0       ??_R1A@?0A@A@CWnd@@8       5f6067f0   sockcore.obj
 0002:00000808       ??_R4type_info@@6B@        5f606808   msvcrtd:ti_inst.obj
 0002:00000820       ??_R3type_info@@8          5f606820   msvcrtd:ti_inst.obj
 0002:00000830       ??_R2type_info@@8          5f606830   msvcrtd:ti_inst.obj
 0002:00000838       ??_R1A@?0A@A@type_info@@8  5f606838   msvcrtd:ti_inst.obj
 0003:00000000       ___xc_a                    5f607000   msvcrtd:cinitexe.obj
 0003:00000008       ___xc_z                    5f607008   msvcrtd:cinitexe.obj
 0003:0000000c       ___xi_a                    5f60700c   msvcrtd:cinitexe.obj
 0003:00000010       ___xi_z                    5f607010   msvcrtd:cinitexe.obj
 0003:0000002c       __pRawDllMain              5f60702c   dllnet.obj
 0003:00000030       ?_afxForceVectorDelete_mfcn@@3P6AXXZA 5f607030   dllnet.obj
 0003:00000048       ?_afxSOCK@@3UAFX_SOCK_CALL@@A 5f607048   sockcore.obj
 0003:000000c8       ??_R0?AV_AFX_SOCK_STATE@@@8 5f6070c8   sockcore.obj
 0003:000000e8       ??_R0?AVCNoTrackObject@@@8 5f6070e8   sockcore.obj
 0003:00000108       ??_R0?AVCAsyncSocket@@@8   5f607108   sockcore.obj
 0003:00000128       ??_R0?AVCObject@@@8        5f607128   sockcore.obj
 0003:00000140       ??_R0?AVCSocket@@@8        5f607140   sockcore.obj
 0003:00000158       ??_R0PAVCException@@@8     5f607158   sockcore.obj
 0003:00000178       ??_R0?AVCFile@@@8          5f607178   sockcore.obj
 0003:00000190       ??_R0?AVCSocketFile@@@8    5f607190   sockcore.obj
 0003:000001b0       ??_R0?AVCSocketWnd@@@8     5f6071b0   sockcore.obj
 0003:000001d0       ??_R0?AVCCmdTarget@@@8     5f6071d0   sockcore.obj
 0003:000001f0       ??_R0?AVCWnd@@@8           5f6071f0   sockcore.obj
 0003:00000210       ??_R0?AVtype_info@@@8      5f607210   msvcrtd:ti_inst.obj
 0003:00000228       ___win32sflag              5f607228   msvcrtd:atonexit.obj
 0003:0000024c       ?_afxSockState@@3V?$CProcessLocal@V_AFX_SOCK_STATE@@@@A 5f60724c   sockcore.obj
 0003:00000250       __adjust_fdiv              5f607250   <common>
 0003:00000254       ___onexitend               5f607254   <common>
 0003:00000258       ___onexitbegin             5f607258   <common>
 0004:00000000       __IMPORT_DESCRIPTOR_MFC42D 5f608000   MFC42D:MFC42D.DLL
 0004:00000014       __IMPORT_DESCRIPTOR_MSVCRTD 5f608014   msvcrtd:MSVCRTD.dll
 0004:00000028       __IMPORT_DESCRIPTOR_KERNEL32 5f608028   kernel32:KERNEL32.dll
 0004:0000003c       __IMPORT_DESCRIPTOR_USER32 5f60803c   user32:USER32.dll
 0004:00000050       __NULL_IMPORT_DESCRIPTOR   5f608050   MFC42D:MFC42D.DLL
 0004:0000029c       __imp__GetModuleHandleA@4  5f60829c   kernel32:KERNEL32.dll
 0004:000002a0       __imp__LocalFree@4         5f6082a0   kernel32:KERNEL32.dll
 0004:000002a4       __imp__FreeLibrary@4       5f6082a4   kernel32:KERNEL32.dll
 0004:000002a8       __imp__LoadLibraryA@4      5f6082a8   kernel32:KERNEL32.dll
 0004:000002ac       __imp__Sleep@4             5f6082ac   kernel32:KERNEL32.dll
 0004:000002b0       __imp__LocalAlloc@8        5f6082b0   kernel32:KERNEL32.dll
 0004:000002b4       __imp__GlobalFree@4        5f6082b4   kernel32:KERNEL32.dll
 0004:000002b8       __imp__GlobalAlloc@8       5f6082b8   kernel32:KERNEL32.dll
 0004:000002bc       __imp__GetVersion@0        5f6082bc   kernel32:KERNEL32.dll
 0004:000002c0       \177KERNEL32_NULL_THUNK_DATA 5f6082c0   kernel32:KERNEL32.dll
 0004:000002c4       __imp_?AfxLoadDll@@YGPAUHINSTANCE__@@RAPAU1@PBDPAP6GHXZ1@Z 5f6082c4   MFC42D:MFC42D.DLL
 0004:000002c8       __imp_?Serialize@CObject@@UAEXAAVCArchive@@@Z 5f6082c8   MFC42D:MFC42D.DLL
 0004:000002cc       __imp_??1CObject@@UAE@XZ   5f6082cc   MFC42D:MFC42D.DLL
 0004:000002d0       __imp_??0CObject@@IAE@XZ   5f6082d0   MFC42D:MFC42D.DLL
 0004:000002d4       __imp_??2@YAPAXI@Z         5f6082d4   MFC42D:MFC42D.DLL
 0004:000002d8       __imp_??4CString@@QAEABV0@PBD@Z 5f6082d8   MFC42D:MFC42D.DLL
 0004:000002dc       __imp_??3CNoTrackObject@@SGXPAX@Z 5f6082dc   MFC42D:MFC42D.DLL
 0004:000002e0       __imp_?AfxGetModuleThreadState@@YGPAVAFX_MODULE_THREAD_STATE@@XZ 5f6082e0   MFC42D:MFC42D.DLL
 0004:000002e4       __imp_?GetValueAt@CMapPtrToPtr@@QBEPAXPAX@Z 5f6082e4   MFC42D:MFC42D.DLL
 0004:000002e8       __imp_?AfxEnableMemoryTracking@@YGHH@Z 5f6082e8   MFC42D:MFC42D.DLL
 0004:000002ec       __imp_?SetAt@CMapPtrToPtr@@QAEXPAX0@Z 5f6082ec   MFC42D:MFC42D.DLL
 0004:000002f0       __imp_?Lookup@CMapPtrToPtr@@QBEHPAXAAPAX@Z 5f6082f0   MFC42D:MFC42D.DLL
 0004:000002f4       __imp_?FromHandlePermanent@CWnd@@SGPAV1@PAUHWND__@@@Z 5f6082f4   MFC42D:MFC42D.DLL
 0004:000002f8       __imp_?AfxThrowResourceException@@YGXXZ 5f6082f8   MFC42D:MFC42D.DLL
 0004:000002fc       __imp_?AfxTrace@@YAXPBDZZ  5f6082fc   MFC42D:MFC42D.DLL
 0004:00000300       __imp_?CreateEx@CWnd@@QAEHKPBD0KHHHHPAUHWND__@@PAUHMENU__@@PAX@Z 5f608300   MFC42D:MFC42D.DLL
 0004:00000304       __imp_?AfxRegisterWndClass@@YGPBDIPAUHICON__@@PAUHBRUSH__@@0@Z 5f608304   MFC42D:MFC42D.DLL
 0004:00000308       __imp_??2CObject@@SGPAXIPBDH@Z 5f608308   MFC42D:MFC42D.DLL
 0004:0000030c       __imp_?IsEmpty@CMapPtrToPtr@@QBEHXZ 5f60830c   MFC42D:MFC42D.DLL
 0004:00000310       __imp_?RemoveKey@CMapPtrToPtr@@QAEHPAX@Z 5f608310   MFC42D:MFC42D.DLL
 0004:00000314       __imp_?RemoveHead@CPtrList@@QAEPAXXZ 5f608314   MFC42D:MFC42D.DLL
 0004:00000318       __imp_?IsEmpty@CPtrList@@QBEHXZ 5f608318   MFC42D:MFC42D.DLL
 0004:0000031c       __imp_?RemoveAll@CMapPtrToPtr@@QAEXXZ 5f60831c   MFC42D:MFC42D.DLL
 0004:00000320       __imp_?AfxAssertValidObject@@YGXPBVCObject@@PBDH@Z 5f608320   MFC42D:MFC42D.DLL
 0004:00000324       __imp_?AssertValid@CObject@@UBEXXZ 5f608324   MFC42D:MFC42D.DLL
 0004:00000328       __imp_??6CDumpContext@@QAEAAV0@PBD@Z 5f608328   MFC42D:MFC42D.DLL
 0004:0000032c       __imp_??6CDumpContext@@QAEAAV0@I@Z 5f60832c   MFC42D:MFC42D.DLL
 0004:00000330       __imp_?Dump@CObject@@UBEXAAVCDumpContext@@@Z 5f608330   MFC42D:MFC42D.DLL
 0004:00000334       __imp_?AddTail@CPtrList@@QAEPAU__POSITION@@PAX@Z 5f608334   MFC42D:MFC42D.DLL
 0004:00000338       __imp_??2@YAPAXIPBDH@Z     5f608338   MFC42D:MFC42D.DLL
 0004:0000033c       __imp_?Delete@CException@@QAEXXZ 5f60833c   MFC42D:MFC42D.DLL
 0004:00000340       __imp_?IsKindOf@CObject@@QBEHPBUCRuntimeClass@@@Z 5f608340   MFC42D:MFC42D.DLL
 0004:00000344       __imp_?classCException@CException@@2UCRuntimeClass@@B 5f608344   MFC42D:MFC42D.DLL
 0004:00000348       __imp_?AfxGetThread@@YGPAVCWinThread@@XZ 5f608348   MFC42D:MFC42D.DLL
 0004:0000034c       __imp_??6CDumpContext@@QAEAAV0@H@Z 5f60834c   MFC42D:MFC42D.DLL
 0004:00000350       __imp_??6CDumpContext@@QAEAAV0@PBX@Z 5f608350   MFC42D:MFC42D.DLL
 0004:00000354       __imp_?GetBufferPtr@CFile@@UAEIIIPAPAX0@Z 5f608354   MFC42D:MFC42D.DLL
 0004:00000358       __imp_?SetFilePath@CFile@@UAEXPBD@Z 5f608358   MFC42D:MFC42D.DLL
 0004:0000035c       __imp_?GetFilePath@CFile@@UBE?AVCString@@XZ 5f60835c   MFC42D:MFC42D.DLL
 0004:00000360       __imp_?GetFileTitle@CFile@@UBE?AVCString@@XZ 5f608360   MFC42D:MFC42D.DLL
 0004:00000364       __imp_?GetFileName@CFile@@UBE?AVCString@@XZ 5f608364   MFC42D:MFC42D.DLL
 0004:00000368       __imp_??1CFile@@UAE@XZ     5f608368   MFC42D:MFC42D.DLL
 0004:0000036c       __imp_??0CFile@@QAE@XZ     5f60836c   MFC42D:MFC42D.DLL
 0004:00000370       __imp_?AfxThrowFileException@@YGXHJPBD@Z 5f608370   MFC42D:MFC42D.DLL
 0004:00000374       __imp_?AfxThrowNotSupportedException@@YGXXZ 5f608374   MFC42D:MFC42D.DLL
 0004:00000378       __imp_?AssertValid@CFile@@UBEXXZ 5f608378   MFC42D:MFC42D.DLL
 0004:0000037c       __imp_??6CDumpContext@@QAEAAV0@PBVCObject@@@Z 5f60837c   MFC42D:MFC42D.DLL
 0004:00000380       __imp_?GetDepth@CDumpContext@@QBEHXZ 5f608380   MFC42D:MFC42D.DLL
 0004:00000384       __imp_?Dump@CFile@@UBEXAAVCDumpContext@@@Z 5f608384   MFC42D:MFC42D.DLL
 0004:00000388       __imp_?SetOccDialogInfo@CWnd@@MAEHPAU_AFX_OCC_DIALOG_INFO@@@Z 5f608388   MFC42D:MFC42D.DLL
 0004:0000038c       __imp_?AfxInitExtensionModule@@YGHAAUAFX_EXTENSION_MODULE@@PAUHINSTANCE__@@@Z 5f60838c   MFC42D:MFC42D.DLL
 0004:00000390       __imp_??3@YAXPAX@Z         5f608390   MFC42D:MFC42D.DLL
 0004:00000394       __imp_?OnChildNotify@CWnd@@MAEHIIJPAJ@Z 5f608394   MFC42D:MFC42D.DLL
 0004:00000398       __imp_?PostNcDestroy@CWnd@@MAEXXZ 5f608398   MFC42D:MFC42D.DLL
 0004:0000039c       __imp_?DefWindowProcA@CWnd@@MAEJIIJ@Z 5f60839c   MFC42D:MFC42D.DLL
 0004:000003a0       __imp_?OnWndMsg@CWnd@@MAEHIIJPAJ@Z 5f6083a0   MFC42D:MFC42D.DLL
 0004:000003a4       __imp_?WindowProc@CWnd@@MAEJIIJ@Z 5f6083a4   MFC42D:MFC42D.DLL
 0004:000003a8       __imp_?OnAmbientProperty@CWnd@@UAEHPAVCOleControlSite@@JPAUtagVARIANT@@@Z 5f6083a8   MFC42D:MFC42D.DLL
 0004:000003ac       __imp_?PreTranslateMessage@CWnd@@UAEHPAUtagMSG@@@Z 5f6083ac   MFC42D:MFC42D.DLL
 0004:000003b0       __imp_?EndModalState@CWnd@@UAEXXZ 5f6083b0   MFC42D:MFC42D.DLL
 0004:000003b4       __imp_?BeginModalState@CWnd@@UAEXXZ 5f6083b4   MFC42D:MFC42D.DLL
 0004:000003b8       __imp_?AfxGetModuleState@@YGPAVAFX_MODULE_STATE@@XZ 5f6083b8   MFC42D:MFC42D.DLL
 0004:000003bc       __imp_?GetSuperWndProcAddr@CWnd@@MAEPAP6GJPAUHWND__@@IIJ@ZXZ 5f6083bc   MFC42D:MFC42D.DLL
 0004:000003c0       __imp_?OnNotify@CWnd@@MAEHIJPAJ@Z 5f6083c0   MFC42D:MFC42D.DLL
 0004:000003c4       __imp_?OnCommand@CWnd@@MAEHIJ@Z 5f6083c4   MFC42D:MFC42D.DLL
 0004:000003c8       __imp_?EndModalLoop@CWnd@@UAEXH@Z 5f6083c8   MFC42D:MFC42D.DLL
 0004:000003cc       __imp_?ContinueModal@CWnd@@UAEHXZ 5f6083cc   MFC42D:MFC42D.DLL
 0004:000003d0       __imp_?WinHelpA@CWnd@@UAEXKI@Z 5f6083d0   MFC42D:MFC42D.DLL
 0004:000003d4       __imp_?GetScrollBarCtrl@CWnd@@UBEPAVCScrollBar@@H@Z 5f6083d4   MFC42D:MFC42D.DLL
 0004:000003d8       __imp_?OnToolHitTest@CWnd@@UBEHVCPoint@@PAUtagTOOLINFOA@@@Z 5f6083d8   MFC42D:MFC42D.DLL
 0004:000003dc       __imp_?CalcWindowRect@CWnd@@UAEXPAUtagRECT@@I@Z 5f6083dc   MFC42D:MFC42D.DLL
 0004:000003e0       __imp_?PreCreateWindow@CWnd@@UAEHAAUtagCREATESTRUCTA@@@Z 5f6083e0   MFC42D:MFC42D.DLL
 0004:000003e4       __imp_?DestroyWindow@CWnd@@UAEHXZ 5f6083e4   MFC42D:MFC42D.DLL
 0004:000003e8       __imp_?Create@CWnd@@UAEHPBD0KABUtagRECT@@PAV1@IPAUCCreateContext@@@Z 5f6083e8   MFC42D:MFC42D.DLL
 0004:000003ec       __imp_?PreSubclassWindow@CWnd@@UAEXXZ 5f6083ec   MFC42D:MFC42D.DLL
 0004:000003f0       __imp_?GetConnectionHook@CCmdTarget@@MAEPAUIConnectionPoint@@ABU_GUID@@@Z 5f6083f0   MFC42D:MFC42D.DLL
 0004:000003f4       __imp_?GetExtraConnectionPoints@CCmdTarget@@MAEHPAVCPtrArray@@@Z 5f6083f4   MFC42D:MFC42D.DLL
 0004:000003f8       __imp_?GetInterfaceHook@CCmdTarget@@UAEPAUIUnknown@@PBX@Z 5f6083f8   MFC42D:MFC42D.DLL
 0004:000003fc       __imp_?OnCreateAggregates@CCmdTarget@@UAEHXZ 5f6083fc   MFC42D:MFC42D.DLL
 0004:00000400       __imp_?GetEventSinkMap@CCmdTarget@@MBEPBUAFX_EVENTSINKMAP@@XZ 5f608400   MFC42D:MFC42D.DLL
 0004:00000404       __imp_?GetInterfaceMap@CCmdTarget@@MBEPBUAFX_INTERFACEMAP@@XZ 5f608404   MFC42D:MFC42D.DLL
 0004:00000408       __imp_?GetConnectionMap@CCmdTarget@@MBEPBUAFX_CONNECTIONMAP@@XZ 5f608408   MFC42D:MFC42D.DLL
 0004:0000040c       __imp_?GetDispatchMap@CCmdTarget@@MBEPBUAFX_DISPMAP@@XZ 5f60840c   MFC42D:MFC42D.DLL
 0004:00000410       __imp_?GetCommandMap@CCmdTarget@@MBEPBUAFX_OLECMDMAP@@XZ 5f608410   MFC42D:MFC42D.DLL
 0004:00000414       __imp_?GetTypeLib@CCmdTarget@@UAEJKPAPAUITypeLib@@@Z 5f608414   MFC42D:MFC42D.DLL
 0004:00000418       __imp_?GetTypeLibCache@CCmdTarget@@UAEPAVCTypeLibCache@@XZ 5f608418   MFC42D:MFC42D.DLL
 0004:0000041c       __imp_?GetTypeInfoCount@CCmdTarget@@UAEIXZ 5f60841c   MFC42D:MFC42D.DLL
 0004:00000420       __imp_?GetDispatchIID@CCmdTarget@@UAEHPAU_GUID@@@Z 5f608420   MFC42D:MFC42D.DLL
 0004:00000424       __imp_?IsInvokeAllowed@CCmdTarget@@UAEHJ@Z 5f608424   MFC42D:MFC42D.DLL
 0004:00000428       __imp_?OnFinalRelease@CWnd@@UAEXXZ 5f608428   MFC42D:MFC42D.DLL
 0004:0000042c       __imp_?OnCmdMsg@CCmdTarget@@UAEHIHPAXPAUAFX_CMDHANDLERINFO@@@Z 5f60842c   MFC42D:MFC42D.DLL
 0004:00000430       __imp_?Dump@CWnd@@UBEXAAVCDumpContext@@@Z 5f608430   MFC42D:MFC42D.DLL
 0004:00000434       __imp_?AssertValid@CWnd@@UBEXXZ 5f608434   MFC42D:MFC42D.DLL
 0004:00000438       __imp_?GetRuntimeClass@CWnd@@UBEPAUCRuntimeClass@@XZ 5f608438   MFC42D:MFC42D.DLL
 0004:0000043c       __imp_??1CWnd@@UAE@XZ      5f60843c   MFC42D:MFC42D.DLL
 0004:00000440       __imp_??0CWnd@@QAE@XZ      5f608440   MFC42D:MFC42D.DLL
 0004:00000444       __imp_?messageMap@CWnd@@1UAFX_MSGMAP@@B 5f608444   MFC42D:MFC42D.DLL
 0004:00000448       __imp_?classCObject@CObject@@2UCRuntimeClass@@B 5f608448   MFC42D:MFC42D.DLL
 0004:0000044c       __imp_?classCFile@CFile@@2UCRuntimeClass@@B 5f60844c   MFC42D:MFC42D.DLL
 0004:00000450       __imp_??1CProcessLocalObject@@QAE@XZ 5f608450   MFC42D:MFC42D.DLL
 0004:00000454       __imp_?GetData@CProcessLocalObject@@QAEPAVCNoTrackObject@@P6GPAV2@XZ@Z 5f608454   MFC42D:MFC42D.DLL
 0004:00000458       __imp_??2CNoTrackObject@@SGPAXI@Z 5f608458   MFC42D:MFC42D.DLL
 0004:0000045c       __imp_?AfxGetAppModuleState@@YGPAVAFX_MODULE_STATE@@XZ 5f60845c   MFC42D:MFC42D.DLL
 0004:00000460       __imp_?AfxAssertFailedLine@@YGHPBDH@Z 5f608460   MFC42D:MFC42D.DLL
 0004:00000464       __imp_??2CObject@@SGPAXI@Z 5f608464   MFC42D:MFC42D.DLL
 0004:00000468       __imp_??0CDynLinkLibrary@@QAE@AAUAFX_EXTENSION_MODULE@@H@Z 5f608468   MFC42D:MFC42D.DLL
 0004:0000046c       __imp_??3CObject@@SGXPAX@Z 5f60846c   MFC42D:MFC42D.DLL
 0004:00000470       __imp_?AfxTermExtensionModule@@YGXAAUAFX_EXTENSION_MODULE@@H@Z 5f608470   MFC42D:MFC42D.DLL
 0004:00000474       __imp_?AfxTermThread@@YGXPAUHINSTANCE__@@@Z 5f608474   MFC42D:MFC42D.DLL
 0004:00000478       __imp_?IsFrameWnd@CWnd@@UBEHXZ 5f608478   MFC42D:MFC42D.DLL
 0004:0000047c       __imp_?CheckAutoCenter@CWnd@@UAEHXZ 5f60847c   MFC42D:MFC42D.DLL
 0004:00000480       __imp_?DoDataExchange@CWnd@@MAEXPAVCDataExchange@@@Z 5f608480   MFC42D:MFC42D.DLL
 0004:00000484       \177MFC42D_NULL_THUNK_DATA 5f608484   MFC42D:MFC42D.DLL
 0004:00000488       __imp___except_handler3    5f608488   msvcrtd:MSVCRTD.dll
 0004:0000048c       __imp___malloc_dbg         5f60848c   msvcrtd:MSVCRTD.dll
 0004:00000490       __imp___initterm           5f608490   msvcrtd:MSVCRTD.dll
 0004:00000494       __imp___free_dbg           5f608494   msvcrtd:MSVCRTD.dll
 0004:00000498       __imp___onexit             5f608498   msvcrtd:MSVCRTD.dll
 0004:0000049c       __imp____dllonexit         5f60849c   msvcrtd:MSVCRTD.dll
 0004:000004a0       __imp_??1type_info@@UAE@XZ 5f6084a0   msvcrtd:MSVCRTD.dll
 0004:000004a4       __imp_?terminate@@YAXXZ    5f6084a4   msvcrtd:MSVCRTD.dll
 0004:000004a8       __imp___adjust_fdiv        5f6084a8   msvcrtd:MSVCRTD.dll
 0004:000004ac       __imp__memset              5f6084ac   msvcrtd:MSVCRTD.dll
 0004:000004b0       __imp____CxxFrameHandler   5f6084b0   msvcrtd:MSVCRTD.dll
 0004:000004b4       \177MSVCRTD_NULL_THUNK_DATA 5f6084b4   msvcrtd:MSVCRTD.dll
 0004:000004b8       __imp__DispatchMessageA@4  5f6084b8   user32:USER32.dll
 0004:000004bc       __imp__PeekMessageA@20     5f6084bc   user32:USER32.dll
 0004:000004c0       __imp__KillTimer@8         5f6084c0   user32:USER32.dll
 0004:000004c4       __imp__WaitMessage@0       5f6084c4   user32:USER32.dll
 0004:000004c8       __imp__SetTimer@16         5f6084c8   user32:USER32.dll
 0004:000004cc       __imp__PostMessageA@16     5f6084cc   user32:USER32.dll
 0004:000004d0       \177USER32_NULL_THUNK_DATA 5f6084d0   user32:USER32.dll

 entry point at        0001:00000ae0

 Static symbols

 0001:00000f80       _$E354                     5f601f80 f sockcore.obj
 0001:00000f9a       _$E351                     5f601f9a f sockcore.obj
 0001:00000faa       _$E353                     5f601faa f sockcore.obj
 0001:00000fc7       _$E352                     5f601fc7 f sockcore.obj
 0001:00003f40       ?_AfxForceVectorDelete@@YAXXZ 5f604f40 f dllnet.obj
 0001:00000750       ?ArrayUnwindFilter@@YAHPAU_EXCEPTION_POINTERS@@@Z 5f601750 f msvcrtd:ehvecdtr.obj

FIXUPS: 15e3 8e6 b 3092 10 3e 23 3e 2a d e 3f c 10 13 41 c 10 13 ffffbed8
FIXUPS: 1050 9cc 13f 25 26 25 fffffcbb 35 fffffef5 13 fffffedc 7d 53 8c3
FIXUPS: 203d fffff0b8 1c 2f 31 1c 2d b 40 2c b 54 13 9e7 e 11 82 14 10
FIXUPS: 1d72 32 24 18 13 b 34 7 14 10 23 32 2a60 8 22 19 7 35 2c b 20 d
FIXUPS: 4a14 b 17 14 183 1dd 4c 26 2d 9 ffffc23e 13 3dcd 13 2d 13 5f b
FIXUPS: 1f87 5 2a 1d 2416 35 3e 28 34 17 22 25 b 60 b 36 59 10 f 70 10
FIXUPS: 46c9 40 36 10 3d 1f 1d 3b 22 1d 1d 1d 33 1e 23 fffff5b5 5b e 21
FIXUPS: 3f45 1c 2c 13 17 17 15 23 14 30 4f e 1f 1e 28 11d 7c 17 18 b 75
FIXUPS: 4379 22 19 7 7 19 7 fffff338 c 27 19 17 2b d 1a 19 7 e9 4a b d1
FIXUPS: 3a1c b 4d d 6a a 17 11 53 12 a2 5c 12 92 d bc 12 94 fffff3eb 18
FIXUPS: 32c0 9 22 17 e 1c b 24 15 16 48 b 13 12 20 20 18 20 17 e e 34 39
FIXUPS: 3533 16 1c 1b 12 32 116 fffff664 26 32 60 c a0 34 e 1f 11d 1e b
FIXUPS: 3065 1c 29 31 a 1a 17 14 13 17 25 1a 15 3b b 17 8 1c 15 18 fffff5a1
FIXUPS: 2826 18 17 4b 21 c 2b 15 3a 1a 32 28 1a 32 37 10 17 16 30 16 1a
FIXUPS: 2aea 42 c 71 4a 19 40 16 c 7a fffff379 3a 32 32 32 3a 3a 32 32
FIXUPS: 2235 32 36 2c 32 3a 32 3e 3e 3e 46 46 3a 3a 42 42 3a 36 99 b 34
FIXUPS: 27b6 36
