 MFCO42UD

 Timestamp is 31c84159 (Wed Jun 19 11:05:13 1996)

 Preferred load address is 5f500000

 Start         Length     Name                   Class
 0001:00000000 0004a1a8H .text                   CODE
 0001:0004a1b0 00000078H .text$AFX_CORE1         CODE
 0001:0004a230 000060dfH .text$AFX_CORE4         CODE
 0001:00050310 000040c0H .text$AFX_INIT          CODE
 0001:000543d0 0000fe7fH .text$AFX_OLE1          CODE
 0001:00064250 000099caH .text$AFX_OLE2          CODE
 0001:0006dc20 00007e03H .text$AFX_OLE3          CODE
 0001:00075a30 0000e4ffH .text$AFX_OLE4          CODE
 0001:00083f30 00003c86H .text$AFX_OLE5          CODE
 0001:00087bc0 00000328H .text$AFX_TERM          CODE
 0001:00087ef0 00001198H .text$AFX_VDEL          CODE
 0002:00000000 00010c30H .rdata                  DATA
 0002:00010c30 00004438H .rdata$r                DATA
 0002:00015068 00009658H .xdata$x                DATA
 0002:0001e6c0 00003509H .edata                  DATA
 0003:00000000 00000004H .CRT$XCA                DATA
 0003:00000004 0000000cH .CRT$XCL                DATA
 0003:00000010 00000028H .CRT$XCU                DATA
 0003:00000038 00000004H .CRT$XCZ                DATA
 0003:0000003c 00000004H .CRT$XIA                DATA
 0003:00000040 00000004H .CRT$XIZ                DATA
 0003:00000050 000029b4H .data                   DATA
 0003:00002a08 00002500H .bss                    DATA
 0004:00000000 00000064H .idata$2                DATA
 0004:00000064 00000014H .idata$3                DATA
 0004:00000078 000010c0H .idata$4                DATA
 0004:00001138 000010c0H .idata$5                DATA
 0004:000021f8 00000b00H .idata$6                DATA
 0005:00000000 00000448H .rsrc$01                DATA
 0005:00000450 00002198H .rsrc$02                DATA

  Address         Publics by Value              Rva+Base   Lib:Object

 0001:00000000       ?GetHead@?$CTypedSimpleList@PAUCRuntimeClass@@@@QAEPAUCRuntimeClass@@XZ 5f501000 f dllole.obj
 0001:00000020       ?GetHead@CSimpleList@@QBEPAXXZ 5f501020 f dllole.obj
 0001:00000040       ??B?$CTypedSimpleList@PAUCRuntimeClass@@@@QAEPAUCRuntimeClass@@XZ 5f501040 f dllole.obj
 0001:00000060       ?GetHead@?$CTypedSimpleList@PAVCOleObjectFactory@@@@QAEPAVCOleObjectFactory@@XZ 5f501060 f dllole.obj
 0001:00000080       ??B?$CTypedSimpleList@PAVCOleObjectFactory@@@@QAEPAVCOleObjectFactory@@XZ 5f501080 f dllole.obj
 0001:000000a0       ?T2COLE@@YAPBGPBG@Z        5f5010a0 f olecli1.obj
 0001:000000c0       ?OLE2CT@@YAPBGPBG@Z        5f5010c0 f olecli1.obj
 0001:000000e0       ?T2OLE@@YAPAGPAG@Z         5f5010e0 f olecli1.obj
 0001:00000100       ??B?$CProcessLocal@V_AFX_OLE_STATE@@@@QAEPAV_AFX_OLE_STATE@@XZ 5f501100 f olecli2.obj
 0001:00000120       ?GetData@?$CProcessLocal@V_AFX_OLE_STATE@@@@QAEPAV_AFX_OLE_STATE@@XZ 5f501120 f olecli2.obj
 0001:00000170       ?CreateObject@?$CProcessLocal@V_AFX_OLE_STATE@@@@SGPAVCNoTrackObject@@XZ 5f501170 f olecli2.obj
 0001:00000200       ??C?$CProcessLocal@V_AFX_OLE_STATE@@@@QAEPAV_AFX_OLE_STATE@@XZ 5f501200 f oledobj2.obj
 0001:00000220       ??9@YAHABU_GUID@@0@Z       5f501220 f oledisp1.obj
 0001:00000260       ??8@YAHABU_GUID@@0@Z       5f501260 f oledisp1.obj
 0001:000002a0       ?wcschr@@YAPAGPAGG@Z       5f5012a0 f oledlgs1.obj
 0001:000002d0       ?TASKSTRINGOLE2T@@YAPAGPAG@Z 5f5012d0 f oledlgs1.obj
 0001:000002f0       ??1CNoTrackObject@@UAE@XZ  5f5012f0 f oledata.obj
 0001:00000310       ??_GCNoTrackObject@@UAEPAXI@Z 5f501310 f oledata.obj
 0001:00000310       ??_ECNoTrackObject@@UAEPAXI@Z 5f501310 f oledata.obj
 0001:00000350       ??0CNoTrackObject@@QAE@XZ  5f501350 f oledata.obj
 0001:00000380       ??1?$_CIP@UIMoniker@@$1IID_IMoniker@@QAE@XZ 5f501380 f oledoc1.obj
 0001:000003a0       ??B?$_CIP@UIMoniker@@$1IID_IMoniker@@QBEPAUIMoniker@@XZ 5f5013a0 f oledoc1.obj
 0001:000003c0       ?_Release@?$_CIP@UIMoniker@@$1IID_IMoniker@@AAEXXZ 5f5013c0 f oledoc1.obj
 0001:00000400       ??0?$CIP@UIMoniker@@$1IID_IMoniker@@QAE@XZ 5f501400 f oledoc1.obj
 0001:00000470       ??0?$_CIP@UIMoniker@@$1IID_IMoniker@@QAE@XZ 5f501470 f oledoc1.obj
 0001:000004a0       ??B?$_CIP@UIBinding@@$1IID_IBinding@@QBEPAUIBinding@@XZ 5f5014a0 f oledoc1.obj
 0001:000004c0       ??4?$CIP@UIBinding@@$1IID_IBinding@@QAEAAV0@PAUIBinding@@@Z 5f5014c0 f oledoc1.obj
 0001:000004f0       ??4?$_CIP@UIBinding@@$1IID_IBinding@@QAEAAV0@PAUIBinding@@@Z 5f5014f0 f oledoc1.obj
 0001:00000550       ?_AddRef@?$_CIP@UIBinding@@$1IID_IBinding@@AAEXXZ 5f501550 f oledoc1.obj
 0001:00000590       ?AddHead@?$CTypedSimpleList@PAVCOleObjectFactory@@@@QAEXPAVCOleObjectFactory@@@Z 5f501590 f olefact.obj
 0001:000005c0       ?Remove@?$CTypedSimpleList@PAVCOleObjectFactory@@@@QAEHPAVCOleObjectFactory@@@Z 5f5015c0 f olefact.obj
 0001:000005f0       ??B?$CTypedSimpleList@PAVCDynLinkLibrary@@@@QAEPAVCDynLinkLibrary@@XZ 5f5015f0 f olefact.obj
 0001:00000610       ??_9@$BBAI@AE              5f501610 f oleipfrm.obj
 0001:00000620       ?ocslen@@YAIPBG@Z          5f501620 f olemisc.obj
 0001:00000640       ?ocscpy@@YAPAGPAGPBG@Z     5f501640 f olemisc.obj
 0001:00000670       ?OLE2T@@YAPAGPAG@Z         5f501670 f olemisc.obj
 0001:00000690       ?DEVMODEOLE2T@@YAPAU_devicemodeW@@PAU1@@Z 5f501690 f olemisc.obj
 0001:000006b0       ?DEVMODET2OLE@@YAPAU_devicemodeW@@PAU1@@Z 5f5016b0 f olemisc.obj
 0001:000006d0       ?_GetBaseInterfaceMap@CEnumOleVerb@@KGPBUAFX_INTERFACEMAP@@XZ 5f5016d0 f oleverb.obj
 0001:000006e5       ?GetInterfaceMap@CEnumOleVerb@@MBEPBUAFX_INTERFACEMAP@@XZ 5f5016e5 f oleverb.obj
 0001:00000700       ??1CEnumOleVerb@@UAE@XZ    5f501700 f oleverb.obj
 0001:000007b5       ?OnNext@CEnumOleVerb@@MAEHPAX@Z 5f5017b5 f oleverb.obj
 0001:00000824       ?EnumOleVerbs@CCmdTarget@@QAEHPAPAUIEnumOLEVERB@@@Z 5f501824 f oleverb.obj
 0001:00000aa5       ?DoOleVerb@CCmdTarget@@QAEHJPAUtagMSG@@PAUHWND__@@PBUtagRECT@@@Z 5f501aa5 f oleverb.obj
 0001:00000c20       ??_ECEnumOleVerb@@UAEPAXI@Z 5f501c20 f oleverb.obj
 0001:00000c20       ??_GCEnumOleVerb@@UAEPAXI@Z 5f501c20 f oleverb.obj
 0001:00000c60       ??0CEnumOleVerb@@QAE@PBXI@Z 5f501c60 f oleverb.obj
 0001:00000ce0       ??0COleVariant@@QAE@ABUtagVARIANT@@@Z 5f501ce0 f olevar.obj
 0001:00000d18       ??0COleVariant@@QAE@PBUtagVARIANT@@@Z 5f501d18 f olevar.obj
 0001:00000d50       ??0COleVariant@@QAE@ABV0@@Z 5f501d50 f olevar.obj
 0001:00000d88       ??0COleVariant@@QAE@PBGG@Z 5f501d88 f olevar.obj
 0001:00000e28       ?SetString@COleVariant@@QAEXPBGG@Z 5f501e28 f olevar.obj
 0001:00000ecd       ??0COleVariant@@QAE@FG@Z   5f501ecd f olevar.obj
 0001:00000f73       ??0COleVariant@@QAE@JG@Z   5f501f73 f olevar.obj
 0001:00001050       ?Clear@COleVariant@@QAEXXZ 5f502050 f olevar.obj
 0001:00001090       ?ChangeType@COleVariant@@QAEXGPAUtagVARIANT@@@Z 5f502090 f olevar.obj
 0001:000010f6       ?Attach@COleVariant@@QAEXAAUtagVARIANT@@@Z 5f5020f6 f olevar.obj
 0001:00001130       ?Detach@COleVariant@@QAE?AUtagVARIANT@@XZ 5f502130 f olevar.obj
 0001:000011a7       ??8COleVariant@@QBEHABUtagVARIANT@@@Z 5f5021a7 f olevar.obj
 0001:000014b6       ??4COleVariant@@QAEABV0@ABUtagVARIANT@@@Z 5f5024b6 f olevar.obj
 0001:000014e5       ??4COleVariant@@QAEABV0@PBUtagVARIANT@@@Z 5f5024e5 f olevar.obj
 0001:00001514       ??4COleVariant@@QAEABV0@ABV0@@Z 5f502514 f olevar.obj
 0001:00001543       ??4COleVariant@@QAEABV0@QBG@Z 5f502543 f olevar.obj
 0001:000015b9       ??4COleVariant@@QAEABV0@ABVCString@@@Z 5f5025b9 f olevar.obj
 0001:0000161b       ??4COleVariant@@QAEABV0@E@Z 5f50261b f olevar.obj
 0001:00001660       ??4COleVariant@@QAEABV0@F@Z 5f502660 f olevar.obj
 0001:000016f0       ??4COleVariant@@QAEABV0@J@Z 5f5026f0 f olevar.obj
 0001:00001799       ??4COleVariant@@QAEABV0@ABVCOleCurrency@@@Z 5f502799 f olevar.obj
 0001:000017e8       ??4COleVariant@@QAEABV0@M@Z 5f5027e8 f olevar.obj
 0001:0000182d       ??4COleVariant@@QAEABV0@N@Z 5f50282d f olevar.obj
 0001:00001878       ??4COleVariant@@QAEABV0@ABVCOleDateTime@@@Z 5f502878 f olevar.obj
 0001:000018c5       ??4COleVariant@@QAEABV0@ABVCByteArray@@@Z 5f5028c5 f olevar.obj
 0001:00001911       ??4COleVariant@@QAEABV0@ABVCLongBinary@@@Z 5f502911 f olevar.obj
 0001:00001970       ?AfxVariantInit@@YGXPAUtagVARIANT@@@Z 5f502970 f olevar.obj
 0001:00001992       ??6@YGAAVCDumpContext@@AAV0@VCOleVariant@@@Z 5f502992 f olevar.obj
 0001:00001d9a       ??6@YGAAVCArchive@@AAV0@VCOleVariant@@@Z 5f502d9a f olevar.obj
 0001:00002207       ??5@YGAAVCArchive@@AAV0@AAVCOleVariant@@@Z 5f503207 f olevar.obj
 0001:0000263c       ?ConstructElements@@YGXPAVCOleVariant@@H@Z 5f50363c f olevar.obj
 0001:000026d6       ?DestructElements@@YGXPAVCOleVariant@@H@Z 5f5036d6 f olevar.obj
 0001:00002752       ?CopyElements@@YGXPAVCOleVariant@@PBV1@H@Z 5f503752 f olevar.obj
 0001:00002810       ?SerializeElements@@YGXAAVCArchive@@PAVCOleVariant@@H@Z 5f503810 f olevar.obj
 0001:0000291f       ?DumpElements@@YGXAAVCDumpContext@@PAVCOleVariant@@H@Z 5f50391f f olevar.obj
 0001:000029af       ?HashKey@@YGIABUtagVARIANT@@@Z 5f5039af f olevar.obj
 0001:00003182       ??0COleCurrency@@QAE@JJ@Z  5f504182 f olevar.obj
 0001:000031b7       ??4COleCurrency@@QAEABV0@TtagCY@@@Z 5f5041b7 f olevar.obj
 0001:000031ea       ??4COleCurrency@@QAEABV0@ABV0@@Z 5f5041ea f olevar.obj
 0001:00003221       ??4COleCurrency@@QAEABV0@ABUtagVARIANT@@@Z 5f504221 f olevar.obj
 0001:00003351       ??MCOleCurrency@@QBEHABV0@@Z 5f504351 f olevar.obj
 0001:0000340a       ??OCOleCurrency@@QBEHABV0@@Z 5f50440a f olevar.obj
 0001:000034c3       ??NCOleCurrency@@QBEHABV0@@Z 5f5044c3 f olevar.obj
 0001:0000357c       ??PCOleCurrency@@QBEHABV0@@Z 5f50457c f olevar.obj
 0001:00003635       ??HCOleCurrency@@QBE?AV0@ABV0@@Z 5f504635 f olevar.obj
 0001:00003746       ??GCOleCurrency@@QBE?AV0@ABV0@@Z 5f504746 f olevar.obj
 0001:00003857       ??GCOleCurrency@@QBE?AV0@XZ 5f504857 f olevar.obj
 0001:000038f2       ??DCOleCurrency@@QBE?AV0@J@Z 5f5048f2 f olevar.obj
 0001:00003c53       ??KCOleCurrency@@QBE?AV0@J@Z 5f504c53 f olevar.obj
 0001:00003f9e       ?SetCurrency@COleCurrency@@QAEXJJ@Z 5f504f9e f olevar.obj
 0001:0000405f       ?ParseCurrency@COleCurrency@@QAEHPBGKK@Z 5f50505f f olevar.obj
 0001:000041da       ?Format@COleCurrency@@QBE?AVCString@@KK@Z 5f5051da f olevar.obj
 0001:00004350       ??6@YGAAVCDumpContext@@AAV0@VCOleCurrency@@@Z 5f505350 f olevar.obj
 0001:00004405       ??6@YGAAVCArchive@@AAV0@VCOleCurrency@@@Z 5f505405 f olevar.obj
 0001:0000443b       ??5@YGAAVCArchive@@AAV0@AAVCOleCurrency@@@Z 5f50543b f olevar.obj
 0001:00004477       ?GetTickCount@COleDateTime@@SG?AV1@XZ 5f505477 f olevar.obj
 0001:000044a0       ?GetYear@COleDateTime@@QBEHXZ 5f5054a0 f olevar.obj
 0001:000044f6       ?GetMonth@COleDateTime@@QBEHXZ 5f5054f6 f olevar.obj
 0001:0000454c       ?GetDay@COleDateTime@@QBEHXZ 5f50554c f olevar.obj
 0001:000045a2       ?GetHour@COleDateTime@@QBEHXZ 5f5055a2 f olevar.obj
 0001:000045f8       ?GetMinute@COleDateTime@@QBEHXZ 5f5055f8 f olevar.obj
 0001:0000464e       ?GetSecond@COleDateTime@@QBEHXZ 5f50564e f olevar.obj
 0001:000046a4       ?GetDayOfWeek@COleDateTime@@QBEHXZ 5f5056a4 f olevar.obj
 0001:000046fa       ?GetDayOfYear@COleDateTime@@QBEHXZ 5f5056fa f olevar.obj
 0001:00004750       ??4COleDateTime@@QAEABV0@ABUtagVARIANT@@@Z 5f505750 f olevar.obj
 0001:00004879       ??4COleDateTime@@QAEABV0@N@Z 5f505879 f olevar.obj
 0001:000048ac       ??4COleDateTime@@QAEABV0@ABJ@Z 5f5058ac f olevar.obj
 0001:00004968       ??4COleDateTime@@QAEABV0@ABU_SYSTEMTIME@@@Z 5f505968 f olevar.obj
 0001:000049df       ??4COleDateTime@@QAEABV0@ABU_FILETIME@@@Z 5f5059df f olevar.obj
 0001:00004abd       ??MCOleDateTime@@QBEHABV0@@Z 5f505abd f olevar.obj
 0001:00004b6a       ??OCOleDateTime@@QBEHABV0@@Z 5f505b6a f olevar.obj
 0001:00004c17       ??NCOleDateTime@@QBEHABV0@@Z 5f505c17 f olevar.obj
 0001:00004cc4       ??PCOleDateTime@@QBEHABV0@@Z 5f505cc4 f olevar.obj
 0001:00004d71       ??HCOleDateTime@@QBE?AV0@ABVCOleDateTimeSpan@@@Z 5f505d71 f olevar.obj
 0001:00004e5b       ??GCOleDateTime@@QBE?AV0@ABVCOleDateTimeSpan@@@Z 5f505e5b f olevar.obj
 0001:00004f45       ??GCOleDateTime@@QBE?AVCOleDateTimeSpan@@ABV0@@Z 5f505f45 f olevar.obj
 0001:00005020       ?SetDateTime@COleDateTime@@QAEHHHHHHH@Z 5f506020 f olevar.obj
 0001:00005083       ?ParseDateTime@COleDateTime@@QAEHPBGKK@Z 5f506083 f olevar.obj
 0001:000051f8       ?Format@COleDateTime@@QBE?AVCString@@KK@Z 5f5061f8 f olevar.obj
 0001:0000536e       ?Format@COleDateTime@@QBE?AVCString@@PBG@Z 5f50636e f olevar.obj
 0001:000054f0       ?Format@COleDateTime@@QBE?AVCString@@I@Z 5f5064f0 f olevar.obj
 0001:000055b4       ?CheckRange@COleDateTime@@IAEXXZ 5f5065b4 f olevar.obj
 0001:00005600       ??6@YGAAVCDumpContext@@AAV0@VCOleDateTime@@@Z 5f506600 f olevar.obj
 0001:000056b5       ??6@YGAAVCArchive@@AAV0@VCOleDateTime@@@Z 5f5066b5 f olevar.obj
 0001:000056e3       ??5@YGAAVCArchive@@AAV0@AAVCOleDateTime@@@Z 5f5066e3 f olevar.obj
 0001:00005710       ?GetHours@COleDateTimeSpan@@QBEJXZ 5f506710 f olevar.obj
 0001:00005773       ?GetMinutes@COleDateTimeSpan@@QBEJXZ 5f506773 f olevar.obj
 0001:000057dd       ?GetSeconds@COleDateTimeSpan@@QBEJXZ 5f5067dd f olevar.obj
 0001:00005847       ??4COleDateTimeSpan@@QAEABV0@N@Z 5f506847 f olevar.obj
 0001:0000587a       ??4COleDateTimeSpan@@QAEABV0@ABV0@@Z 5f50687a f olevar.obj
 0001:000058b1       ??HCOleDateTimeSpan@@QBE?AV0@ABV0@@Z 5f5068b1 f olevar.obj
 0001:00005975       ??GCOleDateTimeSpan@@QBE?AV0@ABV0@@Z 5f506975 f olevar.obj
 0001:00005a39       ?SetDateTimeSpan@COleDateTimeSpan@@QAEXJHHH@Z 5f506a39 f olevar.obj
 0001:00005a9a       ?Format@COleDateTimeSpan@@QBE?AVCString@@PBG@Z 5f506a9a f olevar.obj
 0001:00005c1c       ?Format@COleDateTimeSpan@@QBE?AVCString@@I@Z 5f506c1c f olevar.obj
 0001:00005ce0       ?CheckRange@COleDateTimeSpan@@QAEXXZ 5f506ce0 f olevar.obj
 0001:00005d2c       ??6@YGAAVCDumpContext@@AAV0@VCOleDateTimeSpan@@@Z 5f506d2c f olevar.obj
 0001:00005de5       ??6@YGAAVCArchive@@AAV0@VCOleDateTimeSpan@@@Z 5f506de5 f olevar.obj
 0001:00005e13       ??5@YGAAVCArchive@@AAV0@AAVCOleDateTimeSpan@@@Z 5f506e13 f olevar.obj
 0001:00006483       ??0COleSafeArray@@QAE@ABUtagSAFEARRAY@@G@Z 5f507483 f olevar.obj
 0001:000064ed       ??0COleSafeArray@@QAE@PBUtagSAFEARRAY@@G@Z 5f5074ed f olevar.obj
 0001:00006557       ??0COleSafeArray@@QAE@ABV0@@Z 5f507557 f olevar.obj
 0001:000065a3       ??0COleSafeArray@@QAE@ABUtagVARIANT@@@Z 5f5075a3 f olevar.obj
 0001:000065ef       ??0COleSafeArray@@QAE@PBUtagVARIANT@@@Z 5f5075ef f olevar.obj
 0001:0000663b       ?Attach@COleSafeArray@@QAEXAAUtagVARIANT@@@Z 5f50763b f olevar.obj
 0001:0000669e       ?Detach@COleSafeArray@@QAE?AUtagVARIANT@@XZ 5f50769e f olevar.obj
 0001:00006715       ??4COleSafeArray@@QAEAAV0@ABV0@@Z 5f507715 f olevar.obj
 0001:0000676d       ??4COleSafeArray@@QAEAAV0@ABUtagVARIANT@@@Z 5f50776d f olevar.obj
 0001:000067c5       ??4COleSafeArray@@QAEAAV0@PBUtagVARIANT@@@Z 5f5077c5 f olevar.obj
 0001:0000681d       ??4COleSafeArray@@QAEAAV0@ABVCOleVariant@@@Z 5f50781d f olevar.obj
 0001:00006875       ??8COleSafeArray@@QBEHABUtagSAFEARRAY@@@Z 5f507875 f olevar.obj
 0001:0000689d       ??8COleSafeArray@@QBEHPBUtagSAFEARRAY@@@Z 5f50789d f olevar.obj
 0001:000068c5       ??8COleSafeArray@@QBEHABV0@@Z 5f5078c5 f olevar.obj
 0001:0000690f       ??8COleSafeArray@@QBEHABUtagVARIANT@@@Z 5f50790f f olevar.obj
 0001:00006959       ??8COleSafeArray@@QBEHPBUtagVARIANT@@@Z 5f507959 f olevar.obj
 0001:000069a3       ??8COleSafeArray@@QBEHABVCOleVariant@@@Z 5f5079a3 f olevar.obj
 0001:000069ed       ?CreateOneDim@COleSafeArray@@QAEXGKPAXJ@Z 5f5079ed f olevar.obj
 0001:00006a80       ?GetOneDimSize@COleSafeArray@@QAEKXZ 5f507a80 f olevar.obj
 0001:00006ae2       ?ResizeOneDim@COleSafeArray@@QAEXK@Z 5f507ae2 f olevar.obj
 0001:00006b3c       ?Create@COleSafeArray@@QAEXGKPAK@Z 5f507b3c f olevar.obj
 0001:00006c8a       ?Create@COleSafeArray@@QAEXGKPAUtagSAFEARRAYBOUND@@@Z 5f507c8a f olevar.obj
 0001:00006df6       ?AccessData@COleSafeArray@@QAEXPAPAX@Z 5f507df6 f olevar.obj
 0001:00006e25       ?UnaccessData@COleSafeArray@@QAEXXZ 5f507e25 f olevar.obj
 0001:00006e4e       ?AllocData@COleSafeArray@@QAEXXZ 5f507e4e f olevar.obj
 0001:00006e77       ?AllocDescriptor@COleSafeArray@@QAEXK@Z 5f507e77 f olevar.obj
 0001:00006ea6       ?Copy@COleSafeArray@@QAEXPAPAUtagSAFEARRAY@@@Z 5f507ea6 f olevar.obj
 0001:00006ed5       ?GetLBound@COleSafeArray@@QAEXKPAJ@Z 5f507ed5 f olevar.obj
 0001:00006f08       ?GetUBound@COleSafeArray@@QAEXKPAJ@Z 5f507f08 f olevar.obj
 0001:00006f3b       ?GetElement@COleSafeArray@@QAEXPAJPAX@Z 5f507f3b f olevar.obj
 0001:00006f6e       ?PtrOfIndex@COleSafeArray@@QAEXPAJPAPAX@Z 5f507f6e f olevar.obj
 0001:00006fa1       ?PutElement@COleSafeArray@@QAEXPAJPAX@Z 5f507fa1 f olevar.obj
 0001:00006fd4       ?Redim@COleSafeArray@@QAEXPAUtagSAFEARRAYBOUND@@@Z 5f507fd4 f olevar.obj
 0001:00007003       ?Lock@COleSafeArray@@QAEXXZ 5f508003 f olevar.obj
 0001:0000702c       ?Unlock@COleSafeArray@@QAEXXZ 5f50802c f olevar.obj
 0001:00007055       ?Destroy@COleSafeArray@@QAEXXZ 5f508055 f olevar.obj
 0001:0000707e       ?DestroyData@COleSafeArray@@QAEXXZ 5f50807e f olevar.obj
 0001:000070a7       ?DestroyDescriptor@COleSafeArray@@QAEXXZ 5f5080a7 f olevar.obj
 0001:000070d0       ?AfxSafeArrayInit@@YGXPAVCOleSafeArray@@@Z 5f5080d0 f olevar.obj
 0001:000070f2       ?DDX_Text@@YGXPAVCDataExchange@@HAAVCOleDateTime@@@Z 5f5080f2 f olevar.obj
 0001:0000721d       ?DDX_Text@@YGXPAVCDataExchange@@HAAVCOleCurrency@@@Z 5f50821d f olevar.obj
 0001:00007350       ??_GCOleVariant@@QAEPAXI@Z 5f508350 f olevar.obj
 0001:00007390       ??2@YAPAXIPAX@Z            5f508390 f olevar.obj
 0001:000073b0       ?HashKey@@YGIPAG@Z         5f5083b0 f olevar.obj
 0001:000073d0       ?HashKey@@YGIK@Z           5f5083d0 f olevar.obj
 0001:000073f0       ??0_afxRichEditCookie@@QAE@AAVCArchive@@@Z 5f5083f0 f viewrich.obj
 0001:00007420       ??B?$CProcessLocal@V_AFX_RICHEDIT_STATE@@@@QAEPAV_AFX_RICHEDIT_STATE@@XZ 5f508420 f viewrich.obj
 0001:00007440       ?GetData@?$CProcessLocal@V_AFX_RICHEDIT_STATE@@@@QAEPAV_AFX_RICHEDIT_STATE@@XZ 5f508440 f viewrich.obj
 0001:00007490       ?CreateObject@?$CProcessLocal@V_AFX_RICHEDIT_STATE@@@@SGPAVCNoTrackObject@@XZ 5f508490 f viewrich.obj
 0001:00007520       ??0_AFX_RICHEDIT_STATE@@QAE@XZ 5f508520 f viewrich.obj
 0001:00007590       ??_E_AFX_RICHEDIT_STATE@@UAEPAXI@Z 5f508590 f viewrich.obj
 0001:00007590       ??_G_AFX_RICHEDIT_STATE@@UAEPAXI@Z 5f508590 f viewrich.obj
 0001:000075d0       ?EnableTypeLib@CCmdTarget@@QAEXXZ 5f5085d0 f oletyplb.obj
 0001:00007633       ?GetTypeInfoOfGuid@CCmdTarget@@QAEJKABU_GUID@@PAPAUITypeInfo@@@Z 5f508633 f oletyplb.obj
 0001:000077dd       ?AfxGetTypeLibCache@@YGPAVCTypeLibCache@@PBU_GUID@@@Z 5f5087dd f oletyplb.obj
 0001:000079c3       ?Lock@CTypeLibCache@@QAEXXZ 5f5089c3 f oletyplb.obj
 0001:00007a22       ?Lookup@CTypeLibCache@@QAEHKPAPAUITypeLib@@@Z 5f508a22 f oletyplb.obj
 0001:00007ab2       ?Cache@CTypeLibCache@@QAEXKPAUITypeLib@@@Z 5f508ab2 f oletyplb.obj
 0001:00007b6b       ?LookupTypeInfo@CTypeLibCache@@QAEHKABU_GUID@@PAPAUITypeInfo@@@Z 5f508b6b f oletyplb.obj
 0001:00007c48       ?CacheTypeInfo@CTypeLibCache@@QAEXKABU_GUID@@PAUITypeInfo@@@Z 5f508c48 f oletyplb.obj
 0001:00007ce0       ??0CTypeLibCache@@QAE@XZ   5f508ce0 f oletyplb.obj
 0001:00007d30       ?IsEqualGUID@@YAHABU_GUID@@0@Z 5f508d30 f oletyplb.obj
 0001:00007d70       ??B?$_CIP@UIBindCtx@@$1IID_IBindCtx@@QBEPAUIBindCtx@@XZ 5f508d70 f olemon.obj
 0001:00007d90       ??0?$CIP@UIBindCtx@@$1IID_IBindCtx@@QAE@PAUIBindCtx@@H@Z 5f508d90 f olemon.obj
 0001:00007e00       ??0?$_CIP@UIBindCtx@@$1IID_IBindCtx@@QAE@PAUIBindCtx@@H@Z 5f508e00 f olemon.obj
 0001:00007e60       ??1?$_CIP@UIBindCtx@@$1IID_IBindCtx@@QAE@XZ 5f508e60 f olemon.obj
 0001:00007e80       ?_Release@?$_CIP@UIBindCtx@@$1IID_IBindCtx@@AAEXXZ 5f508e80 f olemon.obj
 0001:00007ec0       ?_AddRef@?$_CIP@UIBindCtx@@$1IID_IBindCtx@@AAEXXZ 5f508ec0 f olemon.obj
 0001:00007f00       ??B?$_CIP@UIBindHost@@$1IID_IBindHost@@QBEPAUIBindHost@@XZ 5f508f00 f olemon.obj
 0001:00007f20       ??I?$_CIP@UIMoniker@@$1IID_IMoniker@@QAEPAPAUIMoniker@@XZ 5f508f20 f olemon.obj
 0001:00007f50       ??7?$_CIP@UIMoniker@@$1IID_IMoniker@@QAEHXZ 5f508f50 f olemon.obj
 0001:00007f80       ??0?$CIP@UIBindHost@@$1IID_IBindHost@@QAE@PAUIBindHost@@H@Z 5f508f80 f olemon.obj
 0001:00007ff0       ??0?$_CIP@UIBindHost@@$1IID_IBindHost@@QAE@PAUIBindHost@@H@Z 5f508ff0 f olemon.obj
 0001:00008050       ??1?$_CIP@UIBindHost@@$1IID_IBindHost@@QAE@XZ 5f509050 f olemon.obj
 0001:00008070       ?_Release@?$_CIP@UIBindHost@@$1IID_IBindHost@@AAEXXZ 5f509070 f olemon.obj
 0001:000080b0       ?_AddRef@?$_CIP@UIBindHost@@$1IID_IBindHost@@AAEXXZ 5f5090b0 f olemon.obj
 0001:000080f0       ??4?$CIP@UIMoniker@@$1IID_IMoniker@@QAEAAV0@PAUIMoniker@@@Z 5f5090f0 f olemon.obj
 0001:00008120       ??4?$_CIP@UIMoniker@@$1IID_IMoniker@@QAEAAV0@PAUIMoniker@@@Z 5f509120 f olemon.obj
 0001:00008180       ?_AddRef@?$_CIP@UIMoniker@@$1IID_IMoniker@@AAEXXZ 5f509180 f olemon.obj
 0001:000081c0       ??B?$_CIP@UIStream@@$1IID_IStream@@QBEPAUIStream@@XZ 5f5091c0 f olemon.obj
 0001:000081e0       ??I?$_CIP@UIStream@@$1IID_IStream@@QAEPAPAUIStream@@XZ 5f5091e0 f olemon.obj
 0001:00008210       ?GetInterfacePtr@?$_CIP@UIStream@@$1IID_IStream@@QBEPAUIStream@@XZ 5f509210 f olemon.obj
 0001:00008230       ?_Release@?$_CIP@UIStream@@$1IID_IStream@@AAEXXZ 5f509230 f olemon.obj
 0001:00008270       ??0?$CIP@UIStream@@$1IID_IStream@@QAE@XZ 5f509270 f olemon.obj
 0001:000082e0       ??0?$_CIP@UIStream@@$1IID_IStream@@QAE@XZ 5f5092e0 f olemon.obj
 0001:00008310       ??1?$_CIP@UIStream@@$1IID_IStream@@QAE@XZ 5f509310 f olemon.obj
 0001:00008330       ?Release@?$_CIP@UIMoniker@@$1IID_IMoniker@@QAEXXZ 5f509330 f olemon.obj
 0001:00008390       ?GetInterfacePtr@?$_CIP@UIMoniker@@$1IID_IMoniker@@QBEPAUIMoniker@@XZ 5f509390 f olemon.obj
 0001:000083b0       ??0_AfxBindHost@@QAE@XZ    5f5093b0 f olemon.obj
 0001:000083f0       ?AddRef@_AfxBindHost@@UAGKXZ 5f5093f0 f olemon.obj
 0001:00008410       ?Release@_AfxBindHost@@UAGKXZ 5f509410 f olemon.obj
 0001:00008470       ?QueryInterface@_AfxBindHost@@UAGJABU_GUID@@PAPAX@Z 5f509470 f olemon.obj
 0001:00008500       ?CreateMoniker@_AfxBindHost@@UAGJPAGPAUIBindCtx@@PAPAUIMoniker@@K@Z 5f509500 f olemon.obj
 0001:00008590       ?MonikerBindToStorage@_AfxBindHost@@UAGJPAUIMoniker@@PAUIBindCtx@@PAUIBindStatusCallback@@ABU_GUID@@PAPAX@Z 5f509590 f olemon.obj
 0001:00008780       ?MonikerBindToObject@_AfxBindHost@@EAGJPAUIMoniker@@PAUIBindCtx@@PAUIBindStatusCallback@@ABU_GUID@@PAPAX@Z 5f509780 f olemon.obj
 0001:000087b0       ??I?$_CIP@UIBindCtx@@$1IID_IBindCtx@@QAEPAPAUIBindCtx@@XZ 5f5097b0 f olemon.obj
 0001:000087e0       ??7?$_CIP@UIBindCtx@@$1IID_IBindCtx@@QAEHXZ 5f5097e0 f olemon.obj
 0001:00008810       ??0?$CIP@UIBindCtx@@$1IID_IBindCtx@@QAE@XZ 5f509810 f olemon.obj
 0001:00008880       ??0?$_CIP@UIBindCtx@@$1IID_IBindCtx@@QAE@XZ 5f509880 f olemon.obj
 0001:000088b0       ??4?$CIP@UIBindCtx@@$1IID_IBindCtx@@QAEAAV0@PAUIBindCtx@@@Z 5f5098b0 f olemon.obj
 0001:000088e0       ??4?$_CIP@UIBindCtx@@$1IID_IBindCtx@@QAEAAV0@PAUIBindCtx@@@Z 5f5098e0 f olemon.obj
 0001:00008940       ??I?$_CIP@UIBindStatusCallback@@$1IID_IBindStatusCallback@@QAEPAPAUIBindStatusCallback@@XZ 5f509940 f olemon.obj
 0001:00008970       ??7?$_CIP@UIBindStatusCallback@@$1IID_IBindStatusCallback@@QAEHXZ 5f509970 f olemon.obj
 0001:000089a0       ?_Release@?$_CIP@UIBindStatusCallback@@$1IID_IBindStatusCallback@@AAEXXZ 5f5099a0 f olemon.obj
 0001:000089e0       ??0?$CIP@UIBindStatusCallback@@$1IID_IBindStatusCallback@@QAE@XZ 5f5099e0 f olemon.obj
 0001:00008a50       ??0?$_CIP@UIBindStatusCallback@@$1IID_IBindStatusCallback@@QAE@XZ 5f509a50 f olemon.obj
 0001:00008a80       ??1?$_CIP@UIBindStatusCallback@@$1IID_IBindStatusCallback@@QAE@XZ 5f509a80 f olemon.obj
 0001:00008aa0       ??1_AfxBindHost@@QAE@XZ    5f509aa0 f olemon.obj
 0001:00008b51       ?AfxEnableControlContainer@@YAXPAVCOccManager@@@Z 5f509b51 f occmgr.obj
 0001:00008ba2       ?OnEvent@COccManager@@UAEHPAVCCmdTarget@@IPAUAFX_EVENT@@PAUAFX_CMDHANDLERINFO@@@Z 5f509ba2 f occmgr.obj
 0001:00008bce       ?CreateContainer@COccManager@@UAEPAVCOleControlContainer@@PAVCWnd@@@Z 5f509bce f occmgr.obj
 0001:00008c17       ?CreateSite@COccManager@@UAEPAVCOleControlSite@@PAVCOleControlContainer@@@Z 5f509c17 f occmgr.obj
 0001:00008c63       ?PreCreateDialog@COccManager@@UAEPBUDLGTEMPLATE@@PAU_AFX_OCC_DIALOG_INFO@@PBU2@@Z 5f509c63 f occmgr.obj
 0001:00008d7a       ?PostCreateDialog@COccManager@@UAEXPAU_AFX_OCC_DIALOG_INFO@@@Z 5f509d7a f occmgr.obj
 0001:00008dc7       ?SplitDialogTemplate@COccManager@@UAEPAUDLGTEMPLATE@@PBU2@PAPAUDLGITEMTEMPLATE@@@Z 5f509dc7 f occmgr.obj
 0001:00009252       ?CreateDlgControls@COccManager@@UAEHPAVCWnd@@PBGPAU_AFX_OCC_DIALOG_INFO@@@Z 5f50a252 f occmgr.obj
 0001:000093d3       ?CreateDlgControls@COccManager@@UAEHPAVCWnd@@PAXPAU_AFX_OCC_DIALOG_INFO@@@Z 5f50a3d3 f occmgr.obj
 0001:00009791       ?BindControls@COccManager@@IAEXPAVCWnd@@@Z 5f50a791 f occmgr.obj
 0001:000099e9       ?CreateDlgControl@COccManager@@IAEPAUHWND__@@PAVCWnd@@PAU2@HPAUDLGITEMTEMPLATE@@GPAEK@Z 5f50a9e9 f occmgr.obj
 0001:0000a057       ?PrepareOleCtrl@CDataExchange@@QAEPAVCWnd@@H@Z 5f50b057 f occmgr.obj
 0001:0000a130       ??1?$CProcessLocal@VCOccManager@@@@QAE@XZ 5f50b130 f occmgr.obj
 0001:0000a190       ?GetData@?$CProcessLocal@VCOccManager@@@@QAEPAVCOccManager@@XZ 5f50b190 f occmgr.obj
 0001:0000a1e0       ?CreateObject@?$CProcessLocal@VCOccManager@@@@SGPAVCNoTrackObject@@XZ 5f50b1e0 f occmgr.obj
 0001:0000a270       ??0COccManager@@QAE@XZ     5f50b270 f occmgr.obj
 0001:0000a2e0       ??_GCOccManager@@UAEPAXI@Z 5f50b2e0 f occmgr.obj
 0001:0000a2e0       ??_ECOccManager@@UAEPAXI@Z 5f50b2e0 f occmgr.obj
 0001:0000a320       ??1COccManager@@UAE@XZ     5f50b320 f occmgr.obj
 0001:0000a380       ?UnlockResource@@YGHPAX@Z  5f50b380 f occmgr.obj
 0001:0000a3a0       ?OnEvent@CCmdTarget@@QAEHIPAUAFX_EVENT@@PAUAFX_CMDHANDLERINFO@@@Z 5f50b3a0 f occevent.obj
 0001:0000a826       ?GetEventSinkEntry@CCmdTarget@@IAGPBUAFX_EVENTSINKMAP_ENTRY@@IPAUAFX_EVENT@@@Z 5f50b826 f occevent.obj
 0001:0000a920       ?CreateControl@CWnd@@QAEHPBG0KABUtagRECT@@PAV1@IPAVCFile@@HPAG@Z 5f50b920 f occcont.obj
 0001:0000a9a4       ?CreateControl@CWnd@@QAEHABU_GUID@@PBGKABUtagRECT@@PAV1@IPAVCFile@@HPAG@Z 5f50b9a4 f occcont.obj
 0001:0000aa63       ?InitControlContainer@CWnd@@IAEHXZ 5f50ba63 f occcont.obj
 0001:0000abaf       ?_GetBaseInterfaceMap@COleControlContainer@@KGPBUAFX_INTERFACEMAP@@XZ 5f50bbaf f occcont.obj
 0001:0000abc4       ?GetInterfaceMap@COleControlContainer@@MBEPBUAFX_INTERFACEMAP@@XZ 5f50bbc4 f occcont.obj
 0001:0000abdf       ?_GetBaseDispatchMap@COleControlContainer@@KGPBUAFX_DISPMAP@@XZ 5f50bbdf f occcont.obj
 0001:0000abf4       ?GetDispatchMap@COleControlContainer@@MBEPBUAFX_DISPMAP@@XZ 5f50bbf4 f occcont.obj
 0001:0000ac0f       ??0COleControlContainer@@QAE@PAVCWnd@@@Z 5f50bc0f f occcont.obj
 0001:0000ace4       ??1COleControlContainer@@UAE@XZ 5f50bce4 f occcont.obj
 0001:0000adf5       ?CreateControl@COleControlContainer@@QAEHPAVCWnd@@ABU_GUID@@PBGKABUtagRECT@@IPAVCFile@@HPAGPAPAVCOleControlSite@@@Z 5f50bdf5 f occcont.obj
 0001:0000af97       ?FindItem@COleControlContainer@@UBEPAVCOleControlSite@@I@Z 5f50bf97 f occcont.obj
 0001:0000affe       ?GetAmbientProp@COleControlContainer@@UAEHPAVCOleControlSite@@JPAUtagVARIANT@@@Z 5f50bffe f occcont.obj
 0001:0000b34d       ?CreateOleFont@COleControlContainer@@QAEXPAVCFont@@@Z 5f50c34d f occcont.obj
 0001:0000b55c       ?ScrollChildren@COleControlContainer@@UAEXHH@Z 5f50c55c f occcont.obj
 0001:0000b62f       ?OnUIActivate@COleControlContainer@@UAEXPAVCOleControlSite@@@Z 5f50c62f f occcont.obj
 0001:0000b69a       ?OnUIDeactivate@COleControlContainer@@UAEXPAVCOleControlSite@@@Z 5f50c69a f occcont.obj
 0001:0000b6e3       ?CheckDlgButton@COleControlContainer@@UAEXHI@Z 5f50c6e3 f occcont.obj
 0001:0000b75e       ?CheckRadioButton@COleControlContainer@@UAEXHHH@Z 5f50c75e f occcont.obj
 0001:0000b7fa       ?GetDlgItem@COleControlContainer@@UBEPAVCWnd@@H@Z 5f50c7fa f occcont.obj
 0001:0000b82e       ?GetDlgItem@COleControlContainer@@UBEXHPAPAUHWND__@@@Z 5f50c82e f occcont.obj
 0001:0000b896       ?GetDlgItemInt@COleControlContainer@@UBEIHPAHH@Z 5f50c896 f occcont.obj
 0001:0000b9ce       ?GetDlgItemTextW@COleControlContainer@@UBEHHPAGH@Z 5f50c9ce f occcont.obj
 0001:0000ba19       ?SendDlgItemMessageW@COleControlContainer@@UAEJHIIJ@Z 5f50ca19 f occcont.obj
 0001:0000ba68       ?SetDlgItemInt@COleControlContainer@@UAEXHIH@Z 5f50ca68 f occcont.obj
 0001:0000bacb       ?SetDlgItemTextW@COleControlContainer@@UAEXHPBG@Z 5f50cacb f occcont.obj
 0001:0000bb10       ?IsDlgButtonChecked@COleControlContainer@@UBEIH@Z 5f50cb10 f occcont.obj
 0001:0000bc1a       ?QueryInterface@XOleIPFrame@COleControlContainer@@UAGJABU_GUID@@PAPAX@Z 5f50cc1a f occcont.obj
 0001:0000bc48       ?AddRef@XOleIPFrame@COleControlContainer@@UAGKXZ 5f50cc48 f occcont.obj
 0001:0000bc6e       ?Release@XOleIPFrame@COleControlContainer@@UAGKXZ 5f50cc6e f occcont.obj
 0001:0000bc94       ?GetWindow@XOleIPFrame@COleControlContainer@@UAGJPAPAUHWND__@@@Z 5f50cc94 f occcont.obj
 0001:0000bcc2       ?ContextSensitiveHelp@XOleIPFrame@COleControlContainer@@UAGJH@Z 5f50ccc2 f occcont.obj
 0001:0000bcd9       ?GetBorder@XOleIPFrame@COleControlContainer@@UAGJPAUtagRECT@@@Z 5f50ccd9 f occcont.obj
 0001:0000bcf0       ?RequestBorderSpace@XOleIPFrame@COleControlContainer@@UAGJPBUtagRECT@@@Z 5f50ccf0 f occcont.obj
 0001:0000bd07       ?SetBorderSpace@XOleIPFrame@COleControlContainer@@UAGJPBUtagRECT@@@Z 5f50cd07 f occcont.obj
 0001:0000bd1e       ?SetActiveObject@XOleIPFrame@COleControlContainer@@UAGJPAUIOleInPlaceActiveObject@@PBG@Z 5f50cd1e f occcont.obj
 0001:0000bd8f       ?InsertMenus@XOleIPFrame@COleControlContainer@@UAGJPAUHMENU__@@PAUtagOleMenuGroupWidths@@@Z 5f50cd8f f occcont.obj
 0001:0000bda6       ?SetMenu@XOleIPFrame@COleControlContainer@@UAGJPAUHMENU__@@PAXPAUHWND__@@@Z 5f50cda6 f occcont.obj
 0001:0000bdbd       ?RemoveMenus@XOleIPFrame@COleControlContainer@@UAGJPAUHMENU__@@@Z 5f50cdbd f occcont.obj
 0001:0000bdd4       ?SetStatusText@XOleIPFrame@COleControlContainer@@UAGJPBG@Z 5f50cdd4 f occcont.obj
 0001:0000bdeb       ?EnableModeless@XOleIPFrame@COleControlContainer@@UAGJH@Z 5f50cdeb f occcont.obj
 0001:0000be02       ?TranslateAcceleratorW@XOleIPFrame@COleControlContainer@@UAGJPAUtagMSG@@G@Z 5f50ce02 f occcont.obj
 0001:0000be19       ?_GetBaseInterfaceMap@CEnumUnknown@@KGPBUAFX_INTERFACEMAP@@XZ 5f50ce19 f occcont.obj
 0001:0000be2e       ?GetInterfaceMap@CEnumUnknown@@MBEPBUAFX_INTERFACEMAP@@XZ 5f50ce2e f occcont.obj
 0001:0000be49       ??1CEnumUnknown@@UAE@XZ    5f50ce49 f occcont.obj
 0001:0000bf2a       ?OnNext@CEnumUnknown@@MAEHPAX@Z 5f50cf2a f occcont.obj
 0001:0000bf96       ?QueryInterface@XOleContainer@COleControlContainer@@UAGJABU_GUID@@PAPAX@Z 5f50cf96 f occcont.obj
 0001:0000bfc4       ?Release@XOleContainer@COleControlContainer@@UAGKXZ 5f50cfc4 f occcont.obj
 0001:0000bfea       ?AddRef@XOleContainer@COleControlContainer@@UAGKXZ 5f50cfea f occcont.obj
 0001:0000c010       ?ParseDisplayName@XOleContainer@COleControlContainer@@UAGJPAUIBindCtx@@PAGPAKPAPAUIMoniker@@@Z 5f50d010 f occcont.obj
 0001:0000c027       ?EnumObjects@XOleContainer@COleControlContainer@@UAGJKPAPAUIEnumUnknown@@@Z 5f50d027 f occcont.obj
 0001:0000c2f6       ?LockContainer@XOleContainer@COleControlContainer@@UAGJH@Z 5f50d2f6 f occcont.obj
 0001:0000c310       ??_ECOleControlContainer@@UAEPAXI@Z 5f50d310 f occcont.obj
 0001:0000c310       ??_GCOleControlContainer@@UAEPAXI@Z 5f50d310 f occcont.obj
 0001:0000c350       ??0XOleIPFrame@COleControlContainer@@QAE@XZ 5f50d350 f occcont.obj
 0001:0000c380       ??0XOleContainer@COleControlContainer@@QAE@XZ 5f50d380 f occcont.obj
 0001:0000c3b0       ??_GCEnumUnknown@@UAEPAXI@Z 5f50d3b0 f occcont.obj
 0001:0000c3b0       ??_ECEnumUnknown@@UAEPAXI@Z 5f50d3b0 f occcont.obj
 0001:0000c3f0       ??0CEnumUnknown@@QAE@PBXI@Z 5f50d3f0 f occcont.obj
 0001:0000c470       ?_GetBaseInterfaceMap@COleControlSite@@KGPBUAFX_INTERFACEMAP@@XZ 5f50d470 f occsite.obj
 0001:0000c485       ?GetInterfaceMap@COleControlSite@@MBEPBUAFX_INTERFACEMAP@@XZ 5f50d485 f occsite.obj
 0001:0000c4a0       ??0COleControlSite@@QAE@PAVCOleControlContainer@@@Z 5f50d4a0 f occsite.obj
 0001:0000c6aa       ??1COleControlSite@@UAE@XZ 5f50d6aa f occsite.obj
 0001:0000c869       ?SetExtent@COleControlSite@@IAEHXZ 5f50d869 f occsite.obj
 0001:0000c978       ?CreateControl@COleControlSite@@QAEJPAVCWnd@@ABU_GUID@@PBGKABUtagRECT@@IPAVCFile@@HPAG@Z 5f50d978 f occsite.obj
 0001:0000cd80       ?DestroyControl@COleControlSite@@UAEHXZ 5f50dd80 f occsite.obj
 0001:0000cdfd       ?QuickActivate@COleControlSite@@UAEHXZ 5f50ddfd f occsite.obj
 0001:0000d07c       ?CreateOrLoad@COleControlSite@@IAEJABU_GUID@@PAVCFile@@HPAG@Z 5f50e07c f occsite.obj
 0001:0000d9b7       ?GetID@COleControlSite@@QAEIXZ 5f50e9b7 f occsite.obj
 0001:0000d9d3       ?DoVerb@COleControlSite@@UAEJJPAUtagMSG@@@Z 5f50e9d3 f occsite.obj
 0001:0000da29       ?IsDefaultButton@COleControlSite@@QAEHXZ 5f50ea29 f occsite.obj
 0001:0000da65       ?GetDefBtnCode@COleControlSite@@QAEKXZ 5f50ea65 f occsite.obj
 0001:0000dab0       ?SetDefaultButton@COleControlSite@@QAEXH@Z 5f50eab0 f occsite.obj
 0001:0000db67       ?ConnectSink@COleControlSite@@IAEKABU_GUID@@PAUIUnknown@@@Z 5f50eb67 f occsite.obj
 0001:0000dc77       ?DisconnectSink@COleControlSite@@IAEXABU_GUID@@K@Z 5f50ec77 f occsite.obj
 0001:0000dd81       ?GetEventIID@COleControlSite@@QAEHPAU_GUID@@@Z 5f50ed81 f occsite.obj
 0001:0000e12c       ?GetControlInfo@COleControlSite@@QAEXXZ 5f50f12c f occsite.obj
 0001:0000e1c9       ?IsMatchingMnemonic@COleControlSite@@QAEHPAUtagMSG@@@Z 5f50f1c9 f occsite.obj
 0001:0000e333       ?SendMnemonic@COleControlSite@@QAEXPAUtagMSG@@@Z 5f50f333 f occsite.obj
 0001:0000e3cd       ?AttachWindow@COleControlSite@@IAEXXZ 5f50f3cd f occsite.obj
 0001:0000e4cf       ?DetachWindow@COleControlSite@@IAEXXZ 5f50f4cf f occsite.obj
 0001:0000e58c       ?OnEvent@COleControlSite@@IAEHPAUAFX_EVENT@@@Z 5f50f58c f occsite.obj
 0001:0000e609       ?InvokeHelperV@COleControlSite@@UAEXJGGPAXPBEPAD@Z 5f50f609 f occsite.obj
 0001:0000e6d7       ?SetPropertyV@COleControlSite@@UAEXJGPAD@Z 5f50f6d7 f occsite.obj
 0001:0000e75f       ?InvokeHelper@COleControlSite@@UAAXJGGPAXPBEZZ 5f50f75f f occsite.obj
 0001:0000e7a2       ?GetProperty@COleControlSite@@UBEXJGPAX@Z 5f50f7a2 f occsite.obj
 0001:0000e7d9       ?SetProperty@COleControlSite@@UAAXJGZZ 5f50f7d9 f occsite.obj
 0001:0000e810       ?SafeSetProperty@COleControlSite@@UAAHJGZZ 5f50f810 f occsite.obj
 0001:0000e8d6       ?GetStyle@COleControlSite@@UBEKXZ 5f50f8d6 f occsite.obj
 0001:0000ea37       ?GetExStyle@COleControlSite@@UBEKXZ 5f50fa37 f occsite.obj
 0001:0000eb10       ?ModifyStyle@COleControlSite@@UAEHKKI@Z 5f50fb10 f occsite.obj
 0001:0000ebf0       ?ModifyStyleEx@COleControlSite@@UAEHKKI@Z 5f50fbf0 f occsite.obj
 0001:0000ec69       ?SetWindowTextW@COleControlSite@@UAEXPBG@Z 5f50fc69 f occsite.obj
 0001:0000ecea       ?GetWindowTextW@COleControlSite@@UBEXAAVCString@@@Z 5f50fcea f occsite.obj
 0001:0000ee27       ?GetWindowTextW@COleControlSite@@UBEHPAGH@Z 5f50fe27 f occsite.obj
 0001:0000eee7       ?GetWindowTextLengthW@COleControlSite@@UBEHXZ 5f50fee7 f occsite.obj
 0001:0000ef6a       ?GetDlgCtrlID@COleControlSite@@UBEHXZ 5f50ff6a f occsite.obj
 0001:0000ef86       ?SetDlgCtrlID@COleControlSite@@UAEHH@Z 5f50ff86 f occsite.obj
 0001:0000efb3       ?MoveWindow@COleControlSite@@UAEXHHHHH@Z 5f50ffb3 f occsite.obj
 0001:0000f0e8       ?SetWindowPos@COleControlSite@@UAEHPBVCWnd@@HHHHI@Z 5f5100e8 f occsite.obj
 0001:0000f206       ?ShowWindow@COleControlSite@@UAEHH@Z 5f510206 f occsite.obj
 0001:0000f2a7       ?IsWindowEnabled@COleControlSite@@UBEHXZ 5f5102a7 f occsite.obj
 0001:0000f35b       ?EnableWindow@COleControlSite@@UAEHH@Z 5f51035b f occsite.obj
 0001:0000f43e       ?SetFocus@COleControlSite@@UAEPAVCWnd@@XZ 5f51043e f occsite.obj
 0001:0000f493       ?EnableDSC@COleControlSite@@UAEXXZ 5f510493 f occsite.obj
 0001:0000f50f       ?BindDefaultProperty@COleControlSite@@UAEXJGPBGPAVCWnd@@@Z 5f51050f f occsite.obj
 0001:0000f65d       ?BindProperty@COleControlSite@@UAEXJPAVCWnd@@@Z 5f51065d f occsite.obj
 0001:0000f87c       ?AddRef@XOleClientSite@COleControlSite@@UAGKXZ 5f51087c f occsite.obj
 0001:0000f8a4       ?Release@XOleClientSite@COleControlSite@@UAGKXZ 5f5108a4 f occsite.obj
 0001:0000f8cc       ?QueryInterface@XOleClientSite@COleControlSite@@UAGJABU_GUID@@PAPAX@Z 5f5108cc f occsite.obj
 0001:0000f8fc       ?SaveObject@XOleClientSite@COleControlSite@@UAGJXZ 5f5108fc f occsite.obj
 0001:0000f913       ?GetMoniker@XOleClientSite@COleControlSite@@UAGJKKPAPAUIMoniker@@@Z 5f510913 f occsite.obj
 0001:0000f92a       ?GetContainer@XOleClientSite@COleControlSite@@UAGJPAPAUIOleContainer@@@Z 5f51092a f occsite.obj
 0001:0000f95e       ?ShowObject@XOleClientSite@COleControlSite@@UAGJXZ 5f51095e f occsite.obj
 0001:0000f9e4       ?OnShowWindow@XOleClientSite@COleControlSite@@UAGJH@Z 5f5109e4 f occsite.obj
 0001:0000f9f8       ?RequestNewObjectLayout@XOleClientSite@COleControlSite@@UAGJXZ 5f5109f8 f occsite.obj
 0001:0000fa0f       ?AddRef@XOleIPSite@COleControlSite@@UAGKXZ 5f510a0f f occsite.obj
 0001:0000fa37       ?Release@XOleIPSite@COleControlSite@@UAGKXZ 5f510a37 f occsite.obj
 0001:0000fa5f       ?QueryInterface@XOleIPSite@COleControlSite@@UAGJABU_GUID@@PAPAX@Z 5f510a5f f occsite.obj
 0001:0000fa8f       ?GetWindow@XOleIPSite@COleControlSite@@UAGJPAPAUHWND__@@@Z 5f510a8f f occsite.obj
 0001:0000fada       ?ContextSensitiveHelp@XOleIPSite@COleControlSite@@UAGJH@Z 5f510ada f occsite.obj
 0001:0000faf1       ?CanInPlaceActivate@XOleIPSite@COleControlSite@@UAGJXZ 5f510af1 f occsite.obj
 0001:0000fb05       ?OnInPlaceActivate@XOleIPSite@COleControlSite@@UAGJXZ 5f510b05 f occsite.obj
 0001:0000fb19       ?OnUIActivate@XOleIPSite@COleControlSite@@UAGJXZ 5f510b19 f occsite.obj
 0001:0000fb50       ?GetWindowContext@XOleIPSite@COleControlSite@@UAGJPAPAUIOleInPlaceFrame@@PAPAUIOleInPlaceUIWindow@@PAUtagRECT@@2PAUtagOIFI@@@Z 5f510b50 f occsite.obj
 0001:0000fd90       ?Scroll@XOleIPSite@COleControlSite@@UAGJUtagSIZE@@@Z 5f510d90 f occsite.obj
 0001:0000fda7       ?OnUIDeactivate@XOleIPSite@COleControlSite@@UAGJH@Z 5f510da7 f occsite.obj
 0001:0000fdde       ?OnInPlaceDeactivate@XOleIPSite@COleControlSite@@UAGJXZ 5f510dde f occsite.obj
 0001:0000fe64       ?DiscardUndoState@XOleIPSite@COleControlSite@@UAGJXZ 5f510e64 f occsite.obj
 0001:0000fe78       ?DeactivateAndUndo@XOleIPSite@COleControlSite@@UAGJXZ 5f510e78 f occsite.obj
 0001:0000feac       ?OnPosRectChange@XOleIPSite@COleControlSite@@UAGJPBUtagRECT@@@Z 5f510eac f occsite.obj
 0001:0000ff3a       ?AddRef@XOleControlSite@COleControlSite@@UAGKXZ 5f510f3a f occsite.obj
 0001:0000ff62       ?Release@XOleControlSite@COleControlSite@@UAGKXZ 5f510f62 f occsite.obj
 0001:0000ff8a       ?QueryInterface@XOleControlSite@COleControlSite@@UAGJABU_GUID@@PAPAX@Z 5f510f8a f occsite.obj
 0001:0000ffba       ?OnControlInfoChanged@XOleControlSite@COleControlSite@@UAGJXZ 5f510fba f occsite.obj
 0001:0000ffe4       ?LockInPlaceActive@XOleControlSite@COleControlSite@@UAGJH@Z 5f510fe4 f occsite.obj
 0001:0000fffb       ?GetExtendedControl@XOleControlSite@COleControlSite@@UAGJPAPAUIDispatch@@@Z 5f510ffb f occsite.obj
 0001:00010012       ?TransformCoords@XOleControlSite@COleControlSite@@UAGJPAU_POINTL@@PAUtagPOINTF@@K@Z 5f511012 f occsite.obj
 0001:0001019a       ?TranslateAcceleratorW@XOleControlSite@COleControlSite@@UAGJPAUtagMSG@@K@Z 5f51119a f occsite.obj
 0001:000101b1       ?OnFocus@XOleControlSite@COleControlSite@@UAGJH@Z 5f5111b1 f occsite.obj
 0001:000101c5       ?ShowPropertyFrame@XOleControlSite@COleControlSite@@UAGJXZ 5f5111c5 f occsite.obj
 0001:000101dc       ?AddRef@XAmbientProps@COleControlSite@@UAGKXZ 5f5111dc f occsite.obj
 0001:00010204       ?Release@XAmbientProps@COleControlSite@@UAGKXZ 5f511204 f occsite.obj
 0001:0001022c       ?QueryInterface@XAmbientProps@COleControlSite@@UAGJABU_GUID@@PAPAX@Z 5f51122c f occsite.obj
 0001:0001025c       ?GetTypeInfoCount@XAmbientProps@COleControlSite@@UAGJPAI@Z 5f51125c f occsite.obj
 0001:00010273       ?GetTypeInfo@XAmbientProps@COleControlSite@@UAGJIKPAPAUITypeInfo@@@Z 5f511273 f occsite.obj
 0001:0001028a       ?GetIDsOfNames@XAmbientProps@COleControlSite@@UAGJABU_GUID@@PAPAGIKPAJ@Z 5f51128a f occsite.obj
 0001:000102a1       ?Invoke@XAmbientProps@COleControlSite@@UAGJJABU_GUID@@KGPAUtagDISPPARAMS@@PAUtagVARIANT@@PAUtagEXCEPINFO@@PAI@Z 5f5112a1 f occsite.obj
 0001:000103ed       ?QueryInterface@XPropertyNotifySink@COleControlSite@@UAGJABU_GUID@@PAPAX@Z 5f5113ed f occsite.obj
 0001:00010464       ?AddRef@XPropertyNotifySink@COleControlSite@@UAGKXZ 5f511464 f occsite.obj
 0001:0001047b       ?Release@XPropertyNotifySink@COleControlSite@@UAGKXZ 5f51147b f occsite.obj
 0001:0001048f       ?OnChanged@XPropertyNotifySink@COleControlSite@@UAGJJ@Z 5f51148f f occsite.obj
 0001:00010681       ?OnRequestEdit@XPropertyNotifySink@COleControlSite@@UAGJJ@Z 5f511681 f occsite.obj
 0001:0001077e       ?AddRef@XEventSink@COleControlSite@@UAGKXZ 5f51177e f occsite.obj
 0001:00010795       ?Release@XEventSink@COleControlSite@@UAGKXZ 5f511795 f occsite.obj
 0001:000107a9       ?QueryInterface@XEventSink@COleControlSite@@UAGJABU_GUID@@PAPAX@Z 5f5117a9 f occsite.obj
 0001:0001083b       ?GetTypeInfoCount@XEventSink@COleControlSite@@UAGJPAI@Z 5f51183b f occsite.obj
 0001:00010852       ?GetTypeInfo@XEventSink@COleControlSite@@UAGJIKPAPAUITypeInfo@@@Z 5f511852 f occsite.obj
 0001:00010869       ?GetIDsOfNames@XEventSink@COleControlSite@@UAGJABU_GUID@@PAPAGIKPAJ@Z 5f511869 f occsite.obj
 0001:00010880       ?Invoke@XEventSink@COleControlSite@@UAGJJABU_GUID@@KGPAUtagDISPPARAMS@@PAUtagVARIANT@@PAUtagEXCEPINFO@@PAI@Z 5f511880 f occsite.obj
 0001:000109ad       ??0CDataSourceControl@@QAE@PAVCOleControlSite@@@Z 5f5119ad f occsite.obj
 0001:00010aab       ??1CDataSourceControl@@QAE@XZ 5f511aab f occsite.obj
 0001:00010ccb       ?Initialize@CDataSourceControl@@QAEJXZ 5f511ccb f occsite.obj
 0001:00010f73       ?GetCursor@CDataSourceControl@@UAEPAUICursor@@XZ 5f511f73 f occsite.obj
 0001:00010ff8       ?GetMetaData@CDataSourceControl@@QAEJXZ 5f511ff8 f occsite.obj
 0001:000113ed       ?CopyColumnID@CDataSourceControl@@QAEHPAUtagDBCOLUMNID@@PBU2@@Z 5f5123ed f occsite.obj
 0001:000114e9       ?BindProp@CDataSourceControl@@UAEXPAVCOleControlSite@@H@Z 5f5124e9 f occsite.obj
 0001:000116ef       ?BindProp@CDataSourceControl@@UAEXPAVCDataBoundProperty@@H@Z 5f5126ef f occsite.obj
 0001:00011790       ?BindColumns@CDataSourceControl@@UAEXXZ 5f512790 f occsite.obj
 0001:00011aa0       ?GetBoundClientRow@CDataSourceControl@@QAEJXZ 5f512aa0 f occsite.obj
 0001:00011b3a       ?UpdateControls@CDataSourceControl@@UAEJXZ 5f512b3a f occsite.obj
 0001:00011c86       ?UpdateCursor@CDataSourceControl@@UAEJXZ 5f512c86 f occsite.obj
 0001:0001201c       ??0CDataBoundProperty@@QAE@PAV0@JG@Z 5f51301c f occsite.obj
 0001:00012071       ?SetClientSite@CDataBoundProperty@@QAEXPAVCOleControlSite@@@Z 5f513071 f occsite.obj
 0001:00012091       ?SetDSCSite@CDataBoundProperty@@QAEXPAVCOleControlSite@@@Z 5f513091 f occsite.obj
 0001:000120ce       ?GetNext@CDataBoundProperty@@QAEPAV1@XZ 5f5130ce f occsite.obj
 0001:000120ea       ?RemoveSource@CDataBoundProperty@@QAEXXZ 5f5130ea f occsite.obj
 0001:00012112       ?Notify@CDataBoundProperty@@QAEXXZ 5f513112 f occsite.obj
 0001:000121c5       ?GetCursor@CDataBoundProperty@@QAEPAUICursor@@XZ 5f5131c5 f occsite.obj
 0001:0001227e       ?GetCursor@COleControlSite@@IAEJJPAPAUICursor@@PAPAX@Z 5f51327e f occsite.obj
 0001:000122f4       ?AddRef@XBoundObjectSite@COleControlSite@@UAGKXZ 5f5132f4 f occsite.obj
 0001:00012376       ?Release@XBoundObjectSite@COleControlSite@@UAGKXZ 5f513376 f occsite.obj
 0001:000123f8       ?QueryInterface@XBoundObjectSite@COleControlSite@@UAGJABU_GUID@@PAPAX@Z 5f5133f8 f occsite.obj
 0001:00012482       ?GetCursor@XBoundObjectSite@COleControlSite@@UAGJJPAPAUICursor@@PAPAX@Z 5f513482 f occsite.obj
 0001:00012510       ?AddRef@XNotifyDBEvents@COleControlSite@@UAGKXZ 5f513510 f occsite.obj
 0001:00012527       ?Release@XNotifyDBEvents@COleControlSite@@UAGKXZ 5f513527 f occsite.obj
 0001:0001253b       ?QueryInterface@XNotifyDBEvents@COleControlSite@@UAGJABU_GUID@@PAPAX@Z 5f51353b f occsite.obj
 0001:000125b2       ?OKToDo@XNotifyDBEvents@COleControlSite@@UAGJKKQAUtagDBNOTIFYREASON@@@Z 5f5135b2 f occsite.obj
 0001:00012758       ?Cancelled@XNotifyDBEvents@COleControlSite@@UAGJKKQAUtagDBNOTIFYREASON@@@Z 5f513758 f occsite.obj
 0001:00012813       ?SyncBefore@XNotifyDBEvents@COleControlSite@@UAGJKKQAUtagDBNOTIFYREASON@@@Z 5f513813 f occsite.obj
 0001:00012955       ?AboutToDo@XNotifyDBEvents@COleControlSite@@UAGJKKQAUtagDBNOTIFYREASON@@@Z 5f513955 f occsite.obj
 0001:00012a10       ?FailedToDo@XNotifyDBEvents@COleControlSite@@UAGJKKQAUtagDBNOTIFYREASON@@@Z 5f513a10 f occsite.obj
 0001:00012acb       ?SyncAfter@XNotifyDBEvents@COleControlSite@@UAGJKKQAUtagDBNOTIFYREASON@@@Z 5f513acb f occsite.obj
 0001:00012c47       ?DidEvent@XNotifyDBEvents@COleControlSite@@UAGJKKQAUtagDBNOTIFYREASON@@@Z 5f513c47 f occsite.obj
 0001:00012d58       ?FireEvent@XNotifyDBEvents@COleControlSite@@QAEJKKQAUtagDBNOTIFYREASON@@W4DSCSTATE@@@Z 5f513d58 f occsite.obj
 0001:00012ee0       ??_ECOleControlSite@@UAEPAXI@Z 5f513ee0 f occsite.obj
 0001:00012ee0       ??_GCOleControlSite@@UAEPAXI@Z 5f513ee0 f occsite.obj
 0001:00012f20       ??0XOleClientSite@COleControlSite@@QAE@XZ 5f513f20 f occsite.obj
 0001:00012f50       ??0XOleIPSite@COleControlSite@@QAE@XZ 5f513f50 f occsite.obj
 0001:00012f80       ??0XOleControlSite@COleControlSite@@QAE@XZ 5f513f80 f occsite.obj
 0001:00012fb0       ??0XAmbientProps@COleControlSite@@QAE@XZ 5f513fb0 f occsite.obj
 0001:00012fe0       ??0XPropertyNotifySink@COleControlSite@@QAE@XZ 5f513fe0 f occsite.obj
 0001:00013010       ??0XEventSink@COleControlSite@@QAE@XZ 5f514010 f occsite.obj
 0001:00013040       ??0XBoundObjectSite@COleControlSite@@QAE@XZ 5f514040 f occsite.obj
 0001:00013070       ??0XNotifyDBEvents@COleControlSite@@QAE@XZ 5f514070 f occsite.obj
 0001:000130a0       ??0IOleControlSite@@QAE@XZ 5f5140a0 f occsite.obj
 0001:000130d0       ??0IPropertyNotifySink@@QAE@XZ 5f5140d0 f occsite.obj
 0001:00013100       ??0IBoundObjectSite@@QAE@XZ 5f514100 f occsite.obj
 0001:00013130       ??0INotifyDBEvents@@QAE@XZ 5f514130 f occsite.obj
 0001:00013160       ??_GCDataSourceControl@@QAEPAXI@Z 5f514160 f occsite.obj
 0001:000131a0       ??_GCDataBoundProperty@@QAEPAXI@Z 5f5141a0 f occsite.obj
 0001:000131e0       ??1CDataBoundProperty@@QAE@XZ 5f5141e0 f occsite.obj
 0001:00013200       ??0AFX_EVENT@@QAE@HJPAUtagDISPPARAMS@@PAUtagEXCEPINFO@@PAI@Z 5f514200 f occsite.obj
 0001:00013270       ??0AFX_EVENT@@QAE@H@Z      5f514270 f occsite.obj
 0001:000132e0       ??0COleControlLock@@QAE@ABU_GUID@@@Z 5f5142e0 f occlock.obj
 0001:000133dd       ??1COleControlLock@@UAE@XZ 5f5143dd f occlock.obj
 0001:00013439       ?AfxOleLockControl@@YGHABU_GUID@@@Z 5f514439 f occlock.obj
 0001:00013586       ?AfxOleLockControl@@YGHPBG@Z 5f514586 f occlock.obj
 0001:000135c5       ?AfxOleUnlockControl@@YGHPBG@Z 5f5145c5 f occlock.obj
 0001:00013604       ?AfxOleUnlockControl@@YGHABU_GUID@@@Z 5f514604 f occlock.obj
 0001:000136c3       ?AfxOleUnlockAllControls@@YGXXZ 5f5146c3 f occlock.obj
 0001:00013780       ??_GCOleControlLock@@UAEPAXI@Z 5f514780 f occlock.obj
 0001:00013780       ??_ECOleControlLock@@UAEPAXI@Z 5f514780 f occlock.obj
 0001:000137c0       ?IsEmpty@CSimpleList@@QBEHXZ 5f5147c0 f occlock.obj
 0001:000137f0       ?AddHead@?$CTypedSimpleList@PAVCOleControlLock@@@@QAEXPAVCOleControlLock@@@Z 5f5147f0 f occlock.obj
 0001:00013820       ?Remove@?$CTypedSimpleList@PAVCOleControlLock@@@@QAEHPAVCOleControlLock@@@Z 5f514820 f occlock.obj
 0001:00013850       ??B?$CTypedSimpleList@PAVCOleControlLock@@@@QAEPAVCOleControlLock@@XZ 5f514850 f occlock.obj
 0001:00013870       ?DDX_OCText@@YGXPAVCDataExchange@@HJAAVCString@@@Z 5f514870 f occddx.obj
 0001:000138d2       ?DDX_OCTextRO@@YGXPAVCDataExchange@@HJAAVCString@@@Z 5f5148d2 f occddx.obj
 0001:00013940       ?DDX_OCBool@@YGXPAVCDataExchange@@HJAAH@Z 5f514940 f occddx.obj
 0001:0001399f       ?DDX_OCBoolRO@@YGXPAVCDataExchange@@HJAAH@Z 5f51499f f occddx.obj
 0001:000139cb       ?DDX_OCInt@@YGXPAVCDataExchange@@HJAAH@Z 5f5149cb f occddx.obj
 0001:00013a2a       ?DDX_OCIntRO@@YGXPAVCDataExchange@@HJAAH@Z 5f514a2a f occddx.obj
 0001:00013a56       ?DDX_OCInt@@YGXPAVCDataExchange@@HJAAJ@Z 5f514a56 f occddx.obj
 0001:00013ab5       ?DDX_OCIntRO@@YGXPAVCDataExchange@@HJAAJ@Z 5f514ab5 f occddx.obj
 0001:00013ae1       ?DDX_OCShort@@YGXPAVCDataExchange@@HJAAF@Z 5f514ae1 f occddx.obj
 0001:00013b41       ?DDX_OCShortRO@@YGXPAVCDataExchange@@HJAAF@Z 5f514b41 f occddx.obj
 0001:00013b6d       ?DDX_OCColor@@YGXPAVCDataExchange@@HJAAK@Z 5f514b6d f occddx.obj
 0001:00013bcc       ?DDX_OCColorRO@@YGXPAVCDataExchange@@HJAAK@Z 5f514bcc f occddx.obj
 0001:00013c00       ?DDX_OCFloat@@YGXPAVCDataExchange@@HJAAM@Z 5f514c00 f occddxf.obj
 0001:00013c64       ?DDX_OCFloatRO@@YGXPAVCDataExchange@@HJAAM@Z 5f514c64 f occddxf.obj
 0001:00013ca6       ?DDX_OCFloat@@YGXPAVCDataExchange@@HJAAN@Z 5f514ca6 f occddxf.obj
 0001:00013d09       ?DDX_OCFloatRO@@YGXPAVCDataExchange@@HJAAN@Z 5f514d09 f occddxf.obj
 0001:00013d50       ?IsMatchingMnemonic@COccManager@@SAHPAVCWnd@@PAUtagMSG@@@Z 5f514d50 f occdlg.obj
 0001:00013d90       ?IsLabelControl@COccManager@@SAHPAVCWnd@@@Z 5f514d90 f occdlg.obj
 0001:00013dd9       ?UIActivateControl@COccManager@@KAXPAVCWnd@@@Z 5f514dd9 f occdlg.obj
 0001:00013e8c       ?UIDeactivateIfNecessary@COccManager@@KAXPAVCWnd@@0@Z 5f514e8c f occdlg.obj
 0001:00013f81       ?FindDlgItem@@YAPAVCWnd@@PAV1@K@Z 5f514f81 f occdlg.obj
 0001:000141fb       ?SetDefaultButton@COccManager@@SAXPAVCWnd@@H@Z 5f5151fb f occdlg.obj
 0001:000142c9       ?GetDefBtnCode@COccManager@@SAKPAVCWnd@@@Z 5f5152c9 f occdlg.obj
 0001:00014318       ?IsDialogMessageW@COccManager@@UAEHPAVCWnd@@PAUtagMSG@@@Z 5f515318 f occdlg.obj
 0001:00014d60       ?IsControlParent@@YAHPAVCWnd@@@Z 5f515d60 f occdlg.obj
 0001:00014d90       ?TestExStyle@@YAKPAVCWnd@@K@Z 5f515d90 f occdlg.obj
 0001:00014dc0       ?HasChildStyle@@YAHPAVCWnd@@@Z 5f515dc0 f occdlg.obj
 0001:00014e00       ?TestStyle@@YAKPAVCWnd@@K@Z 5f515e00 f occdlg.obj
 0001:00014e30       ?OnSaveViewState@CDocObjectServer@@MAEXAAVCArchive@@@Z 5f515e30 f oledocvw.obj
 0001:00014e48       ?OnApplyViewState@CDocObjectServer@@MAEXAAVCArchive@@@Z 5f515e48 f oledocvw.obj
 0001:00014e60       ?OnActivateView@CDocObjectServer@@MAEJXZ 5f515e60 f oledocvw.obj
 0001:0001565b       ?AddRef@XOleDocumentView@CDocObjectServer@@UAGKXZ 5f51665b f oledocvw.obj
 0001:000156de       ?Release@XOleDocumentView@CDocObjectServer@@UAGKXZ 5f5166de f oledocvw.obj
 0001:00015761       ?QueryInterface@XOleDocumentView@CDocObjectServer@@UAGJABU_GUID@@PAPAX@Z 5f516761 f oledocvw.obj
 0001:000157ec       ?SetInPlaceSite@XOleDocumentView@CDocObjectServer@@UAGJPAUIOleInPlaceSite@@@Z 5f5167ec f oledocvw.obj
 0001:000158f0       ?GetInPlaceSite@XOleDocumentView@CDocObjectServer@@UAGJPAPAUIOleInPlaceSite@@@Z 5f5168f0 f oledocvw.obj
 0001:000159cb       ?GetDocument@XOleDocumentView@CDocObjectServer@@UAGJPAPAUIUnknown@@@Z 5f5169cb f oledocvw.obj
 0001:00015aba       ?OnSetItemRects@CDocObjectServer@@IAEXPAUtagRECT@@0@Z 5f516aba f oledocvw.obj
 0001:00015aee       ?SetRect@XOleDocumentView@CDocObjectServer@@UAGJPAUtagRECT@@@Z 5f516aee f oledocvw.obj
 0001:00015c0e       ?GetRect@XOleDocumentView@CDocObjectServer@@UAGJPAUtagRECT@@@Z 5f516c0e f oledocvw.obj
 0001:00015cce       ?SetRectComplex@XOleDocumentView@CDocObjectServer@@UAGJPAUtagRECT@@000@Z 5f516cce f oledocvw.obj
 0001:00015d5d       ?Show@XOleDocumentView@CDocObjectServer@@UAGJH@Z 5f516d5d f oledocvw.obj
 0001:00015e2d       ?UIActivate@XOleDocumentView@CDocObjectServer@@UAGJH@Z 5f516e2d f oledocvw.obj
 0001:00015efd       ?Open@XOleDocumentView@CDocObjectServer@@UAGJXZ 5f516efd f oledocvw.obj
 0001:00015f8c       ?CloseView@XOleDocumentView@CDocObjectServer@@UAGJK@Z 5f516f8c f oledocvw.obj
 0001:00016039       ?SaveViewState@XOleDocumentView@CDocObjectServer@@UAGJPAUIStream@@@Z 5f517039 f oledocvw.obj
 0001:00016225       ?ApplyViewState@XOleDocumentView@CDocObjectServer@@UAGJPAUIStream@@@Z 5f517225 f oledocvw.obj
 0001:00016411       ?Clone@XOleDocumentView@CDocObjectServer@@UAGJPAUIOleInPlaceSite@@PAPAUIOleDocumentView@@@Z 5f517411 f oledocvw.obj
 0001:000164a0       ?_GetBaseClass@CDocObjectServer@@KGPAUCRuntimeClass@@XZ 5f5174a0 f oledocob.obj
 0001:000164b5       ?GetRuntimeClass@CDocObjectServer@@UBEPAUCRuntimeClass@@XZ 5f5174b5 f oledocob.obj
 0001:000164d0       ?_GetBaseMessageMap@CDocObjectServer@@KGPBUAFX_MSGMAP@@XZ 5f5174d0 f oledocob.obj
 0001:000164e5       ?GetMessageMap@CDocObjectServer@@MBEPBUAFX_MSGMAP@@XZ 5f5174e5 f oledocob.obj
 0001:00016500       ?_GetBaseInterfaceMap@CDocObjectServer@@KGPBUAFX_INTERFACEMAP@@XZ 5f517500 f oledocob.obj
 0001:00016515       ?GetInterfaceMap@CDocObjectServer@@MBEPBUAFX_INTERFACEMAP@@XZ 5f517515 f oledocob.obj
 0001:00016530       ??0CDocObjectServer@@QAE@PAVCOleServerDoc@@PAUIOleDocumentSite@@@Z 5f517530 f oledocob.obj
 0001:00016637       ??1CDocObjectServer@@UAE@XZ 5f517637 f oledocob.obj
 0001:000166a7       ?ReleaseDocSite@CDocObjectServer@@QAEXXZ 5f5176a7 f oledocob.obj
 0001:000166e6       ?SetDocSite@CDocObjectServer@@QAEXPAUIOleDocumentSite@@@Z 5f5176e6 f oledocob.obj
 0001:0001670f       ?OnCloseDocument@CDocObjectServer@@UAEXXZ 5f51770f f oledocob.obj
 0001:00016741       ?ActivateDocObject@CDocObjectServer@@QAEXXZ 5f517741 f oledocob.obj
 0001:000167c2       ?OnExecOleCmd@CDocObjectServer@@IAGJPBU_GUID@@KKPAUtagVARIANT@@1@Z 5f5177c2 f oledocob.obj
 0001:0001683a       ?GetControllingFrame@CDocObjectServer@@QBEPAVCOleDocIPFrameWnd@@XZ 5f51783a f oledocob.obj
 0001:000168d5       ?DoPreparePrinting@CDocObjectServer@@IAEHPAVCView@@PAUCPrintInfo@@@Z 5f5178d5 f oledocob.obj
 0001:000168ff       ?DoPrepareDC@CDocObjectServer@@IAEXPAVCView@@PAVCDC@@PAUCPrintInfo@@@Z 5f5178ff f oledocob.obj
 0001:0001692d       ?DoPrint@CDocObjectServer@@IAEXPAVCView@@PAVCDC@@PAUCPrintInfo@@@Z 5f51792d f oledocob.obj
 0001:0001695b       ?DoBeginPrinting@CDocObjectServer@@IAEXPAVCView@@PAVCDC@@PAUCPrintInfo@@@Z 5f51795b f oledocob.obj
 0001:00016989       ?DoEndPrinting@CDocObjectServer@@IAEXPAVCView@@PAVCDC@@PAUCPrintInfo@@@Z 5f517989 f oledocob.obj
 0001:000169b7       ?AddRef@XPrint@CDocObjectServer@@UAGKXZ 5f5179b7 f oledocob.obj
 0001:00016a3a       ?Release@XPrint@CDocObjectServer@@UAGKXZ 5f517a3a f oledocob.obj
 0001:00016abd       ?QueryInterface@XPrint@CDocObjectServer@@UAGJABU_GUID@@PAPAX@Z 5f517abd f oledocob.obj
 0001:00016b45       ?SetInitialPageNum@XPrint@CDocObjectServer@@UAGJJ@Z 5f517b45 f oledocob.obj
 0001:00016bdd       ?GetPageInfo@XPrint@CDocObjectServer@@UAGJPAJ0@Z 5f517bdd f oledocob.obj
 0001:00016d59       ?Print@XPrint@CDocObjectServer@@UAGJKPAPAUtagDVTARGETDEVICE@@PAPAUtagPAGESET@@PAUtagSTGMEDIUM@@PAUIContinueCallback@@JPAJ4@Z 5f517d59 f oledocob.obj
 0001:00017844       ?AddRef@XOleDocument@CDocObjectServer@@UAGKXZ 5f518844 f oledocob.obj
 0001:000178c7       ?Release@XOleDocument@CDocObjectServer@@UAGKXZ 5f5188c7 f oledocob.obj
 0001:0001794a       ?QueryInterface@XOleDocument@CDocObjectServer@@UAGJABU_GUID@@PAPAX@Z 5f51894a f oledocob.obj
 0001:000179d2       ?CreateView@XOleDocument@CDocObjectServer@@UAGJPAUIOleInPlaceSite@@PAUIStream@@KPAPAUIOleDocumentView@@@Z 5f5189d2 f oledocob.obj
 0001:00017b2b       ?GetDocMiscStatus@XOleDocument@CDocObjectServer@@UAGJPAK@Z 5f518b2b f oledocob.obj
 0001:00017be5       ?EnumViews@XOleDocument@CDocObjectServer@@UAGJPAPAUIEnumOleDocumentViews@@PAPAUIOleDocumentView@@@Z 5f518be5 f oledocob.obj
 0001:00017cd7       ?AddRef@XOleObject@CDocObjectServer@@UAGKXZ 5f518cd7 f oledocob.obj
 0001:00017d5a       ?Release@XOleObject@CDocObjectServer@@UAGKXZ 5f518d5a f oledocob.obj
 0001:00017ddd       ?QueryInterface@XOleObject@CDocObjectServer@@UAGJABU_GUID@@PAPAX@Z 5f518ddd f oledocob.obj
 0001:00017e68       ?SetClientSite@XOleObject@CDocObjectServer@@UAGJPAUIOleClientSite@@@Z 5f518e68 f oledocob.obj
 0001:00017f6f       ?GetClientSite@XOleObject@CDocObjectServer@@UAGJPAPAUIOleClientSite@@@Z 5f518f6f f oledocob.obj
 0001:0001800e       ?SetHostNames@XOleObject@CDocObjectServer@@UAGJPBG0@Z 5f51900e f oledocob.obj
 0001:000180bc       ?Close@XOleObject@CDocObjectServer@@UAGJK@Z 5f5190bc f oledocob.obj
 0001:00018166       ?SetMoniker@XOleObject@CDocObjectServer@@UAGJKPAUIMoniker@@@Z 5f519166 f oledocob.obj
 0001:00018214       ?GetMoniker@XOleObject@CDocObjectServer@@UAGJKKPAPAUIMoniker@@@Z 5f519214 f oledocob.obj
 0001:000182c6       ?InitFromData@XOleObject@CDocObjectServer@@UAGJPAUIDataObject@@HK@Z 5f5192c6 f oledocob.obj
 0001:00018378       ?GetClipboardData@XOleObject@CDocObjectServer@@UAGJKPAPAUIDataObject@@@Z 5f519378 f oledocob.obj
 0001:00018426       ?DoVerb@XOleObject@CDocObjectServer@@UAGJJPAUtagMSG@@PAUIOleClientSite@@JPAUHWND__@@PBUtagRECT@@@Z 5f519426 f oledocob.obj
 0001:000184e4       ?EnumVerbs@XOleObject@CDocObjectServer@@UAGJPAPAUIEnumOLEVERB@@@Z 5f5194e4 f oledocob.obj
 0001:0001858e       ?Update@XOleObject@CDocObjectServer@@UAGJXZ 5f51958e f oledocob.obj
 0001:00018634       ?IsUpToDate@XOleObject@CDocObjectServer@@UAGJXZ 5f519634 f oledocob.obj
 0001:000186da       ?GetUserClassID@XOleObject@CDocObjectServer@@UAGJPAU_GUID@@@Z 5f5196da f oledocob.obj
 0001:00018784       ?GetUserType@XOleObject@CDocObjectServer@@UAGJKPAPAG@Z 5f519784 f oledocob.obj
 0001:00018832       ?SetExtent@XOleObject@CDocObjectServer@@UAGJKPAUtagSIZE@@@Z 5f519832 f oledocob.obj
 0001:0001890e       ?GetExtent@XOleObject@CDocObjectServer@@UAGJKPAUtagSIZE@@@Z 5f51990e f oledocob.obj
 0001:000189bc       ?Advise@XOleObject@CDocObjectServer@@UAGJPAUIAdviseSink@@PAK@Z 5f5199bc f oledocob.obj
 0001:00018a6a       ?Unadvise@XOleObject@CDocObjectServer@@UAGJK@Z 5f519a6a f oledocob.obj
 0001:00018b14       ?EnumAdvise@XOleObject@CDocObjectServer@@UAGJPAPAUIEnumSTATDATA@@@Z 5f519b14 f oledocob.obj
 0001:00018bbe       ?GetMiscStatus@XOleObject@CDocObjectServer@@UAGJKPAK@Z 5f519bbe f oledocob.obj
 0001:00018c6c       ?SetColorScheme@XOleObject@CDocObjectServer@@UAGJPAUtagLOGPALETTE@@@Z 5f519c6c f oledocob.obj
 0001:00018d16       ?AssertValid@CDocObjectServer@@MBEXXZ 5f519d16 f oledocob.obj
 0001:00018d59       ?Dump@CDocObjectServer@@MBEXAAVCDumpContext@@@Z 5f519d59 f oledocob.obj
 0001:00018dcb       ?_GetBaseClass@CDocObjectServerItem@@KGPAUCRuntimeClass@@XZ 5f519dcb f oledocob.obj
 0001:00018de0       ?GetRuntimeClass@CDocObjectServerItem@@UBEPAUCRuntimeClass@@XZ 5f519de0 f oledocob.obj
 0001:00018dfb       ??0CDocObjectServerItem@@IAE@PAVCOleServerDoc@@H@Z 5f519dfb f oledocob.obj
 0001:00018e74       ??1CDocObjectServerItem@@UAE@XZ 5f519e74 f oledocob.obj
 0001:00018edc       ?OnDoVerb@CDocObjectServerItem@@MAEXJ@Z 5f519edc f oledocob.obj
 0001:00018f4b       ?OnHide@CDocObjectServerItem@@MAEXXZ 5f519f4b f oledocob.obj
 0001:00018fa6       ?OnOpen@CDocObjectServerItem@@MAEXXZ 5f519fa6 f oledocob.obj
 0001:00018fff       ?OnShow@CDocObjectServerItem@@MAEXXZ 5f519fff f oledocob.obj
 0001:00019058       ?AssertValid@CDocObjectServerItem@@UBEXXZ 5f51a058 f oledocob.obj
 0001:00019076       ?Dump@CDocObjectServerItem@@UBEXAAVCDumpContext@@@Z 5f51a076 f oledocob.obj
 0001:000190a0       ??_ECDocObjectServer@@UAEPAXI@Z 5f51a0a0 f oledocob.obj
 0001:000190a0       ??_GCDocObjectServer@@UAEPAXI@Z 5f51a0a0 f oledocob.obj
 0001:000190e0       ??0XOleObject@CDocObjectServer@@QAE@XZ 5f51a0e0 f oledocob.obj
 0001:00019110       ??0XOleDocument@CDocObjectServer@@QAE@XZ 5f51a110 f oledocob.obj
 0001:00019140       ??0XOleDocumentView@CDocObjectServer@@QAE@XZ 5f51a140 f oledocob.obj
 0001:00019170       ??0XOleCommandTarget@CDocObjectServer@@QAE@XZ 5f51a170 f oledocob.obj
 0001:000191a0       ??0XPrint@CDocObjectServer@@QAE@XZ 5f51a1a0 f oledocob.obj
 0001:000191d0       ??0IOleDocument@@QAE@XZ    5f51a1d0 f oledocob.obj
 0001:00019200       ??0IOleDocumentView@@QAE@XZ 5f51a200 f oledocob.obj
 0001:00019230       ??0IOleCommandTarget@@QAE@XZ 5f51a230 f oledocob.obj
 0001:00019260       ??0IPrint@@QAE@XZ          5f51a260 f oledocob.obj
 0001:00019290       ??_GCDocObjectServerItem@@UAEPAXI@Z 5f51a290 f oledocob.obj
 0001:00019290       ??_ECDocObjectServerItem@@UAEPAXI@Z 5f51a290 f oledocob.obj
 0001:000192d0       ?GetDocument@CDocObjectServerItem@@QBEPAVCOleServerDoc@@XZ 5f51a2d0 f oledocob.obj
 0001:000192f0       ??0COleCmdUI@@QAE@PAU_tagOLECMD@@KPBU_GUID@@@Z 5f51a2f0 f oledoctg.obj
 0001:0001938a       ?Enable@COleCmdUI@@UAEXH@Z 5f51a38a f oledoctg.obj
 0001:00019411       ?SetCheck@COleCmdUI@@UAEXH@Z 5f51a411 f oledoctg.obj
 0001:000194a9       ?SetText@COleCmdUI@@UAEXPBG@Z 5f51a4a9 f oledoctg.obj
 0001:000194d0       ?DoUpdate@COleCmdUI@@UAEHPAVCCmdTarget@@H@Z 5f51a4d0 f oledoctg.obj
 0001:000195c2       ?AddRef@XOleCommandTarget@CDocObjectServer@@UAGKXZ 5f51a5c2 f oledoctg.obj
 0001:00019645       ?Release@XOleCommandTarget@CDocObjectServer@@UAGKXZ 5f51a645 f oledoctg.obj
 0001:000196c8       ?QueryInterface@XOleCommandTarget@CDocObjectServer@@UAGJABU_GUID@@PAPAX@Z 5f51a6c8 f oledoctg.obj
 0001:00019753       ?QueryStatus@XOleCommandTarget@CDocObjectServer@@UAGJPBU_GUID@@KQAU_tagOLECMD@@PAU_tagOLECMDTEXT@@@Z 5f51a753 f oledoctg.obj
 0001:0001993d       ?Exec@XOleCommandTarget@CDocObjectServer@@UAGJPBU_GUID@@KKPAUtagVARIANT@@1@Z 5f51a93d f oledoctg.obj
 0001:00019b20       ??1COleCmdUI@@QAE@XZ       5f51ab20 f oledoctg.obj
 0001:00019b90       ?CreateObject@COleDocIPFrameWnd@@SGPAVCObject@@XZ 5f51ab90 f oledocip.obj
 0001:00019bd0       ?_GetBaseClass@COleDocIPFrameWnd@@KGPAUCRuntimeClass@@XZ 5f51abd0 f oledocip.obj
 0001:00019be5       ?GetRuntimeClass@COleDocIPFrameWnd@@UBEPAUCRuntimeClass@@XZ 5f51abe5 f oledocip.obj
 0001:00019c00       ?_GetBaseMessageMap@COleDocIPFrameWnd@@KGPBUAFX_MSGMAP@@XZ 5f51ac00 f oledocip.obj
 0001:00019c15       ?GetMessageMap@COleDocIPFrameWnd@@MBEPBUAFX_MSGMAP@@XZ 5f51ac15 f oledocip.obj
 0001:00019c30       ??0COleDocIPFrameWnd@@QAE@XZ 5f51ac30 f oledocip.obj
 0001:00019cac       ??1COleDocIPFrameWnd@@UAE@XZ 5f51acac f oledocip.obj
 0001:00019d14       ?OnRequestPositionChange@COleDocIPFrameWnd@@MAEXPBUtagRECT@@@Z 5f51ad14 f oledocip.obj
 0001:00019d98       ?RecalcLayout@COleDocIPFrameWnd@@MAEXH@Z 5f51ad98 f oledocip.obj
 0001:00019ff4       ?BuildSharedMenu@COleDocIPFrameWnd@@MAEHXZ 5f51aff4 f oledocip.obj
 0001:0001a229       ?DestroySharedMenu@COleDocIPFrameWnd@@MAEXXZ 5f51b229 f oledocip.obj
 0001:0001a3c2       ?AssertValid@COleDocIPFrameWnd@@UBEXXZ 5f51b3c2 f oledocip.obj
 0001:0001a3e0       ?Dump@COleDocIPFrameWnd@@UBEXAAVCDumpContext@@@Z 5f51b3e0 f oledocip.obj
 0001:0001a410       ??0_AfxBindStatusCallback@@QAE@PAVCAsyncMonikerFile@@@Z 5f51b410 f oleasmon.obj
 0001:0001a4a0       ?AddRef@_AfxBindStatusCallback@@UAGKXZ 5f51b4a0 f oleasmon.obj
 0001:0001a4c0       ?Release@_AfxBindStatusCallback@@UAGKXZ 5f51b4c0 f oleasmon.obj
 0001:0001a510       ?QueryInterface@_AfxBindStatusCallback@@UAGJABU_GUID@@PAPAX@Z 5f51b510 f oleasmon.obj
 0001:0001a5a0       ?GetBindInfo@_AfxBindStatusCallback@@EAGJPAKPAU_tagBINDINFO@@@Z 5f51b5a0 f oleasmon.obj
 0001:0001a720       ?OnStartBinding@_AfxBindStatusCallback@@EAGJKPAUIBinding@@@Z 5f51b720 f oleasmon.obj
 0001:0001a880       ?GetPriority@_AfxBindStatusCallback@@EAGJPAJ@Z 5f51b880 f oleasmon.obj
 0001:0001a9e0       ?OnProgress@_AfxBindStatusCallback@@EAGJKKKPBG@Z 5f51b9e0 f oleasmon.obj
 0001:0001ab50       ?OnDataAvailable@_AfxBindStatusCallback@@EAGJKKPAUtagFORMATETC@@PAUtagSTGMEDIUM@@@Z 5f51bb50 f oleasmon.obj
 0001:0001ad70       ?OnLowResource@_AfxBindStatusCallback@@EAGJK@Z 5f51bd70 f oleasmon.obj
 0001:0001aec0       ?OnStopBinding@_AfxBindStatusCallback@@EAGJJPBG@Z 5f51bec0 f oleasmon.obj
 0001:0001b030       ?OnObjectAvailable@_AfxBindStatusCallback@@EAGJABU_GUID@@PAUIUnknown@@@Z 5f51c030 f oleasmon.obj
 0001:0001b0e0       ?Orphan@_AfxBindStatusCallback@@QAEXXZ 5f51c0e0 f oleasmon.obj
 0001:0001b100       ?GetInterfacePtr@?$_CIP@UIBindHost@@$1IID_IBindHost@@QBEPAUIBindHost@@XZ 5f51c100 f oleasmon.obj
 0001:0001b120       ?QueryInterface@?$_CIP@UIBindHost@@$1IID_IBindHost@@QAEJPAUIUnknown@@@Z 5f51c120 f oleasmon.obj
 0001:0001b1a0       ?GetIID@?$_CIP@UIBindHost@@$1IID_IBindHost@@SAABU_GUID@@XZ 5f51c1a0 f oleasmon.obj
 0001:0001b1e0       ??4?$_CIP@UIBindHost@@$1IID_IBindHost@@QAEAAV0@PAUIBindHost@@@Z 5f51c1e0 f oleasmon.obj
 0001:0001b240       ?Attach@?$_CIP@UIBindHost@@$1IID_IBindHost@@QAEXPAUIBindHost@@@Z 5f51c240 f oleasmon.obj
 0001:0001b270       ??0?$CIP@UIBindHost@@$1IID_IBindHost@@QAE@XZ 5f51c270 f oleasmon.obj
 0001:0001b2e0       ??0?$_CIP@UIBindHost@@$1IID_IBindHost@@QAE@XZ 5f51c2e0 f oleasmon.obj
 0001:0001b310       ??4?$CIP@UIBindHost@@$1IID_IBindHost@@QAEAAV0@PAUIBindHost@@@Z 5f51c310 f oleasmon.obj
 0001:0001b340       ??B?$_CIP@UIServiceProvider@@$1IID_IServiceProvider@@QBEPAUIServiceProvider@@XZ 5f51c340 f oleasmon.obj
 0001:0001b360       ??1?$_CIP@UIBinding@@$1IID_IBinding@@QAE@XZ 5f51c360 f oleasmon.obj
 0001:0001b380       ?GetInterfacePtr@?$_CIP@UIServiceProvider@@$1IID_IServiceProvider@@QBEPAUIServiceProvider@@XZ 5f51c380 f oleasmon.obj
 0001:0001b3a0       ?QueryInterface@?$_CIP@UIServiceProvider@@$1IID_IServiceProvider@@QAEJPAUIUnknown@@@Z 5f51c3a0 f oleasmon.obj
 0001:0001b420       ?GetIID@?$_CIP@UIServiceProvider@@$1IID_IServiceProvider@@SAABU_GUID@@XZ 5f51c420 f oleasmon.obj
 0001:0001b460       ??4?$_CIP@UIServiceProvider@@$1IID_IServiceProvider@@QAEAAV0@PAUIServiceProvider@@@Z 5f51c460 f oleasmon.obj
 0001:0001b4c0       ?Attach@?$_CIP@UIServiceProvider@@$1IID_IServiceProvider@@QAEXPAUIServiceProvider@@@Z 5f51c4c0 f oleasmon.obj
 0001:0001b4f0       ?_Release@?$_CIP@UIServiceProvider@@$1IID_IServiceProvider@@AAEXXZ 5f51c4f0 f oleasmon.obj
 0001:0001b530       ?_AddRef@?$_CIP@UIServiceProvider@@$1IID_IServiceProvider@@AAEXXZ 5f51c530 f oleasmon.obj
 0001:0001b570       ??0?$CIP@UIServiceProvider@@$1IID_IServiceProvider@@QAE@XZ 5f51c570 f oleasmon.obj
 0001:0001b5e0       ??0?$_CIP@UIServiceProvider@@$1IID_IServiceProvider@@QAE@XZ 5f51c5e0 f oleasmon.obj
 0001:0001b610       ??1?$_CIP@UIServiceProvider@@$1IID_IServiceProvider@@QAE@XZ 5f51c610 f oleasmon.obj
 0001:0001b630       ?_Release@?$_CIP@UIBinding@@$1IID_IBinding@@AAEXXZ 5f51c630 f oleasmon.obj
 0001:0001b670       ??0?$CIP@UIBinding@@$1IID_IBinding@@QAE@XZ 5f51c670 f oleasmon.obj
 0001:0001b6e0       ??0?$_CIP@UIBinding@@$1IID_IBinding@@QAE@XZ 5f51c6e0 f oleasmon.obj
 0001:0001b710       ??B?$_CIP@UIServiceProvider@@$1IID_IServiceProvider@@QAEPAUIUnknown@@XZ 5f51c710 f oleasmon.obj
 0001:0001b730       ??C?$_CIP@UIBinding@@$1IID_IBinding@@QBEPAUIBinding@@XZ 5f51c730 f oleasmon.obj
 0001:0001b770       ?GetInterfacePtr@?$_CIP@UIBinding@@$1IID_IBinding@@QBEPAUIBinding@@XZ 5f51c770 f oleasmon.obj
 0001:0001b790       ?AddRef@XOleCache@COleControl@@UAGKXZ 5f51c790 f ctlcache.obj
 0001:0001b7b8       ?Release@XOleCache@COleControl@@UAGKXZ 5f51c7b8 f ctlcache.obj
 0001:0001b7e0       ?QueryInterface@XOleCache@COleControl@@UAGJABU_GUID@@PAPAX@Z 5f51c7e0 f ctlcache.obj
 0001:0001b810       ?Cache@XOleCache@COleControl@@UAGJPAUtagFORMATETC@@KPAK@Z 5f51c810 f ctlcache.obj
 0001:0001b87a       ?Uncache@XOleCache@COleControl@@UAGJK@Z 5f51c87a f ctlcache.obj
 0001:0001b8dc       ?EnumCache@XOleCache@COleControl@@UAGJPAPAUIEnumSTATDATA@@@Z 5f51c8dc f ctlcache.obj
 0001:0001b93e       ?InitCache@XOleCache@COleControl@@UAGJPAUIDataObject@@@Z 5f51c93e f ctlcache.obj
 0001:0001b9a0       ?SetData@XOleCache@COleControl@@UAGJPAUtagFORMATETC@@PAUtagSTGMEDIUM@@H@Z 5f51c9a0 f ctlcache.obj
 0001:0001ba10       ?_GetBaseInterfaceMap@COleControl@@KGPBUAFX_INTERFACEMAP@@XZ 5f51ca10 f ctlcore.obj
 0001:0001ba25       ?GetInterfaceMap@COleControl@@MBEPBUAFX_INTERFACEMAP@@XZ 5f51ca25 f ctlcore.obj
 0001:0001ba40       ?_GetBaseMessageMap@COleControl@@KGPBUAFX_MSGMAP@@XZ 5f51ca40 f ctlcore.obj
 0001:0001ba55       ?GetMessageMap@COleControl@@MBEPBUAFX_MSGMAP@@XZ 5f51ca55 f ctlcore.obj
 0001:0001ba70       ??0COleControl@@QAE@XZ     5f51ca70 f ctlcore.obj
 0001:0001bf51       ??1COleControl@@UAE@XZ     5f51cf51 f ctlcore.obj
 0001:0001c5c7       ?OnFinalRelease@COleControl@@MAEXXZ 5f51d5c7 f ctlcore.obj
 0001:0001c626       ?GetInterfaceHook@COleControl@@MAEPAUIUnknown@@PBX@Z 5f51d626 f ctlcore.obj
 0001:0001c6ed       ?SetInitialSize@COleControl@@QAEXHH@Z 5f51d6ed f ctlcore.obj
 0001:0001c738       ?GetDispatchIID@COleControl@@MAEHPAU_GUID@@@Z 5f51d738 f ctlcore.obj
 0001:0001c795       ?InitializeIIDs@COleControl@@QAEXPBU_GUID@@0@Z 5f51d795 f ctlcore.obj
 0001:0001c909       ?AssertValid@COleControl@@UBEXXZ 5f51d909 f ctlcore.obj
 0001:0001c927       ?_AfxDumpGuid@@YGXAAVCDumpContext@@PBU_GUID@@@Z 5f51d927 f ctlcore.obj
 0001:0001c984       ?_AfxDumpHex@@YGXAAVCDumpContext@@K@Z 5f51d984 f ctlcore.obj
 0001:0001c9bb       ?Dump@COleControl@@UBEXAAVCDumpContext@@@Z 5f51d9bb f ctlcore.obj
 0001:0001cc96       ?_AfxFillPSOnStack@@YGXXZ  5f51dc96 f ctlcore.obj
 0001:0001cd12       ?DoSuperclassPaint@COleControl@@QAEXPAVCDC@@ABVCRect@@@Z 5f51dd12 f ctlcore.obj
 0001:0001ce59       ?IsSubclassedControl@COleControl@@UAEHXZ 5f51de59 f ctlcore.obj
 0001:0001cea8       ?CreateControlWindow@COleControl@@MAEHPAUHWND__@@ABVCRect@@PBUtagRECT@@@Z 5f51dea8 f ctlcore.obj
 0001:0001d2b8       ?ReparentControlWindow@COleControl@@UAEXPAUHWND__@@0@Z 5f51e2b8 f ctlcore.obj
 0001:0001d2de       ?GetControlSize@COleControl@@QAEXPAH0@Z 5f51e2de f ctlcore.obj
 0001:0001d39b       ?SetControlSize@COleControl@@QAEHHH@Z 5f51e39b f ctlcore.obj
 0001:0001d3fd       ?ResizeOpenControl@COleControl@@IAEXHH@Z 5f51e3fd f ctlcore.obj
 0001:0001d46a       ?SetRectInContainer@COleControl@@QAEHPBUtagRECT@@@Z 5f51e46a f ctlcore.obj
 0001:0001d512       ?OnResetState@COleControl@@UAEXXZ 5f51e512 f ctlcore.obj
 0001:0001d54e       ?_AfxDrawBorders@@YGXPAVCDC@@AAVCRect@@HH@Z 5f51e54e f ctlcore.obj
 0001:0001d5c0       ?DrawContent@COleControl@@IAEXPAVCDC@@AAVCRect@@@Z 5f51e5c0 f ctlcore.obj
 0001:0001d6d8       ?DrawMetafile@COleControl@@IAEXPAVCDC@@AAVCRect@@@Z 5f51e6d8 f ctlcore.obj
 0001:0001d79d       ?OnDraw@COleControl@@UAEXPAVCDC@@ABVCRect@@1@Z 5f51e79d f ctlcore.obj
 0001:0001d7b5       ?OnDrawMetafile@COleControl@@UAEXPAVCDC@@ABVCRect@@@Z 5f51e7b5 f ctlcore.obj
 0001:0001d7e7       ?GetMetafileData@COleControl@@IAEHPAUtagFORMATETC@@PAUtagSTGMEDIUM@@@Z 5f51e7e7 f ctlcore.obj
 0001:0001daec       ?OnCreateAggregates@COleControl@@MAEHXZ 5f51eaec f ctlcore.obj
 0001:0001db07       ?QueryDefHandler@COleControl@@IAEPAXABU_GUID@@@Z 5f51eb07 f ctlcore.obj
 0001:0001dbd4       ?InvalidateControl@COleControl@@QAEXPBUtagRECT@@H@Z 5f51ebd4 f ctlcore.obj
 0001:0001dce8       ?GetOuterWindow@COleControl@@IBEPAVCWnd@@XZ 5f51ece8 f ctlcore.obj
 0001:0001dd1f       ?OnReflectorDestroyed@COleControl@@MAEXXZ 5f51ed1f f ctlcore.obj
 0001:0001dd42       ?SaveState@COleControl@@IAEJPAUIStream@@@Z 5f51ed42 f ctlcore.obj
 0001:0001de45       ?LoadState@COleControl@@IAEJPAUIStream@@@Z 5f51ee45 f ctlcore.obj
 0001:0001dfb6       ?SendAdvise@COleControl@@IAEXI@Z 5f51efb6 f ctlcore.obj
 0001:0001e1ca       ?OnHide@COleControl@@MAEJXZ 5f51f1ca f ctlcore.obj
 0001:0001e2fc       ?ResizeFrameWindow@COleControl@@MAEXHH@Z 5f51f2fc f ctlcore.obj
 0001:0001e3a8       ?OnOpen@COleControl@@MAEJHPAUtagMSG@@@Z 5f51f3a8 f ctlcore.obj
 0001:0001e52f       ?CreateFrameWindow@COleControl@@MAEPAVCControlFrameWnd@@XZ 5f51f52f f ctlcore.obj
 0001:0001e5c9       ?OnFrameClose@COleControl@@MAEXXZ 5f51f5c9 f ctlcore.obj
 0001:0001e65c       ?GetRectInContainer@COleControl@@QAEHPAUtagRECT@@@Z 5f51f65c f ctlcore.obj
 0001:0001e6a8       ?GetPropPageIDs@COleControl@@MAEPAU_GUID@@AAK@Z 5f51f6a8 f ctlcore.obj
 0001:0001e6cb       ?OnEdit@COleControl@@UAEHPAUtagMSG@@PAUHWND__@@PBUtagRECT@@@Z 5f51f6cb f ctlcore.obj
 0001:0001e721       ?_AfxGetTopLevelWindow@@YGPAUHWND__@@PAU1@@Z 5f51f721 f ctlcore.obj
 0001:0001e756       ?OnProperties@COleControl@@UAEHPAUtagMSG@@PAUHWND__@@PBUtagRECT@@@Z 5f51f756 f ctlcore.obj
 0001:0001e8b3       ?GetControlFlags@COleControl@@UAEKXZ 5f51f8b3 f ctlcore.obj
 0001:0001e8ce       ?OnPaint@COleControl@@IAEXPAVCDC@@@Z 5f51f8ce f ctlcore.obj
 0001:0001ec6e       ?Serialize@COleControl@@MAEXAAVCArchive@@@Z 5f51fc6e f ctlcore.obj
 0001:0001ecca       ?DoPropExchange@COleControl@@UAEXPAVCPropExchange@@@Z 5f51fcca f ctlcore.obj
 0001:0001ed31       ?ControlInfoChanged@COleControl@@QAEXXZ 5f51fd31 f ctlcore.obj
 0001:0001ed6f       ?LockInPlaceActive@COleControl@@QAEHH@Z 5f51fd6f f ctlcore.obj
 0001:0001edce       ?GetExtendedControl@COleControl@@QAEPAUIDispatch@@XZ 5f51fdce f ctlcore.obj
 0001:0001ee1a       ?TransformCoords@COleControl@@QAEXPAU_POINTL@@PAUtagPOINTF@@K@Z 5f51fe1a f ctlcore.obj
 0001:0001eebf       ?AddRef@XOleControl@COleControl@@UAGKXZ 5f51febf f ctlcore.obj
 0001:0001eee7       ?Release@XOleControl@COleControl@@UAGKXZ 5f51fee7 f ctlcore.obj
 0001:0001ef0f       ?QueryInterface@XOleControl@COleControl@@UAGJABU_GUID@@PAPAX@Z 5f51ff0f f ctlcore.obj
 0001:0001ef3f       ?GetControlInfo@XOleControl@COleControl@@UAGJPAUtagCONTROLINFO@@@Z 5f51ff3f f ctlcore.obj
 0001:0001efcf       ?OnMnemonic@XOleControl@COleControl@@UAGJPAUtagMSG@@@Z 5f51ffcf f ctlcore.obj
 0001:0001f05f       ?OnAmbientPropertyChange@XOleControl@COleControl@@UAGJJ@Z 5f52005f f ctlcore.obj
 0001:0001f136       ?FreezeEvents@XOleControl@COleControl@@UAGJH@Z 5f520136 f ctlcore.obj
 0001:0001f238       ?OnGetControlInfo@COleControl@@UAEXPAUtagCONTROLINFO@@@Z 5f520238 f ctlcore.obj
 0001:0001f26d       ?OnMnemonic@COleControl@@UAEXPAUtagMSG@@@Z 5f52026d f ctlcore.obj
 0001:0001f285       ?OnAmbientPropertyChange@COleControl@@UAEXJ@Z 5f520285 f ctlcore.obj
 0001:0001f29d       ?OnFreezeEvents@COleControl@@UAEXH@Z 5f52029d f ctlcore.obj
 0001:0001f2b5       ?OnSetClientSite@COleControl@@UAEXXZ 5f5202b5 f ctlcore.obj
 0001:0001f30c       ?GetClientSite@COleControl@@QAEPAUIOleClientSite@@XZ 5f52030c f ctlcore.obj
 0001:0001f32b       ?TranslateColor@COleControl@@QAEKKPAUHPALETTE__@@@Z 5f52032b f ctlcore.obj
 0001:0001f35e       ?Refresh@COleControl@@QAEXXZ 5f52035e f ctlcore.obj
 0001:0001f395       ?DoClick@COleControl@@QAEXXZ 5f520395 f ctlcore.obj
 0001:0001f3bb       ?OnNcCreate@COleControl@@IAEHPAUtagCREATESTRUCTW@@@Z 5f5203bb f ctlcore.obj
 0001:0001f401       ?RecreateControlWindow@COleControl@@QAEXXZ 5f520401 f ctlcore.obj
 0001:0001f6e0       ?CreateWindowForSubclassedControl@COleControl@@IAEXXZ 5f5206e0 f ctlcore.obj
 0001:0001f77e       ?OnMouseActivate@COleControl@@IAEHPAVCWnd@@II@Z 5f52077e f ctlcore.obj
 0001:0001f7e9       ?PreModalDialog@COleControl@@QAEXPAUHWND__@@@Z 5f5207e9 f ctlcore.obj
 0001:0001f852       ?PostModalDialog@COleControl@@QAEXPAUHWND__@@@Z 5f520852 f ctlcore.obj
 0001:0001f8bb       ?SetModifiedFlag@COleControl@@QAEXH@Z 5f5208bb f ctlcore.obj
 0001:0001f8f5       ?IsModified@COleControl@@QAEHXZ 5f5208f5 f ctlcore.obj
 0001:0001f91a       ?WillAmbientsBeValidDuringLoad@COleControl@@QAEHXZ 5f52091a f ctlcore.obj
 0001:0001f93f       ?EnableSimpleFrame@COleControl@@QAEXXZ 5f52093f f ctlcore.obj
 0001:0001f96c       ?IgnoreWindowMessage@COleControl@@IAEHIIJPAJ@Z 5f52096c f ctlcore.obj
 0001:0001fa3c       ?WindowProc@COleControl@@UAEJIIJ@Z 5f520a3c f ctlcore.obj
 0001:0001fd42       ?DefWindowProcW@COleControl@@MAEJIIJ@Z 5f520d42 f ctlcore.obj
 0001:0001fd87       ?OnCreate@COleControl@@IAEHPAUtagCREATESTRUCTW@@@Z 5f520d87 f ctlcore.obj
 0001:0001fdcd       ?OnSize@COleControl@@IAEXIHH@Z 5f520dcd f ctlcore.obj
 0001:0001fe0f       ?OnMove@COleControl@@IAEXHH@Z 5f520e0f f ctlcore.obj
 0001:0001fe4d       ?OnShowWindow@COleControl@@IAEXHI@Z 5f520e4d f ctlcore.obj
 0001:0001fe8b       ?OnInitMenuPopup@COleControl@@IAEXPAVCMenu@@IH@Z 5f520e8b f ctlcore.obj
 0001:00020108       ?OnMenuSelect@COleControl@@IAEXIIPAUHMENU__@@@Z 5f521108 f ctlcore.obj
 0001:00020288       ?GetMessageString@COleControl@@UBEXIAAVCString@@@Z 5f521288 f ctlcore.obj
 0001:0002030d       ?OnSetMessageString@COleControl@@IAEJIJ@Z 5f52130d f ctlcore.obj
 0001:0002043e       ?OnEnterIdle@COleControl@@IAEXIPAVCWnd@@@Z 5f52143e f ctlcore.obj
 0001:000204c6       ?AddRef@XSpecifyPropertyPages@COleControl@@UAGKXZ 5f5214c6 f ctlcore.obj
 0001:000204ee       ?Release@XSpecifyPropertyPages@COleControl@@UAGKXZ 5f5214ee f ctlcore.obj
 0001:00020516       ?QueryInterface@XSpecifyPropertyPages@COleControl@@UAGJABU_GUID@@PAPAX@Z 5f521516 f ctlcore.obj
 0001:00020546       ?GetPages@XSpecifyPropertyPages@COleControl@@UAGJPAUtagCAUUID@@@Z 5f521546 f ctlcore.obj
 0001:000206a7       ?OnDestroy@COleControl@@IAEXXZ 5f5216a7 f ctlcore.obj
 0001:00020719       ?OnKillFocus@COleControl@@IAEXPAVCWnd@@@Z 5f521719 f ctlcore.obj
 0001:00020767       ?OnSetFocus@COleControl@@IAEXPAVCWnd@@@Z 5f521767 f ctlcore.obj
 0001:000207b5       ?OnOcmCtlColorBtn@COleControl@@IAEJIJ@Z 5f5217b5 f ctlcore.obj
 0001:000207e7       ?OnOcmCtlColorDlg@COleControl@@IAEJIJ@Z 5f5217e7 f ctlcore.obj
 0001:00020819       ?OnOcmCtlColorEdit@COleControl@@IAEJIJ@Z 5f521819 f ctlcore.obj
 0001:0002084b       ?OnOcmCtlColorListBox@COleControl@@IAEJIJ@Z 5f52184b f ctlcore.obj
 0001:0002087d       ?OnOcmCtlColorMsgBox@COleControl@@IAEJIJ@Z 5f52187d f ctlcore.obj
 0001:000208af       ?OnOcmCtlColorScrollBar@COleControl@@IAEJIJ@Z 5f5218af f ctlcore.obj
 0001:000208e1       ?OnOcmCtlColorStatic@COleControl@@IAEJIJ@Z 5f5218e1 f ctlcore.obj
 0001:00020913       ?ThrowError@COleControl@@QAEXJII@Z 5f521913 f ctlcore.obj
 0001:00020970       ?ThrowError@COleControl@@QAEXJPBGI@Z 5f521970 f ctlcore.obj
 0001:000209e4       ?IsInvokeAllowed@COleControl@@MAEHJ@Z 5f5219e4 f ctlcore.obj
 0001:00020a10       ??_GCOleControl@@UAEPAXI@Z 5f521a10 f ctlcore.obj
 0001:00020a10       ??_ECOleControl@@UAEPAXI@Z 5f521a10 f ctlcore.obj
 0001:00020a50       ??0XPersistStorage@COleControl@@QAE@XZ 5f521a50 f ctlcore.obj
 0001:00020a80       ??0XPersistStreamInit@COleControl@@QAE@XZ 5f521a80 f ctlcore.obj
 0001:00020ab0       ??0XPersistMemory@COleControl@@QAE@XZ 5f521ab0 f ctlcore.obj
 0001:00020ae0       ??0XPersistPropertyBag@COleControl@@QAE@XZ 5f521ae0 f ctlcore.obj
 0001:00020b10       ??0XOleObject@COleControl@@QAE@XZ 5f521b10 f ctlcore.obj
 0001:00020b40       ??0XViewObject@COleControl@@QAE@XZ 5f521b40 f ctlcore.obj
 0001:00020b70       ??0XDataObject@COleControl@@QAE@XZ 5f521b70 f ctlcore.obj
 0001:00020ba0       ??0XOleInPlaceObject@COleControl@@QAE@XZ 5f521ba0 f ctlcore.obj
 0001:00020bd0       ??0XOleInPlaceActiveObject@COleControl@@QAE@XZ 5f521bd0 f ctlcore.obj
 0001:00020c00       ??0XOleCache@COleControl@@QAE@XZ 5f521c00 f ctlcore.obj
 0001:00020c30       ??0XOleControl@COleControl@@QAE@XZ 5f521c30 f ctlcore.obj
 0001:00020c60       ??0XProvideClassInfo@COleControl@@QAE@XZ 5f521c60 f ctlcore.obj
 0001:00020c90       ??0XSpecifyPropertyPages@COleControl@@QAE@XZ 5f521c90 f ctlcore.obj
[...]
FIXUPS: b726 4b 17 26 8 5b ffffe2e6 5 2a 1d 22 d 13 39 29 19 33 19 38 12
FIXUPS: 9d1a be 1e f 46 98 12 42 76 1a 12 30b8 19 18 24 1c 4d 1a 1d 22
FIXUPS: d1bf 40 39 24 4d 38 3f 13 2d 30 30 13 4e 2c b ffffdf8a 61 96 1c
FIXUPS: b50e 20 59 2a ffe 25 1c b c 71 48 6c 55 24 79 27 1c4 4f a8 74 1c
FIXUPS: cba3 17 11 3a 33 26 26 245 44 b 26 2a 4c 26 26 ffffefd6 a2 47 25
FIXUPS: c0ec e 66 9 1c 5d 4f 17 24 14 10 8b 9 9 b 4a 28 12 40 13 6a e 76
FIXUPS: c534 9 b 27 24 fffff480 40 4c 37 14 11 49 d 4b 98 1d 37 b 28 9
FIXUPS: bccf 51 24 38 53 9 b 48 34 17 11 4a 41 1f 51 28 24 7cca 6a 8 2e
FIXUPS: 13d43 15c 18 39 13 2d 30 30 30 30 30 30 30 30 30 30 30 30 13 2d
FIXUPS: 141c3 ffff777b 16 40 2e e 1c 12 7ab8 1b 1f b 5e 19 74 1d 135 b
FIXUPS: 1378c 1d 4a b 49 1d d1 b 49 1d 4a b 49 1d 4a b 49 1d dd 2e b 49
FIXUPS: 12933 f3 3f 22 ff 26 137 26 a9 ea 1c cd 6c cd 46 96 4f 3f 9e 14
FIXUPS: 13328 f 1f b 49 f 1f b 49 17 1f b ffffeae8 b 37 48 bc 3e 12e 71
FIXUPS: 12298 7a 35 3c 19c 48 5c 16 38 4d 2c 2a 1c b 35 33 21 1c 82 1b
FIXUPS: 12867 34 43 26 fffff024 23 c 36 b 70 5b 28 b 4d 13 30 6a 1b 81
FIXUPS: 11cae b af 2a 2a b 23 12 9 7 c 28 a 45 37 a 72 fffff090 12a e ea
FIXUPS: 1121c 30 89 20 25 25 28 66 b 33 19 9f 56 c 9b a1 b 49 56 c 47 b
FIXUPS: 117c7 19 1b b9 23 28 fffff285 1d 19 d 17 20 17 16 17 16 17 1a 17
FIXUPS: 10cd0 3a 17 12 3d b 97 f 23 b 75 8 f c 24 c 3b 28 30 fffff36e 11
FIXUPS: 10348 80 17 11 39 3d a 4c 1c 29 a5 5b 8a 2e 28 ba ac 17 36 28 30
FIXUPS: 1094e 44 f 23 b 58 28 30 2e fffff1ac 3c 9c 3c 17 11 2d 17 11 29
FIXUPS: fe5d 11 25 34 b 3a 21 1f b 80 25 49 8 13 11 19 b c b8 e 81 119
FIXUPS: f193 87 4b b8 7b 7b 4d 1b 31 82 38 b f5 1a 1c 2b 1a7 17 11 2d 9b
FIXUPS: f975 11 57 17 11 1f 92 17 11 1f e3 ffffeb68 20 11 66 11 90 b 6a
FIXUPS: e970 76 14b 5a 51 4c 82 51 45 83 4b 31 1a 1c 1a 2a 46 41 3a 25
FIXUPS: f04a 3a 81 3f ffffeb4a 14 17 4f 1c 80 1e a1 55 1a6 b 55 39 1e 11
FIXUPS: e138 b4 11 30 79 48 97 3f 19 46 11 53 57 57 137 58 73 fffff015
FIXUPS: d763 9e 36 c 9 b 3e a 13 51 57 b 4f 20 18 28 29 21 5a 18 1c 1c
FIXUPS: db19 16 63 4d b c 29 11 15 6a88 a e 1f 3a 17 10 2b 13 61 30 2c
FIXUPS: d4c5 2f 29 7e 2c e e e e e e e 1b 31 c 9 b 80 d 16 736a 2c 24 21
FIXUPS: 14b2e 2c 24 21 1a 2c fffff744 18 48 ec 1c 54 a 12 7 13 14 42 27
FIXUPS: 145b5 22 1d 1a a e 2d 1d 40 163b 26 12 4d 60 ffffee41 21 1f 30
FIXUPS: 14c96 21 21 1e 30 15 fffffb46 21 d 10 2c 30 17 1f 21 1a 2c 24 21
FIXUPS: 14a17 2c 24 21 e1d 1f 8 47 20 19 1c 61 14 3e 25 1b 13 4f 54 20
FIXUPS: 15b4a 2f d 25 18 18 1b 2c 18 11 d f 13 13 2e 18 fffff66d b 65 11
FIXUPS: 15430 7f 73 2c 19 45 16 10 23 20 23 18 19 11 1d 18 49 16 17 11
FIXUPS: 15820 e 6 1a a 8 e 15 fffff517 9f 34 11 2a 2f 4e 34 39 22 27 20
FIXUPS: 15041 1b 2e 10 a 3c 13 c 1d 1a 19 1a 3b 25 c 47 10 32 96 10 1e14
FIXUPS: 1712d 17 2c 17 60 9 c 9 b 56 1d 14 13 e 1c 25 b 15 17 2c 17 60
FIXUPS: 173dc c 9 b 47 1a 23 b ffffd8e3 1f05 18 23 b 47 1a 23 b 47 1a 1c
FIXUPS: 16e0d b 47 1a 64 b 47 1a 23 b 47 1a 41 b 56 1d 14 13 e 1c 25 fffff63f
FIXUPS: 16793 1a 1f b 47 1a b 8d b 47 1a 19 56 b 47 1a 19 3f 2b b 81 1a
FIXUPS: 16b59 24 1a 17 11 2f b 47 1a fffff5e3 31 12 12 50 19 b 6 38 6 44
FIXUPS: 163b6 63 91 8 8 6b 43 4a 2e 41 a 9 9 b 45 12 1f b 47 12 1f 3982
FIXUPS: 1a0f0 30 30 30 30 30 30 30 30 30 13 2d ffffbbb4 40 11 f 50 6 f
FIXUPS: 15fea 12 3e 27 15 7a 7c 13 1d 31 40 13 3b6d 7 19 7 7 6d 2c b 60
FIXUPS: 19eca 22 16 8 31 20 16 8 12 d 1e 16 8 10 d 1e 16 8 10 d 1e 22 26
FIXUPS: 1987e b 65 b 47 1a 42 b 47 1a 42 b 47 1a 3e b 47 1a 3e b 47 1a
FIXUPS: 19c4c b 47 1a 3e b 39 11 22 19 fffff58c 46 b 47 1a 42 b 47 1a 52
FIXUPS: 194cf 47 1a 3e b 47 1a 3a b 47 1a 3a b 47 1a 3e b 47 1a 42 b 47
FIXUPS: 18dbd b 47 1a 1f b 47 1a 55 46 b 47 1a 33 b 47 1a 42 b 47 1a 3e
FIXUPS: 19151 47 1a 42 b 47 1a 46 b 47 fffff601 12 1f b 47 17 1f b 47 1a
FIXUPS: 18a5f 1c 6b 25 b 47 1a 19 35 b 47 1a 19 22 4b b 47 12 1f b 47 12
FIXUPS: 184ac 17 87 1e 1b b d c 8 37 19 39 8 13 35 d 7 7 14 8 129 9 c c
FIXUPS: 18812 9 9 b 47 12 1f b fffff969 18 11 c 2a 17 1b 9 6 12 16 1b d
FIXUPS: 18312 7 b 13 10 7 14 8 e 5f b b 11 b 11 b 11 b 11 fffff776 47 1a
FIXUPS: 17c31 1d 66 1d 21 a 34 9 b 4a 1a b8 1d 27 31 3a 27 11 23 dc 81
FIXUPS: 180d7 c4 28 c 14 7 b 16 fffff388 3e 20 26 b 4a 1e b 61 29 43 14
FIXUPS: 17797 46 b4 11 1f 128 12 1f b 47 12 1f b 47 17 1f b 47 1a 2c 2b76
FIXUPS: 1a73e 47 17 2c 54 39 34 1d d 11 e 39 9 9 b 47 1a 1d 4d 31 29 a6
FIXUPS: 1aafc b 5e b ffffc9e5 12 b b b 3bc0 17 11 27 3d 8c 28 4b 1f 42
FIXUPS: 1b391 41 22 ffffef21 b 4a b 48 87 7c 2f 4a bb 12 1f b 47 12 1f
FIXUPS: 1a6b3 47 1a 541 39 b 5e b 3b d 14 11 19 28 2b d 14 1b 23 13 16
FIXUPS: 1ae6b 20 58 a4 15 12 c c 1e 48 41 79 28 2d 4a0a2 fffb6f5f 13 23
FIXUPS: 1c186 35 53 42 45 23 b 61 4c 4c 13 23 14 35 53 42 c5 23 b 5d 75
FIXUPS: 1c6b8 b 48b6f b fffb7516 ffffe453 15 1120 9 b 3a 23 b 55 2f 32
FIXUPS: 1be24 12 b 50 b 71 12 17 16 29 13 17 12 b 50 b 42 16 25 2c b 490a5
FIXUPS: 651d2 fffb65e4 27 14 12 b 50 b 53 43 37 17 12 b 50 b 57 36 14 37
FIXUPS: 1bab4 12 b 50 b 60 2f 1a 78 17 1b 2f 17 493d8 e 7 14 7 14 7 17
FIXUPS: 65106 17 7 17 7 d fffb62d1 32 e 1f 75 34 17 19 81 63 37 14 12 b
FIXUPS: 1b6fe b 50 43 49510 c 8 14 5c b 5c f 10 15 10 6 c 8 10 6 c 8 14
FIXUPS: 64ea1 9 b e0 2a 13 b 13 1d 1e 25 20 22 fffff871 3a 1f b 33 80 11
FIXUPS: 64a3e 15 50 b 4a d f 10 15 10 6 c 8 11 c 8 14 43 28 9 b 5c 10 c
FIXUPS: 64c9b fffff88e 39 9 13 32 b 4c 1e 9 55 2a 15 18 1f b 4c 1e 9 55
FIXUPS: 647f6 15 18 1f b 4c d 10 c 8 11 c 8 20460 13 8 b 12 8 c c 48 60
FIXUPS: 84e65 c c 22 41 fffdf405 12 28 1c 46 9 b 60 2a 21 46 9 b 36 9 13
FIXUPS: 6451e fffb83eb 62 62 67ff8 12 39 9 b 6e 9 b 2a 1a c 1f 1c 8 21
FIXUPS: 84bf4 f c 1a f 19 b 2b 26 20 16 13 21 18 fff9d601 25 1c 40 1c 2d
FIXUPS: 22405 40 36 b 2a 13 5f b 38 14 12 18 32 1f 9 b 28 13 6f 9 b ffffa0e2
FIXUPS: 1c7d0 30 3d 6a 5459 30 30 30 30 30 30 30 30 30 30 30 30 30 30 30
FIXUPS: 22000 30 45 36 b 3f 36 b 4a 13 2d 13 5f b 55 b fffff2dd 20 99 28
FIXUPS: 21687 b 3b 8 36 22 4e 1bb 2a 29 1f 2c 4c 13 2d 30 30 30 30 30 30
FIXUPS: 21bb0 30 30 30 30 30 30 fffff257 22 72 15 2a 2b 22 1f 17 2a 4c
FIXUPS: 21143 27 9f 59 16 25 15 13 2b d 53 2a 3c c 5c b 5d 27 31 28 30
FIXUPS: 205c4 28 24 1c 14 75 d b 43 34 14 81 50 69 1ba 28 10 205 1c 63
FIXUPS: 20d24 b 3c 46 4e 3e 3e 24 28 11 1f 22 ffffefe6 30 44 3c b 49 3c
FIXUPS: 2004a 49 26 5d b 49 44 6a b bc 6c 27 15 5e c 9e f 28 28 14 4b 19
FIXUPS: 20584 9 22 fffff380 e c 26 51 8 8 95 b 13 12 9 f 25 13 23 19 33
FIXUPS: 1fb64 9 b 10a 1a 12 c 2f 17 15 c 151 10 55 fffff472 8 d d d 20
FIXUPS: 1f479 1e f 4c 16 b a 32 11 25 54 33 38 a 94 d4 e 6 b e 4c f 22
FIXUPS: 1f87b 12 88 fffff30d f 1b 10 63 f a a7 19 38 17 18 1d 9 b 52 19
FIXUPS: 1eed3 17 3d 4f 7 10 9 b 25b 68 88 2f 8 f 8 fffff1bc 2c 1e 94 45
FIXUPS: 1e64f 3c c9 c3 d 17 16 17 24 25 32 11 2f f 10 14 a 10 14 10 a 12
FIXUPS: 1eacc b 40 95 60 fffff1cb 2c 83 e1 1f 1d 9 20 12 26 15 2b f 9f
FIXUPS: 1e0fb 24 f 4c 1c 6b 9 2e a 9 3b 77 17 20 17 30 43 4f fffff6c9 1d
FIXUPS: 1dafa 1d 7 1d 7 1d 7 1d 7 1d 7 1d 7 1d 7 1d 7 1d 7 1d 7 1d 7 a9
FIXUPS: 1dd44 1e 13 7 38 13 fffff9f0 8 8 24 43 1e 43 1e 43 29 31 1e c 37
FIXUPS: 1d9cf 14 7 d 10 d 10 d 10 14 7 14 6 17 7 17 7 1d fffff46f 287 118
FIXUPS: 1d337 5 1c 37 5 51 f f f c 9 b 31 19 25 1e 9 26 32 17 73 b 63 2d
FIXUPS: 1d65c 26 18 13 63 fffff3f7 e e e e e e e e e e e e e e e e e 12
FIXUPS: 1cc19 1c 270 8 8 8 12 22 f f f c 9 5913 30 1f b c4 32 b ea 17 20
FIXUPS: 22ad9 20 17 43 17 3c 17 93 17 20 17 59 17 3c 17 ffff9d34 12 f b
FIXUPS: 1cacc e 1b 6c6b 15 1c 32 d 17 16 17 20 1c 7f 19 3a 2a 17 11 25
FIXUPS: 239ea 5 34 14 5 18 2c 13 5f b ffffec38 48 2d 28 30 82d 28 57 57
FIXUPS: 23158 57 5b a8 8e 87 5a 3f b 30 47 47 3e 2b 4b d 17 16 17 36 d
FIXUPS: 23688 1c 2d d 17 16 17 15a7 5e 28 37 28 37 28 44 11 9 5e 28 20
FIXUPS: 24f41 35 10 27 9 12 19 58 22 28 2a ffffdde2 22 39 22 24 41 66 28
FIXUPS: 246ee 4b d b7 8 1a d 31 22 73 15 46 57 1e 19 28 29 16 28 37 28
FIXUPS: 24b0d 11 9 5e 28 37 28 37 28 44 11 fffff157 17 11 15 1e b 33 cc
FIXUPS: 23fff 83 83 6f d 14 49 d 14 5f 17 52 4b 42 c6 16 44 25 e0 2f 15
FIXUPS: 2461b 27 6f 1522 1d 35 25 fffff4cb 35 b 22 1f 77 17 ae b 23 13
FIXUPS: 25372 b 25e70 5 20 8 fffd8925 24 b9 47 1f fd 15 1f 1c 17 1e 1607
FIXUPS: 2545a 52 14 20 14 2b 11 44 14 4d 25 81 14 1cd 48 16 11 32 9 b 33
FIXUPS: 259c2 3b 17 2c 54 38 3b 65 17 39 134f ae b 49 54 b 25 f e 19 6e
FIXUPS: 27193 a 9 25 9 3c c 63 28 30 94 58 45 b 5d 69 b 5c 13 ffffde78
FIXUPS: 253df 1177 9 10 37 a 18c 30 7d 5c 26 2e 17 11 4b 3a 6b 1f 45 2f
FIXUPS: 26a8b 9a 4b 58 75 28 30 3c 89 a9 76 b 49 1b43 34 ffffeb7d 4c 33
FIXUPS: 2765d 21 1c 17 34 14 14 23 b ffffe53a 93 22 22 2b 7a df a 17b 43
FIXUPS: 26345 25 f 11 8 16f b 27 1ebb 34 1b 2d 53 26 2e 58 19 17 32 15
FIXUPS: 285e9 47 32 17 8b b 3c 7c 88 11 2b 27 1e 13 2d 30 30 13 2d 34 fffff263
FIXUPS: 27c7b 26 25 55 61 26 2b 17 17 19 56 17 5a 17 5c 17 20 17 3d 6c
FIXUPS: 28054 c6 2d 2c a6 36 b ce b 26 5d 1464 1ed 17 ffffdd97 26 25 b
FIXUPS: 27853 19 19 70 b 40 38 42 2e 22 36 20 17 28 23 28 15 19 35 28 2f
FIXUPS: 27bbc 1e 3e 1a 12f0 78 a a6 5f 17 106 191 b 35 44 50 b 29 a7 1e
FIXUPS: 2953b 1b c 2e b 51 35 13 17 11 1c d4 c f 9a d 5d4 75 84 73 1a 9
FIXUPS: 2a014 4d 12 16 10 b c 20 35 c b ffffe95c 28 30 44 1e 14 7d 4f 45
FIXUPS: 28ddf b 3c 14 a1 3c 4725 1d d 8c 9 8 1f 9 14 2b 34 9 b 1d 14 ffffc349
FIXUPS: 29b73 13 c 9 1f b 25 b 1f 12 14 6d 87 35 7 11 34a5 17 20 17 11
FIXUPS: 2d2b3 49 17 20 17 11 26 19 13 6 3d 35 31 31 31 3d b 2c 42 17 14
FIXUPS: 2d5b0 11 b 1c 15 2f fffff843 17 14 17 20 17 20 17 20 17 11 54 17
FIXUPS: 2cfe6 17 20 17 24 17 20 17 11 57 17 14 17 20 17 11 30 2d 17 fffff85f
FIXUPS: 2ca8b 17 11 50 17 14 17 20 17 11 52 17 14 17 20 17 11 50 17 14
FIXUPS: 2ccfb 20 17 11 52 17 14 17 20 17 11 fffff84c 50 17 14 17 20 17
FIXUPS: 2c745 52 17 14 17 20 17 11 52 17 14 17 20 17 11 50 17 14 17 20
FIXUPS: 2c9c6 11 52 17 14 fffff84c 17 20 17 11 50 17 14 17 20 17 11 52
FIXUPS: 2c442 14 17 20 17 11 50 17 14 17 20 17 11 52 17 14 17 20 17 fffff84c
FIXUPS: 2beb7 52 17 14 17 20 17 11 50 17 14 17 20 17 11 52 17 14 17 20
FIXUPS: 2c138 11 50 17 14 17 20 17 11 52 17 fffff75b 25 c7 32 32 32 34
FIXUPS: 2bbb4 14 17 20 17 11 50 17 14 17 20 17 11 52 17 14 17 20 17 11
FIXUPS: 2be2d 17 14 17 20 fffff708 16 10 4b 1a 2a 37 17 16 17 20 17 1a
FIXUPS: 2b73b 17 20 17 48 29 17 20 17 20 17 93 17 20 17 20 17 20 17 fffff636
FIXUPS: 2b01d 20 5d b9 17 c0 17 1c 18 19 6a 17 19 4f 13 28 17 20 17 20
FIXUPS: 2b437 20 17 1f 1c 20 c 19 21 2f 42 fffff4d8 93 17 20 17 46 48 27
FIXUPS: 2ac00 45 23 17 1f 1e f7 17 3b 17 66 17 20 17 20 17 1f 4a 1f f f
FIXUPS: 2afbe e 27 fffff639 14 c 56 12 3e 4e 29 29 17 14 2c 17 16 17 20
FIXUPS: 2a864 35 14 1d 15 14 12 14 14 92 16 16 15 16 12 16 84d5 5f b 23
FIXUPS: 32fb3 2d 30 30 30 ffff70dd 8 19 16 27 36 5b 14 4e 1d 59 32 14 20
FIXUPS: 2a38e 54 11 103 1d 13 73 17 38 8407 1e 15 e 26 24 20 17 1a 1e 20
FIXUPS: 32b32 1e 15 e 57 2a 28 14 161 7f 17 12 1b 9 8 14 17 11 1b 12 32
FIXUPS: 32648 15 e 26 22 20 17 1a 1e 20 29 1e 15 e 26 22 20 17 1a 1e 20
FIXUPS: 328ac 1e 15 e 26 24 20 17 1a 1e 20 fffff8d4 e 26 22 20 17 1a 1e
FIXUPS: 3237f 29 1e 15 e 26 22 20 17 1a 1e 20 29 1e 15 e 26 22 20 17 1a
FIXUPS: 325e1 20 29 fffff8bb 26 22 20 17 1a 1e 20 29 1e 15 e 26 22 20 17
FIXUPS: 320bf 1e 20 29 1e 15 e 26 22 20 17 1a 1e 20 29 1e fffff744 64 12
FIXUPS: 31a47 74 b 41 38 64 14 b 2e b 41 38 5d 12 8 59 b 2d 28 26 22 20
FIXUPS: 31e23 1a 1e 20 29 1e 15 fffff630 41 38 5d 8 10 b 2e b 41 38 4b
FIXUPS: 31728 a 1d 12 8 16 d 15 37 9 b 21 3a 55 5d 13 b 2e b 41 fffff5d1
FIXUPS: 30f74 8 58 b 41 38 5d 1a b 2e b 41 38 5d 12 8 5e b 41 38 5d 19
FIXUPS: 31366 2e b 41 38 5d 12 8 6d fffff481 b 41 38 5d 12 8 58 b 41 38
FIXUPS: 30bb1 15 b 2e b 41 38 5d 12 8 58 b 41 38 5d 15 b 2e b 41 38 fffff4c0
FIXUPS: 30422 16 b 2e b 41 38 5d 12 8 60 b 41 38 5d 15 b 2e b 41 38 5d
FIXUPS: 307ee 8 58 b 41 38 5d 15 b fffff1cc 85 c 2f 35 b 7d 89 1e b7 56
FIXUPS: 2fe5e 17 40 98 3d 58 121 38 5d 17 b 2e b 41 38 5d 12 8 5e b 41
FIXUPS: 2f684 2b d f 10 11 16 11 1f 56 1a 17 17 45 9 27 10 2d 15 14 54
FIXUPS: 2f94c 15 1c 18 5b b 49 1a 49 b 50 fffff5c1 6 5b 1a 8 1c 17 1f 22
FIXUPS: 2f249 45 61 a 35 b 31 12 39 17 17 7f 1a 18 3a 8a b 49 1a 15 17
FIXUPS: 2f60b 6e fffff5da 17 46 d 12 e 10 11 10 1b 17 a 38 2e 33 2a 45
FIXUPS: 2ee5d 3a 17 4c 17 28 94 35 b 3c 17 17 6 2c 6 fffff5eb 7f 17 110
FIXUPS: 2e857 1b 66 1d 14 8 22 b 31 17 1e 17 1b 12 5b 1a 7 28 28 30 44
FIXUPS: 2eb42 17 17 5e b 49 1a fffff402 19 10 59 64 1c 84 20 ae aa 1c 40
FIXUPS: 2e39d 51 f f f c 9 b 1f 2a 15 15 34 90 29 50 1f b 29 25 fffff6f5
FIXUPS: 2dd67 f c 9 b 3a 16 15 8 9 24 16 21 b 23 26 14 e 16 3d 14 9 11
FIXUPS: 2df66 34 9 9 9 b 22 47 fffff98e 9 8 13 10 30 d e 21 2f 15 22 16
FIXUPS: 2daed d e 21 2f 15 1c b 1e 33 12 2e 12 12 87 2c e 1d 22 82c5 41
FIXUPS: 36071 30 36 36 c 48 22 14 7 14 6 d 57 3b 1b 31 17 11 1c c4 45 31
FIXUPS: 364d0 ffff73b5 62 b 4b 2c a 27 8163 17 18 e5 b 6 99 5c 9 9 9 b
FIXUPS: 35d96 11 8 9 a d 8 9 a 23 17 11 8 40 b 49 1e 17 5a b fffff55d 2a
FIXUPS: 35518 28 30 44 1e 17 11 39 55 9 b 5c 22 3c 17 11 1e 49 1e 17 e2
FIXUPS: 35907 101 4d 17 20 17 11 c 33 fffff49d 11 1f 30 3c 50 1a c 27 9
FIXUPS: 350dd 30 3b 3f 4c 1a c 27 9 b 30 3b 3b 3b 3b 36 1f 1c 44 1f 1c
FIXUPS: 3549e fffff2b2 31 3c 19 59 1c d 10 3c 24 be 17 19 63 37 23 b 46
FIXUPS: 34af1 d 2a 24 33 c d 142 1a 41 1c9 3a 27 1a fffff2e3 25 26 7 33
FIXUPS: 342f7 15 2d 17 1b 7 24 17 1a 29 2b 62 17 27 59 10 93 24 42 2d 17
FIXUPS: 3467e 30 2d 2c b 17 fffff5e0 17 11 1f 1b 1b 17 6a 19 67 28 10 15
FIXUPS: 33f06 35 1e 24 59 1c d 10 3c 24 63 28 10 15 37 35 1e 24 49 fffff685
FIXUPS: 338a8 c 1f 19 17 5e 1f 45 7b 1f 10 1b 1c 1c 1c 2f 17 42 17 13 c
FIXUPS: 33ba9 4b 34 1d 1c 1d d b 3f 21 fffff6a8 31 29 7a 3d 3c 90 1a 29
FIXUPS: 335ce b 2b 53 67 b 1f 1c 14 c 9 13 17 11 32 13 17 11 32 d 2e d
FIXUPS: 3387f 4f68 17 31 21 16 43 2d 22 30 21 ffffa773 24 a3 39 b 1b 15
FIXUPS: 3321a 9 21 24 19 9 13 17 11 35 18 1a 25 18 1a 4e32 22 1a 5b 17
FIXUPS: 38294 92 5d 17 e 5b 41 17 20 17 20 17 5f 25 16 19 36 5f 9f 30 21
FIXUPS: 38742 17 20 17 20 17 fffff215 20 146 42 bb 19 1e 43 17 3c 17 2a
FIXUPS: 37d64 96 17 20 17 4a 17 e 14c 16 19 1d 22 19 1c 50 4f 17 30 14
FIXUPS: 373ee 17 20 17 30 17 15 15 c 35 22 1f 4a 6 2c 49 46 80 19 2d a9
FIXUPS: 377d0 37 b 28 17 20 17 5f 17 2c 46 fffff459 13 17 38 1c 2c 49 3d
FIXUPS: 36f10 11 1a f 78 28 b 25 3c 17 20 17 33 3e 16 2d 37 10b 9 2c 29
FIXUPS: 37306 bb 17 fffff4e2 1e 1a 22 54 b c 1e 40 17 14 26 51 17 66 17
FIXUPS: 36b6c 17 54 9 b 54 d 17 16 17 47 17 3b 33 45 17 1fb6 47 b 49 20
FIXUPS: 38eb7 1f 40 4b b 42 76 ffffd509 2b 14 1d 57 d 14 16 14 44 72 27
FIXUPS: 3671c 38 45 14 41 45 37 17 2c2f 1c 3b 17 40 4f 7 28 c 9 b 77 4d
FIXUPS: 396c7 23 b fffff2a3 28 30 6f aa 24 6b 7 23 b 45 23 31 54 69 1f
FIXUPS: 3971d 1f 58 ab 22 42 c2 8f 4f 25 29 1fc fffff3eb 28 30 b6 13 1f
FIXUPS: 391c3 49 13 39 b 60 4d 7 23 b 2d 28 30 bf 13e1 2a 31 103 d5 c b
FIXUPS: 3aaf7 1f d0 75 53 1f 3c 1f 4f 46 36 1f 25 17 8 10 17 15 52 e 19
FIXUPS: 3af8f aa c b fffff047 16 14 c 6 47 b 25 9 b a2 3d 1aa 46 60 4f
FIXUPS: 3a4ee 53 38 69 25 52 28 17 8 10 17 18 f6 25 11 2e 12bf 8 9 8 9
FIXUPS: 3bb22 9 29 8 b 12 46 8 6a 35 32 ffffe072 17b 6e 19 15 14 1e d 15
FIXUPS: 39f88 6 29 17 56 17 42 1629 1f 5a 10 9 22 9 b 22 81 51 d 41 8 8
FIXUPS: 3b8df 27 9 14 10 25 7e 11 2a 10 20 2c 37 2e 8 b b fffff7cf a 9
FIXUPS: 3b2fb 14 67 21 b 78 38 29 65 b b 8 8 9 8 9 8 9 14 14 a 9 6a d b
FIXUPS: 3b60e 19 3e 2b ac0 9 b 49 6d b 9d 18 26 17 11 8b ffffed40 29 29
FIXUPS: 3b167 42 3c e 1c 9 32 b b 8 8 9 8 9 8 9 14 3ff3 ac 10 ea 18 27
FIXUPS: 3f49b f 36 13 2d 13 ffffc91e 28 30 44 16 29 9 48 4b 39 b 10 c 10
FIXUPS: 3c042 8 2b 13 22 77 2b6c 30 19 23 1c 12 1a 20 3e 1c 1f 15 2b 1c
FIXUPS: 3ee48 4a 26 28 25 2a 36 19 3c 19 12d 3d 35 15 17 6b 1c 11 fffff4d4
FIXUPS: 3e723 31 24 11 4e b 38 23 14 d 53 34 28 38 76 b 3d 74 b 41 21 b
FIXUPS: 3eb21 1e 28 25 14 35 1d 3c 1d fffff513 118 20 1b f 11 4f f c c
FIXUPS: 3e395 b 4b f 10 c 1c 2b c 13 17 18 39 b 66 62 51 22 3b 1e 42 33
FIXUPS: 3dad6 25 2f 29 31 37 24 19 2f 22 22 20 38 1c 1f 15 2b 1c 49 45
FIXUPS: 3de28 15 60 15 17 83 1c 1d 2c 5b c8 7a ffffe996 1e fd 299 389 2c
FIXUPS: 3d2ba 1a f3 29e 27 167 14 f 55 c c b 3d 14 f 53 c c b 49 33 c c
FIXUPS: 3da03 91 1e 2c08 b 4f 1f 39 17 18 17 c 2d 7 22 9 b 4f 1f 39 17
FIXUPS: 408fe 43 9 b 2b ffffbdad 23 33 2d 43 83 20 20 217 35e3 17 20 17
FIXUPS: 4011e 17 19 2e 6e 17 15 15 2c 36 70 17 14 17 20 17 20 17 19 55
FIXUPS: 404e3 36 5c 28 30 76 4d 7 fffff43a 40 2f 48 c 29 17 98 4a 6 36
FIXUPS: 3fd09 82 7a 17 14 17 20 17 19 45 1a 29 26 28 25 1e 22 7c 17 14
FIXUPS: 40090 e18 7 16 b1 12c b 23 13 5f b fffff86c 24 53 77 4f 57 57 5b
FIXUPS: 3f560 a4 25 19 19 29a 109 17 14 17 16 17 20 17 277d 10 4b 53 f
FIXUPS: 422f9 10 8 48 5f 52 2d f 3b 42 3d 13 5f b ffffe6da 5 2a 1d 33 2c
FIXUPS: 40d0d 60 56 2b 28 30 3f e92 10 58 1d 22 17 58 22 11 14 61 3f 1f
FIXUPS: 41f44 5d 71 39 1d f 1b 10 c 3a d b 60 51 f 17 8 16 10 ffffefc2
FIXUPS: 411f1 29 13 1c b 36 117 14 12 dc ae 70 28 30 127 11 157 39 32 5a
FIXUPS: 41a36 6a 5a 39 32 5a 6a 75 3d f 17 1ca3 5 2b 1a 3a 69 6 18 21 13
FIXUPS: 43b42 b 23 13 72 9 b 8f f f 9 b 1156f 15 fffeeac7 2c b 34 13 5f
FIXUPS: 43dfd ffffd3b8 2288 22 1b 13 c 1a c 15 15 11 16 12 15 11 16 12
FIXUPS: 4357c 4a 9 b 3d 200 2a 42 10 38 24 2d e 3b 15 15 fffff6cf 5a 16
FIXUPS: 430e1 17 11 15 56 b 2b 9 36 10 26 a 10 29 24 1d 1b 18 12 12 11
FIXUPS: 43328 1b 3f 10 11 c 61 18 fffff7d5 27 4f 16 11 13 11 14 e 3b 1b
FIXUPS: 42db0 47 17 17 1e 27 53 17 15 17 20 14 17 11 15 28 b 47 17 17 1e
FIXUPS: 42805 9 1f 37 8 1d 9a 15 12 20 12 30 f f 9 b 59 17 2f 1a 8 1b 4b
FIXUPS: 42b1a 8 f 26 25 d b 31 17 4324 b 25 13 e376 15 ffff1cd7 2c b 34
FIXUPS: 47023 5f b ffffb528 36 b 81 b 1c 15 1c 17 17 11 16 27 c 38 f 2b
FIXUPS: 427d8 11 4200 5 2b 1a 3a 69 6 18 2c 13 42 2c b 56 b b6 f f f f
FIXUPS: 46d0e f 9 b 2f 13 42 23 b 5f b 3c fffff80f f 14 11 26 15 30 21
FIXUPS: 4678b 2c 19 b 29 b 30 23 b 30 27 2b 24 2d e 10 15 10 10 f 7 f 7
FIXUPS: 469d4 fffff923 13 84 1d f 12 1f 22 c b 28 28 8 24 15 23 33 19 8
FIXUPS: 4653d 1f 12 12 23 19 b 43 1a 1f f d 1a fffff99c e 11 1f 12 8 1e
FIXUPS: 460b1 17 19 20 66 12 8 12 c a 9 8 43 f 8 8 11 11 37 f 17 1a 13
FIXUPS: 462da 8 fffff8ab 1c 1e 5c 1a 14 8 37 6d 59 d 1d 22 b 2b 20 2d 1b
FIXUPS: 45e4e 28 55 31 15 44 19 8 11 1f 12 8 19 b fffff6c1 19 17 44 30
FIXUPS: 4576b 18 12 44 15 13 8 b 2c 17 15 d b 29 27 3e 13 c 27 9 b 38 27
FIXUPS: 45a40 d1 1f 45 fffff66b 11 17 11 45 e f 15 30 21 26 2c 2b 9 9 b
FIXUPS: 453b1 9d b1 12 f 1d 13 22 c 9 b 7b c 9 b 4d fffff81e 19 b 36 1f
FIXUPS: 44f51 e 15 19 f a 15 9 1a 3d 9f 1b 8 f 17 17 8 f 17 17 8 f 17 17
FIXUPS: 451ac f 17 fffff6e1 45 25 89 9 b 48 17 17 1e 27 53 12 8 48 a 34
FIXUPS: 44d5f b 25 1b 3e a 1a 1a 11 15 10 10 f 7 f fffff58b 2b 88 13 14
FIXUPS: 4450a 15 1a 11 d2 19 10 19 9 9 9 9 b 54 14 17 1e 27 5a 16 13 17
FIXUPS: 447fc 15 3d 10 2a fffff8b7 28 c 25 c 25 c 37 b 3a 16 8 11 8 e c
FIXUPS: 442b1 f 9 24 c 22 9 b 46 17 17 17 17 14 19 d 417a 2c b 34 13 5f
FIXUPS: 4866d ffffb802 15 12 12 12 12 12 12 2f f f f f f f 9 b 21 9 57
FIXUPS: 4404a 9 f be 13 40e1 10 8 8 f 1e 8 9 a 9 2b 24 2d 15 15 5 2b 1a
FIXUPS: 483af 69 6 18 2a 13 2d b b 6f 9 b ce00 15 ffff2bb3 21 17 10 f f
FIXUPS: 47f79 10 d c c b 55 c c c c c c c b 2f 14 14 38 45 47 8 27 35 d
FIXUPS: 48209 fffff81b 48 22 30 b 21 18 7a 77 7f b 41 17 b 14 d 17 f 11
FIXUPS: 47d49 42 1e 6 21 f 77 14 10 d c c b fffff643 1b 14 11 15 27 b 6c
FIXUPS: 475f3 27 5a 16 13 17 11 15 7b 23 b 47 f 15 22 f 61 31 b b8 41 1d
FIXUPS: 479db 3e fffff6fb 12 3c f 9 b b3 f 9 b 31 8 1b d 8 32 17 14 16
FIXUPS: 4734e 16 16 13 16 a 42 13 38 53 17 15 14 1503 14 15 1f 5a 1c 14
FIXUPS: 48ab0 d a 20 1f 1f 18 16 a 20 2a 15 c 3f 22 22 5f 41 20 35 3f 21
FIXUPS: 48df0 13 ffffe2fc 23ad b 42 17 2c 9 b 2c 27 27 27 27 27 fffff086
FIXUPS: 486d6 14 b c a 1d f 3b 15 3c 9 b 2c 13 15 af 3e 83 4f3 37 32 40
FIXUPS: 48f77 40 2b 29 36 39 2f 170 1b 2c 9 b 3a 1f 2c 9 b 2d f 44 f 1e
FIXUPS: 493c5 2d 2c 42 17 2c
