
 PARMPROF

 Start     Length     Name                   Class
 0001:0000 01735H     LOGGER_TEXT            CODE
 0001:1736 0001EH     LIBENTRY_TEXT          CODE
 0001:1754 06CB3H     LOGPRT_TEXT            CODE
 0001:8408 01D15H     LOGSPEC_TEXT           CODE
 0001:A11E 0213DH     CORESP_TEXT            CODE
 0001:C25C 0004AH     WINVTD_TEXT            CODE
 0001:C2A6 00061H     TIMEHOOK_TEXT          CODE
 0001:C308 0090CH     _TEXT                  CODE
 0002:0000 08001H     LOGGER1_DATA           FAR_DATA
 0003:0000 00702H     FAR_BSS                FAR_BSS
 0004:0000 00010H     NULL                   BEGDATA
 0004:0010 03D66H     _DATA                  DATA
 0004:3D76 0000EH     CDATA                  DATA
 0004:3D84 00000H     XIFB                   DATA
 0004:3D84 00000H     XIF                    DATA
 0004:3D84 00000H     XIFE                   DATA
 0004:3D84 00000H     XIB                    DATA
 0004:3D84 00000H     XI                     DATA
 0004:3D84 00000H     XIE                    DATA
 0004:3D84 00000H     XPB                    DATA
 0004:3D84 00000H     XP                     DATA
 0004:3D84 00000H     XPE                    DATA
 0004:3D84 00000H     XCB                    DATA
 0004:3D84 00000H     XC                     DATA
 0004:3D84 00000H     XCE                    DATA
 0004:3D84 00000H     XCFB                   DATA
 0004:3D84 00000H     XCFCRT                 DATA
 0004:3D84 00000H     XCF                    DATA
 0004:3D84 00000H     XCFE                   DATA
 0004:3D84 00000H     XIFCB                  DATA
 0004:3D84 00000H     XIFU                   DATA
 0004:3D84 00000H     XIFL                   DATA
 0004:3D84 00000H     XIFM                   DATA
 0004:3D84 00000H     XIFCE                  DATA
 0004:3D84 00000H     DBDATA                 DATA
 0004:3D84 00030H     CONST                  CONST
 0004:3DB4 00008H     HDR                    MSG
 0004:3DBC 000D4H     MSG                    MSG
 0004:3E90 00002H     PAD                    MSG
 0004:3E92 00001H     EPAD                   MSG
 0004:3E94 00200H     _BSS                   BSS
 0004:4094 00000H     XOB                    BSS
 0004:4094 00000H     XO                     BSS
 0004:4094 00000H     XOE                    BSS
 0004:4094 00000H     XOFB                   BSS
 0004:4094 00000H     XOF                    BSS
 0004:4094 00000H     XOFE                   BSS
 0004:40A0 00000H     c_common               BSS

 Origin   Group
 0004:0   DGROUP

 Address   Export                  Alias

 0001:0454 EvtLogHook              EvtLogHook
 0001:0340 filterfunc              filterfunc
 0001:16FA GetLogInfo              GetLogInfo
 0001:04E4 InitLogger              InitLogger
 0001:0CF6 WEP                     WEP
 0001:14B0 _LogData                _LogData
 0001:13D0 _LogIn                  _LogIn
 0001:1574 _LogOut                 _LogOut
 0001:C998 ___ExportedStub         ___ExportedStub

  Address         Publics by Name

 0000:0000  Imp  CLIENTTOSCREEN       (USER.28)
 0000:0000  Imp  DEFHOOKPROC          (USER.235)
 0000:0000  Imp  DOS3CALL             (KERNEL.102)
 0001:0454       EvtLogHook
 0000:0000  Imp  FATALAPPEXIT         (KERNEL.137)
 0000:0000  Imp  FATALEXIT            (KERNEL.1)
 0001:0340       filterfunc
 0000:0000  Imp  GETCAPTURE           (USER.236)
 0000:0000  Imp  GETCLASSNAME         (USER.58)
 0000:0000  Imp  GETCLIENTRECT        (USER.33)
 0000:0000  Imp  GETDESKTOPWINDOW     (USER.286)
 0000:0000  Imp  GETDLGITEM           (USER.91)
 0000:0000  Imp  GETDOSENVIRONMENT    (KERNEL.131)
 0000:0000  Imp  GETFOCUS             (USER.23)
 0001:16FA       GetLogInfo
 0000:0000  Imp  GETMODULEHANDLE      (KERNEL.47)
 0000:0000  Imp  GETMODULEUSAGE       (KERNEL.48)
 0000:0000  Imp  GETPROCADDRESS       (KERNEL.50)
 0000:0000  Imp  GETPROFILEINT        (KERNEL.57)
 0000:0000  Imp  GETPROFILESTRING     (KERNEL.58)
 0000:0000  Imp  GETTICKCOUNT         (USER.13)
 0000:0000  Imp  GETVERSION           (KERNEL.3)
 0000:0000  Imp  GETWINDOW            (USER.262)
 0000:0000  Imp  GETWINDOWRECT        (USER.32)
 0000:0000  Imp  GLOBALALLOC          (KERNEL.15)
 0000:0000  Imp  GLOBALFREE           (KERNEL.17)
 0000:0000  Imp  GLOBALLOCK           (KERNEL.18)
 0000:0000  Imp  GLOBALREALLOC        (KERNEL.16)
 0000:0000  Imp  GLOBALSIZE           (KERNEL.20)
 0000:0000  Imp  GLOBALUNLOCK         (KERNEL.19)
 0001:04E4       InitLogger
 0000:0000  Imp  INITTASK             (KERNEL.91)
 0001:1736       LibEntry
 0000:0000  Imp  LocalInit            (KERNEL.4)
 0000:0000  Imp  LOCKSEGMENT          (KERNEL.23)
 0000:0000  Imp  LSTRCMP              (USER.430)
 0000:0000  Imp  LSTRCMPI             (USER.471)
 0000:0000  Imp  LSTRLEN              (KERNEL.90)
 0000:0000  Imp  MAKEPROCINSTANCE     (KERNEL.51)
 0000:0000  Imp  OPENFILE             (KERNEL.74)
 0000:0000  Imp  OUTPUTDEBUGSTRING    (KERNEL.115)
 0000:0008  Abs  pAtomTable
 0000:0006  Abs  pLocalHeap
 0000:000E  Abs  pStackBot
 0000:000C  Abs  pStackMin
 0000:000A  Abs  pStackTop
 0000:0000  Imp  PTINRECT             (USER.76)
 0004:0004       rsrvptrs
 0000:0000  Imp  SETCURSORPOS         (USER.70)
 0000:0000  Imp  SETWINDOWSHOOK       (USER.121)
 0001:0CF6       WEP
 0003:0112       _achCurrentDirectory
 0001:ADF8       _AddCorrespondence
 0004:3C13       _aseghi
 0004:3C11       _aseglo
 0004:330C       _atom_table
 0004:0718       _cDbg
 0004:071C       _cDbgPort
 0003:02AA       _chBuffer
 0001:BA04       _ConditionalAddCorrespondence
 0001:A514       _CorrFromIndex
 0004:336C       _CorrTableLengths
 0004:2FCC       _CreateWindowLevel
 0004:2F4C       _CreateWindowRects
 0001:BA4E       _DeleteCorrespondence
 0001:AD70       _DestroyCorrespondenceTable
 0001:8A8C       _DoAppendMenu
 0001:8EB2       _DoCallPeek
 0001:8818       _DoChangeMenu
 0001:9A0C       _DoCreateBitmap
 0001:8CB0       _DoCreateDialogIndirect
 0001:97CA       _DoCreateDIBitmap
 0001:9D60       _DoCreatePolygonRgn
 0001:8408       _DoCreateWindow
 0001:8D8C       _DoCreateWindowRet
 0001:9648       _DoEscape
 0001:8FB0       _DoGetMessage
 0001:9168       _DoGetMessageRet
 0001:9574       _DoGetSetKeyboardState
 0001:95AC       _DoGetTextExtent
 0001:8BFA       _DoHDC_LPPOINT_int
 0001:9CE6       _DoLoadModule
 0001:924C       _DoMessage
 0001:8930       _DoModifyMenu
 0001:9700       _DoRetEscape
 0001:A0A4       _DoRetGetClipboardData
 0001:A036       _DoRetGlobalHandle
 0001:9C48       _DoRetPalettes
 0001:9084       _DoRetPeek
 0001:8E60       _DoRetSimpleLPSTR
 0001:9420       _DoRet_lread
 0001:9AE2       _DoSetBitmapBits
 0001:9E3E       _DoSetClipboardData
 0001:9B8C       _DoSetPaletteEntries
 0001:8736       _DoTextOut
 0001:94CA       _Do_lreadwrite
 0001:BE32       _DumpCorrespondenceTable
 0004:3E94       _edata
 0004:40A0       _end
 0001:018A       _EndLineBuff
 0001:C14A       _EnumCorr
 0004:3D2A       _errno
 0004:071E       _fAlias
 0004:3310       _farproc_table
 0004:12B2       _fAutoDrive
 0004:339C       _fCreateCorrDone
 0004:125E       _fFlushed
 0001:B5F0       _FindNewCorrespondence
 0001:B4CC       _FindNewNonMFCorrespondence
 0001:B8DE       _FindOldCorrespondence
 0003:0110       _fInputHook
 0004:071A       _fLogInit
 0004:0726       _fLogObjects
 0001:0000       _FlushBuff
 0004:2F4A       _fMouseMovedBefore
 0004:0722       _fNotes
 0003:06BA       _fpNewHook
 0001:C2CC       _FreeTimerHook
 0004:0720       _fTiming
 0004:0724       _fWOW
 0001:01EC       _GetTime
 0004:3314       _haccel_table
 0004:3318       _hbitmap_table
 0004:331C       _hbrush_table
 0004:3320       _hcursor_table
 0003:06FA       _hDataFile
 0004:3324       _hdc_table
 0004:3328       _hdwp_table
 0004:332C       _hfile_table
 0004:3330       _hfont_table
 0004:3334       _hhook_table
 0004:3338       _hicon_table
 0003:06BE       _hInstanceTable
 0004:072E       _hInstOfCaller
 0004:072C       _hLibInstance
 0003:06B4       _hLogFile
 0004:333C       _hmem_table
 0004:3340       _hmenu_table
 0004:3344       _hmeta_table
 0003:06FC       _hOldHook
 0004:3348       _hpalette_table
 0004:334C       _hpen_table
 0004:3354       _hres_table
 0004:3350       _hrgn_table
 0004:3358       _htask_table
 0004:335C       _hwnd_table
 0001:0518       _InitLib
 0004:0B3C       _IoTypes
 0000:0000  Imp  _LCLOSE              (KERNEL.81)
 0000:0000  Imp  _LLSEEK              (KERNEL.84)
 0002:0000       _LogBuffer
 0001:14B0       _LogData
 0001:13D0       _LogIn
 0001:1574       _LogOut
 0004:125A       _LogPtr
 0001:0E20       _LogStuff
 0001:0D94       _lpartial_strcpy
 0004:0728       _lpfMouseMoved
 0000:0000  Imp  _LWRITE              (KERNEL.86)
 0001:B28A       _MakeCorrespondence
 0003:02A6       _marker
 0003:0216       _memCorrData
 0003:06AA       _memCorrHeader
 0001:C44C       _memcpy
 0004:1A66       _ncb_commands
 0004:10DC       _nIoTypes
 0004:0716       _nLineLen
 0004:070C       _nLogIndent
 0004:070E       _nLogLine
 0003:0700       _nLogSize
 0004:0712       _nLogSpot
 0004:1258       _nRetSpecialCases
 0004:11E6       _nSpecialCases
 0004:3360       _object_table
 0003:0000       _ofDataFile
 0003:0088       _ofFileData
 0001:2A9C       _PrtARRAYINT
 0001:1BEC       _PrtATOM
 0001:17CC       _PrtBool
 0001:60D8       _PrtButtonMessage
 0001:53BE       _PrtComboMessage
 0001:5730       _PrtEditMessage
 0001:52EC       _PrtFARPROC
 0001:2CA2       _PrtFineString
 0001:2BF4       _PrtFixedString
 0001:1C58       _PrtHACCEL
 0001:1CC4       _PrtHBITMAP
 0001:1D30       _PrtHBRUSH
 0001:1D9C       _PrtHCURSOR
 0001:1E08       _PrtHDC
 0001:1E74       _PrtHDWP
 0001:1EE0       _PrtHFILE
 0001:1F4C       _PrtHFONT
 0001:2082       _PrtHHOOK
 0001:20F8       _PrtHICON
 0001:2164       _PrtHMEM
 0001:21D0       _PrtHMENU
 0001:223C       _PrtHMETA
 0001:22A8       _PrtHPALETTE
 0001:2314       _PrtHPEN
 0001:2380       _PrtHRES
 0001:23EC       _PrtHRGN
 0001:2458       _PrtHTASK
 0001:24C4       _PrtHWND
 0001:184A       _PrtInt
 0001:5C1C       _PrtListMessage
 0001:2500       _PrtLong
 0001:4D7C       _PrtLPBITMAP
 0001:52A6       _PrtLPBMI
 0001:4EF6       _PrtLPBMIH
 0001:3482       _PrtLPCOMSTAT
 0001:3560       _PrtLPDEVMODE
 0001:2BAA       _PrtLPDWORD
 0001:4686       _PrtLPEVENTMSG
 0001:5332       _PrtLPFARPROC
 0001:3D80       _PrtLPGLYPHMETRICS
 0001:2A52       _PrtLPINT
 0001:34C8       _PrtLPLOGBRUSH
 0001:43D6       _PrtLPLOGFONT
 0001:3794       _PrtLPLOGPALETTE
 0001:388C       _PrtLPLOGPEN
 0001:3F20       _PrtLPMAT2
 0001:473C       _PrtLPMSG
 0001:421A       _PrtLPNCB
 0001:482E       _PrtLPOFSTRUCT
 0001:3B58       _PrtLPOUTLINETEXTMETRIC
 0001:4B2E       _PrtLPPAINTSTRUCT
 0001:374E       _PrtLPPALETTEENTRY
 0001:4B74       _PrtLPPOINT
 0001:4C3C       _PrtLPRECT
 0001:3316       _PrtLPSTR
 0001:3A40       _PrtLPTEXTMETRIC
 0001:2DB8       _PrtLPTR
 0001:44FC       _PrtLPWNDCLASS
 0001:6414       _PrtMessage
 0001:61B0       _PrtScrollMessage
 0001:18A2       _PrtShort
 0001:6288       _PrtUserMessage
 0004:3364       _ps_table
 0001:AB16       _ResizeCorrespondenceTable
 0004:11E8       _RetSpecialCases
 0003:06B0       _SCP
 0001:C2E3       _SetTimerHook
 0001:A11E       _SetupCorrespondenceTables
 0004:10DE       _SpecialCases
 0001:B416       _SpecialFindNewCorrespondence
 0001:B360       _SpecialFindNewNonMFCorrespondence
 0001:B714       _SpecialFindOldCorrespondence
 0004:3C04       _STKHQQ
 0001:1654       _StoreData
 0001:C410       _strcpy
 0004:3C02       _TimerTicked
 0004:3368       _time_table
 0004:073C       _typehash
 0003:06B6       _WCP
 0001:023E       _WhereWindow
 0004:070A       _WindowsVerRunning
 0001:C25C       _WinVTDAddr
 0001:C289       _WinVTDTime
 0004:0738       _WowQPC
 0001:1BBC       _WriteATOM
 0001:1754       _WriteBOOL
 0001:0110       _WriteBuff
 0001:2562       _WriteCOMPAREITEMSTRUCT
 0001:3364       _WriteCOMSTAT
 0001:2606       _WriteDELETEITEMSTRUCT
 0001:286A       _WriteDRAWITEMSTRUCT
 0001:19D2       _WriteFARPROC
 0001:3E5A       _WriteFIXED
 0001:1C28       _WriteHACCEL
 0001:1C94       _WriteHBITMAP
 0001:1D00       _WriteHBRUSH
 0001:1D6C       _WriteHCURSOR
 0001:1DD8       _WriteHDC
 0001:1E44       _WriteHDWP
 0001:1EB0       _WriteHFILE
 0001:1F1C       _WriteHFONT
 0001:1F88       _WriteHHOOK
 0001:20C8       _WriteHICON
 0001:2134       _WriteHMEM
 0001:21A0       _WriteHMENU
 0001:220C       _WriteHMETA
 0001:2278       _WriteHPALETTE
 0001:22E4       _WriteHPEN
 0001:2350       _WriteHRES
 0001:23BC       _WriteHRGN
 0001:2428       _WriteHTASK
 0001:2494       _WriteHWND
 0001:4C82       _WriteLPBITMAP
 0001:4F3C       _WriteLPBMI
 0001:4DC2       _WriteLPBMIH
 0001:4012       _WriteLPCREATESTRUCT
 0001:2AF2       _WriteLPDWORD
 0001:29A0       _WriteLPINT
 0001:4148       _WriteLPMDICREATESTRUCT
 0001:4978       _WriteLPPAINTSTRUCT
 0001:366A       _WriteLPPALETTEENTRY
 0001:3A86       _WriteLPPANOSE
 0001:2DF2       _WriteLPPOINT
 0001:4BBE       _WriteLPRECT
 0001:2F5C       _WriteLPSTR
 0001:392C       _WriteLPTEXTMETRIC
 0001:2D5A       _WriteLPTR
 0001:2934       _WriteMEASUREITEMSTRUCT
 0001:273C       _WriteNCCALCSIZE_PARAMS
 0001:1AAA       _WriteThatHandle
 0001:18FA       _WriteTIME
 0001:2698       _WriteWINDOWPOS
 0001:1808       _WriteWORD
 0000:0000  Imp  _wsprintf            (USER.420)
 0000:9876  Abs  __acrtmsg
 0000:9876  Abs  __acrtused
 0000:D6D6  Abs  __aDBdoswp
 0004:3D5E       __adbgmsg
 0000:D6D6  Abs  __aDBused
 0001:C4AA       __aFldiv
 0001:C544       __aFlmul
 0001:C576       __aFlshl
 0001:C582       __aFuldiv
 0001:C544       __aFulmul
 0001:C5E2       __aFulshr
 0000:0000  Imp  __AHINCR             (KERNEL.114)
 0004:3D1C       __aintdiv
 0004:3D62       __amblksiz
 0001:C83E       __amsg_exit
 0001:C35C       __astart
 0001:C662       __cexit
 0004:3D5B       __child
 0001:C61A       __cinit
 0001:C834       __cintDIV
 0004:3D33       __cpumode
 0001:C6C4       __ctermsub
 0004:3C1A       __ctype
 0004:3C1A       __ctype_
 0001:C673       __c_exit
 0004:3C10       __dllinit
 0004:3D34       __doserrno
 0004:3D30       __dosmajor
 0004:3D31       __dosminor
 0004:3D30       __dosversion
 0004:3E94       __edata
 0004:40A0       __end
 0004:3D52       __environ
 0004:3D5D       __exitflag
 0004:3D20       __fac
 0001:C9AC       __ffree
 0001:C6E6       __FF_MSGBANNER
 0004:3D68       __fheap
 0001:C977       __findlast
 0001:C9CD       __fmalloc
 0004:3D78       __fpinit
 0000:9876  Abs  __fptaskdata
 0001:C7EE       __fptrap
 0001:CAF6       __freefarheap
 0001:CB80       __freelist
 0001:C822       __GetDGROUP
 0001:C880       __growseg
 0004:3C06       __hModule
 0001:C911       __incseg
 0001:CBAA       __initseg
 0001:CBDE       __linkseg
 0004:3C0C       __lpszCmdLine
 0001:C7F4       __myalloc
 0001:C832       __nearstub
 0001:CA74       __newseg
 0004:3D36       __nfile
 0001:C7A0       __NMSG_TEXT
 0001:C7D7       __NMSG_WRITE
 0001:C3F7       __nomain
 0004:3D34       __oserr
 0004:3D38       __osfile
 0004:3D2E       __osmajor
 0004:3D2F       __osminor
 0004:3D32       __osmode
 0004:3D2E       __osversion
 0004:3D56       __pgmptr
 0004:3D64       __pnhFarHeap
 0001:CB04       __searchseg
 0001:C70A       __setenvp
 0000:0001  Abs  __sizec
 0000:0001  Abs  __sized
 0001:C5EE       __stubmain
 0004:3D2C       __umaskval
 0004:3C08       __wDataSeg
 0001:C318       __wflags
 0004:3C0A       __wHeapSize
 0000:0000  Imp  __WINFLAGS           (KERNEL.178)
 0004:3C17       ___aDBrterr
 0004:3C15       ___aDBswpflg
 0004:3D4C       ___argc
 0004:3D4E       ___argv
 0001:C998       ___ExportedStub

  Address         Publics by Value

 0000:0000  Imp  GETPROCADDRESS       (KERNEL.50)
 0000:0000  Imp  GETDOSENVIRONMENT    (KERNEL.131)
 0000:0000  Imp  GLOBALFREE           (KERNEL.17)
 0000:0000  Imp  GETVERSION           (KERNEL.3)
 0000:0000  Imp  GETCAPTURE           (USER.236)
 0000:0000  Imp  GLOBALUNLOCK         (KERNEL.19)
 0000:0000  Imp  PTINRECT             (USER.76)
 0000:0000  Imp  GLOBALREALLOC        (KERNEL.16)
 0000:0000  Imp  LSTRLEN              (KERNEL.90)
 0000:0000  Imp  GETWINDOWRECT        (USER.32)
 0000:0000  Imp  GETCLASSNAME         (USER.58)
 0000:0000  Imp  SETCURSORPOS         (USER.70)
 0000:0000  Imp  FATALEXIT            (KERNEL.1)
 0000:0000  Imp  GETMODULEUSAGE       (KERNEL.48)
 0000:0000  Imp  GETPROFILESTRING     (KERNEL.58)
 0000:0000  Imp  LocalInit            (KERNEL.4)
 0000:0000  Imp  GETFOCUS             (USER.23)
 0000:0000  Imp  _LCLOSE              (KERNEL.81)
 0000:0000  Imp  GETDLGITEM           (USER.91)
 0000:0000  Imp  _LLSEEK              (KERNEL.84)
 0000:0000  Imp  GETMODULEHANDLE      (KERNEL.47)
 0000:0000  Imp  GLOBALALLOC          (KERNEL.15)
 0000:0000  Imp  LOCKSEGMENT          (KERNEL.23)
 0000:0000  Imp  OPENFILE             (KERNEL.74)
 0000:0000  Imp  LSTRCMPI             (USER.471)
 0000:0000  Imp  FATALAPPEXIT         (KERNEL.137)
 0000:0000  Imp  MAKEPROCINSTANCE     (KERNEL.51)
 0000:0000  Imp  _wsprintf            (USER.420)
 0000:0000  Imp  GETCLIENTRECT        (USER.33)
 0000:0000  Imp  OUTPUTDEBUGSTRING    (KERNEL.115)
 0000:0000  Imp  __WINFLAGS           (KERNEL.178)
 0000:0000  Imp  GLOBALLOCK           (KERNEL.18)
 0000:0000  Imp  GETPROFILEINT        (KERNEL.57)
 0000:0000  Imp  DOS3CALL             (KERNEL.102)
 0000:0000  Imp  GETWINDOW            (USER.262)
 0000:0000  Imp  SETWINDOWSHOOK       (USER.121)
 0000:0000  Imp  GLOBALSIZE           (KERNEL.20)
 0000:0000  Imp  _LWRITE              (KERNEL.86)
 0000:0000  Imp  __AHINCR             (KERNEL.114)
 0000:0000  Imp  DEFHOOKPROC          (USER.235)
 0000:0000  Imp  GETTICKCOUNT         (USER.13)
 0000:0000  Imp  LSTRCMP              (USER.430)
 0000:0000  Imp  CLIENTTOSCREEN       (USER.28)
 0000:0000  Imp  GETDESKTOPWINDOW     (USER.286)
 0000:0000  Imp  INITTASK             (KERNEL.91)
 0000:0001  Abs  __sized
 0000:0001  Abs  __sizec
 0000:0006  Abs  pLocalHeap
 0000:0008  Abs  pAtomTable
 0000:000A  Abs  pStackTop
 0000:000C  Abs  pStackMin
 0000:000E  Abs  pStackBot
 0000:9876  Abs  __fptaskdata
 0000:9876  Abs  __acrtmsg
 0000:9876  Abs  __acrtused
 0000:D6D6  Abs  __aDBdoswp
 0000:D6D6  Abs  __aDBused
 0001:0000       _FlushBuff
 0001:0110       _WriteBuff
 0001:018A       _EndLineBuff
 0001:01EC       _GetTime
 0001:023E       _WhereWindow
 0001:0340       filterfunc
 0001:0454       EvtLogHook
 0001:04E4       InitLogger
 0001:0518       _InitLib
 0001:0CF6       WEP
 0001:0D94       _lpartial_strcpy
 0001:0E20       _LogStuff
 0001:13D0       _LogIn
 0001:14B0       _LogData
 0001:1574       _LogOut
 0001:1654       _StoreData
 0001:16FA       GetLogInfo
 0001:1736       LibEntry
 0001:1754       _WriteBOOL
 0001:17CC       _PrtBool
 0001:1808       _WriteWORD
 0001:184A       _PrtInt
 0001:18A2       _PrtShort
 0001:18FA       _WriteTIME
 0001:19D2       _WriteFARPROC
 0001:1AAA       _WriteThatHandle
 0001:1BBC       _WriteATOM
 0001:1BEC       _PrtATOM
 0001:1C28       _WriteHACCEL
 0001:1C58       _PrtHACCEL
 0001:1C94       _WriteHBITMAP
 0001:1CC4       _PrtHBITMAP
 0001:1D00       _WriteHBRUSH
 0001:1D30       _PrtHBRUSH
 0001:1D6C       _WriteHCURSOR
 0001:1D9C       _PrtHCURSOR
 0001:1DD8       _WriteHDC
 0001:1E08       _PrtHDC
 0001:1E44       _WriteHDWP
 0001:1E74       _PrtHDWP
 0001:1EB0       _WriteHFILE
 0001:1EE0       _PrtHFILE
 0001:1F1C       _WriteHFONT
 0001:1F4C       _PrtHFONT
 0001:1F88       _WriteHHOOK
 0001:2082       _PrtHHOOK
 0001:20C8       _WriteHICON
 0001:20F8       _PrtHICON
 0001:2134       _WriteHMEM
 0001:2164       _PrtHMEM
 0001:21A0       _WriteHMENU
 0001:21D0       _PrtHMENU
 0001:220C       _WriteHMETA
 0001:223C       _PrtHMETA
 0001:2278       _WriteHPALETTE
 0001:22A8       _PrtHPALETTE
 0001:22E4       _WriteHPEN
 0001:2314       _PrtHPEN
 0001:2350       _WriteHRES
 0001:2380       _PrtHRES
 0001:23BC       _WriteHRGN
 0001:23EC       _PrtHRGN
 0001:2428       _WriteHTASK
 0001:2458       _PrtHTASK
 0001:2494       _WriteHWND
 0001:24C4       _PrtHWND
 0001:2500       _PrtLong
 0001:2562       _WriteCOMPAREITEMSTRUCT
 0001:2606       _WriteDELETEITEMSTRUCT
 0001:2698       _WriteWINDOWPOS
 0001:273C       _WriteNCCALCSIZE_PARAMS
 0001:286A       _WriteDRAWITEMSTRUCT
 0001:2934       _WriteMEASUREITEMSTRUCT
 0001:29A0       _WriteLPINT
 0001:2A52       _PrtLPINT
 0001:2A9C       _PrtARRAYINT
 0001:2AF2       _WriteLPDWORD
 0001:2BAA       _PrtLPDWORD
 0001:2BF4       _PrtFixedString
 0001:2CA2       _PrtFineString
 0001:2D5A       _WriteLPTR
 0001:2DB8       _PrtLPTR
 0001:2DF2       _WriteLPPOINT
 0001:2F5C       _WriteLPSTR
 0001:3316       _PrtLPSTR
 0001:3364       _WriteCOMSTAT
 0001:3482       _PrtLPCOMSTAT
 0001:34C8       _PrtLPLOGBRUSH
 0001:3560       _PrtLPDEVMODE
 0001:366A       _WriteLPPALETTEENTRY
 0001:374E       _PrtLPPALETTEENTRY
 0001:3794       _PrtLPLOGPALETTE
 0001:388C       _PrtLPLOGPEN
 0001:392C       _WriteLPTEXTMETRIC
 0001:3A40       _PrtLPTEXTMETRIC
 0001:3A86       _WriteLPPANOSE
 0001:3B58       _PrtLPOUTLINETEXTMETRIC
 0001:3D80       _PrtLPGLYPHMETRICS
 0001:3E5A       _WriteFIXED
 0001:3F20       _PrtLPMAT2
 0001:4012       _WriteLPCREATESTRUCT
 0001:4148       _WriteLPMDICREATESTRUCT
 0001:421A       _PrtLPNCB
 0001:43D6       _PrtLPLOGFONT
 0001:44FC       _PrtLPWNDCLASS
 0001:4686       _PrtLPEVENTMSG
 0001:473C       _PrtLPMSG
 0001:482E       _PrtLPOFSTRUCT
 0001:4978       _WriteLPPAINTSTRUCT
 0001:4B2E       _PrtLPPAINTSTRUCT
 0001:4B74       _PrtLPPOINT
 0001:4BBE       _WriteLPRECT
 0001:4C3C       _PrtLPRECT
 0001:4C82       _WriteLPBITMAP
 0001:4D7C       _PrtLPBITMAP
 0001:4DC2       _WriteLPBMIH
 0001:4EF6       _PrtLPBMIH
 0001:4F3C       _WriteLPBMI
 0001:52A6       _PrtLPBMI
 0001:52EC       _PrtFARPROC
 0001:5332       _PrtLPFARPROC
 0001:53BE       _PrtComboMessage
 0001:5730       _PrtEditMessage
 0001:5C1C       _PrtListMessage
 0001:60D8       _PrtButtonMessage
 0001:61B0       _PrtScrollMessage
 0001:6288       _PrtUserMessage
 0001:6414       _PrtMessage
 0001:8408       _DoCreateWindow
 0001:8736       _DoTextOut
 0001:8818       _DoChangeMenu
 0001:8930       _DoModifyMenu
 0001:8A8C       _DoAppendMenu
 0001:8BFA       _DoHDC_LPPOINT_int
 0001:8CB0       _DoCreateDialogIndirect
 0001:8D8C       _DoCreateWindowRet
 0001:8E60       _DoRetSimpleLPSTR
 0001:8EB2       _DoCallPeek
 0001:8FB0       _DoGetMessage
 0001:9084       _DoRetPeek
 0001:9168       _DoGetMessageRet
 0001:924C       _DoMessage
 0001:9420       _DoRet_lread
 0001:94CA       _Do_lreadwrite
 0001:9574       _DoGetSetKeyboardState
 0001:95AC       _DoGetTextExtent
 0001:9648       _DoEscape
 0001:9700       _DoRetEscape
 0001:97CA       _DoCreateDIBitmap
 0001:9A0C       _DoCreateBitmap
 0001:9AE2       _DoSetBitmapBits
 0001:9B8C       _DoSetPaletteEntries
 0001:9C48       _DoRetPalettes
 0001:9CE6       _DoLoadModule
 0001:9D60       _DoCreatePolygonRgn
 0001:9E3E       _DoSetClipboardData
 0001:A036       _DoRetGlobalHandle
 0001:A0A4       _DoRetGetClipboardData
 0001:A11E       _SetupCorrespondenceTables
 0001:A514       _CorrFromIndex
 0001:AB16       _ResizeCorrespondenceTable
 0001:AD70       _DestroyCorrespondenceTable
 0001:ADF8       _AddCorrespondence
 0001:B28A       _MakeCorrespondence
 0001:B360       _SpecialFindNewNonMFCorrespondence
 0001:B416       _SpecialFindNewCorrespondence
 0001:B4CC       _FindNewNonMFCorrespondence
 0001:B5F0       _FindNewCorrespondence
 0001:B714       _SpecialFindOldCorrespondence
 0001:B8DE       _FindOldCorrespondence
 0001:BA04       _ConditionalAddCorrespondence
 0001:BA4E       _DeleteCorrespondence
 0001:BE32       _DumpCorrespondenceTable
 0001:C14A       _EnumCorr
 0001:C25C       _WinVTDAddr
 0001:C289       _WinVTDTime
 0001:C2CC       _FreeTimerHook
 0001:C2E3       _SetTimerHook
 0001:C318       __wflags
 0001:C35C       __astart
 0001:C3F7       __nomain
 0001:C410       _strcpy
 0001:C44C       _memcpy
 0001:C4AA       __aFldiv
 0001:C544       __aFlmul
 0001:C544       __aFulmul
 0001:C576       __aFlshl
 0001:C582       __aFuldiv
 0001:C5E2       __aFulshr
 0001:C5EE       __stubmain
 0001:C61A       __cinit
 0001:C662       __cexit
 0001:C673       __c_exit
 0001:C6C4       __ctermsub
 0001:C6E6       __FF_MSGBANNER
 0001:C70A       __setenvp
 0001:C7A0       __NMSG_TEXT
 0001:C7D7       __NMSG_WRITE
 0001:C7EE       __fptrap
 0001:C7F4       __myalloc
 0001:C822       __GetDGROUP
 0001:C832       __nearstub
 0001:C834       __cintDIV
 0001:C83E       __amsg_exit
 0001:C880       __growseg
 0001:C911       __incseg
 0001:C977       __findlast
 0001:C998       ___ExportedStub
 0001:C9AC       __ffree
 0001:C9CD       __fmalloc
 0001:CA74       __newseg
 0001:CAF6       __freefarheap
 0001:CB04       __searchseg
 0001:CB80       __freelist
 0001:CBAA       __initseg
 0001:CBDE       __linkseg
 0002:0000       _LogBuffer
 0003:0000       _ofDataFile
 0003:0088       _ofFileData
 0003:0110       _fInputHook
 0003:0112       _achCurrentDirectory
 0003:0216       _memCorrData
 0003:02A6       _marker
 0003:02AA       _chBuffer
 0003:06AA       _memCorrHeader
 0003:06B0       _SCP
 0003:06B4       _hLogFile
 0003:06B6       _WCP
 0003:06BA       _fpNewHook
 0003:06BE       _hInstanceTable
 0003:06FA       _hDataFile
 0003:06FC       _hOldHook
 0003:0700       _nLogSize
 0004:0004       rsrvptrs
 0004:070A       _WindowsVerRunning
 0004:070C       _nLogIndent
 0004:070E       _nLogLine
 0004:0712       _nLogSpot
 0004:0716       _nLineLen
 0004:0718       _cDbg
 0004:071A       _fLogInit
 0004:071C       _cDbgPort
 0004:071E       _fAlias
 0004:0720       _fTiming
 0004:0722       _fNotes
 0004:0724       _fWOW
 0004:0726       _fLogObjects
 0004:0728       _lpfMouseMoved
 0004:072C       _hLibInstance
 0004:072E       _hInstOfCaller
 0004:0738       _WowQPC
 0004:073C       _typehash
 0004:0B3C       _IoTypes
 0004:10DC       _nIoTypes
 0004:10DE       _SpecialCases
 0004:11E6       _nSpecialCases
 0004:11E8       _RetSpecialCases
 0004:1258       _nRetSpecialCases
 0004:125A       _LogPtr
 0004:125E       _fFlushed
 0004:12B2       _fAutoDrive
 0004:1A66       _ncb_commands
 0004:2F4A       _fMouseMovedBefore
 0004:2F4C       _CreateWindowRects
 0004:2FCC       _CreateWindowLevel
 0004:330C       _atom_table
 0004:3310       _farproc_table
 0004:3314       _haccel_table
 0004:3318       _hbitmap_table
 0004:331C       _hbrush_table
 0004:3320       _hcursor_table
 0004:3324       _hdc_table
 0004:3328       _hdwp_table
 0004:332C       _hfile_table
 0004:3330       _hfont_table
 0004:3334       _hhook_table
 0004:3338       _hicon_table
 0004:333C       _hmem_table
 0004:3340       _hmenu_table
 0004:3344       _hmeta_table
 0004:3348       _hpalette_table
 0004:334C       _hpen_table
 0004:3350       _hrgn_table
 0004:3354       _hres_table
 0004:3358       _htask_table
 0004:335C       _hwnd_table
 0004:3360       _object_table
 0004:3364       _ps_table
 0004:3368       _time_table
 0004:336C       _CorrTableLengths
 0004:339C       _fCreateCorrDone
 0004:3C02       _TimerTicked
 0004:3C04       _STKHQQ
 0004:3C06       __hModule
 0004:3C08       __wDataSeg
 0004:3C0A       __wHeapSize
 0004:3C0C       __lpszCmdLine
 0004:3C10       __dllinit
 0004:3C11       _aseglo
 0004:3C13       _aseghi
 0004:3C15       ___aDBswpflg
 0004:3C17       ___aDBrterr
 0004:3C1A       __ctype
 0004:3C1A       __ctype_
 0004:3D1C       __aintdiv
 0004:3D20       __fac
 0004:3D2A       _errno
 0004:3D2C       __umaskval
 0004:3D2E       __osmajor
 0004:3D2E       __osversion
 0004:3D2F       __osminor
 0004:3D30       __dosmajor
 0004:3D30       __dosversion
 0004:3D31       __dosminor
 0004:3D32       __osmode
 0004:3D33       __cpumode
 0004:3D34       __oserr
 0004:3D34       __doserrno
 0004:3D36       __nfile
 0004:3D38       __osfile
 0004:3D4C       ___argc
 0004:3D4E       ___argv
 0004:3D52       __environ
 0004:3D56       __pgmptr
 0004:3D5B       __child
 0004:3D5D       __exitflag
 0004:3D5E       __adbgmsg
 0004:3D62       __amblksiz
 0004:3D64       __pnhFarHeap
 0004:3D68       __fheap
 0004:3D78       __fpinit
 0004:3E94       _edata
 0004:3E94       __edata
 0004:40A0       _end
 0004:40A0       __end

Program entry point at 0001:1736
