97.09.03 17:08 A G:\workshop\prog\ie4\channels\tutorial\asteroids\asteroids.htm --> www.mmadweb.com /usr/www/users/ronw/workshop/prog/ie4/channels/tutorial/asteroids asteroids.htm
97.09.03 17:08 B G:\workshop\prog\ie4\channels\tutorial\asteroids\laser.gif --> www.mmadweb.com /usr/www/users/ronw/workshop/prog/ie4/channels/tutorial/asteroids laser.gif
97.09.03 17:08 B G:\workshop\prog\ie4\channels\tutorial\asteroids\rock1.gif --> www.mmadweb.com /usr/www/users/ronw/workshop/prog/ie4/channels/tutorial/asteroids rock1.gif
97.09.03 17:08 B G:\workshop\prog\ie4\channels\tutorial\asteroids\rock1e1.gif --> www.mmadweb.com /usr/www/users/ronw/workshop/prog/ie4/channels/tutorial/asteroids rock1e1.gif
97.09.03 17:08 B G:\workshop\prog\ie4\channels\tutorial\asteroids\rock1e2.gif --> www.mmadweb.com /usr/www/users/ronw/workshop/prog/ie4/channels/tutorial/asteroids rock1e2.gif
97.09.03 17:09 B G:\workshop\prog\ie4\channels\tutorial\asteroids\rock1e3.gif --> www.mmadweb.com /usr/www/users/ronw/workshop/prog/ie4/channels/tutorial/asteroids rock1e3.gif
97.09.03 17:09 B G:\workshop\prog\ie4\channels\tutorial\asteroids\rock2.gif --> www.mmadweb.com /usr/www/users/ronw/workshop/prog/ie4/channels/tutorial/asteroids rock2.gif
97.09.03 17:09 B G:\workshop\prog\ie4\channels\tutorial\asteroids\rock2e1.gif --> www.mmadweb.com /usr/www/users/ronw/workshop/prog/ie4/channels/tutorial/asteroids rock2e1.gif
97.09.03 17:09 B G:\workshop\prog\ie4\channels\tutorial\asteroids\rock2e2.gif --> www.mmadweb.com /usr/www/users/ronw/workshop/prog/ie4/channels/tutorial/asteroids rock2e2.gif
97.09.03 17:09 B G:\workshop\prog\ie4\channels\tutorial\asteroids\rock2e3.gif --> www.mmadweb.com /usr/www/users/ronw/workshop/prog/ie4/channels/tutorial/asteroids rock2e3.gif
97.09.03 17:09 B G:\workshop\prog\ie4\channels\tutorial\asteroids\rock3.gif --> www.mmadweb.com /usr/www/users/ronw/workshop/prog/ie4/channels/tutorial/asteroids rock3.gif
97.09.03 17:09 B G:\workshop\prog\ie4\channels\tutorial\asteroids\rock3e1.gif --> www.mmadweb.com /usr/www/users/ronw/workshop/prog/ie4/channels/tutorial/asteroids rock3e1.gif
97.09.03 17:09 B G:\workshop\prog\ie4\channels\tutorial\asteroids\rock3e2.gif --> www.mmadweb.com /usr/www/users/ronw/workshop/prog/ie4/channels/tutorial/asteroids rock3e2.gif
97.09.03 17:09 B G:\workshop\prog\ie4\channels\tutorial\asteroids\rock3e3.gif --> www.mmadweb.com /usr/www/users/ronw/workshop/prog/ie4/channels/tutorial/asteroids rock3e3.gif
97.09.03 17:09 B G:\workshop\prog\ie4\channels\tutorial\asteroids\s1.gif --> www.mmadweb.com /usr/www/users/ronw/workshop/prog/ie4/channels/tutorial/asteroids s1.gif
97.09.03 17:09 B G:\workshop\prog\ie4\channels\tutorial\asteroids\s10.gif --> www.mmadweb.com /usr/www/users/ronw/workshop/prog/ie4/channels/tutorial/asteroids s10.gif
97.09.03 17:09 B G:\workshop\prog\ie4\channels\tutorial\asteroids\s11.gif --> www.mmadweb.com /usr/www/users/ronw/workshop/prog/ie4/channels/tutorial/asteroids s11.gif
97.09.03 17:09 B G:\workshop\prog\ie4\channels\tutorial\asteroids\s12.gif --> www.mmadweb.com /usr/www/users/ronw/workshop/prog/ie4/channels/tutorial/asteroids s12.gif
97.09.03 17:09 B G:\workshop\prog\ie4\channels\tutorial\asteroids\s13.gif --> www.mmadweb.com /usr/www/users/ronw/workshop/prog/ie4/channels/tutorial/asteroids s13.gif
97.09.03 17:09 B G:\workshop\prog\ie4\channels\tutorial\asteroids\s14.gif --> www.mmadweb.com /usr/www/users/ronw/workshop/prog/ie4/channels/tutorial/asteroids s14.gif
97.09.03 17:09 B G:\workshop\prog\ie4\channels\tutorial\asteroids\s15.gif --> www.mmadweb.com /usr/www/users/ronw/workshop/prog/ie4/channels/tutorial/asteroids s15.gif
97.09.03 17:09 B G:\workshop\prog\ie4\channels\tutorial\asteroids\s16.gif --> www.mmadweb.com /usr/www/users/ronw/workshop/prog/ie4/channels/tutorial/asteroids s16.gif
97.09.03 17:09 B G:\workshop\prog\ie4\channels\tutorial\asteroids\s2.gif --> www.mmadweb.com /usr/www/users/ronw/workshop/prog/ie4/channels/tutorial/asteroids s2.gif
97.09.03 17:09 B G:\workshop\prog\ie4\channels\tutorial\asteroids\s3.gif --> www.mmadweb.com /usr/www/users/ronw/workshop/prog/ie4/channels/tutorial/asteroids s3.gif
97.09.03 17:09 B G:\workshop\prog\ie4\channels\tutorial\asteroids\s4.gif --> www.mmadweb.com /usr/www/users/ronw/workshop/prog/ie4/channels/tutorial/asteroids s4.gif
97.09.03 17:09 B G:\workshop\prog\ie4\channels\tutorial\asteroids\s5.gif --> www.mmadweb.com /usr/www/users/ronw/workshop/prog/ie4/channels/tutorial/asteroids s5.gif
97.09.03 17:09 B G:\workshop\prog\ie4\channels\tutorial\asteroids\s6.gif --> www.mmadweb.com /usr/www/users/ronw/workshop/prog/ie4/channels/tutorial/asteroids s6.gif
97.09.03 17:09 B G:\workshop\prog\ie4\channels\tutorial\asteroids\s7.gif --> www.mmadweb.com /usr/www/users/ronw/workshop/prog/ie4/channels/tutorial/asteroids s7.gif
97.09.03 17:09 B G:\workshop\prog\ie4\channels\tutorial\asteroids\s8.gif --> www.mmadweb.com /usr/www/users/ronw/workshop/prog/ie4/channels/tutorial/asteroids s8.gif
97.09.03 17:09 B G:\workshop\prog\ie4\channels\tutorial\asteroids\s9.gif --> www.mmadweb.com /usr/www/users/ronw/workshop/prog/ie4/channels/tutorial/asteroids s9.gif
97.09.03 17:09 B G:\workshop\prog\ie4\channels\tutorial\asteroids\ship.gif --> www.mmadweb.com /usr/www/users/ronw/workshop/prog/ie4/channels/tutorial/asteroids ship.gif
