[Win3.x Params]
	WndTitle     = Microsoft Visual SourceSafe Setup
	WndMess      = Beginning Visual SourceSafe Setup...
	TmpDirSize   = 900
	TmpDirName   = ~msstfqf.t
	CmdLine      = acmsetup /^ /T setup.stf /S %s %s
	DrvModName   = ACMSETUP
	DrvWinClass  = Stuff-Shell
	Require31    = This application requires a newer version of Microsoft Windows.
	CabinetFile  = ssafe1.cab

[Win3.x Files]
	@acmsetup.exe = acmsetup.exe
	@acmsetup.hlp = acmsetup.hlp
	@mssetup.dll  = mssetup.dll
	@mscpydis.dll = mscpydis.dll
	@_mssetup.exe = _mssetup.exe
	@ssafe_bb.dll = ssafe_bb.dll
    @wwsetup.ttf  = wwsetup.ttf
	@setup.stf    = setup.stf
	ss4.inf       = ss4.inf

[Windows 95 Params]
	WndTitle     = Microsoft Visual SourceSafe Setup
	WndMess      = Beginning Visual SourceSafe Setup...
	TmpDirSize   = 900
	TmpDirName   = ~msstfqf.t
	CmdLine      = acmsetup /T setup.stf /S %s %s
	DrvModName   = ACMSETUP
	DrvWinClass  = Stuff-Shell
	Require31    = This application requires a newer version of Microsoft Windows.
	CabinetFile  = ssafe1.cab

[Windows 95 Files]
	@acmset32.exe = acmsetup.exe
	@acmset32.hlp = acmsetup.hlp
	@msset32.dll  = mssetup.dll
	@ss432.dll    = ss432.dll
    @wwsetup.ttf  = wwsetup.ttf
	@setup32.stf   = setup.stf
	ss4.inf       = ss4.inf

[NT3.51 Intel Params]
	WndTitle     = Microsoft Visual SourceSafe Setup
	WndMess      = Beginning Visual SourceSafe Setup...
	TmpDirSize   = 900
	TmpDirName   = ~msstfqf.t
	CmdLine      = acmsetup /T setup.stf /S %s %s
	DrvModName   = ACMSETUP
	DrvWinClass  = Stuff-Shell
	Require31    = This application requires a newer version of Microsoft Windows.
	CabinetFile  = ssafe1.cab

[NT3.51 Intel Files]
	@acmset32.exe = acmsetup.exe
	@acmset32.hlp = acmsetup.hlp
	@msset32.dll  = mssetup.dll
	@ss432.dll    = ss432.dll
    @wwsetup.ttf  = wwsetup.ttf
	@setup32.stf   = setup.stf
	ss4.inf       = ss4.inf

[NT Alpha Params]
	WndTitle     = Microsoft Visual SourceSafe Setup
	WndMess      = Beginning Visual SourceSafe Setup (AlphaAXP)...
	TmpDirSize   = 900
	TmpDirName   = ~msstfqf.t
	CmdLine      = acmsetup /T setup.stf /S %s %s
	DrvModName   = ACMSETUP
	DrvWinClass  = Stuff-Shell
	Require31    = This application requires a newer version of Microsoft Windows.
	CabinetFile  = ssaxp1.cab

[NT Alpha Files]

	@acmseaxp.exe = acmsetup.exe
	@acmset32.hlp = acmsetup.hlp
	@mssetaxp.dll = mssetup.dll
	@ss4axp.dll   = ss4axp.dll
    @wwsetup.ttf  = wwsetup.ttf
	@setupaxp.stf  = setup.stf
	ss4axp.inf    = ss4axp.inf

[NT Mips Params]
	WndTitle     = Microsoft Visual SourceSafe Setup
	WndMess      = Beginning Visual SourceSafe Setup (Mips)...
	TmpDirSize   = 900
	TmpDirName   = ~msstfqf.t
	CmdLine      = acmsetup /T setup.stf /S %s %s
	DrvModName   = ACMSETUP
	DrvWinClass  = Stuff-Shell
	Require31    = This application requires a newer version of Microsoft Windows.
	CabinetFile  = ssmip1.cab

[NT Mips Files]

	@acmsemip.exe = acmsetup.exe
	@acmset32.hlp = acmsetup.hlp
	@mssetmip.dll = mssetup.dll
	@ss4mip.dll   = ss4mip.dll
    @wwsetup.ttf  = wwsetup.ttf
	@setupmip.stf  = setup.stf
	ss4mip.inf    = ss4mip.inf

[NT PPC Params]
	WndTitle     = Microsoft Visual SourceSafe Setup
	WndMess      = Beginning Visual SourceSafe Setup (PPC)...
	TmpDirSize   = 900
	TmpDirName   = ~msstfqf.t
	CmdLine      = acmsetup /T setup.stf /S %s %s
	DrvModName   = ACMSETUP
	DrvWinClass  = Stuff-Shell
	Require31    = This application requires a newer version of Microsoft Windows.
	CabinetFile  = ssppc1.cab

[NT PPC Files]

	@acmseppc.exe = acmsetup.exe
	@acmset32.hlp = acmsetup.hlp
	@mssetppc.dll = mssetup.dll
	@ss4ppc.dll   = ss4ppc.dll
    @wwsetup.ttf  = wwsetup.ttf
	@setupppc.stf  = setup.stf
	ss4ppc.inf    = ss4ppc.inf

