
 KERNEL

 Start     Length     Name                   Class
 0001:0000 09DEAH     _TEXT                  CODE
 0001:9DF0 00000H     _STRS                  CODE
 0001:9DF0 00000H     _GPFIX0                CODE
 0001:9DF0 00110H     _GPFIX                 CODE
 0001:9F00 00002H     _GPFIX1                CODE
 0001:9F10 00010H     _EMS                   CODE
 0001:9F20 01EFBH     _INITTEXT              CODE
 0002:0000 02B32H     _NRESTEXT              CODE
 0003:0000 00C54H     _MISCTEXT              CODE
 0004:0000 00CF0H     _DATA                  DATA
 0004:0CF0 00000H     _EMSDATA               DATA
 0004:0CF0 00322H     _INITDATA              DATA
 0004:1020 00332H     STACK                  DATA
 0004:1352 00020H     _PADDATA               DATA
 0004:1372 00000H     CONST                  CONST
 0004:1372 00000H     _BSS                   BSS

 Origin   Group
 0004:0   DGROUP
 0001:0   IGROUP

 Address   Export                  Alias

 0003:03E4 DEFINEHANDLETABLE       DEFINEHANDLETABLE
 0001:024C DELETEATOM              DELETEATOM
 0001:8D41 DIAGOUTPUT              DIAGOUTPUT
 0001:8D32 DIAGQUERY               DIAGQUERY
 0001:9D5A DIRECTEDYIELD           DIRECTEDYIELD
 0001:20AB DOS3CALL                DOS3CALL
 0001:02A4 FATALAPPEXIT            FATALAPPEXIT
 0001:8052 FATALEXIT               FATALEXIT
 0001:483A FINDATOM                FINDATOM
 0003:0008 FINDRESOURCE            FINDRESOURCE
 0002:018A FREELIBRARY             FREELIBRARY
 0002:0176 FREEMODULE              FREEMODULE
 0003:00D0 FREEPROCINSTANCE        FREEPROCINSTANCE
 0001:0208 FREERESOURCE            FREERESOURCE
 0001:0180 FREESELECTOR            FREESELECTOR
 0001:0290 GETATOMHANDLE           GETATOMHANDLE
 0001:0260 GETATOMNAME             GETATOMNAME
 0001:47F2 GETCODEHANDLE           GETCODEHANDLE
 0001:04A0 GETCODEINFO             GETCODEINFO
 0001:7088 GETCURRENTTASK          GETCURRENTTASK
 0003:08CE GETDOSENVIRONMENT       GETDOSENVIRONMENT
 0001:9CDA GETDRIVETYPE            GETDRIVETYPE
 0001:04CC GETFREESPACE            GETFREESPACE
 0002:1E5A GETHEAPSPACES           GETHEAPSPACES
 0002:0222 GETINSTANCEDATA         GETINSTANCEDATA
 0002:01EA GETMODULEFILENAME       GETMODULEFILENAME
 0002:01BE GETMODULEHANDLE         GETMODULEHANDLE
 0002:01D6 GETMODULEUSAGE          GETMODULEUSAGE
 0003:08E2 GETNUMTASKS             GETNUMTASKS
 0001:07B0 GETPRIVATEPROFILEINT    GETPRIVATEPROFILEINT
 0001:07E4 GETPRIVATEPROFILESTRING  GETPRIVATEPROFILESTRING
 0002:019E GETPROCADDRESS          GETPROCADDRESS
 0001:0738 GETPROFILEINT           GETPROFILEINT
 0001:0760 GETPROFILESTRING        GETPROFILESTRING
 0001:23A7 GETSELECTORBASE         GETSELECTORBASE
 0001:2881 GETSELECTORLIMIT        GETSELECTORLIMIT
 0003:0084 GETSYSTEMDIRECTORY      GETSYSTEMDIRECTORY
 0003:051E GETTEMPDRIVE            GETTEMPDRIVE
 0003:00E8 GETTEMPFILENAME         GETTEMPFILENAME
 0003:07C6 GETVERSION              GETVERSION
 0003:0058 GETWINDOWSDIRECTORY     GETWINDOWSDIRECTORY
 0003:07AB GETWINFLAGS             GETWINFLAGS
 0001:02C0 GLOBALALLOC             GLOBALALLOC
 0001:128F GLOBALCOMPACT           GLOBALCOMPACT
 0001:14D1 GLOBALDOSALLOC          GLOBALDOSALLOC
 0001:150A GLOBALDOSFREE           GLOBALDOSFREE
 0001:0450 GLOBALFIX               GLOBALFIX
 0001:03AC GLOBALFLAGS             GLOBALFLAGS
 0001:02F4 GLOBALFREE              GLOBALFREE
 0001:0314 GLOBALHANDLE            GLOBALHANDLE
 0001:0328 GLOBALLOCK              GLOBALLOCK
 0001:03E8 GLOBALLRUNEWEST         GLOBALLRUNEWEST
 0001:03FC GLOBALLRUOLDEST         GLOBALLRUOLDEST
 0001:0410 GLOBALNOTIFY            GLOBALNOTIFY
 0001:0428 GLOBALPAGELOCK          GLOBALPAGELOCK
 0001:043C GLOBALPAGEUNLOCK        GLOBALPAGEUNLOCK
 0001:033C GLOBALREALLOC           GLOBALREALLOC
 0001:0378 GLOBALSIZE              GLOBALSIZE
 0001:0464 GLOBALUNFIX             GLOBALUNFIX
 0001:038C GLOBALUNLOCK            GLOBALUNLOCK
 0001:03D4 GLOBALUNWIRE            GLOBALUNWIRE
 0001:03C0 GLOBALWIRE              GLOBALWIRE
 0001:4C54 HMEMCPY                 HMEMCPY
 0003:0430 INITATOMTABLE           INITATOMTABLE
 0002:2811 INITLIB                 INITLIB
 0002:270E INITTASK                INITTASK
 0001:4B20 ISBADCODEPTR            ISBADCODEPTR
 0001:4A9D ISBADHUGEREADPTR        ISBADHUGEREADPTR
 0001:4ADD ISBADHUGEWRITEPTR       ISBADHUGEWRITEPTR
 0001:4A5A ISBADREADPTR            ISBADREADPTR
 0001:4B46 ISBADSTRINGPTR          ISBADSTRINGPTR
 0001:4A7B ISBADWRITEPTR           ISBADWRITEPTR
 0001:7081 ISDBCSLEADBYTE          ISDBCSLEADBYTE
 0001:6B89 ISTASK                  ISTASK
 0001:452A LIMITEMSPAGES           LIMITEMSPAGES
 0002:0236 LOADLIBRARY             LOADLIBRARY
 0002:024E LOADMODULE              LOADMODULE
 0001:01B0 LOADRESOURCE            LOADRESOURCE
 0001:0614 LOCALALLOC              LOCALALLOC
 0001:7A09 LOCALCOMPACT            LOCALCOMPACT
 0001:06A4 LOCALFLAGS              LOCALFLAGS
 0001:0630 LOCALFREE               LOCALFREE
 0001:79EE LOCALHANDLE             LOCALHANDLE
 0002:2A86 LOCALHANDLEDELTA        LOCALHANDLEDELTA
 0002:2931 LOCALINIT               LOCALINIT
 0001:0644 LOCALLOCK               LOCALLOCK
 0001:0658 LOCALREALLOC            LOCALREALLOC
 0001:7A34 LOCALSHRINK             LOCALSHRINK
 0001:067C LOCALSIZE               LOCALSIZE
 0001:0690 LOCALUNLOCK             LOCALUNLOCK
 0001:021C LOCKRESOURCE            LOCKRESOURCE
 0001:0478 LOCKSEGMENT             LOCKSEGMENT
 0001:8153 LOGERROR                LOGERROR
 0001:816C LOGPARAMERROR           LOGPARAMERROR
 0001:27FC LONGPTRADD              LONGPTRADD
 0001:6FDB LSTRCAT                 LSTRCAT
 0001:6FCB LSTRCPY                 LSTRCPY
 0001:6F52 LSTRLEN                 LSTRLEN
 0003:00B0 MAKEPROCINSTANCE        MAKEPROCINSTANCE
 0001:8C09 NETBIOSCALL             NETBIOSCALL
 0001:06B8 OPENFILE                OPENFILE
 0001:86DE OUTPUTDEBUGSTRING       OUTPUTDEBUGSTRING
 0001:6A88 PATCHCODEHANDLE         PATCHCODEHANDLE
 0001:28D8 SELECTORACCESSRIGHTS    SELECTORACCESSRIGHTS
 0003:0140 SETERRORMODE            SETERRORMODE
 0001:071C SETHANDLECOUNT          SETHANDLECOUNT
 0003:0030 SETRESOURCEHANDLER      SETRESOURCEHANDLER
 0001:2861 SETSELECTORBASE         SETSELECTORBASE
 0001:28A4 SETSELECTORLIMIT        SETSELECTORLIMIT
 0001:3152 SETSWAPAREASIZE         SETSWAPAREASIZE
 0001:0230 SIZEOFRESOURCE          SIZEOFRESOURCE
 0003:015C SWAPRECORDING           SWAPRECORDING
 0001:13D0 SWITCHSTACKBACK         SWITCHSTACKBACK
 0001:131E SWITCHSTACKTO           SWITCHSTACKTO
 0003:0928 THROW                   THROW
 0001:61EE UNDEFDYNLINK            UNDEFDYNLINK
 0001:048C UNLOCKSEGMENT           UNLOCKSEGMENT
 0002:2B31 VALIDATECODESEGMENTS    VALIDATECODESEGMENTS
 0001:3E52 VALIDATEFREESPACES      VALIDATEFREESPACES
 0001:9D1A WAITEVENT               WAITEVENT
 0002:029A WINEXEC                 WINEXEC
 0001:0874 WRITEPRIVATEPROFILESTRING  WRITEPRIVATEPROFILESTRING
 0001:0840 WRITEPROFILESTRING      WRITEPROFILESTRING
 0001:9A5A YIELD                   YIELD

  Address         Publics by Name

 0003:03E4       DEFINEHANDLETABLE
 0001:024C       DELETEATOM
 0001:8D41       DIAGOUTPUT
 0001:8D32       DIAGQUERY
 0001:9D5A       DIRECTEDYIELD
 0001:20AB       DOS3CALL
 0001:02A4       FATALAPPEXIT
 0001:8052       FATALEXIT
 0001:483A       FINDATOM
 0003:0008       FINDRESOURCE
 0002:018A       FREELIBRARY
 0002:0176       FREEMODULE
 0003:00D0       FREEPROCINSTANCE
 0001:0208       FREERESOURCE
 0001:0180       FREESELECTOR
 0001:0290       GETATOMHANDLE
 0001:0260       GETATOMNAME
 0001:47F2       GETCODEHANDLE
 0001:04A0       GETCODEINFO
 0001:7088       GETCURRENTTASK
 0003:08CE       GETDOSENVIRONMENT
 0001:9CDA       GETDRIVETYPE
 0001:04CC       GETFREESPACE
 0002:1E5A       GETHEAPSPACES
 0002:0222       GETINSTANCEDATA
 0002:01EA       GETMODULEFILENAME
 0002:01BE       GETMODULEHANDLE
 0002:01D6       GETMODULEUSAGE
 0003:08E2       GETNUMTASKS
 0001:07B0       GETPRIVATEPROFILEINT
 0001:07E4       GETPRIVATEPROFILESTRING
 0002:019E       GETPROCADDRESS
 0001:0738       GETPROFILEINT
 0001:0760       GETPROFILESTRING
 0001:23A7       GETSELECTORBASE
 0001:2881       GETSELECTORLIMIT
 0003:0084       GETSYSTEMDIRECTORY
 0003:051E       GETTEMPDRIVE
 0003:00E8       GETTEMPFILENAME
 0003:07C6       GETVERSION
 0003:0058       GETWINDOWSDIRECTORY
 0003:07AB       GETWINFLAGS
 0001:02C0       GLOBALALLOC
 0001:128F       GLOBALCOMPACT
 0001:14D1       GLOBALDOSALLOC
 0001:150A       GLOBALDOSFREE
 0001:0450       GLOBALFIX
 0001:03AC       GLOBALFLAGS
 0001:02F4       GLOBALFREE
 0001:0314       GLOBALHANDLE
 0001:0328       GLOBALLOCK
 0001:03E8       GLOBALLRUNEWEST
 0001:03FC       GLOBALLRUOLDEST
 0001:0410       GLOBALNOTIFY
 0001:0428       GLOBALPAGELOCK
 0001:043C       GLOBALPAGEUNLOCK
 0001:033C       GLOBALREALLOC
 0001:0378       GLOBALSIZE
 0001:0464       GLOBALUNFIX
 0001:038C       GLOBALUNLOCK
 0001:03D4       GLOBALUNWIRE
 0001:03C0       GLOBALWIRE
 0004:0226       HEADTDB
 0004:021C       HEXEHEAD
 0001:4C54       HMEMCPY
 0001:732B       IACCESSRESOURCE
 0001:4837       IADDATOM
 0001:20C3       IALLOCCSTODSALIAS
 0001:20D9       IALLOCDSTOCSALIAS
 0001:717A       IALLOCRESOURCE
 0003:08EE       ICATCH
 0001:4978       IDELETEATOM
 0001:5C31       IFATALAPPEXIT
 0001:483A       IFINDATOM
 0003:0BB3       IFINDRESOURCE
 0002:0C2C       IFREELIBRARY
 0002:0C2C       IFREEMODULE
 0003:0393       IFREEPROCINSTANCE
 0001:7480       IFREERESOURCE
 0001:21F9       IFREESELECTOR
 0001:499B       IGETATOMHANDLE
 0001:49B1       IGETATOMNAME
 0001:47B5       IGETCODEINFO
 0001:1454       IGETFREESPACE
 0002:07E3       IGETINSTANCEDATA
 0002:0751       IGETMODULEFILENAME
 0002:06CC       IGETMODULEHANDLE
 0002:07C6       IGETMODULEUSAGE
 0001:9A9A       IGETPRIVATEPROFILEINT
 0001:9A8A       IGETPRIVATEPROFILESTRING
 0002:064F       IGETPROCADDRESS
 0001:9A7A       IGETPROFILEINT
 0001:9A6A       IGETPROFILESTRING
 0003:0745       IGETSYSTEMDIRECTORY
 0003:0580       IGETTEMPFILENAME
 0003:06F6       IGETWINDOWSDIRECTORY
 0001:0E49       IGLOBALALLOC
 0001:107B       IGLOBALFIX
 0001:0EEE       IGLOBALFREE
 0001:1006       IGLOBALHANDLE
 0001:110D       IGLOBALLOCK
 0001:1313       IGLOBALLRUNEWEST
 0001:1308       IGLOBALLRUOLDEST
 0001:12C9       IGLOBALNOTIFY
 0001:29AC       IGLOBALPAGELOCK
 0001:29E0       IGLOBALPAGEUNLOCK
 0001:0E84       IGLOBALREALLOC
 0001:10BC       IGLOBALSIZE
 0001:10A8       IGLOBALUNFIX
 0001:1170       IGLOBALUNLOCK
 0001:1266       IGLOBALUNWIRE
 0001:11E8       IGLOBALWIRE
 0002:14B4       ILOADLIBRARY
 0002:14F0       ILOADMODULE
 0001:75AC       ILOADRESOURCE
 0001:773A       ILOCALALLOC
 0001:798A       ILOCALFLAGS
 0001:794B       ILOCALFREE
 0001:79A3       ILOCALLOCK
 0001:77CF       ILOCALREALLOC
 0001:7973       ILOCALSIZE
 0001:79C7       ILOCALUNLOCK
 0001:73C1       ILOCKRESOURCE
 0001:1061       ILOCKSEGMENT
 0001:6FDB       ILSTRCAT
 0001:6FCB       ILSTRCPY
 0001:6F52       ILSTRLEN
 0001:6FEA       ILSTRORIGINAL
 0003:0276       IMAKEPROCINSTANCE
 0003:0430       INITATOMTABLE
 0002:2811       INITLIB
 0002:270E       INITTASK
 0001:52AE       IOPENFILE
 0001:4B20       ISBADCODEPTR
 0001:4A9D       ISBADHUGEREADPTR
 0001:4ADD       ISBADHUGEWRITEPTR
 0001:4A5A       ISBADREADPTR
 0001:4B46       ISBADSTRINGPTR
 0001:4A7B       ISBADWRITEPTR
 0001:7081       ISDBCSLEADBYTE
 0003:0794       ISETERRORMODE
 0001:8C0E       ISETHANDLECOUNT
 0003:0B3D       ISETRESOURCEHANDLER
 0001:7522       ISIZEOFRESOURCE
 0001:6B89       ISTASK
 0003:06F3       ISWAPRECORDING
 0001:131E       ISWITCHSTACKTO
 0003:0928       ITHROW
 0001:108F       IUNLOCKSEGMENT
 0002:04E0       IWINEXEC
 0001:9ABA       IWRITEPRIVATEPROFILESTRING
 0001:9AAA       IWRITEPROFILESTRING
 0001:0D30       I_LCLOSE
 0001:0CFE       I_LCREAT
 0001:0D46       I_LLSEEK
 0001:0CFA       I_LOPEN
 0001:0D6C       I_LREAD
 0001:452A       LIMITEMSPAGES
 0002:0236       LOADLIBRARY
 0002:024E       LOADMODULE
 0001:01B0       LOADRESOURCE
 0001:0614       LOCALALLOC
 0001:7A09       LOCALCOMPACT
 0001:06A4       LOCALFLAGS
 0001:0630       LOCALFREE
 0001:79EE       LOCALHANDLE
 0002:2A86       LOCALHANDLEDELTA
 0002:2931       LOCALINIT
 0001:0644       LOCALLOCK
 0001:0658       LOCALREALLOC
 0001:7A34       LOCALSHRINK
 0001:067C       LOCALSIZE
 0001:0690       LOCALUNLOCK
 0001:021C       LOCKRESOURCE
 0001:0478       LOCKSEGMENT
 0001:8153       LOGERROR
 0001:816C       LOGPARAMERROR
 0001:27FC       LONGPTRADD
 0001:6FDB       LSTRCAT
 0001:6FCB       LSTRCPY
 0001:6F52       LSTRLEN
 0001:6FEA       LSTRORIGINAL
 0003:00B0       MAKEPROCINSTANCE
 0001:8C09       NETBIOSCALL
 0001:06B8       OPENFILE
 0001:86DE       OUTPUTDEBUGSTRING
 0001:6A88       PATCHCODEHANDLE
 0001:28D8       SELECTORACCESSRIGHTS
 0003:0140       SETERRORMODE
 0001:071C       SETHANDLECOUNT
 0003:0030       SETRESOURCEHANDLER
 0001:2861       SETSELECTORBASE
 0001:28A4       SETSELECTORLIMIT
 0001:3152       SETSWAPAREASIZE
 0001:0230       SIZEOFRESOURCE
 0003:015C       SWAPRECORDING
 0001:13D0       SWITCHSTACKBACK
 0001:131E       SWITCHSTACKTO
 0003:0928       THROW
 0001:61EE       UNDEFDYNLINK
 0001:048C       UNLOCKSEGMENT
 0002:2B31       VALIDATECODESEGMENTS
 0001:3E52       VALIDATEFREESPACES
 0001:9D1A       WAITEVENT
 0002:029A       WINEXEC
 0001:0874       WRITEPRIVATEPROFILESTRING
 0001:0840       WRITEPROFILESTRING
 0001:9A5A       YIELD

  Address         Publics by Value

 0001:0180       FREESELECTOR
 0001:01B0       LOADRESOURCE
 0001:0208       FREERESOURCE
 0001:021C       LOCKRESOURCE
 0001:0230       SIZEOFRESOURCE
 0001:024C       DELETEATOM
 0001:0260       GETATOMNAME
 0001:0290       GETATOMHANDLE
 0001:02A4       FATALAPPEXIT
 0001:02C0       GLOBALALLOC
 0001:02F4       GLOBALFREE
 0001:0314       GLOBALHANDLE
 0001:0328       GLOBALLOCK
 0001:033C       GLOBALREALLOC
 0001:0378       GLOBALSIZE
 0001:038C       GLOBALUNLOCK
 0001:03AC       GLOBALFLAGS
 0001:03C0       GLOBALWIRE
 0001:03D4       GLOBALUNWIRE
 0001:03E8       GLOBALLRUNEWEST
 0001:03FC       GLOBALLRUOLDEST
 0001:0410       GLOBALNOTIFY
 0001:0428       GLOBALPAGELOCK
 0001:043C       GLOBALPAGEUNLOCK
 0001:0450       GLOBALFIX
 0001:0464       GLOBALUNFIX
 0001:0478       LOCKSEGMENT
 0001:048C       UNLOCKSEGMENT
 0001:04A0       GETCODEINFO
 0001:04CC       GETFREESPACE
 0001:0614       LOCALALLOC
 0001:0630       LOCALFREE
 0001:0644       LOCALLOCK
 0001:0658       LOCALREALLOC
 0001:067C       LOCALSIZE
 0001:0690       LOCALUNLOCK
 0001:06A4       LOCALFLAGS
 0001:06B8       OPENFILE
 0001:071C       SETHANDLECOUNT
 0001:0738       GETPROFILEINT
 0001:0760       GETPROFILESTRING
 0001:07B0       GETPRIVATEPROFILEINT
 0001:07E4       GETPRIVATEPROFILESTRING
 0001:0840       WRITEPROFILESTRING
 0001:0874       WRITEPRIVATEPROFILESTRING
 0001:0CFA       I_LOPEN
 0001:0CFE       I_LCREAT
 0001:0D30       I_LCLOSE
 0001:0D46       I_LLSEEK
 0001:0D6C       I_LREAD
 0001:0E49       IGLOBALALLOC
 0001:0E84       IGLOBALREALLOC
 0001:0EEE       IGLOBALFREE
 0001:1006       IGLOBALHANDLE
 0001:1061       ILOCKSEGMENT
 0001:107B       IGLOBALFIX
 0001:108F       IUNLOCKSEGMENT
 0001:10A8       IGLOBALUNFIX
 0001:10BC       IGLOBALSIZE
 0001:110D       IGLOBALLOCK
 0001:1170       IGLOBALUNLOCK
 0001:11E8       IGLOBALWIRE
 0001:1266       IGLOBALUNWIRE
 0001:128F       GLOBALCOMPACT
 0001:12C9       IGLOBALNOTIFY
 0001:1308       IGLOBALLRUOLDEST
 0001:1313       IGLOBALLRUNEWEST
 0001:131E       ISWITCHSTACKTO
 0001:131E       SWITCHSTACKTO
 0001:13D0       SWITCHSTACKBACK
 0001:1454       IGETFREESPACE
 0001:14D1       GLOBALDOSALLOC
 0001:150A       GLOBALDOSFREE
 0001:20AB       DOS3CALL
 0001:20C3       IALLOCCSTODSALIAS
 0001:20D9       IALLOCDSTOCSALIAS
 0001:21F9       IFREESELECTOR
 0001:23A7       GETSELECTORBASE
 0001:27FC       LONGPTRADD
 0001:2861       SETSELECTORBASE
 0001:2881       GETSELECTORLIMIT
 0001:28A4       SETSELECTORLIMIT
 0001:28D8       SELECTORACCESSRIGHTS
 0001:29AC       IGLOBALPAGELOCK
 0001:29E0       IGLOBALPAGEUNLOCK
 0001:3152       SETSWAPAREASIZE
 0001:3E52       VALIDATEFREESPACES
 0001:452A       LIMITEMSPAGES
 0001:47B5       IGETCODEINFO
 0001:47F2       GETCODEHANDLE
 0001:4837       IADDATOM
 0001:483A       FINDATOM
 0001:483A       IFINDATOM
 0001:4978       IDELETEATOM
 0001:499B       IGETATOMHANDLE
 0001:49B1       IGETATOMNAME
 0001:4A5A       ISBADREADPTR
 0001:4A7B       ISBADWRITEPTR
 0001:4A9D       ISBADHUGEREADPTR
 0001:4ADD       ISBADHUGEWRITEPTR
 0001:4B20       ISBADCODEPTR
 0001:4B46       ISBADSTRINGPTR
 0001:4C54       HMEMCPY
 0001:52AE       IOPENFILE
 0001:5C31       IFATALAPPEXIT
 0001:61EE       UNDEFDYNLINK
 0001:6A88       PATCHCODEHANDLE
 0001:6B89       ISTASK
 0001:6F52       ILSTRLEN
 0001:6F52       LSTRLEN
 0001:6FCB       LSTRCPY
 0001:6FCB       ILSTRCPY
 0001:6FDB       LSTRCAT
 0001:6FDB       ILSTRCAT
 0001:6FEA       LSTRORIGINAL
 0001:6FEA       ILSTRORIGINAL
 0001:7081       ISDBCSLEADBYTE
 0001:7088       GETCURRENTTASK
 0001:717A       IALLOCRESOURCE
 0001:732B       IACCESSRESOURCE
 0001:73C1       ILOCKRESOURCE
 0001:7480       IFREERESOURCE
 0001:7522       ISIZEOFRESOURCE
 0001:75AC       ILOADRESOURCE
 0001:773A       ILOCALALLOC
 0001:77CF       ILOCALREALLOC
 0001:794B       ILOCALFREE
 0001:7973       ILOCALSIZE
 0001:798A       ILOCALFLAGS
 0001:79A3       ILOCALLOCK
 0001:79C7       ILOCALUNLOCK
 0001:79EE       LOCALHANDLE
 0001:7A09       LOCALCOMPACT
 0001:7A34       LOCALSHRINK
 0001:8052       FATALEXIT
 0001:8153       LOGERROR
 0001:816C       LOGPARAMERROR
 0001:86DE       OUTPUTDEBUGSTRING
 0001:8C09       NETBIOSCALL
 0001:8C0E       ISETHANDLECOUNT
 0001:8D32       DIAGQUERY
 0001:8D41       DIAGOUTPUT
 0001:9A5A       YIELD
 0001:9A6A       IGETPROFILESTRING
 0001:9A7A       IGETPROFILEINT
 0001:9A8A       IGETPRIVATEPROFILESTRING
 0001:9A9A       IGETPRIVATEPROFILEINT
 0001:9AAA       IWRITEPROFILESTRING
 0001:9ABA       IWRITEPRIVATEPROFILESTRING
 0001:9CDA       GETDRIVETYPE
 0001:9D1A       WAITEVENT
 0001:9D5A       DIRECTEDYIELD
 0002:0176       FREEMODULE
 0002:018A       FREELIBRARY
 0002:019E       GETPROCADDRESS
 0002:01BE       GETMODULEHANDLE
 0002:01D6       GETMODULEUSAGE
 0002:01EA       GETMODULEFILENAME
 0002:0222       GETINSTANCEDATA
 0002:0236       LOADLIBRARY
 0002:024E       LOADMODULE
 0002:029A       WINEXEC
 0002:04E0       IWINEXEC
 0002:064F       IGETPROCADDRESS
 0002:06CC       IGETMODULEHANDLE
 0002:0751       IGETMODULEFILENAME
 0002:07C6       IGETMODULEUSAGE
 0002:07E3       IGETINSTANCEDATA
 0002:0C2C       IFREEMODULE
 0002:0C2C       IFREELIBRARY
 0002:14B4       ILOADLIBRARY
 0002:14F0       ILOADMODULE
 0002:1E5A       GETHEAPSPACES
 0002:270E       INITTASK
 0002:2811       INITLIB
 0002:2931       LOCALINIT
 0002:2A86       LOCALHANDLEDELTA
 0002:2B31       VALIDATECODESEGMENTS
 0003:0008       FINDRESOURCE
 0003:0030       SETRESOURCEHANDLER
 0003:0058       GETWINDOWSDIRECTORY
 0003:0084       GETSYSTEMDIRECTORY
 0003:00B0       MAKEPROCINSTANCE
 0003:00D0       FREEPROCINSTANCE
 0003:00E8       GETTEMPFILENAME
 0003:0140       SETERRORMODE
 0003:015C       SWAPRECORDING
 0003:0276       IMAKEPROCINSTANCE
 0003:0393       IFREEPROCINSTANCE
 0003:03E4       DEFINEHANDLETABLE
 0003:0430       INITATOMTABLE
 0003:051E       GETTEMPDRIVE
 0003:0580       IGETTEMPFILENAME
 0003:06F3       ISWAPRECORDING
 0003:06F6       IGETWINDOWSDIRECTORY
 0003:0745       IGETSYSTEMDIRECTORY
 0003:0794       ISETERRORMODE
 0003:07AB       GETWINFLAGS
 0003:07C6       GETVERSION
 0003:08CE       GETDOSENVIRONMENT
 0003:08E2       GETNUMTASKS
 0003:08EE       ICATCH
 0003:0928       ITHROW
 0003:0928       THROW
 0003:0B3D       ISETRESOURCEHANDLER
 0003:0BB3       IFINDRESOURCE
 0004:021C       HEXEHEAD
 0004:0226       HEADTDB

