
 KERNEL

 Start     Length     Name                   Class
 0001:0000 0AE4AH     _TEXT                  CODE
 0001:AE50 00000H     _STRS                  CODE
 0001:AE50 00000H     _GPFIX0                CODE
 0001:AE50 00110H     _GPFIX                 CODE
 0001:AF60 00002H     _GPFIX1                CODE
 0001:AF70 00010H     _EMS                   CODE
 0001:AF80 01D23H     _INITTEXT              CODE
 0002:0000 02B3EH     _NRESTEXT              CODE
 0003:0000 00C54H     _MISCTEXT              CODE
 0004:0000 00F40H     _DATA                  DATA
 0004:0F40 00000H     _EMSDATA               DATA
 0004:0F40 0029EH     _INITDATA              DATA
 0004:11E0 00332H     STACK                  DATA
 0004:1512 00020H     _PADDATA               DATA
 0004:1532 00000H     CONST                  CONST
 0004:1532 00000H     _BSS                   BSS

 Origin   Group
 0004:0   DGROUP
 0001:0   IGROUP

 Address   Export                  Alias

 0003:03E4 DEFINEHANDLETABLE       DEFINEHANDLETABLE
 0001:024C DELETEATOM              DELETEATOM
 0001:9DA1 DIAGOUTPUT              DIAGOUTPUT
 0001:9D92 DIAGQUERY               DIAGQUERY
 0001:ADBA DIRECTEDYIELD           DIRECTEDYIELD
 0001:224D DOS3CALL                DOS3CALL
 0001:02A4 FATALAPPEXIT            FATALAPPEXIT
 0001:88C0 FATALEXIT               FATALEXIT
 0001:5056 FINDATOM                FINDATOM
 0003:0008 FINDRESOURCE            FINDRESOURCE
 0002:018A FREELIBRARY             FREELIBRARY
 0002:0176 FREEMODULE              FREEMODULE
 0003:00D0 FREEPROCINSTANCE        FREEPROCINSTANCE
 0001:0208 FREERESOURCE            FREERESOURCE
 0001:0180 FREESELECTOR            FREESELECTOR
 0001:0290 GETATOMHANDLE           GETATOMHANDLE
 0001:0260 GETATOMNAME             GETATOMNAME
 0001:500E GETCODEHANDLE           GETCODEHANDLE
 0001:0478 GETCODEINFO             GETCODEINFO
 0001:78F6 GETCURRENTTASK          GETCURRENTTASK
 0003:08CE GETDOSENVIRONMENT       GETDOSENVIRONMENT
 0001:AD3A GETDRIVETYPE            GETDRIVETYPE
 0001:04A4 GETFREESPACE            GETFREESPACE
 0002:1E5E GETHEAPSPACES           GETHEAPSPACES
 0002:0222 GETINSTANCEDATA         GETINSTANCEDATA
 0002:01EA GETMODULEFILENAME       GETMODULEFILENAME
 0002:01BE GETMODULEHANDLE         GETMODULEHANDLE
 0002:01D6 GETMODULEUSAGE          GETMODULEUSAGE
 0003:08E2 GETNUMTASKS             GETNUMTASKS
 0001:0788 GETPRIVATEPROFILEINT    GETPRIVATEPROFILEINT
 0001:07BC GETPRIVATEPROFILESTRING  GETPRIVATEPROFILESTRING
 0002:019E GETPROCADDRESS          GETPROCADDRESS
 0001:0710 GETPROFILEINT           GETPROFILEINT
 0001:0738 GETPROFILESTRING        GETPROFILESTRING
 0001:2718 GETSELECTORBASE         GETSELECTORBASE
 0001:2C01 GETSELECTORLIMIT        GETSELECTORLIMIT
 0003:0084 GETSYSTEMDIRECTORY      GETSYSTEMDIRECTORY
 0003:051E GETTEMPDRIVE            GETTEMPDRIVE
 0003:00E8 GETTEMPFILENAME         GETTEMPFILENAME
 0003:07C6 GETVERSION              GETVERSION
 0003:0058 GETWINDOWSDIRECTORY     GETWINDOWSDIRECTORY
 0003:07AB GETWINFLAGS             GETWINFLAGS
 0001:02C0 GLOBALALLOC             GLOBALALLOC
 0001:12B0 GLOBALCOMPACT           GLOBALCOMPACT
 0001:15B4 GLOBALDOSALLOC          GLOBALDOSALLOC
 0001:15EE GLOBALDOSFREE           GLOBALDOSFREE
 0001:0428 GLOBALFIX               GLOBALFIX
 0001:0384 GLOBALFLAGS             GLOBALFLAGS
 0001:02DC GLOBALFREE              GLOBALFREE
 0001:02FC GLOBALHANDLE            GLOBALHANDLE
 0001:0310 GLOBALLOCK              GLOBALLOCK
 0001:03C0 GLOBALLRUNEWEST         GLOBALLRUNEWEST
 0001:03D4 GLOBALLRUOLDEST         GLOBALLRUOLDEST
 0001:03E8 GLOBALNOTIFY            GLOBALNOTIFY
 0001:0400 GLOBALPAGELOCK          GLOBALPAGELOCK
 0001:0414 GLOBALPAGEUNLOCK        GLOBALPAGEUNLOCK
 0001:0324 GLOBALREALLOC           GLOBALREALLOC
 0001:0350 GLOBALSIZE              GLOBALSIZE
 0001:043C GLOBALUNFIX             GLOBALUNFIX
 0001:0364 GLOBALUNLOCK            GLOBALUNLOCK
 0001:03AC GLOBALUNWIRE            GLOBALUNWIRE
 0001:0398 GLOBALWIRE              GLOBALWIRE
 0001:5470 HMEMCPY                 HMEMCPY
 0003:0430 INITATOMTABLE           INITATOMTABLE
 0002:281D INITLIB                 INITLIB
 0002:2713 INITTASK                INITTASK
 0001:533C ISBADCODEPTR            ISBADCODEPTR
 0001:52B9 ISBADHUGEREADPTR        ISBADHUGEREADPTR
 0001:52F9 ISBADHUGEWRITEPTR       ISBADHUGEWRITEPTR
 0001:5276 ISBADREADPTR            ISBADREADPTR
 0001:5362 ISBADSTRINGPTR          ISBADSTRINGPTR
 0001:5297 ISBADWRITEPTR           ISBADWRITEPTR
 0001:78EF ISDBCSLEADBYTE          ISDBCSLEADBYTE
 0001:73DF ISTASK                  ISTASK
 0001:4D46 LIMITEMSPAGES           LIMITEMSPAGES
 0002:0236 LOADLIBRARY             LOADLIBRARY
 0002:024E LOADMODULE              LOADMODULE
 0001:01B0 LOADRESOURCE            LOADRESOURCE
 0001:05EC LOCALALLOC              LOCALALLOC
 0001:8277 LOCALCOMPACT            LOCALCOMPACT
 0001:067C LOCALFLAGS              LOCALFLAGS
 0001:0608 LOCALFREE               LOCALFREE
 0001:825C LOCALHANDLE             LOCALHANDLE
 0002:2A92 LOCALHANDLEDELTA        LOCALHANDLEDELTA
 0002:293D LOCALINIT               LOCALINIT
 0001:061C LOCALLOCK               LOCALLOCK
 0001:0630 LOCALREALLOC            LOCALREALLOC
 0001:82A2 LOCALSHRINK             LOCALSHRINK
 0001:0654 LOCALSIZE               LOCALSIZE
 0001:0668 LOCALUNLOCK             LOCALUNLOCK
 0001:021C LOCKRESOURCE            LOCKRESOURCE
 0001:0450 LOCKSEGMENT             LOCKSEGMENT
 0001:89C1 LOGERROR                LOGERROR
 0001:89E4 LOGPARAMERROR           LOGPARAMERROR
 0001:2B74 LONGPTRADD              LONGPTRADD
 0001:7849 LSTRCAT                 LSTRCAT
 0001:7839 LSTRCPY                 LSTRCPY
 0001:77C0 LSTRLEN                 LSTRLEN
 0003:00B0 MAKEPROCINSTANCE        MAKEPROCINSTANCE
 0001:947F NETBIOSCALL             NETBIOSCALL
 0001:0690 OPENFILE                OPENFILE
 0001:8F92 OUTPUTDEBUGSTRING       OUTPUTDEBUGSTRING
 0001:72DE PATCHCODEHANDLE         PATCHCODEHANDLE
 0001:2C4D SELECTORACCESSRIGHTS    SELECTORACCESSRIGHTS
 0003:0140 SETERRORMODE            SETERRORMODE
 0001:06F4 SETHANDLECOUNT          SETHANDLECOUNT
 0003:0030 SETRESOURCEHANDLER      SETRESOURCEHANDLER
 0001:2BE0 SETSELECTORBASE         SETSELECTORBASE
 0001:2C19 SETSELECTORLIMIT        SETSELECTORLIMIT
 0001:35EE SETSWAPAREASIZE         SETSWAPAREASIZE
 0001:0230 SIZEOFRESOURCE          SIZEOFRESOURCE
 0003:015C SWAPRECORDING           SWAPRECORDING
 0001:1423 SWITCHSTACKBACK         SWITCHSTACKBACK
 0001:1371 SWITCHSTACKTO           SWITCHSTACKTO
 0003:0928 THROW                   THROW
 0001:6A10 UNDEFDYNLINK            UNDEFDYNLINK
 0001:0464 UNLOCKSEGMENT           UNLOCKSEGMENT
 0002:2B3D VALIDATECODESEGMENTS    VALIDATECODESEGMENTS
 0001:4570 VALIDATEFREESPACES      VALIDATEFREESPACES
 0001:AD7A WAITEVENT               WAITEVENT
 0002:029A WINEXEC                 WINEXEC
 0001:084C WRITEPRIVATEPROFILESTRING  WRITEPRIVATEPROFILESTRING
 0001:0818 WRITEPROFILESTRING      WRITEPROFILESTRING
 0001:AABA YIELD                   YIELD

  Address         Publics by Name

 0003:03E4       DEFINEHANDLETABLE
 0001:024C       DELETEATOM
 0001:9DA1       DIAGOUTPUT
 0001:9D92       DIAGQUERY
 0001:ADBA       DIRECTEDYIELD
 0001:224D       DOS3CALL
 0001:02A4       FATALAPPEXIT
 0001:88C0       FATALEXIT
 0001:5056       FINDATOM
 0003:0008       FINDRESOURCE
 0002:018A       FREELIBRARY
 0002:0176       FREEMODULE
 0003:00D0       FREEPROCINSTANCE
 0001:0208       FREERESOURCE
 0001:0180       FREESELECTOR
 0001:0290       GETATOMHANDLE
 0001:0260       GETATOMNAME
 0001:500E       GETCODEHANDLE
 0001:0478       GETCODEINFO
 0001:78F6       GETCURRENTTASK
 0003:08CE       GETDOSENVIRONMENT
 0001:AD3A       GETDRIVETYPE
 0001:04A4       GETFREESPACE
 0002:1E5E       GETHEAPSPACES
 0002:0222       GETINSTANCEDATA
 0002:01EA       GETMODULEFILENAME
 0002:01BE       GETMODULEHANDLE
 0002:01D6       GETMODULEUSAGE
 0003:08E2       GETNUMTASKS
 0001:0788       GETPRIVATEPROFILEINT
 0001:07BC       GETPRIVATEPROFILESTRING
 0002:019E       GETPROCADDRESS
 0001:0710       GETPROFILEINT
 0001:0738       GETPROFILESTRING
 0001:2718       GETSELECTORBASE
 0001:2C01       GETSELECTORLIMIT
 0003:0084       GETSYSTEMDIRECTORY
 0003:051E       GETTEMPDRIVE
 0003:00E8       GETTEMPFILENAME
 0003:07C6       GETVERSION
 0003:0058       GETWINDOWSDIRECTORY
 0003:07AB       GETWINFLAGS
 0001:02C0       GLOBALALLOC
 0001:12B0       GLOBALCOMPACT
 0001:15B4       GLOBALDOSALLOC
 0001:15EE       GLOBALDOSFREE
 0001:0428       GLOBALFIX
 0001:0384       GLOBALFLAGS
 0001:02DC       GLOBALFREE
 0001:02FC       GLOBALHANDLE
 0001:0310       GLOBALLOCK
 0001:03C0       GLOBALLRUNEWEST
 0001:03D4       GLOBALLRUOLDEST
 0001:03E8       GLOBALNOTIFY
 0001:0400       GLOBALPAGELOCK
 0001:0414       GLOBALPAGEUNLOCK
 0001:0324       GLOBALREALLOC
 0001:0350       GLOBALSIZE
 0001:043C       GLOBALUNFIX
 0001:0364       GLOBALUNLOCK
 0001:03AC       GLOBALUNWIRE
 0001:0398       GLOBALWIRE
 0004:0226       HEADTDB
 0004:021C       HEXEHEAD
 0001:5470       HMEMCPY
 0001:7B99       IACCESSRESOURCE
 0001:5053       IADDATOM
 0001:266B       IALLOCCSTODSALIAS
 0001:2644       IALLOCDSTOCSALIAS
 0001:79E8       IALLOCRESOURCE
 0003:08EE       ICATCH
 0001:5194       IDELETEATOM
 0001:644D       IFATALAPPEXIT
 0001:5056       IFINDATOM
 0003:0BB3       IFINDRESOURCE
 0002:0C2C       IFREELIBRARY
 0002:0C2C       IFREEMODULE
 0003:0393       IFREEPROCINSTANCE
 0001:7CEE       IFREERESOURCE
 0001:24B5       IFREESELECTOR
 0001:51B7       IGETATOMHANDLE
 0001:51CD       IGETATOMNAME
 0001:4FD1       IGETCODEINFO
 0001:14D2       IGETFREESPACE
 0002:07E3       IGETINSTANCEDATA
 0002:0751       IGETMODULEFILENAME
 0002:06CC       IGETMODULEHANDLE
 0002:07C6       IGETMODULEUSAGE
 0001:AAFA       IGETPRIVATEPROFILEINT
 0001:AAEA       IGETPRIVATEPROFILESTRING
 0002:064F       IGETPROCADDRESS
 0001:AADA       IGETPROFILEINT
 0001:AACA       IGETPROFILESTRING
 0003:0745       IGETSYSTEMDIRECTORY
 0003:0580       IGETTEMPFILENAME
 0003:06F6       IGETWINDOWSDIRECTORY
 0001:0E33       IGLOBALALLOC
 0001:1086       IGLOBALFIX
 0001:0EE9       IGLOBALFREE
 0001:1027       IGLOBALHANDLE
 0001:10F6       IGLOBALLOCK
 0001:1366       IGLOBALLRUNEWEST
 0001:135B       IGLOBALLRUOLDEST
 0001:131C       IGLOBALNOTIFY
 0001:1603       IGLOBALPAGELOCK
 0001:1633       IGLOBALPAGEUNLOCK
 0001:0E6C       IGLOBALREALLOC
 0001:10A9       IGLOBALSIZE
 0001:109F       IGLOBALUNFIX
 0001:1168       IGLOBALUNLOCK
 0001:1285       IGLOBALUNWIRE
 0001:11F1       IGLOBALWIRE
 0002:14B8       ILOADLIBRARY
 0002:14F4       ILOADMODULE
 0001:7E1A       ILOADRESOURCE
 0001:7FA8       ILOCALALLOC
 0001:81F8       ILOCALFLAGS
 0001:81B9       ILOCALFREE
 0001:8211       ILOCALLOCK
 0001:803D       ILOCALREALLOC
 0001:81E1       ILOCALSIZE
 0001:8235       ILOCALUNLOCK
 0001:7C2F       ILOCKRESOURCE
 0001:1077       ILOCKSEGMENT
 0001:7849       ILSTRCAT
 0001:7839       ILSTRCPY
 0001:77C0       ILSTRLEN
 0001:7858       ILSTRORIGINAL
 0003:0276       IMAKEPROCINSTANCE
 0003:0430       INITATOMTABLE
 0002:281D       INITLIB
 0002:2713       INITTASK
 0001:5ACA       IOPENFILE
 0001:533C       ISBADCODEPTR
 0001:52B9       ISBADHUGEREADPTR
 0001:52F9       ISBADHUGEWRITEPTR
 0001:5276       ISBADREADPTR
 0001:5362       ISBADSTRINGPTR
 0001:5297       ISBADWRITEPTR
 0001:78EF       ISDBCSLEADBYTE
 0003:0794       ISETERRORMODE
 0001:9484       ISETHANDLECOUNT
 0003:0B3D       ISETRESOURCEHANDLER
 0001:7D90       ISIZEOFRESOURCE
 0001:73DF       ISTASK
 0003:06F3       ISWAPRECORDING
 0001:1371       ISWITCHSTACKTO
 0003:0928       ITHROW
 0001:1090       IUNLOCKSEGMENT
 0002:04E0       IWINEXEC
 0001:AB1A       IWRITEPRIVATEPROFILESTRING
 0001:AB0A       IWRITEPROFILESTRING
 0001:0D08       I_LCLOSE
 0001:0CD6       I_LCREAT
 0001:0D1E       I_LLSEEK
 0001:0CD2       I_LOPEN
 0001:0D44       I_LREAD
 0001:4D46       LIMITEMSPAGES
 0002:0236       LOADLIBRARY
 0002:024E       LOADMODULE
 0001:01B0       LOADRESOURCE
 0001:05EC       LOCALALLOC
 0001:8277       LOCALCOMPACT
 0001:067C       LOCALFLAGS
 0001:0608       LOCALFREE
 0001:825C       LOCALHANDLE
 0002:2A92       LOCALHANDLEDELTA
 0002:293D       LOCALINIT
 0001:061C       LOCALLOCK
 0001:0630       LOCALREALLOC
 0001:82A2       LOCALSHRINK
 0001:0654       LOCALSIZE
 0001:0668       LOCALUNLOCK
 0001:021C       LOCKRESOURCE
 0001:0450       LOCKSEGMENT
 0001:89C1       LOGERROR
 0001:89E4       LOGPARAMERROR
 0001:2B74       LONGPTRADD
 0001:7849       LSTRCAT
 0001:7839       LSTRCPY
 0001:77C0       LSTRLEN
 0001:7858       LSTRORIGINAL
 0003:00B0       MAKEPROCINSTANCE
 0001:947F       NETBIOSCALL
 0001:0690       OPENFILE
 0001:8F92       OUTPUTDEBUGSTRING
 0001:72DE       PATCHCODEHANDLE
 0001:2C4D       SELECTORACCESSRIGHTS
 0003:0140       SETERRORMODE
 0001:06F4       SETHANDLECOUNT
 0003:0030       SETRESOURCEHANDLER
 0001:2BE0       SETSELECTORBASE
 0001:2C19       SETSELECTORLIMIT
 0001:35EE       SETSWAPAREASIZE
 0001:0230       SIZEOFRESOURCE
 0003:015C       SWAPRECORDING
 0001:1423       SWITCHSTACKBACK
 0001:1371       SWITCHSTACKTO
 0003:0928       THROW
 0001:6A10       UNDEFDYNLINK
 0001:0464       UNLOCKSEGMENT
 0002:2B3D       VALIDATECODESEGMENTS
 0001:4570       VALIDATEFREESPACES
 0001:AD7A       WAITEVENT
 0002:029A       WINEXEC
 0001:084C       WRITEPRIVATEPROFILESTRING
 0001:0818       WRITEPROFILESTRING
 0001:AABA       YIELD

  Address         Publics by Value

 0001:0180       FREESELECTOR
 0001:01B0       LOADRESOURCE
 0001:0208       FREERESOURCE
 0001:021C       LOCKRESOURCE
 0001:0230       SIZEOFRESOURCE
 0001:024C       DELETEATOM
 0001:0260       GETATOMNAME
 0001:0290       GETATOMHANDLE
 0001:02A4       FATALAPPEXIT
 0001:02C0       GLOBALALLOC
 0001:02DC       GLOBALFREE
 0001:02FC       GLOBALHANDLE
 0001:0310       GLOBALLOCK
 0001:0324       GLOBALREALLOC
 0001:0350       GLOBALSIZE
 0001:0364       GLOBALUNLOCK
 0001:0384       GLOBALFLAGS
 0001:0398       GLOBALWIRE
 0001:03AC       GLOBALUNWIRE
 0001:03C0       GLOBALLRUNEWEST
 0001:03D4       GLOBALLRUOLDEST
 0001:03E8       GLOBALNOTIFY
 0001:0400       GLOBALPAGELOCK
 0001:0414       GLOBALPAGEUNLOCK
 0001:0428       GLOBALFIX
 0001:043C       GLOBALUNFIX
 0001:0450       LOCKSEGMENT
 0001:0464       UNLOCKSEGMENT
 0001:0478       GETCODEINFO
 0001:04A4       GETFREESPACE
 0001:05EC       LOCALALLOC
 0001:0608       LOCALFREE
 0001:061C       LOCALLOCK
 0001:0630       LOCALREALLOC
 0001:0654       LOCALSIZE
 0001:0668       LOCALUNLOCK
 0001:067C       LOCALFLAGS
 0001:0690       OPENFILE
 0001:06F4       SETHANDLECOUNT
 0001:0710       GETPROFILEINT
 0001:0738       GETPROFILESTRING
 0001:0788       GETPRIVATEPROFILEINT
 0001:07BC       GETPRIVATEPROFILESTRING
 0001:0818       WRITEPROFILESTRING
 0001:084C       WRITEPRIVATEPROFILESTRING
 0001:0CD2       I_LOPEN
 0001:0CD6       I_LCREAT
 0001:0D08       I_LCLOSE
 0001:0D1E       I_LLSEEK
 0001:0D44       I_LREAD
 0001:0E33       IGLOBALALLOC
 0001:0E6C       IGLOBALREALLOC
 0001:0EE9       IGLOBALFREE
 0001:1027       IGLOBALHANDLE
 0001:1077       ILOCKSEGMENT
 0001:1086       IGLOBALFIX
 0001:1090       IUNLOCKSEGMENT
 0001:109F       IGLOBALUNFIX
 0001:10A9       IGLOBALSIZE
 0001:10F6       IGLOBALLOCK
 0001:1168       IGLOBALUNLOCK
 0001:11F1       IGLOBALWIRE
 0001:1285       IGLOBALUNWIRE
 0001:12B0       GLOBALCOMPACT
 0001:131C       IGLOBALNOTIFY
 0001:135B       IGLOBALLRUOLDEST
 0001:1366       IGLOBALLRUNEWEST
 0001:1371       SWITCHSTACKTO
 0001:1371       ISWITCHSTACKTO
 0001:1423       SWITCHSTACKBACK
 0001:14D2       IGETFREESPACE
 0001:15B4       GLOBALDOSALLOC
 0001:15EE       GLOBALDOSFREE
 0001:1603       IGLOBALPAGELOCK
 0001:1633       IGLOBALPAGEUNLOCK
 0001:224D       DOS3CALL
 0001:24B5       IFREESELECTOR
 0001:2644       IALLOCDSTOCSALIAS
 0001:266B       IALLOCCSTODSALIAS
 0001:2718       GETSELECTORBASE
 0001:2B74       LONGPTRADD
 0001:2BE0       SETSELECTORBASE
 0001:2C01       GETSELECTORLIMIT
 0001:2C19       SETSELECTORLIMIT
 0001:2C4D       SELECTORACCESSRIGHTS
 0001:35EE       SETSWAPAREASIZE
 0001:4570       VALIDATEFREESPACES
 0001:4D46       LIMITEMSPAGES
 0001:4FD1       IGETCODEINFO
 0001:500E       GETCODEHANDLE
 0001:5053       IADDATOM
 0001:5056       IFINDATOM
 0001:5056       FINDATOM
 0001:5194       IDELETEATOM
 0001:51B7       IGETATOMHANDLE
 0001:51CD       IGETATOMNAME
 0001:5276       ISBADREADPTR
 0001:5297       ISBADWRITEPTR
 0001:52B9       ISBADHUGEREADPTR
 0001:52F9       ISBADHUGEWRITEPTR
 0001:533C       ISBADCODEPTR
 0001:5362       ISBADSTRINGPTR
 0001:5470       HMEMCPY
 0001:5ACA       IOPENFILE
 0001:644D       IFATALAPPEXIT
 0001:6A10       UNDEFDYNLINK
 0001:72DE       PATCHCODEHANDLE
 0001:73DF       ISTASK
 0001:77C0       ILSTRLEN
 0001:77C0       LSTRLEN
 0001:7839       LSTRCPY
 0001:7839       ILSTRCPY
 0001:7849       LSTRCAT
 0001:7849       ILSTRCAT
 0001:7858       LSTRORIGINAL
 0001:7858       ILSTRORIGINAL
 0001:78EF       ISDBCSLEADBYTE
 0001:78F6       GETCURRENTTASK
 0001:79E8       IALLOCRESOURCE
 0001:7B99       IACCESSRESOURCE
 0001:7C2F       ILOCKRESOURCE
 0001:7CEE       IFREERESOURCE
 0001:7D90       ISIZEOFRESOURCE
 0001:7E1A       ILOADRESOURCE
 0001:7FA8       ILOCALALLOC
 0001:803D       ILOCALREALLOC
 0001:81B9       ILOCALFREE
 0001:81E1       ILOCALSIZE
 0001:81F8       ILOCALFLAGS
 0001:8211       ILOCALLOCK
 0001:8235       ILOCALUNLOCK
 0001:825C       LOCALHANDLE
 0001:8277       LOCALCOMPACT
 0001:82A2       LOCALSHRINK
 0001:88C0       FATALEXIT
 0001:89C1       LOGERROR
 0001:89E4       LOGPARAMERROR
 0001:8F92       OUTPUTDEBUGSTRING
 0001:947F       NETBIOSCALL
 0001:9484       ISETHANDLECOUNT
 0001:9D92       DIAGQUERY
 0001:9DA1       DIAGOUTPUT
 0001:AABA       YIELD
 0001:AACA       IGETPROFILESTRING
 0001:AADA       IGETPROFILEINT
 0001:AAEA       IGETPRIVATEPROFILESTRING
 0001:AAFA       IGETPRIVATEPROFILEINT
 0001:AB0A       IWRITEPROFILESTRING
 0001:AB1A       IWRITEPRIVATEPROFILESTRING
 0001:AD3A       GETDRIVETYPE
 0001:AD7A       WAITEVENT
 0001:ADBA       DIRECTEDYIELD
 0002:0176       FREEMODULE
 0002:018A       FREELIBRARY
 0002:019E       GETPROCADDRESS
 0002:01BE       GETMODULEHANDLE
 0002:01D6       GETMODULEUSAGE
 0002:01EA       GETMODULEFILENAME
 0002:0222       GETINSTANCEDATA
 0002:0236       LOADLIBRARY
 0002:024E       LOADMODULE
 0002:029A       WINEXEC
 0002:04E0       IWINEXEC
 0002:064F       IGETPROCADDRESS
 0002:06CC       IGETMODULEHANDLE
 0002:0751       IGETMODULEFILENAME
 0002:07C6       IGETMODULEUSAGE
 0002:07E3       IGETINSTANCEDATA
 0002:0C2C       IFREEMODULE
 0002:0C2C       IFREELIBRARY
 0002:14B8       ILOADLIBRARY
 0002:14F4       ILOADMODULE
 0002:1E5E       GETHEAPSPACES
 0002:2713       INITTASK
 0002:281D       INITLIB
 0002:293D       LOCALINIT
 0002:2A92       LOCALHANDLEDELTA
 0002:2B3D       VALIDATECODESEGMENTS
 0003:0008       FINDRESOURCE
 0003:0030       SETRESOURCEHANDLER
 0003:0058       GETWINDOWSDIRECTORY
 0003:0084       GETSYSTEMDIRECTORY
 0003:00B0       MAKEPROCINSTANCE
 0003:00D0       FREEPROCINSTANCE
 0003:00E8       GETTEMPFILENAME
 0003:0140       SETERRORMODE
 0003:015C       SWAPRECORDING
 0003:0276       IMAKEPROCINSTANCE
 0003:0393       IFREEPROCINSTANCE
 0003:03E4       DEFINEHANDLETABLE
 0003:0430       INITATOMTABLE
 0003:051E       GETTEMPDRIVE
 0003:0580       IGETTEMPFILENAME
 0003:06F3       ISWAPRECORDING
 0003:06F6       IGETWINDOWSDIRECTORY
 0003:0745       IGETSYSTEMDIRECTORY
 0003:0794       ISETERRORMODE
 0003:07AB       GETWINFLAGS
 0003:07C6       GETVERSION
 0003:08CE       GETDOSENVIRONMENT
 0003:08E2       GETNUMTASKS
 0003:08EE       ICATCH
 0003:0928       ITHROW
 0003:0928       THROW
 0003:0B3D       ISETRESOURCEHANDLER
 0003:0BB3       IFINDRESOURCE
 0004:021C       HEXEHEAD
 0004:0226       HEADTDB

