 MFCN40D

 Timestamp is 3073199a (Wed Oct 04 16:32:42 1995)

 Preferred load address is 5fb00000

 Start         Length     Name                   Class
 0001:00000000 00000c7eH .text                   CODE
 0001:00000c80 0000054fH .text$AFX_INIT          CODE
 0001:000011d0 000030afH .text$AFX_SOCK          CODE
 0001:00004280 0000020bH .text$AFX_VDEL          CODE
 0002:00000000 000002c0H .rdata                  DATA
 0002:000002c0 000002d8H .rdata$r                DATA
 0002:00000598 00000388H .xdata$x                DATA
 0002:00000920 00000280H .edata                  DATA
 0003:00000000 00000004H .CRT$XCA                DATA
 0003:00000004 00000008H .CRT$XCL                DATA
 0003:0000000c 0000000cH .CRT$XCU                DATA
 0003:00000018 00000004H .CRT$XCZ                DATA
 0003:0000001c 00000004H .CRT$XIA                DATA
 0003:00000020 00000004H .CRT$XIZ                DATA
 0003:00000030 00000595H .data                   DATA
 0003:000005c8 00000034H .bss                    DATA
 0004:00000000 00000050H .idata$2                DATA
 0004:00000050 00000014H .idata$3                DATA
 0004:00000064 00000248H .idata$4                DATA
 0004:000002ac 00000248H .idata$5                DATA
 0004:000004f4 000001d4H .idata$6                DATA
 0005:00000000 00000058H .rsrc$01                DATA
 0005:00000060 00000364H .rsrc$02                DATA

  Address         Publics by Value              Rva+Base   Lib:Object

 0001:00000000       ??B?$CTypedSimpleList@PAUCRuntimeClass@@@@QAEPAUCRuntimeClass@@XZ 5fb01000 f dllnet.obj
 0001:00000020       ?GetHead@CSimpleList@@QBEPAXXZ 5fb01020 f dllnet.obj
 0001:00000040       ??B?$CTypedSimpleList@PAVCOleObjectFactory@@@@QAEPAVCOleObjectFactory@@XZ 5fb01040 f dllnet.obj
 0001:00000060       ??1CNoTrackObject@@UAE@XZ  5fb01060 f sockcore.obj
 0001:00000080       ??_GCNoTrackObject@@UAEPAXI@Z 5fb01080 f sockcore.obj
 0001:00000080       ??_ECNoTrackObject@@UAEPAXI@Z 5fb01080 f sockcore.obj
 0001:000000c0       ??B?$CThreadLocal@V_AFX_SOCK_THREAD_STATE@@@@QAEPAV_AFX_SOCK_THREAD_STATE@@XZ 5fb010c0 f sockcore.obj
 0001:000000e0       ?GetData@?$CThreadLocal@V_AFX_SOCK_THREAD_STATE@@@@QAEPAV_AFX_SOCK_THREAD_STATE@@XZ 5fb010e0 f sockcore.obj
 0001:00000130       ?CreateObject@?$CThreadLocal@V_AFX_SOCK_THREAD_STATE@@@@SGPAVCNoTrackObject@@XZ 5fb01130 f sockcore.obj
 0001:000001c0       ??0CNoTrackObject@@QAE@XZ  5fb011c0 f sockcore.obj
 0001:000001f0       ??C?$CProcessLocal@V_AFX_SOCK_STATE@@@@QAEPAV_AFX_SOCK_STATE@@XZ 5fb011f0 f sockcore.obj
 0001:00000210       ?GetData@?$CProcessLocal@V_AFX_SOCK_STATE@@@@QAEPAV_AFX_SOCK_STATE@@XZ 5fb01210 f sockcore.obj
 0001:00000260       ?CreateObject@?$CProcessLocal@V_AFX_SOCK_STATE@@@@SGPAVCNoTrackObject@@XZ 5fb01260 f sockcore.obj
 0001:000002f0       ??0_AFX_SOCK_STATE@@QAE@XZ 5fb012f0 f sockcore.obj
 0001:00000360       ??_G_AFX_SOCK_STATE@@UAEPAXI@Z 5fb01360 f sockcore.obj
 0001:00000360       ??_E_AFX_SOCK_STATE@@UAEPAXI@Z 5fb01360 f sockcore.obj
 0001:00000396       ?AfxGetModuleState@@YGPAVAFX_MODULE_STATE@@XZ 5fb01396 f MFC40D:MFC40D.DLL
 0001:0000039c       ??3CObject@@SGXPAX@Z       5fb0139c f MFC40D:MFC40D.DLL
 0001:000003a2       ?AfxTermExtensionModule@@YGXAAUAFX_EXTENSION_MODULE@@H@Z 5fb013a2 f MFC40D:MFC40D.DLL
 0001:000003a8       ?AfxAssertFailedLine@@YGHPBDH@Z 5fb013a8 f MFC40D:MFC40D.DLL
 0001:000003ae       ??0CDynLinkLibrary@@QAE@AAUAFX_EXTENSION_MODULE@@H@Z 5fb013ae f MFC40D:MFC40D.DLL
 0001:000003b4       ??2CObject@@SGPAXI@Z       5fb013b4 f MFC40D:MFC40D.DLL
 0001:000003ba       ?AfxInitExtensionModule@@YGHAAUAFX_EXTENSION_MODULE@@PAUHINSTANCE__@@@Z 5fb013ba f MFC40D:MFC40D.DLL
 0001:000003c0       ?AfxGetAppModuleState@@YGPAVAFX_MODULE_STATE@@XZ 5fb013c0 f MFC40D:MFC40D.DLL
 0001:000003c6       ??3@YAXPAX@Z               5fb013c6 f MFC40D:MFC40D.DLL
 0001:000003cc       ??2@YAPAXI@Z               5fb013cc f MFC40D:MFC40D.DLL
 0001:000003d2       ?AfxLoadDll@@YGPAUHINSTANCE__@@AAPAU1@PBDPAP6GHXZ1@Z 5fb013d2 f MFC40D:MFC40D.DLL
 0001:000003d8       ??1CMapPtrToPtr@@UAE@XZ    5fb013d8 f MFC40D:MFC40D.DLL
 0001:000003de       ??1CPtrList@@UAE@XZ        5fb013de f MFC40D:MFC40D.DLL
 0001:000003e4       ?RemoveHead@CPtrList@@QAEPAXXZ 5fb013e4 f MFC40D:MFC40D.DLL
 0001:000003ea       ?IsEmpty@CPtrList@@QBEHXZ  5fb013ea f MFC40D:MFC40D.DLL
 0001:000003f0       ??3CNoTrackObject@@SGXPAX@Z 5fb013f0 f MFC40D:MFC40D.DLL
 0001:000003f6       ?Serialize@CObject@@UAEXAAVCArchive@@@Z 5fb013f6 f MFC40D:MFC40D.DLL
 0001:000003fc       ??1CObject@@UAE@XZ         5fb013fc f MFC40D:MFC40D.DLL
 0001:00000402       ??0CObject@@IAE@XZ         5fb01402 f MFC40D:MFC40D.DLL
 0001:00000408       ??4CString@@QAEABV0@PBD@Z  5fb01408 f MFC40D:MFC40D.DLL
 0001:0000040e       ?GetData@CThreadLocalObject@@QAEPAVCNoTrackObject@@P6GPAV2@XZ@Z 5fb0140e f MFC40D:MFC40D.DLL
 0001:00000414       ??2CNoTrackObject@@SGPAXI@Z 5fb01414 f MFC40D:MFC40D.DLL
 0001:0000041a       ??0CPtrList@@QAE@H@Z       5fb0141a f MFC40D:MFC40D.DLL
 0001:00000420       ??0CMapPtrToPtr@@QAE@H@Z   5fb01420 f MFC40D:MFC40D.DLL
 0001:00000426       ?Lookup@CMapPtrToPtr@@QBEHPAXAAPAX@Z 5fb01426 f MFC40D:MFC40D.DLL
 0001:0000042c       ?AfxEnableMemoryTracking@@YGHH@Z 5fb0142c f MFC40D:MFC40D.DLL
 0001:00000432       ?SetAt@CMapPtrToPtr@@QAEXPAX0@Z 5fb01432 f MFC40D:MFC40D.DLL
 0001:00000438       ?FromHandlePermanent@CWnd@@SGPAV1@PAUHWND__@@@Z 5fb01438 f MFC40D:MFC40D.DLL
 0001:0000043e       ?AfxThrowResourceException@@YGXXZ 5fb0143e f MFC40D:MFC40D.DLL
 0001:00000444       ?AfxTrace@@YAXPBDZZ        5fb01444 f MFC40D:MFC40D.DLL
 0001:0000044a       ?CreateEx@CWnd@@QAEHKPBD0KHHHHPAUHWND__@@PAUHMENU__@@PAX@Z 5fb0144a f MFC40D:MFC40D.DLL
 0001:00000450       ?AfxRegisterWndClass@@YGPBDIPAUHICON__@@PAUHBRUSH__@@0@Z 5fb01450 f MFC40D:MFC40D.DLL
 0001:00000456       ??2CObject@@SGPAXIPBDH@Z   5fb01456 f MFC40D:MFC40D.DLL
 0001:0000045c       ?IsEmpty@CMapPtrToPtr@@QBEHXZ 5fb0145c f MFC40D:MFC40D.DLL
 0001:00000462       ?RemoveKey@CMapPtrToPtr@@QAEHPAX@Z 5fb01462 f MFC40D:MFC40D.DLL
 0001:00000468       ?RemoveAll@CMapPtrToPtr@@QAEXXZ 5fb01468 f MFC40D:MFC40D.DLL
 0001:0000046e       ?AfxAssertValidObject@@YGXPBVCObject@@PBDH@Z 5fb0146e f MFC40D:MFC40D.DLL
 0001:00000474       ?AssertValid@CObject@@UBEXXZ 5fb01474 f MFC40D:MFC40D.DLL
 0001:0000047a       ??6CDumpContext@@QAEAAV0@PBD@Z 5fb0147a f MFC40D:MFC40D.DLL
 0001:00000480       ??6CDumpContext@@QAEAAV0@I@Z 5fb01480 f MFC40D:MFC40D.DLL
 0001:00000486       ?Dump@CObject@@UBEXAAVCDumpContext@@@Z 5fb01486 f MFC40D:MFC40D.DLL
 0001:0000048c       ?AddTail@CPtrList@@QAEPAU__POSITION@@PAX@Z 5fb0148c f MFC40D:MFC40D.DLL
 0001:00000492       ??2@YAPAXIPBDH@Z           5fb01492 f MFC40D:MFC40D.DLL
 0001:00000498       ?Delete@CException@@QAEXXZ 5fb01498 f MFC40D:MFC40D.DLL
 0001:0000049e       ?IsKindOf@CObject@@QBEHPBUCRuntimeClass@@@Z 5fb0149e f MFC40D:MFC40D.DLL
 0001:000004a4       ?AfxGetThread@@YGPAVCWinThread@@XZ 5fb014a4 f MFC40D:MFC40D.DLL
 0001:000004aa       ?GetData@CProcessLocalObject@@QAEPAVCNoTrackObject@@P6GPAV2@XZ@Z 5fb014aa f MFC40D:MFC40D.DLL
 0001:000004b0       ??6CDumpContext@@QAEAAV0@H@Z 5fb014b0 f MFC40D:MFC40D.DLL
 0001:000004b6       ??6CDumpContext@@QAEAAV0@PBX@Z 5fb014b6 f MFC40D:MFC40D.DLL
 0001:000004bc       ?GetBufferPtr@CFile@@UAEIIIPAPAX0@Z 5fb014bc f MFC40D:MFC40D.DLL
 0001:000004c2       ?SetFilePath@CFile@@UAEXPBD@Z 5fb014c2 f MFC40D:MFC40D.DLL
 0001:000004c8       ?GetFilePath@CFile@@UBE?AVCString@@XZ 5fb014c8 f MFC40D:MFC40D.DLL
 0001:000004ce       ?GetFileTitle@CFile@@UBE?AVCString@@XZ 5fb014ce f MFC40D:MFC40D.DLL
 0001:000004d4       ?GetFileName@CFile@@UBE?AVCString@@XZ 5fb014d4 f MFC40D:MFC40D.DLL
 0001:000004da       ??1CFile@@UAE@XZ           5fb014da f MFC40D:MFC40D.DLL
 0001:000004e0       ??0CFile@@QAE@XZ           5fb014e0 f MFC40D:MFC40D.DLL
 0001:000004e6       ?AfxThrowFileException@@YGXHJPBD@Z 5fb014e6 f MFC40D:MFC40D.DLL
 0001:000004ec       ?AfxThrowNotSupportedException@@YGXXZ 5fb014ec f MFC40D:MFC40D.DLL
 0001:000004f2       ?AssertValid@CFile@@UBEXXZ 5fb014f2 f MFC40D:MFC40D.DLL
 0001:000004f8       ??6CDumpContext@@QAEAAV0@PBVCObject@@@Z 5fb014f8 f MFC40D:MFC40D.DLL
 0001:000004fe       ?GetDepth@CDumpContext@@QBEHXZ 5fb014fe f MFC40D:MFC40D.DLL
 0001:00000504       ?Dump@CFile@@UBEXAAVCDumpContext@@@Z 5fb01504 f MFC40D:MFC40D.DLL
 0001:0000050a       ?SetOccDialogInfo@CWnd@@MAEHPAU_AFX_OCC_DIALOG_INFO@@@Z 5fb0150a f MFC40D:MFC40D.DLL
 0001:00000510       ?IsFrameWnd@CWnd@@UBEHXZ   5fb01510 f MFC40D:MFC40D.DLL
 0001:00000516       ?CheckAutoCenter@CWnd@@UAEHXZ 5fb01516 f MFC40D:MFC40D.DLL
 0001:0000051c       ?OnChildNotify@CWnd@@MAEHIIJPAJ@Z 5fb0151c f MFC40D:MFC40D.DLL
 0001:00000522       ?PostNcDestroy@CWnd@@MAEXXZ 5fb01522 f MFC40D:MFC40D.DLL
 0001:00000528       ?DefWindowProcA@CWnd@@MAEJIIJ@Z 5fb01528 f MFC40D:MFC40D.DLL
 0001:0000052e       ?OnWndMsg@CWnd@@MAEHIIJPAJ@Z 5fb0152e f MFC40D:MFC40D.DLL
 0001:00000534       ?WindowProc@CWnd@@MAEJIIJ@Z 5fb01534 f MFC40D:MFC40D.DLL
 0001:0000053a       ?OnAmbientProperty@CWnd@@UAEHPAVCOleControlSite@@JPAUtagVARIANT@@@Z 5fb0153a f MFC40D:MFC40D.DLL
 0001:00000540       ?PreTranslateMessage@CWnd@@UAEHPAUtagMSG@@@Z 5fb01540 f MFC40D:MFC40D.DLL
 0001:00000546       ?EndModalState@CWnd@@UAEXXZ 5fb01546 f MFC40D:MFC40D.DLL
 0001:0000054c       ?BeginModalState@CWnd@@UAEXXZ 5fb0154c f MFC40D:MFC40D.DLL
 0001:00000552       ?DoDataExchange@CWnd@@MAEXPAVCDataExchange@@@Z 5fb01552 f MFC40D:MFC40D.DLL
 0001:00000558       ?GetSuperWndProcAddr@CWnd@@MAEPAP6GJPAUHWND__@@IIJ@ZXZ 5fb01558 f MFC40D:MFC40D.DLL
 0001:0000055e       ?OnNotify@CWnd@@MAEHIJPAJ@Z 5fb0155e f MFC40D:MFC40D.DLL
 0001:00000564       ?OnCommand@CWnd@@MAEHIJ@Z  5fb01564 f MFC40D:MFC40D.DLL
 0001:0000056a       ?EndModalLoop@CWnd@@UAEXH@Z 5fb0156a f MFC40D:MFC40D.DLL
 0001:00000570       ?ContinueModal@CWnd@@UAEHXZ 5fb01570 f MFC40D:MFC40D.DLL
 0001:00000576       ?WinHelpA@CWnd@@UAEXKI@Z   5fb01576 f MFC40D:MFC40D.DLL
 0001:0000057c       ?GetScrollBarCtrl@CWnd@@UBEPAVCScrollBar@@H@Z 5fb0157c f MFC40D:MFC40D.DLL
 0001:00000582       ?OnToolHitTest@CWnd@@UBEHVCPoint@@PAUtagTOOLINFOA@@@Z 5fb01582 f MFC40D:MFC40D.DLL
 0001:00000588       ?CalcWindowRect@CWnd@@UAEXPAUtagRECT@@I@Z 5fb01588 f MFC40D:MFC40D.DLL
 0001:0000058e       ?PreCreateWindow@CWnd@@UAEHAAUtagCREATESTRUCTA@@@Z 5fb0158e f MFC40D:MFC40D.DLL
 0001:00000594       ?DestroyWindow@CWnd@@UAEHXZ 5fb01594 f MFC40D:MFC40D.DLL
 0001:0000059a       ?Create@CWnd@@UAEHPBD0KABUtagRECT@@PAV1@IPAUCCreateContext@@@Z 5fb0159a f MFC40D:MFC40D.DLL
 0001:000005a0       ?PreSubclassWindow@CWnd@@UAEXXZ 5fb015a0 f MFC40D:MFC40D.DLL
 0001:000005a6       ?GetConnectionHook@CCmdTarget@@MAEPAUIConnectionPoint@@ABU_GUID@@@Z 5fb015a6 f MFC40D:MFC40D.DLL
 0001:000005ac       ?GetExtraConnectionPoints@CCmdTarget@@MAEHPAVCPtrArray@@@Z 5fb015ac f MFC40D:MFC40D.DLL
 0001:000005b2       ?GetInterfaceHook@CCmdTarget@@UAEPAUIUnknown@@PBX@Z 5fb015b2 f MFC40D:MFC40D.DLL
 0001:000005b8       ?OnCreateAggregates@CCmdTarget@@UAEHXZ 5fb015b8 f MFC40D:MFC40D.DLL
 0001:000005be       ?GetEventSinkMap@CCmdTarget@@MBEPBUAFX_EVENTSINKMAP@@XZ 5fb015be f MFC40D:MFC40D.DLL
 0001:000005c4       ?GetInterfaceMap@CCmdTarget@@MBEPBUAFX_INTERFACEMAP@@XZ 5fb015c4 f MFC40D:MFC40D.DLL
 0001:000005ca       ?GetConnectionMap@CCmdTarget@@MBEPBUAFX_CONNECTIONMAP@@XZ 5fb015ca f MFC40D:MFC40D.DLL
 0001:000005d0       ?GetDispatchMap@CCmdTarget@@MBEPBUAFX_DISPMAP@@XZ 5fb015d0 f MFC40D:MFC40D.DLL
 0001:000005d6       ?GetTypeLib@CCmdTarget@@UAEJKPAPAUITypeLib@@@Z 5fb015d6 f MFC40D:MFC40D.DLL
 0001:000005dc       ?GetTypeLibCache@CCmdTarget@@UAEPAVCTypeLibCache@@XZ 5fb015dc f MFC40D:MFC40D.DLL
 0001:000005e2       ?GetTypeInfoCount@CCmdTarget@@UAEIXZ 5fb015e2 f MFC40D:MFC40D.DLL
 0001:000005e8       ?GetDispatchIID@CCmdTarget@@UAEHPAU_GUID@@@Z 5fb015e8 f MFC40D:MFC40D.DLL
 0001:000005ee       ?IsInvokeAllowed@CCmdTarget@@UAEHJ@Z 5fb015ee f MFC40D:MFC40D.DLL
 0001:000005f4       ?OnFinalRelease@CWnd@@UAEXXZ 5fb015f4 f MFC40D:MFC40D.DLL
 0001:000005fa       ?OnCmdMsg@CCmdTarget@@UAEHIHPAXPAUAFX_CMDHANDLERINFO@@@Z 5fb015fa f MFC40D:MFC40D.DLL
 0001:00000600       ?Dump@CWnd@@UBEXAAVCDumpContext@@@Z 5fb01600 f MFC40D:MFC40D.DLL
 0001:00000606       ?AssertValid@CWnd@@UBEXXZ  5fb01606 f MFC40D:MFC40D.DLL
 0001:0000060c       ?GetRuntimeClass@CWnd@@UBEPAUCRuntimeClass@@XZ 5fb0160c f MFC40D:MFC40D.DLL
 0001:00000612       ??1CWnd@@UAE@XZ            5fb01612 f MFC40D:MFC40D.DLL
 0001:00000618       ??0CWnd@@QAE@XZ            5fb01618 f MFC40D:MFC40D.DLL
 0001:0000061e       ??0AFX_CLASSINIT@@QAE@PAUCRuntimeClass@@@Z 5fb0161e f MFC40D:MFC40D.DLL
 0001:00000624       ??1CProcessLocalObject@@QAE@XZ 5fb01624 f MFC40D:MFC40D.DLL
 0001:0000062a       ??1CThreadLocalObject@@QAE@XZ 5fb0162a f MFC40D:MFC40D.DLL
 0001:00000630       ___CxxFrameHandler         5fb01630 f msvcrtd:MSVCR40D.dll
 0001:00000640       ??_L@YGXPAXIHP6EX0@Z1@Z    5fb01640 f msvcrtd:ehvecctr.obj
 0001:000006d0       ??_M@YGXPAXIHP6EX0@Z@Z     5fb016d0 f msvcrtd:ehvecdtr.obj
 0001:00000760       ?__ArrayUnwind@@YGXPAXIHP6EX0@Z@Z 5fb01760 f msvcrtd:ehvecdtr.obj
 0001:00000800       ??_Gtype_info@@UAEPAXI@Z   5fb01800 f msvcrtd:ti_inst.obj
 0001:00000800       ??_Etype_info@@UAEPAXI@Z   5fb01800 f msvcrtd:ti_inst.obj
 0001:0000083a       _memset                    5fb0183a f msvcrtd:MSVCR40D.dll
 0001:00000840       __onexit                   5fb01840 f msvcrtd:atonexit.obj
 0001:00000910       _atexit                    5fb01910 f msvcrtd:atonexit.obj
 0001:00000940       __CRT_INIT@12              5fb01940 f msvcrtd:crtdll.obj
 0001:00000b50       __DllMainCRTStartup@12     5fb01b50 f msvcrtd:crtdll.obj
 0001:00000c60       __except_handler3          5fb01c60 f msvcrtd:MSVCR40D.dll
 0001:00000c66       ?terminate@@YAXXZ          5fb01c66 f msvcrtd:MSVCR40D.dll
 0001:00000c6c       ??1type_info@@UAE@XZ       5fb01c6c f msvcrtd:MSVCR40D.dll
 0001:00000c72       ___dllonexit               5fb01c72 f msvcrtd:MSVCR40D.dll
 0001:00000c78       __initterm                 5fb01c78 f msvcrtd:MSVCR40D.dll
 0001:00000c80       _RawDllMain@12             5fb01c80 f dllnet.obj
 0001:00000d39       _DllMain@12                5fb01d39 f dllnet.obj
 0001:00000e45       ?AfxNetInitModule@@YGXXZ   5fb01e45 f dllnet.obj
 0001:00000f20       ?_GetBaseClass@CAsyncSocket@@KGPAUCRuntimeClass@@XZ 5fb01f20 f sockcore.obj
 0001:00000f69       ?GetRuntimeClass@CAsyncSocket@@UBEPAUCRuntimeClass@@XZ 5fb01f69 f sockcore.obj
 0001:00000f84       ?_GetBaseClass@CSocket@@KGPAUCRuntimeClass@@XZ 5fb01f84 f sockcore.obj
 0001:00000fcd       ?GetRuntimeClass@CSocket@@UBEPAUCRuntimeClass@@XZ 5fb01fcd f sockcore.obj
 0001:00000fe8       ?_GetBaseClass@CSocketFile@@KGPAUCRuntimeClass@@XZ 5fb01fe8 f sockcore.obj
 0001:00001031       ?GetRuntimeClass@CSocketFile@@UBEPAUCRuntimeClass@@XZ 5fb02031 f sockcore.obj
 0001:00001110       ??1?$CProcessLocal@V_AFX_SOCK_STATE@@@@QAE@XZ 5fb02110 f sockcore.obj
 0001:00001170       ??1?$CThreadLocal@V_AFX_SOCK_THREAD_STATE@@@@QAE@XZ 5fb02170 f sockcore.obj
 0001:000011d0       ?AfxThunkaccept@@YGIIPAUsockaddr@@PAH@Z 5fb021d0 f sockcore.obj
 0001:00001206       ?AfxThunkhtons@@YGGG@Z     5fb02206 f sockcore.obj
 0001:00001238       ?AfxThunkinet_addr@@YGKPBD@Z 5fb02238 f sockcore.obj
 0001:0000126a       ?AfxThunkclosesocket@@YGHI@Z 5fb0226a f sockcore.obj
 0001:0000129c       ?AfxThunkgetsockname@@YGHIPAUsockaddr@@PAH@Z 5fb0229c f sockcore.obj
 0001:000012d6       ?AfxThunkgetpeername@@YGHIPAUsockaddr@@PAH@Z 5fb022d6 f sockcore.obj
 0001:00001310       ?AfxThunkntohs@@YGGG@Z     5fb02310 f sockcore.obj
 0001:00001342       ?AfxThunkinet_ntoa@@YGPADUin_addr@@@Z 5fb02342 f sockcore.obj
 0001:00001374       ?AfxThunkWSAGetLastError@@YGHXZ 5fb02374 f sockcore.obj
 0001:000013a0       ?AfxThunkWSASetLastError@@YGXH@Z 5fb023a0 f sockcore.obj
 0001:000013d2       ?AfxThunkWSAStartup@@YGHGPAUWSAData@@@Z 5fb023d2 f sockcore.obj
 0001:00001408       ?AfxThunkWSACleanup@@YGHXZ 5fb02408 f sockcore.obj
 0001:00001434       ?AfxThunkhtonl@@YGKK@Z     5fb02434 f sockcore.obj
 0001:00001466       ?AfxThunksocket@@YGIHHH@Z  5fb02466 f sockcore.obj
 0001:000014a0       ?AfxThunkgethostbyname@@YGPAUhostent@@PBD@Z 5fb024a0 f sockcore.obj
 0001:000014d2       ?AfxThunkrecv@@YGHIPADHH@Z 5fb024d2 f sockcore.obj
 0001:00001510       ?AfxThunksend@@YGHIPBDHH@Z 5fb02510 f sockcore.obj
 0001:00001550       ?AfxThunkWSAAsyncSelect@@YGHIPAUHWND__@@IJ@Z 5fb02550 f sockcore.obj
 0001:00001590       ?AfxThunkrecvfrom@@YGHIPADHHPAUsockaddr@@PAH@Z 5fb02590 f sockcore.obj
 0001:000015d8       ?AfxThunksendto@@YGHIPBDHHPBUsockaddr@@H@Z 5fb025d8 f sockcore.obj
 0001:00001620       ?AfxThunkconnect@@YGHIPBUsockaddr@@H@Z 5fb02620 f sockcore.obj
 0001:0000165c       ?AfxThunkbind@@YGHIPBUsockaddr@@H@Z 5fb0265c f sockcore.obj
 0001:00001698       ?AfxThunksetsockopt@@YGHIHHPBDH@Z 5fb02698 f sockcore.obj
 0001:000016dc       ?AfxThunkgetsockopt@@YGHIHHPADPAH@Z 5fb026dc f sockcore.obj
 0001:00001720       ?AfxThunkioctlsocket@@YGHIJPAK@Z 5fb02720 f sockcore.obj
 0001:0000175c       ?AfxThunklisten@@YGHIH@Z   5fb0275c f sockcore.obj
 0001:00001794       ?AfxThunkshutdown@@YGHIH@Z 5fb02794 f sockcore.obj
 0001:000017cc       ??1_AFX_SOCK_STATE@@UAE@XZ 5fb027cc f sockcore.obj
 0001:00001860       ??1_AFX_SOCK_THREAD_STATE@@UAE@XZ 5fb02860 f sockcore.obj
 0001:0000194b       ?AfxSocketTerm@@YGXXZ      5fb0294b f sockcore.obj
 0001:00001961       ?AfxSocketInit@@YGHPAUWSAData@@@Z 5fb02961 f sockcore.obj
 0001:00001a0a       ??0CAsyncSocket@@QAE@XZ    5fb02a0a f sockcore.obj
 0001:00001a83       ?Create@CAsyncSocket@@QAEHIHJPBD@Z 5fb02a83 f sockcore.obj
 0001:00001af8       ?Attach@CAsyncSocket@@QAEHIJ@Z 5fb02af8 f sockcore.obj
 0001:00001b56       ?Detach@CAsyncSocket@@QAEIXZ 5fb02b56 f sockcore.obj
 0001:00001bab       ?GetPeerName@CAsyncSocket@@QAEHAAVCString@@AAI@Z 5fb02bab f sockcore.obj
 0001:00001c1f       ?GetSockName@CAsyncSocket@@QAEHAAVCString@@AAI@Z 5fb02c1f f sockcore.obj
 0001:00001c93       ?Accept@CAsyncSocket@@UAEHAAV1@PAUsockaddr@@PAH@Z 5fb02c93 f sockcore.obj
 0001:00001d89       ?Bind@CAsyncSocket@@QAEHIPBD@Z 5fb02d89 f sockcore.obj
 0001:00001e29       ?Close@CAsyncSocket@@UAEXXZ 5fb02e29 f sockcore.obj
 0001:00001e94       ?Connect@CAsyncSocket@@QAEHPBDI@Z 5fb02e94 f sockcore.obj
 0001:00001f5f       ?Receive@CAsyncSocket@@UAEHPAXHH@Z 5fb02f5f f sockcore.obj
 0001:00001f90       ?ReceiveFrom@CAsyncSocket@@QAEHPAXHAAVCString@@AAIH@Z 5fb02f90 f sockcore.obj
 0001:00002010       ?Send@CAsyncSocket@@UAEHPBXHH@Z 5fb03010 f sockcore.obj
 0001:00002041       ?SendTo@CAsyncSocket@@QAEHPBXHIPBDH@Z 5fb03041 f sockcore.obj
 0001:00002110       ?AsyncSelect@CAsyncSocket@@QAEHJ@Z 5fb03110 f sockcore.obj
 0001:000021b1       ?OnReceive@CAsyncSocket@@MAEXH@Z 5fb031b1 f sockcore.obj
 0001:000021c9       ?OnSend@CAsyncSocket@@MAEXH@Z 5fb031c9 f sockcore.obj
 0001:000021e1       ?OnOutOfBandData@CAsyncSocket@@MAEXH@Z 5fb031e1 f sockcore.obj
 0001:000021f9       ?OnAccept@CAsyncSocket@@MAEXH@Z 5fb031f9 f sockcore.obj
 0001:00002211       ?OnConnect@CAsyncSocket@@MAEXH@Z 5fb03211 f sockcore.obj
 0001:00002229       ?OnClose@CAsyncSocket@@MAEXH@Z 5fb03229 f sockcore.obj
 0001:00002241       ??1CAsyncSocket@@UAE@XZ    5fb03241 f sockcore.obj
 0001:000022be       ?LookupHandle@CAsyncSocket@@SGPAV1@IH@Z 5fb032be f sockcore.obj
 0001:0000233e       ?AttachHandle@CAsyncSocket@@SGXIPAV1@H@Z 5fb0333e f sockcore.obj
 0001:00002546       ?DetachHandle@CAsyncSocket@@SGXIH@Z 5fb03546 f sockcore.obj
 0001:000026d8       ?KillSocket@CAsyncSocket@@SGXIPAV1@@Z 5fb036d8 f sockcore.obj
 0001:00002764       ?DoCallBack@CAsyncSocket@@SGXIJ@Z 5fb03764 f sockcore.obj
 0001:00002912       ?Socket@CAsyncSocket@@QAEHHJHH@Z 5fb03912 f sockcore.obj
 0001:00002999       ?AssertValid@CAsyncSocket@@UBEXXZ 5fb03999 f sockcore.obj
 0001:000029f0       ?Dump@CAsyncSocket@@UBEXAAVCDumpContext@@@Z 5fb039f0 f sockcore.obj
 0001:00002a5b       ?ReceiveFromHelper@CAsyncSocket@@MAEHPAXHPAUsockaddr@@PAHH@Z 5fb03a5b f sockcore.obj
 0001:00002a94       ?SendToHelper@CAsyncSocket@@MAEHPBXHPBUsockaddr@@HH@Z 5fb03a94 f sockcore.obj
 0001:00002acd       ?ConnectHelper@CAsyncSocket@@MAEHPBUsockaddr@@H@Z 5fb03acd f sockcore.obj
 0001:00002b0f       ??0CSocket@@QAE@XZ         5fb03b0f f sockcore.obj
 0001:00002b9c       ?CancelBlockingCall@CSocket@@QAEXXZ 5fb03b9c f sockcore.obj
 0001:00002bd5       ?OnMessagePending@CSocket@@MAEHXZ 5fb03bd5 f sockcore.obj
 0001:00002c18       ??1CSocket@@UAE@XZ         5fb03c18 f sockcore.obj
 0001:00002c95       ?Accept@CSocket@@UAEHAAVCAsyncSocket@@PAUsockaddr@@PAH@Z 5fb03c95 f sockcore.obj
 0001:00002d2a       ?Close@CSocket@@UAEXXZ     5fb03d2a f sockcore.obj
 0001:00002d91       ?Receive@CSocket@@UAEHPAXHH@Z 5fb03d91 f sockcore.obj
 0001:00002e2f       ?Send@CSocket@@UAEHPBXHH@Z 5fb03e2f f sockcore.obj
 0001:00002ec0       ?SendChunk@CSocket@@QAEHPBXHH@Z 5fb03ec0 f sockcore.obj
 0001:00002f3f       ?ConnectHelper@CSocket@@MAEHPBUsockaddr@@H@Z 5fb03f3f f sockcore.obj
 0001:00003006       ?ReceiveFromHelper@CSocket@@MAEHPAXHPAUsockaddr@@PAHH@Z 5fb04006 f sockcore.obj
 0001:000030ac       ?SendToHelper@CSocket@@MAEHPBXHPBUsockaddr@@HH@Z 5fb040ac f sockcore.obj
 0001:00003152       ?ProcessAuxQueue@CSocket@@SGHXZ 5fb04152 f sockcore.obj
 0001:0000325d       ?AuxQueueAdd@CSocket@@KGXIIJ@Z 5fb0425d f sockcore.obj
 0001:000032c0       ?PumpMessages@CSocket@@MAEHI@Z 5fb042c0 f sockcore.obj
 0001:00003596       ?AssertValid@CSocket@@MBEXXZ 5fb04596 f sockcore.obj
 0001:000035b4       ?Dump@CSocket@@MBEXAAVCDumpContext@@@Z 5fb045b4 f sockcore.obj
 0001:00003626       ??0CSocketFile@@QAE@PAVCSocket@@H@Z 5fb04626 f sockcore.obj
 0001:00003763       ??1CSocketFile@@UAE@XZ     5fb04763 f sockcore.obj
 0001:000037cb       ?Read@CSocketFile@@UAEIPAXI@Z 5fb047cb f sockcore.obj
 0001:00003912       ?Write@CSocketFile@@UAEXPBXI@Z 5fb04912 f sockcore.obj
 0001:0000398c       ?Close@CSocketFile@@UAEXXZ 5fb0498c f sockcore.obj
 0001:000039ac       ?Open@CSocketFile@@UAEHPBDIPAVCFileException@@@Z 5fb049ac f sockcore.obj
 0001:000039cb       ?Duplicate@CSocketFile@@UBEPAVCFile@@XZ 5fb049cb f sockcore.obj
 0001:000039e8       ?GetPosition@CSocketFile@@UBEKXZ 5fb049e8 f sockcore.obj
 0001:00003a05       ?Seek@CSocketFile@@UAEJJI@Z 5fb04a05 f sockcore.obj
 0001:00003a40       ?SetLength@CSocketFile@@UAEXK@Z 5fb04a40 f sockcore.obj
 0001:00003a5d       ?GetLength@CSocketFile@@UBEKXZ 5fb04a5d f sockcore.obj
 0001:00003a7a       ?LockRange@CSocketFile@@UAEXKK@Z 5fb04a7a f sockcore.obj
 0001:00003a97       ?UnlockRange@CSocketFile@@UAEXKK@Z 5fb04a97 f sockcore.obj
 0001:00003ab4       ?Flush@CSocketFile@@UAEXXZ 5fb04ab4 f sockcore.obj
 0001:00003aca       ?Abort@CSocketFile@@UAEXXZ 5fb04aca f sockcore.obj
 0001:00003ae5       ?AssertValid@CSocketFile@@UBEXXZ 5fb04ae5 f sockcore.obj
 0001:00003b26       ?Dump@CSocketFile@@UBEXAAVCDumpContext@@@Z 5fb04b26 f sockcore.obj
 0001:00003b94       ??0CSocketWnd@@QAE@XZ      5fb04b94 f sockcore.obj
 0001:00003c03       ?OnSocketNotify@CSocketWnd@@IAEJIJ@Z 5fb04c03 f sockcore.obj
 0001:00003c2f       ?OnSocketDead@CSocketWnd@@IAEJIJ@Z 5fb04c2f f sockcore.obj
 0001:00003c84       ?_GetBaseMessageMap@CSocketWnd@@KGPBUAFX_MSGMAP@@XZ 5fb04c84 f sockcore.obj
 0001:00003c99       ?GetMessageMap@CSocketWnd@@MBEPBUAFX_MSGMAP@@XZ 5fb04c99 f sockcore.obj
 0001:00003cb4       ??BCAsyncSocket@@QBEIXZ    5fb04cb4 f sockcore.obj
 0001:00003cd0       ?GetPeerName@CAsyncSocket@@QAEHPAUsockaddr@@PAH@Z 5fb04cd0 f sockcore.obj
 0001:00003d12       ?GetSockName@CAsyncSocket@@QAEHPAUsockaddr@@PAH@Z 5fb04d12 f sockcore.obj
 0001:00003d54       ?SetSockOpt@CAsyncSocket@@QAEHHPBXHH@Z 5fb04d54 f sockcore.obj
 0001:00003d9e       ?GetSockOpt@CAsyncSocket@@QAEHHPAXPAHH@Z 5fb04d9e f sockcore.obj
 0001:00003de8       ?FromHandle@CAsyncSocket@@SGPAV1@I@Z 5fb04de8 f sockcore.obj
 0001:00003e05       ?GetLastError@CAsyncSocket@@SGHXZ 5fb04e05 f sockcore.obj
 0001:00003e1b       ?Bind@CAsyncSocket@@QAEHPBUsockaddr@@H@Z 5fb04e1b f sockcore.obj
 0001:00003e5d       ?Connect@CAsyncSocket@@QAEHPBUsockaddr@@H@Z 5fb04e5d f sockcore.obj
 0001:00003e88       ?IOCtl@CAsyncSocket@@QAEHJPAK@Z 5fb04e88 f sockcore.obj
 0001:00003ed3       ?Listen@CAsyncSocket@@QAEHH@Z 5fb04ed3 f sockcore.obj
 0001:00003f11       ?ReceiveFrom@CAsyncSocket@@QAEHPAXHPAUsockaddr@@PAHH@Z 5fb04f11 f sockcore.obj
 0001:00003f48       ?ShutDown@CAsyncSocket@@QAEHH@Z 5fb04f48 f sockcore.obj
 0001:00003f86       ?SendTo@CAsyncSocket@@QAEHPBXHPBUsockaddr@@HH@Z 5fb04f86 f sockcore.obj
 0001:00003fbd       ?Create@CSocket@@QAEHIHPBD@Z 5fb04fbd f sockcore.obj
 0001:00003feb       ?IsBlocking@CSocket@@QAEHXZ 5fb04feb f sockcore.obj
 0001:0000401a       ?FromHandle@CSocket@@SGPAV1@I@Z 5fb0501a f sockcore.obj
 0001:00004037       ?Attach@CSocket@@QAEHI@Z   5fb05037 f sockcore.obj
 0001:00004060       ?AfxLoadSock@@YAPAUHINSTANCE__@@PAP6GHXZPBD@Z 5fb05060 f sockcore.obj
 0001:00004090       ??_G_AFX_SOCK_THREAD_STATE@@UAEPAXI@Z 5fb05090 f sockcore.obj
 0001:00004090       ??_E_AFX_SOCK_THREAD_STATE@@UAEPAXI@Z 5fb05090 f sockcore.obj
 0001:000040d0       ??0_AFX_SOCK_THREAD_STATE@@QAE@XZ 5fb050d0 f sockcore.obj
 0001:000041a0       ??_ECSocketFile@@UAEPAXI@Z 5fb051a0 f sockcore.obj
 0001:000041a0       ??_GCSocketFile@@UAEPAXI@Z 5fb051a0 f sockcore.obj
 0001:000041e0       ??_GCSocketWnd@@UAEPAXI@Z  5fb051e0 f sockcore.obj
 0001:000041e0       ??_ECSocketWnd@@UAEPAXI@Z  5fb051e0 f sockcore.obj
 0001:00004220       ??1CSocketWnd@@UAE@XZ      5fb05220 f sockcore.obj
 0001:000043b0       ??_ECAsyncSocket@@UAEPAXI@Z 5fb053b0 f dllnet.obj
 0001:00004420       ??_ECSocket@@UAEPAXI@Z     5fb05420 f dllnet.obj
 0002:00000058       ?messageMap@CSocketWnd@@1UAFX_MSGMAP@@B 5fb06058   sockcore.obj
 0002:00000060       ?_messageEntries@CSocketWnd@@0PBUAFX_MSGMAP_ENTRY@@B 5fb06060   sockcore.obj
 0002:000000ac       ??_7_AFX_SOCK_STATE@@6B@   5fb060ac   sockcore.obj
 0002:000000b4       ??_7_AFX_SOCK_THREAD_STATE@@6B@ 5fb060b4   sockcore.obj
 0002:000000bc       ??_7CNoTrackObject@@6B@    5fb060bc   sockcore.obj
 0002:000000c4       ??_7CAsyncSocket@@6B@      5fb060c4   sockcore.obj
 0002:00000114       ??_7CSocket@@6B@           5fb06114   sockcore.obj
 0002:0000016c       ??_7CSocketFile@@6B@       5fb0616c   sockcore.obj
 0002:000001cc       ??_7CSocketWnd@@6B@        5fb061cc   sockcore.obj
 0002:000002bc       ??_7type_info@@6B@         5fb062bc   msvcrtd:ti_inst.obj
 0002:000002c0       ??_R4_AFX_SOCK_STATE@@6B@  5fb062c0   sockcore.obj
 0002:000002d8       ??_R3_AFX_SOCK_STATE@@8    5fb062d8   sockcore.obj
 0002:000002e8       ??_R2_AFX_SOCK_STATE@@8    5fb062e8   sockcore.obj
 0002:000002f8       ??_R1A@?0A@A@_AFX_SOCK_STATE@@8 5fb062f8   sockcore.obj
 0002:00000310       ??_R1A@?0A@A@CNoTrackObject@@8 5fb06310   sockcore.obj
 0002:00000328       ??_R4_AFX_SOCK_THREAD_STATE@@6B@ 5fb06328   sockcore.obj
 0002:00000340       ??_R3_AFX_SOCK_THREAD_STATE@@8 5fb06340   sockcore.obj
 0002:00000350       ??_R2_AFX_SOCK_THREAD_STATE@@8 5fb06350   sockcore.obj
 0002:00000360       ??_R1A@?0A@A@_AFX_SOCK_THREAD_STATE@@8 5fb06360   sockcore.obj
 0002:00000378       ??_R4CNoTrackObject@@6B@   5fb06378   sockcore.obj
 0002:00000390       ??_R3CNoTrackObject@@8     5fb06390   sockcore.obj
 0002:000003a0       ??_R2CNoTrackObject@@8     5fb063a0   sockcore.obj
 0002:000003a8       ??_R4CAsyncSocket@@6B@     5fb063a8   sockcore.obj
 0002:000003c0       ??_R3CAsyncSocket@@8       5fb063c0   sockcore.obj
 0002:000003d0       ??_R2CAsyncSocket@@8       5fb063d0   sockcore.obj
 0002:000003e0       ??_R1A@?0A@A@CAsyncSocket@@8 5fb063e0   sockcore.obj
 0002:000003f8       ??_R1A@?0A@A@CObject@@8    5fb063f8   sockcore.obj
 0002:00000410       ??_R4CSocket@@6B@          5fb06410   sockcore.obj
 0002:00000428       ??_R3CSocket@@8            5fb06428   sockcore.obj
 0002:00000438       ??_R2CSocket@@8            5fb06438   sockcore.obj
 0002:00000448       ??_R1A@?0A@A@CSocket@@8    5fb06448   sockcore.obj
 0002:00000460       ??_R4CSocketFile@@6B@      5fb06460   sockcore.obj
 0002:00000478       ??_R3CSocketFile@@8        5fb06478   sockcore.obj
 0002:00000488       ??_R2CSocketFile@@8        5fb06488   sockcore.obj
 0002:00000498       ??_R1A@?0A@A@CFile@@8      5fb06498   sockcore.obj
 0002:000004b0       ??_R1A@?0A@A@CSocketFile@@8 5fb064b0   sockcore.obj
 0002:000004c8       ??_R4CSocketWnd@@6B@       5fb064c8   sockcore.obj
 0002:000004e0       ??_R3CSocketWnd@@8         5fb064e0   sockcore.obj
 0002:000004f0       ??_R2CSocketWnd@@8         5fb064f0   sockcore.obj
 0002:00000508       ??_R1A@?0A@A@CSocketWnd@@8 5fb06508   sockcore.obj
 0002:00000520       ??_R1A@?0A@A@CCmdTarget@@8 5fb06520   sockcore.obj
 0002:00000538       ??_R1A@?0A@A@CWnd@@8       5fb06538   sockcore.obj
 0002:00000550       ??_R4type_info@@6B@        5fb06550   msvcrtd:ti_inst.obj
 0002:00000568       ??_R3type_info@@8          5fb06568   msvcrtd:ti_inst.obj
 0002:00000578       ??_R2type_info@@8          5fb06578   msvcrtd:ti_inst.obj
 0002:00000580       ??_R1A@?0A@A@type_info@@8  5fb06580   msvcrtd:ti_inst.obj
 0003:00000000       ___xc_a                    5fb07000   msvcrtd:cinitexe.obj
 0003:00000018       ___xc_z                    5fb07018   msvcrtd:cinitexe.obj
 0003:0000001c       ___xi_a                    5fb0701c   msvcrtd:cinitexe.obj
 0003:00000020       ___xi_z                    5fb07020   msvcrtd:cinitexe.obj
 0003:0000003c       __pRawDllMain              5fb0703c   dllnet.obj
 0003:00000040       ?_afxForceVectorDelete_mfcn@@3P6AXXZA 5fb07040   dllnet.obj
 0003:00000044       ??_C@_0L@JIOI@MFC40D?4DLL?$AA@ 5fb07044   dllnet.obj
 0003:00000050       ??_C@_0M@FJKI@CSocketFile?$AA@ 5fb07050   sockcore.obj
 0003:0000005c       ??_C@_07MBCI@CSocket?$AA@  5fb0705c   sockcore.obj
 0003:00000064       ??_C@_0N@CCKH@CAsyncSocket?$AA@ 5fb07064   sockcore.obj
 0003:00000088       ?_afxSOCK@@3UAFX_SOCK_CALL@@A 5fb07088   sockcore.obj
 0003:00000170       ?classCAsyncSocket@CAsyncSocket@@2UCRuntimeClass@@A 5fb07170   sockcore.obj
 0003:00000188       ?classCSocket@CSocket@@2UCRuntimeClass@@A 5fb07188   sockcore.obj
 0003:000001a0       ?classCSocketFile@CSocketFile@@2UCRuntimeClass@@A 5fb071a0   sockcore.obj
 0003:000001b8       ??_C@_06JGM@accept?$AA@    5fb071b8   sockcore.obj
 0003:000001c0       ??_C@_0M@CGKO@WSOCK32?4DLL?$AA@ 5fb071c0   sockcore.obj
 0003:000001cc       ??_C@_05MHGE@htons?$AA@    5fb071cc   sockcore.obj
 0003:000001d4       ??_C@_09NHDB@inet_addr?$AA@ 5fb071d4   sockcore.obj
 0003:000001e0       ??_C@_0M@BGOH@closesocket?$AA@ 5fb071e0   sockcore.obj
 0003:000001ec       ??_C@_0M@NGKD@getsockname?$AA@ 5fb071ec   sockcore.obj
 0003:000001f8       ??_C@_0M@PJMM@getpeername?$AA@ 5fb071f8   sockcore.obj
 0003:00000204       ??_C@_05HAEE@ntohs?$AA@    5fb07204   sockcore.obj
 0003:0000020c       ??_C@_09POBH@inet_ntoa?$AA@ 5fb0720c   sockcore.obj
 0003:00000218       ??_C@_0BA@OODD@WSAGetLastError?$AA@ 5fb07218   sockcore.obj
 0003:00000228       ??_C@_0BA@IHDB@WSASetLastError?$AA@ 5fb07228   sockcore.obj
 0003:00000238       ??_C@_0L@BKPI@WSAStartup?$AA@ 5fb07238   sockcore.obj
 0003:00000244       ??_C@_0L@KLBB@WSACleanup?$AA@ 5fb07244   sockcore.obj
 0003:00000250       ??_C@_05GPEJ@htonl?$AA@    5fb07250   sockcore.obj
 0003:00000258       ??_C@_06KDPK@socket?$AA@   5fb07258   sockcore.obj
 0003:00000260       ??_C@_0O@BLIP@gethostbyname?$AA@ 5fb07260   sockcore.obj
 0003:00000270       ??_C@_04NJFL@recv?$AA@     5fb07270   sockcore.obj
 0003:00000278       ??_C@_04PJAD@send?$AA@     5fb07278   sockcore.obj
 0003:00000280       ??_C@_0P@KNOI@WSAAsyncSelect?$AA@ 5fb07280   sockcore.obj
 0003:00000290       ??_C@_08DJPD@recvfrom?$AA@ 5fb07290   sockcore.obj
 0003:0000029c       ??_C@_06CILG@sendto?$AA@   5fb0729c   sockcore.obj
 0003:000002a4       ??_C@_07DHIJ@connect?$AA@  5fb072a4   sockcore.obj
 0003:000002ac       ??_C@_04FBJP@bind?$AA@     5fb072ac   sockcore.obj
 0003:000002b4       ??_C@_0L@PCGG@setsockopt?$AA@ 5fb072b4   sockcore.obj
 0003:000002c0       ??_C@_0L@DBEL@getsockopt?$AA@ 5fb072c0   sockcore.obj
 0003:000002cc       ??_C@_0M@LOFA@ioctlsocket?$AA@ 5fb072cc   sockcore.obj
 0003:000002d8       ??_C@_06IODP@listen?$AA@   5fb072d8   sockcore.obj
 0003:000002e0       ??_C@_08DHEI@shutdown?$AA@ 5fb072e0   sockcore.obj
 0003:000002f0       ??_R0?AV_AFX_SOCK_STATE@@@8 5fb072f0   sockcore.obj
 0003:00000310       ??_R0?AVCNoTrackObject@@@8 5fb07310   sockcore.obj
 0003:00000330       ??_R0?AV_AFX_SOCK_THREAD_STATE@@@8 5fb07330   sockcore.obj
 0003:00000358       ??_R0?AVCAsyncSocket@@@8   5fb07358   sockcore.obj
 0003:00000378       ??_R0?AVCObject@@@8        5fb07378   sockcore.obj
 0003:00000390       ??_C@_0BP@HHMD@D?3?2msdev?2mfc?2include?2afxtls_?4h?$AA@ 5fb07390   sockcore.obj
 0003:000003b0       ??_C@_0DB@FJKP@Warning?3?5unable?5to?5create?5socket@ 5fb073b0   sockcore.obj
 0003:000003e4       ??_C@_0BJ@HDPG@Socket?5Notification?5Sink?$AA@ 5fb073e4   sockcore.obj
 0003:00000400       ??_C@_01BJG@?6?$AA@        5fb07400   sockcore.obj
 0003:00000404       ??_C@_0BA@MMD@INVALID_SOCKET?6?$AA@ 5fb07404   sockcore.obj
 0003:00000414       ??_C@_0N@HJN@m_hSocket?5?$DN?5?$AA@ 5fb07414   sockcore.obj
 0003:00000428       ??_R0?AVCSocket@@@8        5fb07428   sockcore.obj
 0003:00000440       ??_R0PAVCException@@@8     5fb07440   sockcore.obj
 0003:0000045c       ??_C@_0DG@NLAD@Error?3?5caught?5exception?5in?5PumpM@ 5fb0745c   sockcore.obj
 0003:00000494       ??_C@_0BD@MNOG@m_nConnectError?5?$DN?5?$AA@ 5fb07494   sockcore.obj
 0003:000004a8       ??_C@_0BA@EKGE@m_pbBlocking?5?$DN?5?$AA@ 5fb074a8   sockcore.obj
 0003:000004b8       ??_R0?AVCFile@@@8          5fb074b8   sockcore.obj
 0003:000004d0       ??_R0?AVCSocketFile@@@8    5fb074d0   sockcore.obj
 0003:000004ec       ??_C@_0DB@HFNB@Warning?5?9?5Attempt?5made?5to?5seek?5o@ 5fb074ec   sockcore.obj
 0003:00000520       ??_C@_0O@FJPJ@with?5socket?3?5?$AA@ 5fb07520   sockcore.obj
 0003:00000530       ??_C@_0BA@JPDC@with?5no?5socket?6?$AA@ 5fb07530   sockcore.obj
 0003:00000540       ??_R0?AVCSocketWnd@@@8     5fb07540   sockcore.obj
 0003:00000560       ??_R0?AVCCmdTarget@@@8     5fb07560   sockcore.obj
 0003:00000580       ??_R0?AVCWnd@@@8           5fb07580   sockcore.obj
 0003:00000598       ??_R0?AVtype_info@@@8      5fb07598   msvcrtd:ti_inst.obj
 0003:000005b0       ___win32sflag              5fb075b0   msvcrtd:atonexit.obj
 0003:000005bc       ??_C@_08JKC@crtdll?4c?$AA@ 5fb075bc   msvcrtd:crtdll.obj
 0003:000005dc       ?_afxSockThreadState@@3V?$CThreadLocal@V_AFX_SOCK_THREAD_STATE@@@@A 5fb075dc   sockcore.obj
 0003:000005ec       ?_afxSockState@@3V?$CProcessLocal@V_AFX_SOCK_STATE@@@@A 5fb075ec   sockcore.obj
 0003:000005f0       __adjust_fdiv              5fb075f0   <common>
 0003:000005f4       ___onexitend               5fb075f4   <common>
 0003:000005f8       ___onexitbegin             5fb075f8   <common>
 0004:00000000       __IMPORT_DESCRIPTOR_MFC40D 5fb08000   MFC40D:MFC40D.DLL
 0004:00000014       __IMPORT_DESCRIPTOR_MSVCR40D 5fb08014   msvcrtd:MSVCR40D.dll
 0004:00000028       __IMPORT_DESCRIPTOR_KERNEL32 5fb08028   kernel32:KERNEL32.dll
 0004:0000003c       __IMPORT_DESCRIPTOR_USER32 5fb0803c   user32:USER32.dll
 0004:00000050       __NULL_IMPORT_DESCRIPTOR   5fb08050   MFC40D:MFC40D.DLL
 0004:000002ac       __imp__GetModuleHandleA@4  5fb082ac   kernel32:KERNEL32.dll
 0004:000002b0       __imp__LocalFree@4         5fb082b0   kernel32:KERNEL32.dll
 0004:000002b4       __imp__FreeLibrary@4       5fb082b4   kernel32:KERNEL32.dll
 0004:000002b8       __imp__LoadLibraryA@4      5fb082b8   kernel32:KERNEL32.dll
 0004:000002bc       __imp__DisableThreadLibraryCalls@4 5fb082bc   kernel32:KERNEL32.dll
 0004:000002c0       __imp__LocalAlloc@8        5fb082c0   kernel32:KERNEL32.dll
 0004:000002c4       __imp__GetVersion@0        5fb082c4   kernel32:KERNEL32.dll
 0004:000002c8       __imp__GlobalFree@4        5fb082c8   kernel32:KERNEL32.dll
 0004:000002cc       __imp__Sleep@4             5fb082cc   kernel32:KERNEL32.dll
 0004:000002d0       __imp__GlobalAlloc@8       5fb082d0   kernel32:KERNEL32.dll
 0004:000002d4       \177KERNEL32_NULL_THUNK_DATA 5fb082d4   kernel32:KERNEL32.dll
 0004:000002d8       __imp_??0CMapPtrToPtr@@QAE@H@Z 5fb082d8   MFC40D:MFC40D.DLL
 0004:000002dc       __imp_??1CPtrList@@UAE@XZ  5fb082dc   MFC40D:MFC40D.DLL
 0004:000002e0       __imp_?RemoveHead@CPtrList@@QAEPAXXZ 5fb082e0   MFC40D:MFC40D.DLL
 0004:000002e4       __imp_?IsEmpty@CPtrList@@QBEHXZ 5fb082e4   MFC40D:MFC40D.DLL
 0004:000002e8       __imp_??3CNoTrackObject@@SGXPAX@Z 5fb082e8   MFC40D:MFC40D.DLL
 0004:000002ec       __imp_?Serialize@CObject@@UAEXAAVCArchive@@@Z 5fb082ec   MFC40D:MFC40D.DLL
 0004:000002f0       __imp_??1CObject@@UAE@XZ   5fb082f0   MFC40D:MFC40D.DLL
 0004:000002f4       __imp_??0CObject@@IAE@XZ   5fb082f4   MFC40D:MFC40D.DLL
 0004:000002f8       __imp_??4CString@@QAEABV0@PBD@Z 5fb082f8   MFC40D:MFC40D.DLL
 0004:000002fc       __imp_?GetData@CThreadLocalObject@@QAEPAVCNoTrackObject@@P6GPAV2@XZ@Z 5fb082fc   MFC40D:MFC40D.DLL
 0004:00000300       __imp_??2CNoTrackObject@@SGPAXI@Z 5fb08300   MFC40D:MFC40D.DLL
 0004:00000304       __imp_?AfxLoadDll@@YGPAUHINSTANCE__@@AAPAU1@PBDPAP6GHXZ1@Z 5fb08304   MFC40D:MFC40D.DLL
 0004:00000308       __imp_??1CMapPtrToPtr@@UAE@XZ 5fb08308   MFC40D:MFC40D.DLL
 0004:0000030c       __imp_?Lookup@CMapPtrToPtr@@QBEHPAXAAPAX@Z 5fb0830c   MFC40D:MFC40D.DLL
 0004:00000310       __imp_?AfxEnableMemoryTracking@@YGHH@Z 5fb08310   MFC40D:MFC40D.DLL
 0004:00000314       __imp_?SetAt@CMapPtrToPtr@@QAEXPAX0@Z 5fb08314   MFC40D:MFC40D.DLL
 0004:00000318       __imp_?FromHandlePermanent@CWnd@@SGPAV1@PAUHWND__@@@Z 5fb08318   MFC40D:MFC40D.DLL
 0004:0000031c       __imp_?AfxThrowResourceException@@YGXXZ 5fb0831c   MFC40D:MFC40D.DLL
 0004:00000320       __imp_?AfxTrace@@YAXPBDZZ  5fb08320   MFC40D:MFC40D.DLL
 0004:00000324       __imp_?CreateEx@CWnd@@QAEHKPBD0KHHHHPAUHWND__@@PAUHMENU__@@PAX@Z 5fb08324   MFC40D:MFC40D.DLL
 0004:00000328       __imp_?AfxRegisterWndClass@@YGPBDIPAUHICON__@@PAUHBRUSH__@@0@Z 5fb08328   MFC40D:MFC40D.DLL
 0004:0000032c       __imp_??2CObject@@SGPAXIPBDH@Z 5fb0832c   MFC40D:MFC40D.DLL
 0004:00000330       __imp_?IsEmpty@CMapPtrToPtr@@QBEHXZ 5fb08330   MFC40D:MFC40D.DLL
 0004:00000334       __imp_?RemoveKey@CMapPtrToPtr@@QAEHPAX@Z 5fb08334   MFC40D:MFC40D.DLL
 0004:00000338       __imp_??0CPtrList@@QAE@H@Z 5fb08338   MFC40D:MFC40D.DLL
 0004:0000033c       __imp_?RemoveAll@CMapPtrToPtr@@QAEXXZ 5fb0833c   MFC40D:MFC40D.DLL
 0004:00000340       __imp_?AssertValid@CObject@@UBEXXZ 5fb08340   MFC40D:MFC40D.DLL
 0004:00000344       __imp_??6CDumpContext@@QAEAAV0@PBD@Z 5fb08344   MFC40D:MFC40D.DLL
 0004:00000348       __imp_??6CDumpContext@@QAEAAV0@I@Z 5fb08348   MFC40D:MFC40D.DLL
 0004:0000034c       __imp_?Dump@CObject@@UBEXAAVCDumpContext@@@Z 5fb0834c   MFC40D:MFC40D.DLL
 0004:00000350       __imp_?AddTail@CPtrList@@QAEPAU__POSITION@@PAX@Z 5fb08350   MFC40D:MFC40D.DLL
 0004:00000354       __imp_??2@YAPAXIPBDH@Z     5fb08354   MFC40D:MFC40D.DLL
 0004:00000358       __imp_?Delete@CException@@QAEXXZ 5fb08358   MFC40D:MFC40D.DLL
 0004:0000035c       __imp_?IsKindOf@CObject@@QBEHPBUCRuntimeClass@@@Z 5fb0835c   MFC40D:MFC40D.DLL
 0004:00000360       __imp_?classCException@CException@@2UCRuntimeClass@@A 5fb08360   MFC40D:MFC40D.DLL
 0004:00000364       __imp_?AfxGetThread@@YGPAVCWinThread@@XZ 5fb08364   MFC40D:MFC40D.DLL
 0004:00000368       __imp_?GetData@CProcessLocalObject@@QAEPAVCNoTrackObject@@P6GPAV2@XZ@Z 5fb08368   MFC40D:MFC40D.DLL
 0004:0000036c       __imp_??6CDumpContext@@QAEAAV0@H@Z 5fb0836c   MFC40D:MFC40D.DLL
 0004:00000370       __imp_??6CDumpContext@@QAEAAV0@PBX@Z 5fb08370   MFC40D:MFC40D.DLL
 0004:00000374       __imp_?GetBufferPtr@CFile@@UAEIIIPAPAX0@Z 5fb08374   MFC40D:MFC40D.DLL
 0004:00000378       __imp_?SetFilePath@CFile@@UAEXPBD@Z 5fb08378   MFC40D:MFC40D.DLL
 0004:0000037c       __imp_?GetFilePath@CFile@@UBE?AVCString@@XZ 5fb0837c   MFC40D:MFC40D.DLL
 0004:00000380       __imp_?GetFileTitle@CFile@@UBE?AVCString@@XZ 5fb08380   MFC40D:MFC40D.DLL
 0004:00000384       __imp_?GetFileName@CFile@@UBE?AVCString@@XZ 5fb08384   MFC40D:MFC40D.DLL
 0004:00000388       __imp_??1CFile@@UAE@XZ     5fb08388   MFC40D:MFC40D.DLL
 0004:0000038c       __imp_??0CFile@@QAE@XZ     5fb0838c   MFC40D:MFC40D.DLL
 0004:00000390       __imp_?AfxThrowFileException@@YGXHJPBD@Z 5fb08390   MFC40D:MFC40D.DLL
 0004:00000394       __imp_?AfxThrowNotSupportedException@@YGXXZ 5fb08394   MFC40D:MFC40D.DLL
 0004:00000398       __imp_?AssertValid@CFile@@UBEXXZ 5fb08398   MFC40D:MFC40D.DLL
 0004:0000039c       __imp_??6CDumpContext@@QAEAAV0@PBVCObject@@@Z 5fb0839c   MFC40D:MFC40D.DLL
 0004:000003a0       __imp_?GetDepth@CDumpContext@@QBEHXZ 5fb083a0   MFC40D:MFC40D.DLL
 0004:000003a4       __imp_?AfxAssertValidObject@@YGXPBVCObject@@PBDH@Z 5fb083a4   MFC40D:MFC40D.DLL
 0004:000003a8       __imp_?AfxGetAppModuleState@@YGPAVAFX_MODULE_STATE@@XZ 5fb083a8   MFC40D:MFC40D.DLL
 0004:000003ac       __imp_?IsFrameWnd@CWnd@@UBEHXZ 5fb083ac   MFC40D:MFC40D.DLL
 0004:000003b0       __imp_?CheckAutoCenter@CWnd@@UAEHXZ 5fb083b0   MFC40D:MFC40D.DLL
 0004:000003b4       __imp_?OnChildNotify@CWnd@@MAEHIIJPAJ@Z 5fb083b4   MFC40D:MFC40D.DLL
 0004:000003b8       __imp_?PostNcDestroy@CWnd@@MAEXXZ 5fb083b8   MFC40D:MFC40D.DLL
 0004:000003bc       __imp_?DefWindowProcA@CWnd@@MAEJIIJ@Z 5fb083bc   MFC40D:MFC40D.DLL
 0004:000003c0       __imp_?OnWndMsg@CWnd@@MAEHIIJPAJ@Z 5fb083c0   MFC40D:MFC40D.DLL
 0004:000003c4       __imp_?WindowProc@CWnd@@MAEJIIJ@Z 5fb083c4   MFC40D:MFC40D.DLL
 0004:000003c8       __imp_?OnAmbientProperty@CWnd@@UAEHPAVCOleControlSite@@JPAUtagVARIANT@@@Z 5fb083c8   MFC40D:MFC40D.DLL
 0004:000003cc       __imp_?PreTranslateMessage@CWnd@@UAEHPAUtagMSG@@@Z 5fb083cc   MFC40D:MFC40D.DLL
 0004:000003d0       __imp_?AfxGetModuleState@@YGPAVAFX_MODULE_STATE@@XZ 5fb083d0   MFC40D:MFC40D.DLL
 0004:000003d4       __imp_?BeginModalState@CWnd@@UAEXXZ 5fb083d4   MFC40D:MFC40D.DLL
 0004:000003d8       __imp_?DoDataExchange@CWnd@@MAEXPAVCDataExchange@@@Z 5fb083d8   MFC40D:MFC40D.DLL
 0004:000003dc       __imp_?GetSuperWndProcAddr@CWnd@@MAEPAP6GJPAUHWND__@@IIJ@ZXZ 5fb083dc   MFC40D:MFC40D.DLL
 0004:000003e0       __imp_?OnNotify@CWnd@@MAEHIJPAJ@Z 5fb083e0   MFC40D:MFC40D.DLL
 0004:000003e4       __imp_?OnCommand@CWnd@@MAEHIJ@Z 5fb083e4   MFC40D:MFC40D.DLL
 0004:000003e8       __imp_?EndModalLoop@CWnd@@UAEXH@Z 5fb083e8   MFC40D:MFC40D.DLL
 0004:000003ec       __imp_?ContinueModal@CWnd@@UAEHXZ 5fb083ec   MFC40D:MFC40D.DLL
 0004:000003f0       __imp_?WinHelpA@CWnd@@UAEXKI@Z 5fb083f0   MFC40D:MFC40D.DLL
 0004:000003f4       __imp_?GetScrollBarCtrl@CWnd@@UBEPAVCScrollBar@@H@Z 5fb083f4   MFC40D:MFC40D.DLL
 0004:000003f8       __imp_?OnToolHitTest@CWnd@@UBEHVCPoint@@PAUtagTOOLINFOA@@@Z 5fb083f8   MFC40D:MFC40D.DLL
 0004:000003fc       __imp_?CalcWindowRect@CWnd@@UAEXPAUtagRECT@@I@Z 5fb083fc   MFC40D:MFC40D.DLL
 0004:00000400       __imp_?PreCreateWindow@CWnd@@UAEHAAUtagCREATESTRUCTA@@@Z 5fb08400   MFC40D:MFC40D.DLL
 0004:00000404       __imp_?DestroyWindow@CWnd@@UAEHXZ 5fb08404   MFC40D:MFC40D.DLL
 0004:00000408       __imp_?Create@CWnd@@UAEHPBD0KABUtagRECT@@PAV1@IPAUCCreateContext@@@Z 5fb08408   MFC40D:MFC40D.DLL
 0004:0000040c       __imp_?PreSubclassWindow@CWnd@@UAEXXZ 5fb0840c   MFC40D:MFC40D.DLL
 0004:00000410       __imp_?GetConnectionHook@CCmdTarget@@MAEPAUIConnectionPoint@@ABU_GUID@@@Z 5fb08410   MFC40D:MFC40D.DLL
 0004:00000414       __imp_?GetExtraConnectionPoints@CCmdTarget@@MAEHPAVCPtrArray@@@Z 5fb08414   MFC40D:MFC40D.DLL
 0004:00000418       __imp_?GetInterfaceHook@CCmdTarget@@UAEPAUIUnknown@@PBX@Z 5fb08418   MFC40D:MFC40D.DLL
 0004:0000041c       __imp_?OnCreateAggregates@CCmdTarget@@UAEHXZ 5fb0841c   MFC40D:MFC40D.DLL
 0004:00000420       __imp_?GetEventSinkMap@CCmdTarget@@MBEPBUAFX_EVENTSINKMAP@@XZ 5fb08420   MFC40D:MFC40D.DLL
 0004:00000424       __imp_?GetInterfaceMap@CCmdTarget@@MBEPBUAFX_INTERFACEMAP@@XZ 5fb08424   MFC40D:MFC40D.DLL
 0004:00000428       __imp_?GetConnectionMap@CCmdTarget@@MBEPBUAFX_CONNECTIONMAP@@XZ 5fb08428   MFC40D:MFC40D.DLL
 0004:0000042c       __imp_?GetDispatchMap@CCmdTarget@@MBEPBUAFX_DISPMAP@@XZ 5fb0842c   MFC40D:MFC40D.DLL
 0004:00000430       __imp_?GetTypeLib@CCmdTarget@@UAEJKPAPAUITypeLib@@@Z 5fb08430   MFC40D:MFC40D.DLL
 0004:00000434       __imp_?GetTypeLibCache@CCmdTarget@@UAEPAVCTypeLibCache@@XZ 5fb08434   MFC40D:MFC40D.DLL
 0004:00000438       __imp_?GetTypeInfoCount@CCmdTarget@@UAEIXZ 5fb08438   MFC40D:MFC40D.DLL
 0004:0000043c       __imp_?GetDispatchIID@CCmdTarget@@UAEHPAU_GUID@@@Z 5fb0843c   MFC40D:MFC40D.DLL
 0004:00000440       __imp_?IsInvokeAllowed@CCmdTarget@@UAEHJ@Z 5fb08440   MFC40D:MFC40D.DLL
 0004:00000444       __imp_?OnFinalRelease@CWnd@@UAEXXZ 5fb08444   MFC40D:MFC40D.DLL
 0004:00000448       __imp_?OnCmdMsg@CCmdTarget@@UAEHIHPAXPAUAFX_CMDHANDLERINFO@@@Z 5fb08448   MFC40D:MFC40D.DLL
 0004:0000044c       __imp_?Dump@CWnd@@UBEXAAVCDumpContext@@@Z 5fb0844c   MFC40D:MFC40D.DLL
 0004:00000450       __imp_?AssertValid@CWnd@@UBEXXZ 5fb08450   MFC40D:MFC40D.DLL
 0004:00000454       __imp_?GetRuntimeClass@CWnd@@UBEPAUCRuntimeClass@@XZ 5fb08454   MFC40D:MFC40D.DLL
 0004:00000458       __imp_??1CWnd@@UAE@XZ      5fb08458   MFC40D:MFC40D.DLL
 0004:0000045c       __imp_??0CWnd@@QAE@XZ      5fb0845c   MFC40D:MFC40D.DLL
 0004:00000460       __imp_?messageMap@CWnd@@1UAFX_MSGMAP@@B 5fb08460   MFC40D:MFC40D.DLL
 0004:00000464       __imp_?classCObject@CObject@@2UCRuntimeClass@@A 5fb08464   MFC40D:MFC40D.DLL
 0004:00000468       __imp_??0AFX_CLASSINIT@@QAE@PAUCRuntimeClass@@@Z 5fb08468   MFC40D:MFC40D.DLL
 0004:0000046c       __imp_?classCFile@CFile@@2UCRuntimeClass@@A 5fb0846c   MFC40D:MFC40D.DLL
 0004:00000470       __imp_??1CProcessLocalObject@@QAE@XZ 5fb08470   MFC40D:MFC40D.DLL
 0004:00000474       __imp_??1CThreadLocalObject@@QAE@XZ 5fb08474   MFC40D:MFC40D.DLL
 0004:00000478       __imp_??2@YAPAXI@Z         5fb08478   MFC40D:MFC40D.DLL
 0004:0000047c       __imp_??3@YAXPAX@Z         5fb0847c   MFC40D:MFC40D.DLL
 0004:00000480       __imp_??0CDynLinkLibrary@@QAE@AAUAFX_EXTENSION_MODULE@@H@Z 5fb08480   MFC40D:MFC40D.DLL
 0004:00000484       __imp_?AfxInitExtensionModule@@YGHAAUAFX_EXTENSION_MODULE@@PAUHINSTANCE__@@@Z 5fb08484   MFC40D:MFC40D.DLL
 0004:00000488       __imp_??2CObject@@SGPAXI@Z 5fb08488   MFC40D:MFC40D.DLL
 0004:0000048c       __imp_??3CObject@@SGXPAX@Z 5fb0848c   MFC40D:MFC40D.DLL
 0004:00000490       __imp_?AfxAssertFailedLine@@YGHPBDH@Z 5fb08490   MFC40D:MFC40D.DLL
 0004:00000494       __imp_?AfxTermExtensionModule@@YGXAAUAFX_EXTENSION_MODULE@@H@Z 5fb08494   MFC40D:MFC40D.DLL
 0004:00000498       __imp_?Dump@CFile@@UBEXAAVCDumpContext@@@Z 5fb08498   MFC40D:MFC40D.DLL
 0004:0000049c       __imp_?SetOccDialogInfo@CWnd@@MAEHPAU_AFX_OCC_DIALOG_INFO@@@Z 5fb0849c   MFC40D:MFC40D.DLL
 0004:000004a0       __imp_?EndModalState@CWnd@@UAEXXZ 5fb084a0   MFC40D:MFC40D.DLL
 0004:000004a4       \177MFC40D_NULL_THUNK_DATA 5fb084a4   MFC40D:MFC40D.DLL
 0004:000004a8       __imp___except_handler3    5fb084a8   msvcrtd:MSVCR40D.dll
 0004:000004ac       __imp___adjust_fdiv        5fb084ac   msvcrtd:MSVCR40D.dll
 0004:000004b0       __imp___malloc_dbg         5fb084b0   msvcrtd:MSVCR40D.dll
 0004:000004b4       __imp___initterm           5fb084b4   msvcrtd:MSVCR40D.dll
 0004:000004b8       __imp___free_dbg           5fb084b8   msvcrtd:MSVCR40D.dll
 0004:000004bc       __imp___onexit             5fb084bc   msvcrtd:MSVCR40D.dll
 0004:000004c0       __imp____dllonexit         5fb084c0   msvcrtd:MSVCR40D.dll
 0004:000004c4       __imp_??1type_info@@UAE@XZ 5fb084c4   msvcrtd:MSVCR40D.dll
 0004:000004c8       __imp_?terminate@@YAXXZ    5fb084c8   msvcrtd:MSVCR40D.dll
 0004:000004cc       __imp__memset              5fb084cc   msvcrtd:MSVCR40D.dll
 0004:000004d0       __imp____CxxFrameHandler   5fb084d0   msvcrtd:MSVCR40D.dll
 0004:000004d4       \177MSVCR40D_NULL_THUNK_DATA 5fb084d4   msvcrtd:MSVCR40D.dll
 0004:000004d8       __imp__DispatchMessageA@4  5fb084d8   user32:USER32.dll
 0004:000004dc       __imp__PeekMessageA@20     5fb084dc   user32:USER32.dll
 0004:000004e0       __imp__KillTimer@8         5fb084e0   user32:USER32.dll
 0004:000004e4       __imp__WaitMessage@0       5fb084e4   user32:USER32.dll
 0004:000004e8       __imp__SetTimer@16         5fb084e8   user32:USER32.dll
 0004:000004ec       __imp__PostMessageA@16     5fb084ec   user32:USER32.dll
 0004:000004f0       \177USER32_NULL_THUNK_DATA 5fb084f0   user32:USER32.dll

 entry point at        0001:00000b50

 Static symbols

 0001:00000f35       _$E321                     5fb01f35 f sockcore.obj
 0001:00000f4a       _$E320                     5fb01f4a f sockcore.obj
 0001:00000f99       _$E324                     5fb01f99 f sockcore.obj
 0001:00000fae       _$E323                     5fb01fae f sockcore.obj
 0001:00000ffd       _$E327                     5fb01ffd f sockcore.obj
 0001:00001012       _$E326                     5fb02012 f sockcore.obj
 0001:0000104c       _$E332                     5fb0204c f sockcore.obj
 0001:00001066       _$E329                     5fb02066 f sockcore.obj
 0001:00001076       _$E331                     5fb02076 f sockcore.obj
 0001:00001093       _$E330                     5fb02093 f sockcore.obj
 0001:000010ad       _$E337                     5fb020ad f sockcore.obj
 0001:000010c7       _$E334                     5fb020c7 f sockcore.obj
 0001:000010d7       _$E336                     5fb020d7 f sockcore.obj
 0001:000010f4       _$E335                     5fb020f4 f sockcore.obj
 0001:00004280       ?_AfxForceVectorDelete@@YAXXZ 5fb05280 f dllnet.obj
 0001:000007e0       ?ArrayUnwindFilter@@YAHPAU_EXCEPTION_POINTERS@@@Z 5fb017e0 f msvcrtd:ehvecdtr.obj

FIXUPS: 17ef fffffec6 7fd 32 17 b 33a0 10 3e 23 3e 2a d e 3f c 10 13 41
FIXUPS: 5455 10 13 ffffbb98 40 a41 13a 1e 28 fffffcd5 35 fffffef5 13 ffffff22
FIXUPS: 17b3 7a8 45 1f 45 1f 30 5 2a 1d 15 5 2a 1d 52 b 55 b fffffb0d e
FIXUPS: 1ce9 8c 14 10 23 32 24 13 b 34 7 14 10 fffff2c2 1c 2d b 3f50 14
FIXUPS: 511a 11 2c c c 9 b ffffc07d 25 1c 40 1c 2d b 40 2c b 24 13 3e2d
FIXUPS: 51c3 2d 13 5f b ffffcccf 2b4b 1d 33 1e 23 22 8 22 19 7 35 2c b
FIXUPS: 4c10 d 1f b 17 14 183 1e6 4c 26 2c 9 1e 13 ffffbfdd 13 2d 25 1c
FIXUPS: 45e1 7 7 19 7 7 35 3e 28 34 17 22 25 b 60 b 36 59 10 f 70 10 f
FIXUPS: 4936 36 10 3d 1f 1d 36 22 1d fffff516 d bc 12 94 12 60 e 21 16
FIXUPS: 41c2 2c 13 17 17 15 28 14 30 4f 13 1f 1e 28 c1 a6 17 13 b 6e 25
FIXUPS: 45c8 fffff1f8 1c 1b 12 12d 40 c 27 19 17 2b d 1a 19 7 e9 4a b d1
FIXUPS: 3c78 b 4d d 6a a 17 11 53 12 a2 5c 12 fffff572 12 8 1c 15 18 28
FIXUPS: 3503 2a 9 22 17 13 1c b 24 15 16 48 b 13 12 20 20 18 20 17 13 e
FIXUPS: 3754 39 1d fffff5fb 74 4a 19 40 16 7d 56 26 32 60 a3 34 13 1f 11d
FIXUPS: 32a1 b 28 20 28 31 a 1a 17 14 13 17 25 1a 15 3b fffff474 44 c c
FIXUPS: 292e b a9 4d 36 b 2f 18 17 4b 21 c 2b 15 3a 1a 32 28 1a 32 37 10
FIXUPS: 2cde 16 30 16 1a f fffff47e 3a 32 32 32 3a 3a 32 32 2c 32 36 2c
FIXUPS: 247b 3a 32 40 40 40 48 48 3c 3c 44 44 3c 38 60 38 b 56 13
