 MFCO40D

 Timestamp is 30731920 (Wed Oct 04 16:30:40 1995)

 Preferred load address is 5fa00000

 Start         Length     Name                   Class
 0001:00000000 0003974eH .text                   CODE
 0001:00039750 000000acH .text$AFX_CORE1         CODE
 0001:00039800 00005f2fH .text$AFX_CORE4         CODE
 0001:0003f730 000048e4H .text$AFX_INIT          CODE
 0001:00044020 0000e686H .text$AFX_OLE1          CODE
 0001:000526b0 00009a52H .text$AFX_OLE2          CODE
 0001:0005c110 00008136H .text$AFX_OLE3          CODE
 0001:00064250 0000dfc8H .text$AFX_OLE4          CODE
 0001:00072220 00004116H .text$AFX_OLE5          CODE
 0001:00076340 0000036dH .text$AFX_TERM          CODE
 0001:000766b0 00000bb8H .text$AFX_VDEL          CODE
 0002:00000000 000068f8H .rdata                  DATA
 0002:000068f8 00003a00H .rdata$r                DATA
 0002:0000a2f8 00007a50H .xdata$x                DATA
 0002:00011d50 00002d24H .edata                  DATA
 0003:00000000 00000004H .CRT$XCA                DATA
 0003:00000004 0000000cH .CRT$XCL                DATA
 0003:00000010 0000009cH .CRT$XCU                DATA
 0003:000000ac 00000004H .CRT$XCZ                DATA
 0003:000000b0 00000004H .CRT$XIA                DATA
 0003:000000b4 00000004H .CRT$XIZ                DATA
 0003:000000c0 00007a7dH .data                   DATA
 0003:00007b40 000013fcH .bss                    DATA
 0004:00000000 00000064H .idata$2                DATA
 0004:00000064 00000014H .idata$3                DATA
 0004:00000078 00000fa0H .idata$4                DATA
 0004:00001018 00000fa0H .idata$5                DATA
 0004:00001fb8 00000a48H .idata$6                DATA
 0005:00000000 00000448H .rsrc$01                DATA
 0005:00000450 0000218cH .rsrc$02                DATA

  Address         Publics by Value              Rva+Base   Lib:Object

 0001:00000000       ??1CNoTrackObject@@UAE@XZ  5fa01000 f dllole.obj
 0001:00000020       ??_ECNoTrackObject@@UAEPAXI@Z 5fa01020 f dllole.obj
 0001:00000020       ??_GCNoTrackObject@@UAEPAXI@Z 5fa01020 f dllole.obj
 0001:00000060       ?GetHead@?$CTypedSimpleList@PAUCRuntimeClass@@@@QAEPAUCRuntimeClass@@XZ 5fa01060 f dllole.obj
 0001:00000080       ?GetHead@CSimpleList@@QBEPAXXZ 5fa01080 f dllole.obj
 0001:000000a0       ??B?$CTypedSimpleList@PAUCRuntimeClass@@@@QAEPAUCRuntimeClass@@XZ 5fa010a0 f dllole.obj
 0001:000000c0       ?GetHead@?$CTypedSimpleList@PAVCOleObjectFactory@@@@QAEPAVCOleObjectFactory@@XZ 5fa010c0 f dllole.obj
 0001:000000e0       ??B?$CTypedSimpleList@PAVCOleObjectFactory@@@@QAEPAVCOleObjectFactory@@XZ 5fa010e0 f dllole.obj
 0001:00000100       __tcsncmp                  5fa01100 f oleinit.obj
 0001:00000130       ??B?$CProcessLocal@V_AFX_OLE_STATE@@@@QAEPAV_AFX_OLE_STATE@@XZ 5fa01130 f oleinit.obj
 0001:00000150       ?GetData@?$CProcessLocal@V_AFX_OLE_STATE@@@@QAEPAV_AFX_OLE_STATE@@XZ 5fa01150 f oleinit.obj
 0001:000001a0       ?CreateObject@?$CProcessLocal@V_AFX_OLE_STATE@@@@SGPAVCNoTrackObject@@XZ 5fa011a0 f oleinit.obj
 0001:00000230       ??C?$CProcessLocal@V_AFX_OLE_STATE@@@@QAEPAV_AFX_OLE_STATE@@XZ 5fa01230 f oledobj2.obj
 0001:00000250       ??9@YAHABU_GUID@@0@Z       5fa01250 f oledisp1.obj
 0001:00000290       ??8@YAHABU_GUID@@0@Z       5fa01290 f oledisp1.obj
 0001:000002d0       __tcschr                   5fa012d0 f oledlgs1.obj
 0001:00000300       ??0CNoTrackObject@@QAE@XZ  5fa01300 f oledata.obj
 0001:00000330       ??B?$CTypedSimpleList@PAVCDynLinkLibrary@@@@QAEPAVCDynLinkLibrary@@XZ 5fa01330 f olefact.obj
 0001:00000350       ?AddHead@?$CTypedSimpleList@PAVCOleObjectFactory@@@@QAEXPAVCOleObjectFactory@@@Z 5fa01350 f olefact.obj
 0001:00000380       ?Remove@?$CTypedSimpleList@PAVCOleObjectFactory@@@@QAEHPAVCOleObjectFactory@@@Z 5fa01380 f olefact.obj
 0001:000003b0       ?GetDataNA@?$CProcessLocal@VAFX_MODULE_PROCESS_STATE@@@@QAEPAVAFX_MODULE_PROCESS_STATE@@XZ 5fa013b0 f olefact.obj
 0001:000003e0       ??_9@$BBAE@A               5fa013e0 f oleipfrm.obj
 0001:000003f0       ?ocslen@@YAIPBG@Z          5fa013f0 f olemisc.obj
 0001:00000410       ?ocscpy@@YAPAGPAGPBG@Z     5fa01410 f olemisc.obj
 0001:00000440       ?_GetBaseInterfaceMap@CEnumOleVerb@@KGPBUAFX_INTERFACEMAP@@XZ 5fa01440 f oleverb.obj
 0001:00000455       ?GetInterfaceMap@CEnumOleVerb@@MBEPBUAFX_INTERFACEMAP@@XZ 5fa01455 f oleverb.obj
 0001:00000470       ??1CEnumOleVerb@@UAE@XZ    5fa01470 f oleverb.obj
 0001:00000525       ?OnNext@CEnumOleVerb@@MAEHPAX@Z 5fa01525 f oleverb.obj
 0001:00000594       ?EnumOleVerbs@CCmdTarget@@QAEHPAPAUIEnumOLEVERB@@@Z 5fa01594 f oleverb.obj
 0001:00000815       ?DoOleVerb@CCmdTarget@@QAEHJPAUtagMSG@@PAUHWND__@@PBUtagRECT@@@Z 5fa01815 f oleverb.obj
 0001:00000990       ??_ECEnumOleVerb@@UAEPAXI@Z 5fa01990 f oleverb.obj
 0001:00000990       ??_GCEnumOleVerb@@UAEPAXI@Z 5fa01990 f oleverb.obj
 0001:000009d0       ??0CEnumOleVerb@@QAE@PBXI@Z 5fa019d0 f oleverb.obj
 0001:00000a50       ??0COleVariant@@QAE@ABUtagVARIANT@@@Z 5fa01a50 f olevar.obj
 0001:00000a88       ??0COleVariant@@QAE@PBUtagVARIANT@@@Z 5fa01a88 f olevar.obj
 0001:00000ac0       ??0COleVariant@@QAE@ABV0@@Z 5fa01ac0 f olevar.obj
 0001:00000af8       ??0COleVariant@@QAE@PBDG@Z 5fa01af8 f olevar.obj
 0001:00000c18       ??0COleVariant@@QAE@FG@Z   5fa01c18 f olevar.obj
 0001:00000cbe       ??0COleVariant@@QAE@JG@Z   5fa01cbe f olevar.obj
 0001:00000d98       ?Clear@COleVariant@@QAEXXZ 5fa01d98 f olevar.obj
 0001:00000dd5       ?ChangeType@COleVariant@@QAEXGPAUtagVARIANT@@@Z 5fa01dd5 f olevar.obj
 0001:00000e3b       ?Detach@COleVariant@@QAE?AUtagVARIANT@@XZ 5fa01e3b f olevar.obj
 0001:00000eb2       ??8COleVariant@@QBEHABUtagVARIANT@@@Z 5fa01eb2 f olevar.obj
 0001:000011c1       ??4COleVariant@@QAEABV0@ABUtagVARIANT@@@Z 5fa021c1 f olevar.obj
 0001:000011f0       ??4COleVariant@@QAEABV0@PBUtagVARIANT@@@Z 5fa021f0 f olevar.obj
 0001:0000121f       ??4COleVariant@@QAEABV0@ABV0@@Z 5fa0221f f olevar.obj
 0001:0000124e       ??4COleVariant@@QAEABV0@QBD@Z 5fa0224e f olevar.obj
 0001:0000130d       ??4COleVariant@@QAEABV0@ABVCString@@@Z 5fa0230d f olevar.obj
 0001:000013c3       ??4COleVariant@@QAEABV0@E@Z 5fa023c3 f olevar.obj
 0001:00001408       ??4COleVariant@@QAEABV0@F@Z 5fa02408 f olevar.obj
 0001:00001498       ??4COleVariant@@QAEABV0@J@Z 5fa02498 f olevar.obj
 0001:00001541       ??4COleVariant@@QAEABV0@ABVCOleCurrency@@@Z 5fa02541 f olevar.obj
 0001:00001590       ??4COleVariant@@QAEABV0@M@Z 5fa02590 f olevar.obj
 0001:000015d5       ??4COleVariant@@QAEABV0@N@Z 5fa025d5 f olevar.obj
 0001:00001620       ??4COleVariant@@QAEABV0@ABVCOleDateTime@@@Z 5fa02620 f olevar.obj
 0001:0000166d       ??4COleVariant@@QAEABV0@ABVCByteArray@@@Z 5fa0266d f olevar.obj
 0001:000016b9       ??4COleVariant@@QAEABV0@ABVCLongBinary@@@Z 5fa026b9 f olevar.obj
 0001:00001718       ?AfxVariantInit@@YGXPAUtagVARIANT@@@Z 5fa02718 f olevar.obj
 0001:0000173a       ??6@YGAAVCDumpContext@@AAV0@VCOleVariant@@@Z 5fa0273a f olevar.obj
 0001:00001b42       ??6@YGAAVCArchive@@AAV0@VCOleVariant@@@Z 5fa02b42 f olevar.obj
 0001:00001faf       ??5@YGAAVCArchive@@AAV0@AAVCOleVariant@@@Z 5fa02faf f olevar.obj
 0001:0000238b       ?ConstructElements@@YGXPAVCOleVariant@@H@Z 5fa0338b f olevar.obj
 0001:00002425       ?DestructElements@@YGXPAVCOleVariant@@H@Z 5fa03425 f olevar.obj
 0001:000024a1       ?CopyElements@@YGXPAVCOleVariant@@PBV1@H@Z 5fa034a1 f olevar.obj
 0001:0000255f       ?SerializeElements@@YGXAAVCArchive@@PAVCOleVariant@@H@Z 5fa0355f f olevar.obj
 0001:0000266e       ?DumpElements@@YGXAAVCDumpContext@@PAVCOleVariant@@H@Z 5fa0366e f olevar.obj
 0001:000026fe       ?HashKey@@YGIABUtagVARIANT@@@Z 5fa036fe f olevar.obj
 0001:00002f24       ??0COleCurrency@@QAE@JJ@Z  5fa03f24 f olevar.obj
 0001:00002f59       ??4COleCurrency@@QAEABV0@TtagCY@@@Z 5fa03f59 f olevar.obj
 0001:00002f8c       ??4COleCurrency@@QAEABV0@ABV0@@Z 5fa03f8c f olevar.obj
 0001:00002fc3       ??4COleCurrency@@QAEABV0@ABUtagVARIANT@@@Z 5fa03fc3 f olevar.obj
 0001:000030f3       ??MCOleCurrency@@QBEHABV0@@Z 5fa040f3 f olevar.obj
 0001:000031ac       ??OCOleCurrency@@QBEHABV0@@Z 5fa041ac f olevar.obj
 0001:00003265       ??NCOleCurrency@@QBEHABV0@@Z 5fa04265 f olevar.obj
 0001:0000331e       ??PCOleCurrency@@QBEHABV0@@Z 5fa0431e f olevar.obj
 0001:000033d7       ??HCOleCurrency@@QBE?AV0@ABV0@@Z 5fa043d7 f olevar.obj
 0001:000034e8       ??GCOleCurrency@@QBE?AV0@ABV0@@Z 5fa044e8 f olevar.obj
 0001:000035f9       ??GCOleCurrency@@QBE?AV0@XZ 5fa045f9 f olevar.obj
 0001:00003694       ??DCOleCurrency@@QBE?AV0@J@Z 5fa04694 f olevar.obj
 0001:000039c1       ??KCOleCurrency@@QBE?AV0@J@Z 5fa049c1 f olevar.obj
 0001:00003d0c       ?SetCurrency@COleCurrency@@QAEXJJ@Z 5fa04d0c f olevar.obj
 0001:00003dcd       ?ParseCurrency@COleCurrency@@QAEHPBDKK@Z 5fa04dcd f olevar.obj
 0001:00003f97       ?Format@COleCurrency@@QBE?AVCString@@KK@Z 5fa04f97 f olevar.obj
 0001:00004159       ??6@YGAAVCDumpContext@@AAV0@VCOleCurrency@@@Z 5fa05159 f olevar.obj
 0001:0000420e       ??6@YGAAVCArchive@@AAV0@VCOleCurrency@@@Z 5fa0520e f olevar.obj
 0001:00004244       ??5@YGAAVCArchive@@AAV0@AAVCOleCurrency@@@Z 5fa05244 f olevar.obj
 0001:00004280       ?GetTickCount@COleDateTime@@SG?AV1@XZ 5fa05280 f olevar.obj
 0001:000042a9       ?GetYear@COleDateTime@@QBEHXZ 5fa052a9 f olevar.obj
 0001:000042ff       ?GetMonth@COleDateTime@@QBEHXZ 5fa052ff f olevar.obj
 0001:00004355       ?GetDay@COleDateTime@@QBEHXZ 5fa05355 f olevar.obj
 0001:000043ab       ?GetHour@COleDateTime@@QBEHXZ 5fa053ab f olevar.obj
 0001:00004401       ?GetMinute@COleDateTime@@QBEHXZ 5fa05401 f olevar.obj
 0001:00004457       ?GetSecond@COleDateTime@@QBEHXZ 5fa05457 f olevar.obj
 0001:000044ad       ?GetDayOfWeek@COleDateTime@@QBEHXZ 5fa054ad f olevar.obj
 0001:00004503       ?GetDayOfYear@COleDateTime@@QBEHXZ 5fa05503 f olevar.obj
 0001:00004559       ??4COleDateTime@@QAEABV0@ABUtagVARIANT@@@Z 5fa05559 f olevar.obj
 0001:00004682       ??4COleDateTime@@QAEABV0@N@Z 5fa05682 f olevar.obj
 0001:000046b5       ??4COleDateTime@@QAEABV0@ABJ@Z 5fa056b5 f olevar.obj
 0001:00004768       ??4COleDateTime@@QAEABV0@ABU_SYSTEMTIME@@@Z 5fa05768 f olevar.obj
 0001:000047df       ??4COleDateTime@@QAEABV0@ABU_FILETIME@@@Z 5fa057df f olevar.obj
 0001:000048bd       ??MCOleDateTime@@QBEHABV0@@Z 5fa058bd f olevar.obj
 0001:0000496a       ??OCOleDateTime@@QBEHABV0@@Z 5fa0596a f olevar.obj
 0001:00004a17       ??NCOleDateTime@@QBEHABV0@@Z 5fa05a17 f olevar.obj
 0001:00004ac4       ??PCOleDateTime@@QBEHABV0@@Z 5fa05ac4 f olevar.obj
 0001:00004b71       ??HCOleDateTime@@QBE?AV0@ABVCOleDateTimeSpan@@@Z 5fa05b71 f olevar.obj
 0001:00004c5b       ??GCOleDateTime@@QBE?AV0@ABVCOleDateTimeSpan@@@Z 5fa05c5b f olevar.obj
 0001:00004d45       ??GCOleDateTime@@QBE?AVCOleDateTimeSpan@@ABV0@@Z 5fa05d45 f olevar.obj
 0001:00004e20       ?SetDateTime@COleDateTime@@QAEHHHHHHH@Z 5fa05e20 f olevar.obj
 0001:00004e83       ?ParseDateTime@COleDateTime@@QAEHPBDKK@Z 5fa05e83 f olevar.obj
 0001:00005047       ?Format@COleDateTime@@QBE?AVCString@@KK@Z 5fa06047 f olevar.obj
 0001:00005209       ?Format@COleDateTime@@QBE?AVCString@@PBD@Z 5fa06209 f olevar.obj
 0001:0000538b       ?Format@COleDateTime@@QBE?AVCString@@I@Z 5fa0638b f olevar.obj
 0001:0000544f       ?CheckRange@COleDateTime@@IAEXXZ 5fa0644f f olevar.obj
 0001:0000549b       ??6@YGAAVCDumpContext@@AAV0@VCOleDateTime@@@Z 5fa0649b f olevar.obj
 0001:00005550       ??6@YGAAVCArchive@@AAV0@VCOleDateTime@@@Z 5fa06550 f olevar.obj
 0001:0000557e       ??5@YGAAVCArchive@@AAV0@AAVCOleDateTime@@@Z 5fa0657e f olevar.obj
 0001:000055ab       ?GetHours@COleDateTimeSpan@@QBEJXZ 5fa065ab f olevar.obj
 0001:0000560e       ?GetMinutes@COleDateTimeSpan@@QBEJXZ 5fa0660e f olevar.obj
 0001:00005678       ?GetSeconds@COleDateTimeSpan@@QBEJXZ 5fa06678 f olevar.obj
 0001:000056e2       ??4COleDateTimeSpan@@QAEABV0@N@Z 5fa066e2 f olevar.obj
 0001:00005715       ??4COleDateTimeSpan@@QAEABV0@ABV0@@Z 5fa06715 f olevar.obj
 0001:0000574c       ??HCOleDateTimeSpan@@QBE?AV0@ABV0@@Z 5fa0674c f olevar.obj
 0001:00005810       ??GCOleDateTimeSpan@@QBE?AV0@ABV0@@Z 5fa06810 f olevar.obj
 0001:000058d4       ?SetDateTimeSpan@COleDateTimeSpan@@QAEXJHHH@Z 5fa068d4 f olevar.obj
 0001:00005989       ?Format@COleDateTimeSpan@@QBE?AVCString@@PBD@Z 5fa06989 f olevar.obj
 0001:00005b0b       ?Format@COleDateTimeSpan@@QBE?AVCString@@I@Z 5fa06b0b f olevar.obj
 0001:00005bcf       ?CheckRange@COleDateTimeSpan@@QAEXXZ 5fa06bcf f olevar.obj
 0001:00005c1b       ??6@YGAAVCDumpContext@@AAV0@VCOleDateTimeSpan@@@Z 5fa06c1b f olevar.obj
 0001:00005cd4       ??6@YGAAVCArchive@@AAV0@VCOleDateTimeSpan@@@Z 5fa06cd4 f olevar.obj
 0001:00005d02       ??5@YGAAVCArchive@@AAV0@AAVCOleDateTimeSpan@@@Z 5fa06d02 f olevar.obj
 0001:000063b2       ?DDX_Text@@YGXPAVCDataExchange@@HAAVCOleDateTime@@@Z 5fa073b2 f olevar.obj
 0001:000064dd       ?DDX_Text@@YGXPAVCDataExchange@@HAAVCOleCurrency@@@Z 5fa074dd f olevar.obj
 0001:00006610       ??_GCOleVariant@@QAEPAXI@Z 5fa07610 f olevar.obj
 0001:00006650       ??2@YAPAXIPAX@Z            5fa07650 f olevar.obj
 0001:00006670       ?HashKey@@YGIPAG@Z         5fa07670 f olevar.obj
 0001:00006690       ?HashKey@@YGIK@Z           5fa07690 f olevar.obj
 0001:000066b0       ??0_afxRichEditCookie@@QAE@AAVCArchive@@@Z 5fa076b0 f viewrich.obj
 0001:000066e0       ??B?$CProcessLocal@V_AFX_RICHEDIT_STATE@@@@QAEPAV_AFX_RICHEDIT_STATE@@XZ 5fa076e0 f viewrich.obj
 0001:00006700       ?GetData@?$CProcessLocal@V_AFX_RICHEDIT_STATE@@@@QAEPAV_AFX_RICHEDIT_STATE@@XZ 5fa07700 f viewrich.obj
 0001:00006750       ?CreateObject@?$CProcessLocal@V_AFX_RICHEDIT_STATE@@@@SGPAVCNoTrackObject@@XZ 5fa07750 f viewrich.obj
 0001:000067e0       ??0_AFX_RICHEDIT_STATE@@QAE@XZ 5fa077e0 f viewrich.obj
 0001:00006850       ??_E_AFX_RICHEDIT_STATE@@UAEPAXI@Z 5fa07850 f viewrich.obj
 0001:00006850       ??_G_AFX_RICHEDIT_STATE@@UAEPAXI@Z 5fa07850 f viewrich.obj
 0001:00006890       ?EnableTypeLib@CCmdTarget@@QAEXXZ 5fa07890 f oletyplb.obj
 0001:000068e5       ?GetTypeInfoOfGuid@CCmdTarget@@QAEJKABU_GUID@@PAPAUITypeInfo@@@Z 5fa078e5 f oletyplb.obj
 0001:00006add       ?AfxGetTypeLibCache@@YGPAVCTypeLibCache@@PBU_GUID@@@Z 5fa07add f oletyplb.obj
 0001:00006b66       ??0CTypeLibCache@@QAE@PBU_GUID@@@Z 5fa07b66 f oletyplb.obj
 0001:00006c22       ??1CTypeLibCache@@QAE@XZ   5fa07c22 f oletyplb.obj
 0001:00006cc5       ?Lock@CTypeLibCache@@QAEXXZ 5fa07cc5 f oletyplb.obj
 0001:00006d06       ?Unlock@CTypeLibCache@@UAEXXZ 5fa07d06 f oletyplb.obj
 0001:00006d79       ?Lookup@CTypeLibCache@@QAEHKPAPAUITypeLib@@@Z 5fa07d79 f oletyplb.obj
 0001:00006e09       ?Cache@CTypeLibCache@@QAEXKPAUITypeLib@@@Z 5fa07e09 f oletyplb.obj
 0001:00006ec2       ?LookupTypeInfo@CTypeLibCache@@QAEHKABU_GUID@@PAPAUITypeInfo@@@Z 5fa07ec2 f oletyplb.obj
 0001:00006f92       ?CacheTypeInfo@CTypeLibCache@@QAEXKABU_GUID@@PAUITypeInfo@@@Z 5fa07f92 f oletyplb.obj
 0001:00007030       ??_GCTypeLibCache@@QAEPAXI@Z 5fa08030 f oletyplb.obj
 0001:00007070       ?IsEqualGUID@@YAHABU_GUID@@0@Z 5fa08070 f oletyplb.obj
 0001:00007111       ?AfxEnableControlContainer@@YAXXZ 5fa08111 f occmgr.obj
 0001:0000713c       ?OnEvent@COccManager@@UAEHPAVCCmdTarget@@IPAUAFX_EVENT@@PAUAFX_CMDHANDLERINFO@@@Z 5fa0813c f occmgr.obj
 0001:00007168       ?PreCreateDialog@COccManager@@UAEPBUDLGTEMPLATE@@PAU_AFX_OCC_DIALOG_INFO@@PBU2@@Z 5fa08168 f occmgr.obj
 0001:0000727f       ?PostCreateDialog@COccManager@@UAEXPAU_AFX_OCC_DIALOG_INFO@@@Z 5fa0827f f occmgr.obj
 0001:000072cc       ?SplitDialogTemplate@COccManager@@UAEPAUDLGTEMPLATE@@PBU2@PAPAUDLGITEMTEMPLATE@@@Z 5fa082cc f occmgr.obj
 0001:00007757       ?CreateDlgControls@COccManager@@UAEHPAVCWnd@@PBDPAU_AFX_OCC_DIALOG_INFO@@@Z 5fa08757 f occmgr.obj
 0001:000078ce       ?CreateDlgControls@COccManager@@UAEHPAVCWnd@@PAXPAU_AFX_OCC_DIALOG_INFO@@@Z 5fa088ce f occmgr.obj
 0001:00007bec       ?CreateDlgControl@COccManager@@IAEPAVCWnd@@PAV2@PBV2@HPAUDLGITEMTEMPLATE@@GPAEK@Z 5fa08bec f occmgr.obj
 0001:00007f56       ?PrepareOleCtrl@CDataExchange@@QAEPAVCWnd@@H@Z 5fa08f56 f occmgr.obj
 0001:00008030       ??1?$CProcessLocal@VCOccManager@@@@QAE@XZ 5fa09030 f occmgr.obj
 0001:00008090       ?GetData@?$CProcessLocal@VCOccManager@@@@QAEPAVCOccManager@@XZ 5fa09090 f occmgr.obj
 0001:000080e0       ?CreateObject@?$CProcessLocal@VCOccManager@@@@SGPAVCNoTrackObject@@XZ 5fa090e0 f occmgr.obj
 0001:00008170       ??0COccManager@@QAE@XZ     5fa09170 f occmgr.obj
 0001:000081e0       ??_GCOccManager@@UAEPAXI@Z 5fa091e0 f occmgr.obj
 0001:000081e0       ??_ECOccManager@@UAEPAXI@Z 5fa091e0 f occmgr.obj
 0001:00008220       ??1COccManager@@UAE@XZ     5fa09220 f occmgr.obj
 0001:00008280       ?UnlockResource@@YGHPAX@Z  5fa09280 f occmgr.obj
 0001:000082a0       ?OnEvent@CCmdTarget@@QAEHIPAUAFX_EVENT@@PAUAFX_CMDHANDLERINFO@@@Z 5fa092a0 f occevent.obj
 0001:000086b4       ?GetEventSinkEntry@CCmdTarget@@IAGPBUAFX_EVENTSINKMAP_ENTRY@@IPAUAFX_EVENT@@@Z 5fa096b4 f occevent.obj
 0001:000087b0       ?CreateControl@CWnd@@QAEHPBD0KABUtagRECT@@PAV1@IPAVCFile@@HPAG@Z 5fa097b0 f occcont.obj
 0001:00008834       ?CreateControl@CWnd@@QAEHABU_GUID@@PBDKABUtagRECT@@PAV1@IPAVCFile@@HPAG@Z 5fa09834 f occcont.obj
 0001:000088e6       ?InitControlContainer@CWnd@@IAEHXZ 5fa098e6 f occcont.obj
 0001:00008a45       ?_GetBaseInterfaceMap@COleControlContainer@@KGPBUAFX_INTERFACEMAP@@XZ 5fa09a45 f occcont.obj
 0001:00008a5a       ?GetInterfaceMap@COleControlContainer@@MBEPBUAFX_INTERFACEMAP@@XZ 5fa09a5a f occcont.obj
 0001:00008a75       ?_GetBaseDispatchMap@COleControlContainer@@KGPBUAFX_DISPMAP@@XZ 5fa09a75 f occcont.obj
 0001:00008a8a       ?GetDispatchMap@COleControlContainer@@MBEPBUAFX_DISPMAP@@XZ 5fa09a8a f occcont.obj
 0001:00008aa5       ??0COleControlContainer@@QAE@PAVCWnd@@@Z 5fa09aa5 f occcont.obj
 0001:00008b7a       ??1COleControlContainer@@UAE@XZ 5fa09b7a f occcont.obj
 0001:00008c8b       ?CreateControl@COleControlContainer@@QAEHPAVCWnd@@ABU_GUID@@PBDKABUtagRECT@@IPAVCFile@@HPAGPAPAVCOleControlSite@@@Z 5fa09c8b f occcont.obj
 0001:00008e43       ?FindItem@COleControlContainer@@UBEPAVCOleControlSite@@I@Z 5fa09e43 f occcont.obj
 0001:00008eaa       ?GetAmbientProp@COleControlContainer@@UAEHPAVCOleControlSite@@JPAUtagVARIANT@@@Z 5fa09eaa f occcont.obj
 0001:000091b5       ?CreateOleFont@COleControlContainer@@QAEXPAVCFont@@@Z 5fa0a1b5 f occcont.obj
 0001:000093fc       ?ScrollChildren@COleControlContainer@@UAEXHH@Z 5fa0a3fc f occcont.obj
 0001:000094c5       ?OnUIActivate@COleControlContainer@@UAEXPAVCOleControlSite@@@Z 5fa0a4c5 f occcont.obj
 0001:00009530       ?OnUIDeactivate@COleControlContainer@@UAEXPAVCOleControlSite@@@Z 5fa0a530 f occcont.obj
 0001:00009579       ?CheckDlgButton@COleControlContainer@@UAEXHI@Z 5fa0a579 f occcont.obj
 0001:000095f4       ?CheckRadioButton@COleControlContainer@@UAEXHHH@Z 5fa0a5f4 f occcont.obj
 0001:00009690       ?GetDlgItem@COleControlContainer@@UBEPAVCWnd@@H@Z 5fa0a690 f occcont.obj
 0001:000096c4       ?GetDlgItem@COleControlContainer@@UBEXHPAPAUHWND__@@@Z 5fa0a6c4 f occcont.obj
 0001:0000972c       ?GetDlgItemInt@COleControlContainer@@UBEIHPAHH@Z 5fa0a72c f occcont.obj
 0001:000098fc       ?GetDlgItemTextA@COleControlContainer@@UBEHHPADH@Z 5fa0a8fc f occcont.obj
 0001:00009947       ?SendDlgItemMessageA@COleControlContainer@@UAEJHIIJ@Z 5fa0a947 f occcont.obj
 0001:00009996       ?SetDlgItemInt@COleControlContainer@@UAEXHIH@Z 5fa0a996 f occcont.obj
 0001:000099f9       ?SetDlgItemTextA@COleControlContainer@@UAEXHPBD@Z 5fa0a9f9 f occcont.obj
 0001:00009a3e       ?IsDlgButtonChecked@COleControlContainer@@UBEIH@Z 5fa0aa3e f occcont.obj
 0001:00009b48       ?QueryInterface@XOleIPFrame@COleControlContainer@@UAGJABU_GUID@@PAPAX@Z 5fa0ab48 f occcont.obj
 0001:00009b76       ?AddRef@XOleIPFrame@COleControlContainer@@UAGKXZ 5fa0ab76 f occcont.obj
 0001:00009b9c       ?Release@XOleIPFrame@COleControlContainer@@UAGKXZ 5fa0ab9c f occcont.obj
 0001:00009bc2       ?GetWindow@XOleIPFrame@COleControlContainer@@UAGJPAPAUHWND__@@@Z 5fa0abc2 f occcont.obj
 0001:00009bf0       ?ContextSensitiveHelp@XOleIPFrame@COleControlContainer@@UAGJH@Z 5fa0abf0 f occcont.obj
 0001:00009c07       ?GetBorder@XOleIPFrame@COleControlContainer@@UAGJPAUtagRECT@@@Z 5fa0ac07 f occcont.obj
 0001:00009c1e       ?RequestBorderSpace@XOleIPFrame@COleControlContainer@@UAGJPBUtagRECT@@@Z 5fa0ac1e f occcont.obj
 0001:00009c35       ?SetBorderSpace@XOleIPFrame@COleControlContainer@@UAGJPBUtagRECT@@@Z 5fa0ac35 f occcont.obj
 0001:00009c4c       ?SetActiveObject@XOleIPFrame@COleControlContainer@@UAGJPAUIOleInPlaceActiveObject@@PBG@Z 5fa0ac4c f occcont.obj
 0001:00009c60       ?InsertMenus@XOleIPFrame@COleControlContainer@@UAGJPAUHMENU__@@PAUtagOleMenuGroupWidths@@@Z 5fa0ac60 f occcont.obj
 0001:00009c77       ?SetMenu@XOleIPFrame@COleControlContainer@@UAGJPAUHMENU__@@PAXPAUHWND__@@@Z 5fa0ac77 f occcont.obj
 0001:00009c8e       ?RemoveMenus@XOleIPFrame@COleControlContainer@@UAGJPAUHMENU__@@@Z 5fa0ac8e f occcont.obj
 0001:00009ca5       ?SetStatusText@XOleIPFrame@COleControlContainer@@UAGJPBG@Z 5fa0aca5 f occcont.obj
 0001:00009cbc       ?EnableModeless@XOleIPFrame@COleControlContainer@@UAGJH@Z 5fa0acbc f occcont.obj
 0001:00009cd3       ?TranslateAcceleratorA@XOleIPFrame@COleControlContainer@@UAGJPAUtagMSG@@G@Z 5fa0acd3 f occcont.obj
 0001:00009cea       ?_GetBaseInterfaceMap@CEnumUnknown@@KGPBUAFX_INTERFACEMAP@@XZ 5fa0acea f occcont.obj
 0001:00009cff       ?GetInterfaceMap@CEnumUnknown@@MBEPBUAFX_INTERFACEMAP@@XZ 5fa0acff f occcont.obj
 0001:00009d1a       ??1CEnumUnknown@@UAE@XZ    5fa0ad1a f occcont.obj
 0001:00009dfb       ?OnNext@CEnumUnknown@@MAEHPAX@Z 5fa0adfb f occcont.obj
 0001:00009e67       ?QueryInterface@XOleContainer@COleControlContainer@@UAGJABU_GUID@@PAPAX@Z 5fa0ae67 f occcont.obj
 0001:00009e95       ?Release@XOleContainer@COleControlContainer@@UAGKXZ 5fa0ae95 f occcont.obj
 0001:00009ebb       ?AddRef@XOleContainer@COleControlContainer@@UAGKXZ 5fa0aebb f occcont.obj
 0001:00009ee1       ?ParseDisplayName@XOleContainer@COleControlContainer@@UAGJPAUIBindCtx@@PAGPAKPAPAUIMoniker@@@Z 5fa0aee1 f occcont.obj
 0001:00009ef8       ?EnumObjects@XOleContainer@COleControlContainer@@UAGJKPAPAUIEnumUnknown@@@Z 5fa0aef8 f occcont.obj
 0001:0000a1c7       ?LockContainer@XOleContainer@COleControlContainer@@UAGJH@Z 5fa0b1c7 f occcont.obj
 0001:0000a1e0       ??_GCOleControlContainer@@UAEPAXI@Z 5fa0b1e0 f occcont.obj
 0001:0000a1e0       ??_ECOleControlContainer@@UAEPAXI@Z 5fa0b1e0 f occcont.obj
 0001:0000a220       ??0XOleIPFrame@COleControlContainer@@QAE@XZ 5fa0b220 f occcont.obj
 0001:0000a250       ??0XOleContainer@COleControlContainer@@QAE@XZ 5fa0b250 f occcont.obj
 0001:0000a280       ??_GCEnumUnknown@@UAEPAXI@Z 5fa0b280 f occcont.obj
 0001:0000a280       ??_ECEnumUnknown@@UAEPAXI@Z 5fa0b280 f occcont.obj
 0001:0000a2c0       ??0CEnumUnknown@@QAE@PBXI@Z 5fa0b2c0 f occcont.obj
 0001:0000a340       ?_GetBaseInterfaceMap@COleControlSite@@KGPBUAFX_INTERFACEMAP@@XZ 5fa0b340 f occsite.obj
 0001:0000a355       ?GetInterfaceMap@COleControlSite@@MBEPBUAFX_INTERFACEMAP@@XZ 5fa0b355 f occsite.obj
 0001:0000a370       ??0COleControlSite@@QAE@PAVCOleControlContainer@@@Z 5fa0b370 f occsite.obj
 0001:0000a4b4       ??1COleControlSite@@UAE@XZ 5fa0b4b4 f occsite.obj
 0001:0000a5ea       ?SetExtent@COleControlSite@@IAEHXZ 5fa0b5ea f occsite.obj
 0001:0000a6f9       ?CreateControl@COleControlSite@@QAEJPAVCWnd@@ABU_GUID@@PBDKABUtagRECT@@IPAVCFile@@HPAG@Z 5fa0b6f9 f occsite.obj
 0001:0000aafc       ?DestroyControl@COleControlSite@@UAEHXZ 5fa0bafc f occsite.obj
 0001:0000ab79       ?CreateOrLoad@COleControlSite@@IAEJABU_GUID@@PAVCFile@@HPAG@Z 5fa0bb79 f occsite.obj
 0001:0000b48a       ?GetID@COleControlSite@@QAEIXZ 5fa0c48a f occsite.obj
 0001:0000b4a6       ?DoVerb@COleControlSite@@UAEJJPAUtagMSG@@@Z 5fa0c4a6 f occsite.obj
 0001:0000b4fc       ?IsDefaultButton@COleControlSite@@QAEHXZ 5fa0c4fc f occsite.obj
 0001:0000b538       ?GetDefBtnCode@COleControlSite@@QAEKXZ 5fa0c538 f occsite.obj
 0001:0000b583       ?SetDefaultButton@COleControlSite@@QAEXH@Z 5fa0c583 f occsite.obj
 0001:0000b63a       ?ConnectSink@COleControlSite@@IAEKABU_GUID@@PAUIUnknown@@@Z 5fa0c63a f occsite.obj
 0001:0000b743       ?DisconnectSink@COleControlSite@@IAEXABU_GUID@@K@Z 5fa0c743 f occsite.obj
 0001:0000b84d       ?GetEventIID@COleControlSite@@QAEHPAU_GUID@@@Z 5fa0c84d f occsite.obj
 0001:0000bbf8       ?GetControlInfo@COleControlSite@@QAEXXZ 5fa0cbf8 f occsite.obj
 0001:0000bc95       ?IsMatchingMnemonic@COleControlSite@@QAEHPAUtagMSG@@@Z 5fa0cc95 f occsite.obj
 0001:0000bdff       ?SendMnemonic@COleControlSite@@QAEXPAUtagMSG@@@Z 5fa0cdff f occsite.obj
 0001:0000be99       ?AttachWindow@COleControlSite@@IAEXXZ 5fa0ce99 f occsite.obj
 0001:0000bf9b       ?DetachWindow@COleControlSite@@IAEXXZ 5fa0cf9b f occsite.obj
 0001:0000c033       ?OnEvent@COleControlSite@@IAEHPAUAFX_EVENT@@@Z 5fa0d033 f occsite.obj
 0001:0000c0b0       ?InvokeHelperV@COleControlSite@@UAEXJGGPAXPBEPAD@Z 5fa0d0b0 f occsite.obj
 0001:0000c179       ?SetPropertyV@COleControlSite@@UAEXJGPAD@Z 5fa0d179 f occsite.obj
 0001:0000c218       ?InvokeHelper@COleControlSite@@UAAXJGGPAXPBEZZ 5fa0d218 f occsite.obj
 0001:0000c25b       ?GetProperty@COleControlSite@@UBEXJGPAX@Z 5fa0d25b f occsite.obj
 0001:0000c292       ?SetProperty@COleControlSite@@UAAXJGZZ 5fa0d292 f occsite.obj
 0001:0000c2c9       ?SafeSetProperty@COleControlSite@@UAAHJGZZ 5fa0d2c9 f occsite.obj
 0001:0000c38f       ?GetStyle@COleControlSite@@UBEKXZ 5fa0d38f f occsite.obj
 0001:0000c4f0       ?GetExStyle@COleControlSite@@UBEKXZ 5fa0d4f0 f occsite.obj
 0001:0000c5c9       ?ModifyStyle@COleControlSite@@UAEHKKI@Z 5fa0d5c9 f occsite.obj
 0001:0000c6a9       ?ModifyStyleEx@COleControlSite@@UAEHKKI@Z 5fa0d6a9 f occsite.obj
 0001:0000c722       ?SetWindowTextA@COleControlSite@@UAEXPBD@Z 5fa0d722 f occsite.obj
 0001:0000c7a3       ?GetWindowTextA@COleControlSite@@UBEXAAVCString@@@Z 5fa0d7a3 f occsite.obj
 0001:0000c8e0       ?GetWindowTextA@COleControlSite@@UBEHPADH@Z 5fa0d8e0 f occsite.obj
 0001:0000c9b0       ?GetWindowTextLengthA@COleControlSite@@UBEHXZ 5fa0d9b0 f occsite.obj
 0001:0000ca33       ?GetDlgCtrlID@COleControlSite@@UBEHXZ 5fa0da33 f occsite.obj
 0001:0000ca4f       ?SetDlgCtrlID@COleControlSite@@UAEHH@Z 5fa0da4f f occsite.obj
 0001:0000ca7c       ?MoveWindow@COleControlSite@@UAEXHHHHH@Z 5fa0da7c f occsite.obj
 0001:0000cba7       ?SetWindowPos@COleControlSite@@UAEHPBVCWnd@@HHHHI@Z 5fa0dba7 f occsite.obj
 0001:0000ccc5       ?ShowWindow@COleControlSite@@UAEHH@Z 5fa0dcc5 f occsite.obj
 0001:0000cd66       ?IsWindowEnabled@COleControlSite@@UBEHXZ 5fa0dd66 f occsite.obj
 0001:0000ce1a       ?EnableWindow@COleControlSite@@UAEHH@Z 5fa0de1a f occsite.obj
 0001:0000cefd       ?SetFocus@COleControlSite@@UAEPAVCWnd@@XZ 5fa0defd f occsite.obj
 0001:0000cf52       ?AddRef@XOleClientSite@COleControlSite@@UAGKXZ 5fa0df52 f occsite.obj
 0001:0000cf7a       ?Release@XOleClientSite@COleControlSite@@UAGKXZ 5fa0df7a f occsite.obj
 0001:0000cfa2       ?QueryInterface@XOleClientSite@COleControlSite@@UAGJABU_GUID@@PAPAX@Z 5fa0dfa2 f occsite.obj
 0001:0000cfd2       ?SaveObject@XOleClientSite@COleControlSite@@UAGJXZ 5fa0dfd2 f occsite.obj
 0001:0000cfe9       ?GetMoniker@XOleClientSite@COleControlSite@@UAGJKKPAPAUIMoniker@@@Z 5fa0dfe9 f occsite.obj
 0001:0000d000       ?GetContainer@XOleClientSite@COleControlSite@@UAGJPAPAUIOleContainer@@@Z 5fa0e000 f occsite.obj
 0001:0000d034       ?ShowObject@XOleClientSite@COleControlSite@@UAGJXZ 5fa0e034 f occsite.obj
 0001:0000d0ba       ?OnShowWindow@XOleClientSite@COleControlSite@@UAGJH@Z 5fa0e0ba f occsite.obj
 0001:0000d0ce       ?RequestNewObjectLayout@XOleClientSite@COleControlSite@@UAGJXZ 5fa0e0ce f occsite.obj
 0001:0000d0e5       ?AddRef@XOleIPSite@COleControlSite@@UAGKXZ 5fa0e0e5 f occsite.obj
 0001:0000d10d       ?Release@XOleIPSite@COleControlSite@@UAGKXZ 5fa0e10d f occsite.obj
 0001:0000d135       ?QueryInterface@XOleIPSite@COleControlSite@@UAGJABU_GUID@@PAPAX@Z 5fa0e135 f occsite.obj
 0001:0000d165       ?GetWindow@XOleIPSite@COleControlSite@@UAGJPAPAUHWND__@@@Z 5fa0e165 f occsite.obj
 0001:0000d1b0       ?ContextSensitiveHelp@XOleIPSite@COleControlSite@@UAGJH@Z 5fa0e1b0 f occsite.obj
 0001:0000d1c7       ?CanInPlaceActivate@XOleIPSite@COleControlSite@@UAGJXZ 5fa0e1c7 f occsite.obj
 0001:0000d1db       ?OnInPlaceActivate@XOleIPSite@COleControlSite@@UAGJXZ 5fa0e1db f occsite.obj
 0001:0000d1ef       ?OnUIActivate@XOleIPSite@COleControlSite@@UAGJXZ 5fa0e1ef f occsite.obj
 0001:0000d226       ?GetWindowContext@XOleIPSite@COleControlSite@@UAGJPAPAUIOleInPlaceFrame@@PAPAUIOleInPlaceUIWindow@@PAUtagRECT@@2PAUtagOIFI@@@Z 5fa0e226 f occsite.obj
 0001:0000d48a       ?Scroll@XOleIPSite@COleControlSite@@UAGJUtagSIZE@@@Z 5fa0e48a f occsite.obj
 0001:0000d4a1       ?OnUIDeactivate@XOleIPSite@COleControlSite@@UAGJH@Z 5fa0e4a1 f occsite.obj
 0001:0000d4d8       ?OnInPlaceDeactivate@XOleIPSite@COleControlSite@@UAGJXZ 5fa0e4d8 f occsite.obj
 0001:0000d55e       ?DiscardUndoState@XOleIPSite@COleControlSite@@UAGJXZ 5fa0e55e f occsite.obj
 0001:0000d572       ?DeactivateAndUndo@XOleIPSite@COleControlSite@@UAGJXZ 5fa0e572 f occsite.obj
 0001:0000d5a6       ?OnPosRectChange@XOleIPSite@COleControlSite@@UAGJPBUtagRECT@@@Z 5fa0e5a6 f occsite.obj
 0001:0000d634       ?AddRef@XOleControlSite@COleControlSite@@UAGKXZ 5fa0e634 f occsite.obj
 0001:0000d65c       ?Release@XOleControlSite@COleControlSite@@UAGKXZ 5fa0e65c f occsite.obj
 0001:0000d684       ?QueryInterface@XOleControlSite@COleControlSite@@UAGJABU_GUID@@PAPAX@Z 5fa0e684 f occsite.obj
 0001:0000d6b4       ?OnControlInfoChanged@XOleControlSite@COleControlSite@@UAGJXZ 5fa0e6b4 f occsite.obj
 0001:0000d6de       ?LockInPlaceActive@XOleControlSite@COleControlSite@@UAGJH@Z 5fa0e6de f occsite.obj
 0001:0000d6f5       ?GetExtendedControl@XOleControlSite@COleControlSite@@UAGJPAPAUIDispatch@@@Z 5fa0e6f5 f occsite.obj
 0001:0000d70c       ?TransformCoords@XOleControlSite@COleControlSite@@UAGJPAU_POINTL@@PAUtagPOINTF@@K@Z 5fa0e70c f occsite.obj
 0001:0000d894       ?TranslateAcceleratorA@XOleControlSite@COleControlSite@@UAGJPAUtagMSG@@K@Z 5fa0e894 f occsite.obj
 0001:0000d8ab       ?OnFocus@XOleControlSite@COleControlSite@@UAGJH@Z 5fa0e8ab f occsite.obj
 0001:0000d8bf       ?ShowPropertyFrame@XOleControlSite@COleControlSite@@UAGJXZ 5fa0e8bf f occsite.obj
 0001:0000d8d6       ?AddRef@XAmbientProps@COleControlSite@@UAGKXZ 5fa0e8d6 f occsite.obj
 0001:0000d8fe       ?Release@XAmbientProps@COleControlSite@@UAGKXZ 5fa0e8fe f occsite.obj
 0001:0000d926       ?QueryInterface@XAmbientProps@COleControlSite@@UAGJABU_GUID@@PAPAX@Z 5fa0e926 f occsite.obj
 0001:0000d956       ?GetTypeInfoCount@XAmbientProps@COleControlSite@@UAGJPAI@Z 5fa0e956 f occsite.obj
 0001:0000d96d       ?GetTypeInfo@XAmbientProps@COleControlSite@@UAGJIKPAPAUITypeInfo@@@Z 5fa0e96d f occsite.obj
 0001:0000d984       ?GetIDsOfNames@XAmbientProps@COleControlSite@@UAGJABU_GUID@@PAPAGIKPAJ@Z 5fa0e984 f occsite.obj
 0001:0000d99b       ?Invoke@XAmbientProps@COleControlSite@@UAGJJABU_GUID@@KGPAUtagDISPPARAMS@@PAUtagVARIANT@@PAUtagEXCEPINFO@@PAI@Z 5fa0e99b f occsite.obj
 0001:0000dae7       ?QueryInterface@XPropertyNotifySink@COleControlSite@@UAGJABU_GUID@@PAPAX@Z 5fa0eae7 f occsite.obj
 0001:0000db5e       ?AddRef@XPropertyNotifySink@COleControlSite@@UAGKXZ 5fa0eb5e f occsite.obj
 0001:0000db75       ?Release@XPropertyNotifySink@COleControlSite@@UAGKXZ 5fa0eb75 f occsite.obj
 0001:0000db89       ?OnChanged@XPropertyNotifySink@COleControlSite@@UAGJJ@Z 5fa0eb89 f occsite.obj
 0001:0000dc26       ?OnRequestEdit@XPropertyNotifySink@COleControlSite@@UAGJJ@Z 5fa0ec26 f occsite.obj
 0001:0000dcc3       ?AddRef@XEventSink@COleControlSite@@UAGKXZ 5fa0ecc3 f occsite.obj
 0001:0000dcda       ?Release@XEventSink@COleControlSite@@UAGKXZ 5fa0ecda f occsite.obj
 0001:0000dcee       ?QueryInterface@XEventSink@COleControlSite@@UAGJABU_GUID@@PAPAX@Z 5fa0ecee f occsite.obj
 0001:0000dd80       ?GetTypeInfoCount@XEventSink@COleControlSite@@UAGJPAI@Z 5fa0ed80 f occsite.obj
 0001:0000dd97       ?GetTypeInfo@XEventSink@COleControlSite@@UAGJIKPAPAUITypeInfo@@@Z 5fa0ed97 f occsite.obj
 0001:0000ddae       ?GetIDsOfNames@XEventSink@COleControlSite@@UAGJABU_GUID@@PAPAGIKPAJ@Z 5fa0edae f occsite.obj
 0001:0000ddc5       ?Invoke@XEventSink@COleControlSite@@UAGJJABU_GUID@@KGPAUtagDISPPARAMS@@PAUtagVARIANT@@PAUtagEXCEPINFO@@PAI@Z 5fa0edc5 f occsite.obj
 0001:0000df00       ??_GCOleControlSite@@UAEPAXI@Z 5fa0ef00 f occsite.obj
 0001:0000df00       ??_ECOleControlSite@@UAEPAXI@Z 5fa0ef00 f occsite.obj
 0001:0000df40       ??0XOleClientSite@COleControlSite@@QAE@XZ 5fa0ef40 f occsite.obj
 0001:0000df70       ??0XOleIPSite@COleControlSite@@QAE@XZ 5fa0ef70 f occsite.obj
 0001:0000dfa0       ??0XOleControlSite@COleControlSite@@QAE@XZ 5fa0efa0 f occsite.obj
 0001:0000dfd0       ??0XAmbientProps@COleControlSite@@QAE@XZ 5fa0efd0 f occsite.obj
 0001:0000e000       ??0XPropertyNotifySink@COleControlSite@@QAE@XZ 5fa0f000 f occsite.obj
 0001:0000e030       ??0XEventSink@COleControlSite@@QAE@XZ 5fa0f030 f occsite.obj
 0001:0000e060       ??0IOleControlSite@@QAE@XZ 5fa0f060 f occsite.obj
 0001:0000e090       ??0IPropertyNotifySink@@QAE@XZ 5fa0f090 f occsite.obj
 0001:0000e0c0       __tcsncpy                  5fa0f0c0 f occsite.obj
 0001:0000e0f0       ??0AFX_EVENT@@QAE@HJPAUtagDISPPARAMS@@PAUtagEXCEPINFO@@PAI@Z 5fa0f0f0 f occsite.obj
 0001:0000e150       ??0COleControlLock@@QAE@ABU_GUID@@@Z 5fa0f150 f occlock.obj
 0001:0000e24f       ??1COleControlLock@@UAE@XZ 5fa0f24f f occlock.obj
 0001:0000e2ab       ?AfxOleLockControl@@YGHABU_GUID@@@Z 5fa0f2ab f occlock.obj
 0001:0000e3f5       ?AfxOleLockControl@@YGHPBD@Z 5fa0f3f5 f occlock.obj
 0001:0000e434       ?AfxOleUnlockControl@@YGHPBD@Z 5fa0f434 f occlock.obj
 0001:0000e473       ?AfxOleUnlockControl@@YGHABU_GUID@@@Z 5fa0f473 f occlock.obj
 0001:0000e52c       ?AfxOleUnlockAllControls@@YGXXZ 5fa0f52c f occlock.obj
 0001:0000e5e0       ??_GCOleControlLock@@UAEPAXI@Z 5fa0f5e0 f occlock.obj
 0001:0000e5e0       ??_ECOleControlLock@@UAEPAXI@Z 5fa0f5e0 f occlock.obj
 0001:0000e620       ?IsEmpty@CSimpleList@@QBEHXZ 5fa0f620 f occlock.obj
 0001:0000e650       ?AddHead@?$CTypedSimpleList@PAVCOleControlLock@@@@QAEXPAVCOleControlLock@@@Z 5fa0f650 f occlock.obj
 0001:0000e680       ?Remove@?$CTypedSimpleList@PAVCOleControlLock@@@@QAEHPAVCOleControlLock@@@Z 5fa0f680 f occlock.obj
 0001:0000e6b0       ??B?$CTypedSimpleList@PAVCOleControlLock@@@@QAEPAVCOleControlLock@@XZ 5fa0f6b0 f occlock.obj
 0001:0000e6d0       ?DDX_OCText@@YGXPAVCDataExchange@@HJAAVCString@@@Z 5fa0f6d0 f occddx.obj
 0001:0000e732       ?DDX_OCTextRO@@YGXPAVCDataExchange@@HJAAVCString@@@Z 5fa0f732 f occddx.obj
 0001:0000e7a0       ?DDX_OCBool@@YGXPAVCDataExchange@@HJAAH@Z 5fa0f7a0 f occddx.obj
 0001:0000e7ff       ?DDX_OCBoolRO@@YGXPAVCDataExchange@@HJAAH@Z 5fa0f7ff f occddx.obj
 0001:0000e82b       ?DDX_OCInt@@YGXPAVCDataExchange@@HJAAH@Z 5fa0f82b f occddx.obj
 0001:0000e88a       ?DDX_OCIntRO@@YGXPAVCDataExchange@@HJAAH@Z 5fa0f88a f occddx.obj
 0001:0000e8b6       ?DDX_OCInt@@YGXPAVCDataExchange@@HJAAJ@Z 5fa0f8b6 f occddx.obj
 0001:0000e915       ?DDX_OCIntRO@@YGXPAVCDataExchange@@HJAAJ@Z 5fa0f915 f occddx.obj
 0001:0000e941       ?DDX_OCShort@@YGXPAVCDataExchange@@HJAAF@Z 5fa0f941 f occddx.obj
 0001:0000e9a1       ?DDX_OCShortRO@@YGXPAVCDataExchange@@HJAAF@Z 5fa0f9a1 f occddx.obj
 0001:0000e9cd       ?DDX_OCColor@@YGXPAVCDataExchange@@HJAAK@Z 5fa0f9cd f occddx.obj
 0001:0000ea2c       ?DDX_OCColorRO@@YGXPAVCDataExchange@@HJAAK@Z 5fa0fa2c f occddx.obj
 0001:0000ea60       ?DDX_OCFloat@@YGXPAVCDataExchange@@HJAAM@Z 5fa0fa60 f occddxf.obj
 0001:0000eac4       ?DDX_OCFloatRO@@YGXPAVCDataExchange@@HJAAM@Z 5fa0fac4 f occddxf.obj
 0001:0000eb06       ?DDX_OCFloat@@YGXPAVCDataExchange@@HJAAN@Z 5fa0fb06 f occddxf.obj
 0001:0000eb69       ?DDX_OCFloatRO@@YGXPAVCDataExchange@@HJAAN@Z 5fa0fb69 f occddxf.obj
 0001:0000ebb0       ?IsMatchingMnemonic@COccManager@@SAHPAVCWnd@@PAUtagMSG@@@Z 5fa0fbb0 f occdlg.obj
 0001:0000ebf0       ?IsLabelControl@COccManager@@SAHPAVCWnd@@@Z 5fa0fbf0 f occdlg.obj
 0001:0000ec39       ?UIActivateControl@COccManager@@KAXPAVCWnd@@@Z 5fa0fc39 f occdlg.obj
 0001:0000ecd6       ?UIDeactivateIfNecessary@COccManager@@KAXPAVCWnd@@0@Z 5fa0fcd6 f occdlg.obj
 0001:0000edcb       ?FindDlgItem@@YAPAVCWnd@@PAV1@K@Z 5fa0fdcb f occdlg.obj
 0001:0000f045       ?SetDefaultButton@COccManager@@SAXPAVCWnd@@H@Z 5fa10045 f occdlg.obj
 0001:0000f113       ?GetDefBtnCode@COccManager@@SAKPAVCWnd@@@Z 5fa10113 f occdlg.obj
 0001:0000f162       ?IsDialogMessageA@COccManager@@UAEHPAVCWnd@@PAUtagMSG@@@Z 5fa10162 f occdlg.obj
 0001:0000fb80       ?IsControlParent@@YAHPAVCWnd@@@Z 5fa10b80 f occdlg.obj
 0001:0000fbb0       ?TestExStyle@@YAKPAVCWnd@@K@Z 5fa10bb0 f occdlg.obj
 0001:0000fbe0       ?HasChildStyle@@YAHPAVCWnd@@@Z 5fa10be0 f occdlg.obj
 0001:0000fc20       ?TestStyle@@YAKPAVCWnd@@K@Z 5fa10c20 f occdlg.obj
 0001:0000fc50       ?AddRef@XOleCache@COleControl@@UAGKXZ 5fa10c50 f ctlcache.obj
 0001:0000fc78       ?Release@XOleCache@COleControl@@UAGKXZ 5fa10c78 f ctlcache.obj
 0001:0000fca0       ?QueryInterface@XOleCache@COleControl@@UAGJABU_GUID@@PAPAX@Z 5fa10ca0 f ctlcache.obj
 0001:0000fcd0       ?Cache@XOleCache@COleControl@@UAGJPAUtagFORMATETC@@KPAK@Z 5fa10cd0 f ctlcache.obj
 0001:0000fd3a       ?Uncache@XOleCache@COleControl@@UAGJK@Z 5fa10d3a f ctlcache.obj
 0001:0000fd9c       ?EnumCache@XOleCache@COleControl@@UAGJPAPAUIEnumSTATDATA@@@Z 5fa10d9c f ctlcache.obj
 0001:0000fdfe       ?InitCache@XOleCache@COleControl@@UAGJPAUIDataObject@@@Z 5fa10dfe f ctlcache.obj
 0001:0000fe60       ?SetData@XOleCache@COleControl@@UAGJPAUtagFORMATETC@@PAUtagSTGMEDIUM@@H@Z 5fa10e60 f ctlcache.obj
 0001:0000fed0       ?_GetBaseInterfaceMap@COleControl@@KGPBUAFX_INTERFACEMAP@@XZ 5fa10ed0 f ctlcore.obj
 0001:0000fee5       ?GetInterfaceMap@COleControl@@MBEPBUAFX_INTERFACEMAP@@XZ 5fa10ee5 f ctlcore.obj
 0001:0000ff00       ?_GetBaseMessageMap@COleControl@@KGPBUAFX_MSGMAP@@XZ 5fa10f00 f ctlcore.obj
 0001:0000ff15       ?GetMessageMap@COleControl@@MBEPBUAFX_MSGMAP@@XZ 5fa10f15 f ctlcore.obj
 0001:0000ff30       ??0COleControl@@QAE@XZ     5fa10f30 f ctlcore.obj
 0001:000103ab       ??1COleControl@@UAE@XZ     5fa113ab f ctlcore.obj
 0001:000109eb       ?OnFinalRelease@COleControl@@MAEXXZ 5fa119eb f ctlcore.obj
 0001:00010a3e       ?GetInterfaceHook@COleControl@@MAEPAUIUnknown@@PBX@Z 5fa11a3e f ctlcore.obj
 0001:00010ac9       ?SetInitialSize@COleControl@@QAEXHH@Z 5fa11ac9 f ctlcore.obj
 0001:00010b14       ?GetDispatchIID@COleControl@@MAEHPAU_GUID@@@Z 5fa11b14 f ctlcore.obj
 0001:00010b71       ?InitializeIIDs@COleControl@@QAEXPBU_GUID@@0@Z 5fa11b71 f ctlcore.obj
 0001:00010ce5       ?AssertValid@COleControl@@UBEXXZ 5fa11ce5 f ctlcore.obj
 0001:00010d03       ?_AfxDumpGuid@@YGXAAVCDumpContext@@PBU_GUID@@@Z 5fa11d03 f ctlcore.obj
 0001:00010da7       ?_AfxDumpHex@@YGXAAVCDumpContext@@K@Z 5fa11da7 f ctlcore.obj
 0001:00010dde       ?Dump@COleControl@@UBEXAAVCDumpContext@@@Z 5fa11dde f ctlcore.obj
 0001:0001106b       ?_AfxFillPSOnStack@@YGXXZ  5fa1206b f ctlcore.obj
 0001:000110d2       ?DoSuperclassPaint@COleControl@@QAEXPAVCDC@@ABVCRect@@@Z 5fa120d2 f ctlcore.obj
 0001:000111e5       ?IsSubclassedControl@COleControl@@UAEHXZ 5fa121e5 f ctlcore.obj
 0001:00011227       ?ContainerReflectsMessages@COleControl@@IAEHXZ 5fa12227 f ctlcore.obj
 0001:00011262       ?ContainerClips@COleControl@@IAEHXZ 5fa12262 f ctlcore.obj
 0001:0001129d       ?CreateControlWindow@COleControl@@IAEHPAUHWND__@@ABVCRect@@PBUtagRECT@@@Z 5fa1229d f ctlcore.obj
 0001:0001169e       ?ReparentControlWindow@COleControl@@UAEXPAUHWND__@@0@Z 5fa1269e f ctlcore.obj
 0001:000116c4       ?GetControlSize@COleControl@@QAEXPAH0@Z 5fa126c4 f ctlcore.obj
 0001:00011781       ?SetControlSize@COleControl@@QAEHHH@Z 5fa12781 f ctlcore.obj
 0001:000117e3       ?ResizeOpenControl@COleControl@@IAEXHH@Z 5fa127e3 f ctlcore.obj
 0001:00011850       ?SetRectInContainer@COleControl@@QAEHPBUtagRECT@@@Z 5fa12850 f ctlcore.obj
 0001:000118f6       ?OnResetState@COleControl@@UAEXXZ 5fa128f6 f ctlcore.obj
 0001:00011930       ?_AfxDrawBorders@@YGXPAVCDC@@AAVCRect@@HH@Z 5fa12930 f ctlcore.obj
 0001:000119a2       ?DrawContent@COleControl@@IAEXPAVCDC@@AAVCRect@@@Z 5fa129a2 f ctlcore.obj
 0001:00011a92       ?DrawMetafile@COleControl@@IAEXPAVCDC@@AAVCRect@@@Z 5fa12a92 f ctlcore.obj
 0001:00011b2f       ?OnDraw@COleControl@@UAEXPAVCDC@@ABVCRect@@1@Z 5fa12b2f f ctlcore.obj
 0001:00011b47       ?OnDrawMetafile@COleControl@@UAEXPAVCDC@@ABVCRect@@@Z 5fa12b47 f ctlcore.obj
 0001:00011b79       ?GetMetafileData@COleControl@@IAEHPAUtagFORMATETC@@PAUtagSTGMEDIUM@@@Z 5fa12b79 f ctlcore.obj
 0001:00011e7e       ?OnCreateAggregates@COleControl@@MAEHXZ 5fa12e7e f ctlcore.obj
 0001:00011e99       ?QueryDefHandler@COleControl@@IAEPAXABU_GUID@@@Z 5fa12e99 f ctlcore.obj
 0001:00011f66       ?InvalidateControl@COleControl@@QAEXPBUtagRECT@@@Z 5fa12f66 f ctlcore.obj
 0001:00011fcb       ?GetOuterWindow@COleControl@@IBEPAVCWnd@@XZ 5fa12fcb f ctlcore.obj
 0001:00012002       ?OnReflectorDestroyed@COleControl@@MAEXXZ 5fa13002 f ctlcore.obj
 0001:00012025       ?SaveState@COleControl@@IAEJPAUIStream@@@Z 5fa13025 f ctlcore.obj
 0001:00012128       ?LoadState@COleControl@@IAEJPAUIStream@@@Z 5fa13128 f ctlcore.obj
 0001:00012261       ?SendAdvise@COleControl@@IAEXI@Z 5fa13261 f ctlcore.obj
 0001:00012474       ?OnHide@COleControl@@MAEJXZ 5fa13474 f ctlcore.obj
 0001:0001256f       ?ResizeFrameWindow@COleControl@@MAEXHH@Z 5fa1356f f ctlcore.obj
 0001:0001261b       ?OnOpen@COleControl@@MAEJHPAUtagMSG@@@Z 5fa1361b f ctlcore.obj
 0001:0001278d       ?CreateFrameWindow@COleControl@@MAEPAVCControlFrameWnd@@XZ 5fa1378d f ctlcore.obj
 0001:00012839       ?OnFrameClose@COleControl@@MAEXXZ 5fa13839 f ctlcore.obj
 0001:000128bc       ?GetRectInContainer@COleControl@@QAEHPAUtagRECT@@@Z 5fa138bc f ctlcore.obj
 0001:00012905       ?GetPropPageIDs@COleControl@@MAEPAU_GUID@@AAK@Z 5fa13905 f ctlcore.obj
 0001:00012928       ?OnEdit@COleControl@@UAEHPAUtagMSG@@PAUHWND__@@PBUtagRECT@@@Z 5fa13928 f ctlcore.obj
 0001:0001297e       ?_AfxGetTopLevelWindow@@YGPAUHWND__@@PAU1@@Z 5fa1397e f ctlcore.obj
 0001:000129b3       ?OnProperties@COleControl@@UAEHPAUtagMSG@@PAUHWND__@@PBUtagRECT@@@Z 5fa139b3 f ctlcore.obj
 0001:00012b6f       ?OnPaint@COleControl@@IAEXPAVCDC@@@Z 5fa13b6f f ctlcore.obj
 0001:00012d0e       ?Serialize@COleControl@@MAEXAAVCArchive@@@Z 5fa13d0e f ctlcore.obj
 0001:00012d68       ?DoPropExchange@COleControl@@UAEXPAVCPropExchange@@@Z 5fa13d68 f ctlcore.obj
 0001:00012dcf       ?ControlInfoChanged@COleControl@@QAEXXZ 5fa13dcf f ctlcore.obj
 0001:00012e0d       ?LockInPlaceActive@COleControl@@QAEHH@Z 5fa13e0d f ctlcore.obj
 0001:00012e6c       ?GetExtendedControl@COleControl@@QAEPAUIDispatch@@XZ 5fa13e6c f ctlcore.obj
 0001:00012eb8       ?TransformCoords@COleControl@@QAEXPAU_POINTL@@PAUtagPOINTF@@K@Z 5fa13eb8 f ctlcore.obj
 0001:00012f5d       ?AddRef@XOleControl@COleControl@@UAGKXZ 5fa13f5d f ctlcore.obj
 0001:00012f85       ?Release@XOleControl@COleControl@@UAGKXZ 5fa13f85 f ctlcore.obj
 0001:00012fad       ?QueryInterface@XOleControl@COleControl@@UAGJABU_GUID@@PAPAX@Z 5fa13fad f ctlcore.obj
 0001:00012fdd       ?GetControlInfo@XOleControl@COleControl@@UAGJPAUtagCONTROLINFO@@@Z 5fa13fdd f ctlcore.obj
 0001:0001306d       ?OnMnemonic@XOleControl@COleControl@@UAGJPAUtagMSG@@@Z 5fa1406d f ctlcore.obj
 0001:000130fd       ?OnAmbientPropertyChange@XOleControl@COleControl@@UAGJJ@Z 5fa140fd f ctlcore.obj
 0001:000131b5       ?FreezeEvents@XOleControl@COleControl@@UAGJH@Z 5fa141b5 f ctlcore.obj
 0001:000132b7       ?OnGetControlInfo@COleControl@@UAEXPAUtagCONTROLINFO@@@Z 5fa142b7 f ctlcore.obj
 0001:000132ec       ?OnMnemonic@COleControl@@UAEXPAUtagMSG@@@Z 5fa142ec f ctlcore.obj
 0001:00013304       ?OnAmbientPropertyChange@COleControl@@UAEXJ@Z 5fa14304 f ctlcore.obj
 0001:0001331c       ?OnFreezeEvents@COleControl@@UAEXH@Z 5fa1431c f ctlcore.obj
 0001:00013334       ?OnSetClientSite@COleControl@@UAEXXZ 5fa14334 f ctlcore.obj
 0001:0001334a       ?GetClientSite@COleControl@@QAEPAUIOleClientSite@@XZ 5fa1434a f ctlcore.obj
 0001:00013369       ?TranslateColor@COleControl@@QAEKKPAUHPALETTE__@@@Z 5fa14369 f ctlcore.obj
 0001:0001339c       ?Refresh@COleControl@@QAEXXZ 5fa1439c f ctlcore.obj
 0001:000133d1       ?DoClick@COleControl@@QAEXXZ 5fa143d1 f ctlcore.obj
 0001:000133f7       ?OnNcCreate@COleControl@@IAEHPAUtagCREATESTRUCTA@@@Z 5fa143f7 f ctlcore.obj
 0001:0001343d       ?RecreateControlWindow@COleControl@@QAEXXZ 5fa1443d f ctlcore.obj
 0001:00013706       ?CreateWindowForSubclassedControl@COleControl@@IAEXXZ 5fa14706 f ctlcore.obj
 0001:0001379e       ?OnMouseActivate@COleControl@@IAEHPAVCWnd@@II@Z 5fa1479e f ctlcore.obj
 0001:000137fa       ?PreModalDialog@COleControl@@QAEXPAUHWND__@@@Z 5fa147fa f ctlcore.obj
 0001:00013863       ?PostModalDialog@COleControl@@QAEXPAUHWND__@@@Z 5fa14863 f ctlcore.obj
 0001:000138cc       ?SetModifiedFlag@COleControl@@QAEXH@Z 5fa148cc f ctlcore.obj
 0001:000138f0       ?IsModified@COleControl@@QAEHXZ 5fa148f0 f ctlcore.obj
 0001:00013913       ?WillAmbientsBeValidDuringLoad@COleControl@@QAEHXZ 5fa14913 f ctlcore.obj
 0001:00013936       ?EnableSimpleFrame@COleControl@@QAEXXZ 5fa14936 f ctlcore.obj
 0001:00013956       ?IgnoreWindowMessage@COleControl@@IAEHIIJPAJ@Z 5fa14956 f ctlcore.obj
 0001:00013a25       ?WindowProc@COleControl@@UAEJIIJ@Z 5fa14a25 f ctlcore.obj
 0001:00013d2b       ?OnInitMenuPopup@COleControl@@IAEXPAVCMenu@@IH@Z 5fa14d2b f ctlcore.obj
 0001:00013fab       ?OnMenuSelect@COleControl@@IAEXIIPAUHMENU__@@@Z 5fa14fab f ctlcore.obj
 0001:0001412b       ?GetMessageString@COleControl@@UBEXIAAVCString@@@Z 5fa1512b f ctlcore.obj
 0001:000141ae       ?OnSetMessageString@COleControl@@IAEJIJ@Z 5fa151ae f ctlcore.obj
 0001:00014328       ?OnEnterIdle@COleControl@@IAEXIPAVCWnd@@@Z 5fa15328 f ctlcore.obj
 0001:000143b0       ?AddRef@XSpecifyPropertyPages@COleControl@@UAGKXZ 5fa153b0 f ctlcore.obj
 0001:000143d8       ?Release@XSpecifyPropertyPages@COleControl@@UAGKXZ 5fa153d8 f ctlcore.obj
 0001:00014400       ?QueryInterface@XSpecifyPropertyPages@COleControl@@UAGJABU_GUID@@PAPAX@Z 5fa15400 f ctlcore.obj
 0001:00014430       ?GetPages@XSpecifyPropertyPages@COleControl@@UAGJPAUtagCAUUID@@@Z 5fa15430 f ctlcore.obj
 0001:00014591       ?OnDestroy@COleControl@@IAEXXZ 5fa15591 f ctlcore.obj
 0001:00014603       ?OnKillFocus@COleControl@@IAEXPAVCWnd@@@Z 5fa15603 f ctlcore.obj
 0001:00014651       ?OnSetFocus@COleControl@@IAEXPAVCWnd@@@Z 5fa15651 f ctlcore.obj
 0001:0001469f       ?OnOcmCtlColorBtn@COleControl@@IAEJIJ@Z 5fa1569f f ctlcore.obj
 0001:000146d1       ?OnOcmCtlColorDlg@COleControl@@IAEJIJ@Z 5fa156d1 f ctlcore.obj
 0001:00014703       ?OnOcmCtlColorEdit@COleControl@@IAEJIJ@Z 5fa15703 f ctlcore.obj
 0001:00014735       ?OnOcmCtlColorListBox@COleControl@@IAEJIJ@Z 5fa15735 f ctlcore.obj
 0001:00014767       ?OnOcmCtlColorMsgBox@COleControl@@IAEJIJ@Z 5fa15767 f ctlcore.obj
 0001:00014799       ?OnOcmCtlColorScrollBar@COleControl@@IAEJIJ@Z 5fa15799 f ctlcore.obj
 0001:000147cb       ?OnOcmCtlColorStatic@COleControl@@IAEJIJ@Z 5fa157cb f ctlcore.obj
 0001:000147fd       ?ThrowError@COleControl@@QAEXJII@Z 5fa157fd f ctlcore.obj
 0001:0001485a       ?ThrowError@COleControl@@QAEXJPBDI@Z 5fa1585a f ctlcore.obj
 0001:000148ce       ?IsInvokeAllowed@COleControl@@MAEHJ@Z 5fa158ce f ctlcore.obj
 0001:00014900       ??_ECOleControl@@UAEPAXI@Z 5fa15900 f ctlcore.obj
 0001:00014900       ??_GCOleControl@@UAEPAXI@Z 5fa15900 f ctlcore.obj
 0001:00014940       ??0CControlDataSource@COleControl@@QAE@XZ 5fa15940 f ctlcore.obj
 0001:000149b0       ??1CControlDataSource@COleControl@@UAE@XZ 5fa159b0 f ctlcore.obj
 0001:00014a10       ??0XPersistStorage@COleControl@@QAE@XZ 5fa15a10 f ctlcore.obj
 0001:00014a40       ??0XPersistStreamInit@COleControl@@QAE@XZ 5fa15a40 f ctlcore.obj
 0001:00014a70       ??0XPersistMemory@COleControl@@QAE@XZ 5fa15a70 f ctlcore.obj
 0001:00014aa0       ??0XPersistPropertyBag@COleControl@@QAE@XZ 5fa15aa0 f ctlcore.obj
 0001:00014ad0       ??0XOleObject@COleControl@@QAE@XZ 5fa15ad0 f ctlcore.obj
 0001:00014b00       ??0XViewObject@COleControl@@QAE@XZ 5fa15b00 f ctlcore.obj
 0001:00014b30       ??0XDataObject@COleControl@@QAE@XZ 5fa15b30 f ctlcore.obj
 0001:00014b60       ??0XOleInPlaceObject@COleControl@@QAE@XZ 5fa15b60 f ctlcore.obj
 0001:00014b90       ??0XOleInPlaceActiveObject@COleControl@@QAE@XZ 5fa15b90 f ctlcore.obj
 0001:00014bc0       ??0XOleCache@COleControl@@QAE@XZ 5fa15bc0 f ctlcore.obj
 0001:00014bf0       ??0XOleControl@COleControl@@QAE@XZ 5fa15bf0 f ctlcore.obj
 0001:00014c20       ??0XProvideClassInfo@COleControl@@QAE@XZ 5fa15c20 f ctlcore.obj
 0001:00014c50       ??0XSpecifyPropertyPages@COleControl@@QAE@XZ 5fa15c50 f ctlcore.obj
 0001:00014c80       ??0XPerPropertyBrowsing@COleControl@@QAE@XZ 5fa15c80 f ctlcore.obj
 0001:00014cb0       ??0XFontNotification@COleControl@@QAE@XZ 5fa15cb0 f ctlcore.obj
 0001:00014ce0       ??_GCControlDataSource@COleControl@@UAEPAXI@Z 5fa15ce0 f ctlcore.obj
 0001:00014ce0       ??_ECControlDataSource@COleControl@@UAEPAXI@Z 5fa15ce0 f ctlcore.obj
 0001:00014d20       ??0IPersistStreamInit@@QAE@XZ 5fa15d20 f ctlcore.obj
 0001:00014d50       ??0IPersistMemory@@QAE@XZ  5fa15d50 f ctlcore.obj
 0001:00014d80       ??0IPersistPropertyBag@@QAE@XZ 5fa15d80 f ctlcore.obj
 0001:00014db0       ??0IViewObject2@@QAE@XZ    5fa15db0 f ctlcore.obj
 0001:00014de0       ??0IOleCache@@QAE@XZ       5fa15de0 f ctlcore.obj
 0001:00014e10       ??0IOleControl@@QAE@XZ     5fa15e10 f ctlcore.obj
 0001:00014e40       ??0IProvideClassInfo2@@QAE@XZ 5fa15e40 f ctlcore.obj
 0001:00014e70       ??0ISpecifyPropertyPages@@QAE@XZ 5fa15e70 f ctlcore.obj
 0001:00014ea0       ??0IPerPropertyBrowsing@@QAE@XZ 5fa15ea0 f ctlcore.obj
 0001:00014ed0       ??0IViewObject@@QAE@XZ     5fa15ed0 f ctlcore.obj
 0001:00014f00       ??0IProvideClassInfo@@QAE@XZ 5fa15f00 f ctlcore.obj
 0001:00014f30       ??0XEventConnPt@COleControl@@QAE@XZ 5fa15f30 f ctlcore.obj
 0001:00014fb0       ??0XPropConnPt@COleControl@@QAE@XZ 5fa15fb0 f ctlcore.obj
 0001:00015030       ?GetIID@XPropConnPt@COleControl@@UAEABU_GUID@@XZ 5fa16030 f ctlcore.obj
 0001:00015050       ??_EXEventConnPt@COleControl@@UAEPAXI@Z 5fa16050 f ctlcore.obj
 0001:00015050       ??_GXEventConnPt@COleControl@@UAEPAXI@Z 5fa16050 f ctlcore.obj
 0001:00015090       ??_EXPropConnPt@COleControl@@UAEPAXI@Z 5fa16090 f ctlcore.obj
 0001:00015090       ??_GXPropConnPt@COleControl@@UAEPAXI@Z 5fa16090 f ctlcore.obj
 0001:000150d0       ??1XEventConnPt@COleControl@@UAE@XZ 5fa160d0 f ctlcore.obj
 0001:00015130       ??1XPropConnPt@COleControl@@UAE@XZ 5fa16130 f ctlcore.obj
 0001:00015190       ??0CReflectorWnd@@QAE@XZ   5fa16190 f ctlcore.obj
 0001:00015210       ??_GCReflectorWnd@@UAEPAXI@Z 5fa16210 f ctlcore.obj
 0001:00015210       ??_ECReflectorWnd@@UAEPAXI@Z 5fa16210 f ctlcore.obj
 0001:00015250       ??1CReflectorWnd@@UAE@XZ   5fa16250 f ctlcore.obj
 0001:000152b0       ??0CParkingWnd@@QAE@XZ     5fa162b0 f ctlcore.obj
 0001:00015390       ??_ECParkingWnd@@UAEPAXI@Z 5fa16390 f ctlcore.obj
 0001:00015390       ??_GCParkingWnd@@UAEPAXI@Z 5fa16390 f ctlcore.obj
 0001:000153d0       ??1CParkingWnd@@UAE@XZ     5fa163d0 f ctlcore.obj
 0001:00015450       ?_GetBaseConnectionMap@COleControl@@KGPBUAFX_CONNECTIONMAP@@XZ 5fa16450 f ctlconn.obj
 0001:00015465       ?GetConnectionMap@COleControl@@MBEPBUAFX_CONNECTIONMAP@@XZ 5fa16465 f ctlconn.obj
 0001:00015480       ?GetConnectionHook@COleControl@@MAEPAUIConnectionPoint@@ABU_GUID@@@Z 5fa16480 f ctlconn.obj
 0001:000154d4       ?GetExtraConnectionPoints@COleControl@@MAEHPAVCPtrArray@@@Z 5fa164d4 f ctlconn.obj
 0001:00015502       ?AddRef@XProvideClassInfo@COleControl@@UAGKXZ 5fa16502 f ctlconn.obj
 0001:0001552a       ?Release@XProvideClassInfo@COleControl@@UAGKXZ 5fa1652a f ctlconn.obj
 0001:00015552       ?QueryInterface@XProvideClassInfo@COleControl@@UAGJABU_GUID@@PAPAX@Z 5fa16552 f ctlconn.obj
 0001:00015582       ?GetClassInfoA@XProvideClassInfo@COleControl@@UAGJPAPAUITypeInfo@@@Z 5fa16582 f ctlconn.obj
 0001:00015625       ?GetGUID@XProvideClassInfo@COleControl@@UAGJKPAU_GUID@@@Z 5fa16625 f ctlconn.obj
 0001:0001569d       ?OnAdvise@XEventConnPt@COleControl@@UAEXH@Z 5fa1669d f ctlconn.obj
 0001:00015725       ?GetIID@XEventConnPt@COleControl@@UAEABU_GUID@@XZ 5fa16725 f ctlconn.obj
 0001:00015768       ?OnEventAdvise@COleControl@@UAEXH@Z 5fa16768 f ctlconn.obj
 0001:00015780       ?AfxConnectionAdvise@@YGHPAUIUnknown@@ABU_GUID@@0HPAK@Z 5fa16780 f ctlconn.obj
 0001:00015945       ?AfxConnectionUnadvise@@YGHPAUIUnknown@@ABU_GUID@@0HK@Z 5fa16945 f ctlconn.obj
 0001:00015af0       ?_AfxRegisterClipFormat@@YGGABU_GUID@@@Z 5fa16af0 f ctldata.obj
 0001:00015b83       ?_AfxGetClipboardFormatConvertVBX@@YGGXZ 5fa16b83 f ctldata.obj
 0001:00015bde       ?_AfxGetClipboardFormatPersistPropset@@YGGXZ 5fa16bde f ctldata.obj
 0001:00015c39       ?_AfxOleMatchPropsetClipFormat@@YGHGPAU_GUID@@@Z 5fa16c39 f ctldata.obj
 0001:00015ccf       ?AddRef@XDataObject@COleControl@@UAGKXZ 5fa16ccf f ctldata.obj
 0001:00015cf7       ?Release@XDataObject@COleControl@@UAGKXZ 5fa16cf7 f ctldata.obj
 0001:00015d1f       ?QueryInterface@XDataObject@COleControl@@UAGJABU_GUID@@PAPAX@Z 5fa16d1f f ctldata.obj
 0001:00015d4f       ?GetData@XDataObject@COleControl@@UAGJPAUtagFORMATETC@@PAUtagSTGMEDIUM@@@Z 5fa16d4f f ctldata.obj
 0001:00015d8c       ?GetDataHere@XDataObject@COleControl@@UAGJPAUtagFORMATETC@@PAUtagSTGMEDIUM@@@Z 5fa16d8c f ctldata.obj
 0001:00015dc9       ?QueryGetData@XDataObject@COleControl@@UAGJPAUtagFORMATETC@@@Z 5fa16dc9 f ctldata.obj
 0001:00015e02       ?GetCanonicalFormatEtc@XDataObject@COleControl@@UAGJPAUtagFORMATETC@@0@Z 5fa16e02 f ctldata.obj
 0001:00015e3f       ?SetData@XDataObject@COleControl@@UAGJPAUtagFORMATETC@@PAUtagSTGMEDIUM@@H@Z 5fa16e3f f ctldata.obj
 0001:00015e80       ?EnumFormatEtc@XDataObject@COleControl@@UAGJKPAPAUIEnumFORMATETC@@@Z 5fa16e80 f ctldata.obj
 0001:00015ebd       ?DAdvise@XDataObject@COleControl@@UAGJPAUtagFORMATETC@@KPAUIAdviseSink@@PAK@Z 5fa16ebd f ctldata.obj
 0001:00015f6b       ?DUnadvise@XDataObject@COleControl@@UAGJK@Z 5fa16f6b f ctldata.obj
 0001:00015fe9       ?EnumDAdvise@XDataObject@COleControl@@UAGJPAPAUIEnumSTATDATA@@@Z 5fa16fe9 f ctldata.obj
 0001:00016070       ?OnRenderGlobalData@CControlDataSource@COleControl@@MAEHPAUtagFORMATETC@@PAPAX@Z 5fa17070 f ctldata.obj
 0001:000160bc       ?OnRenderFileData@CControlDataSource@COleControl@@MAEHPAUtagFORMATETC@@PAVCFile@@@Z 5fa170bc f ctldata.obj
 0001:00016108       ?OnRenderData@CControlDataSource@COleControl@@MAEHPAUtagFORMATETC@@PAUtagSTGMEDIUM@@@Z 5fa17108 f ctldata.obj
 0001:00016176       ?OnSetData@CControlDataSource@COleControl@@MAEHPAUtagFORMATETC@@PAUtagSTGMEDIUM@@H@Z 5fa17176 f ctldata.obj
 0001:000161c6       ?OnRenderGlobalData@COleControl@@UAEHPAUtagFORMATETC@@PAPAX@Z 5fa171c6 f ctldata.obj
 0001:0001624d       ?OnRenderFileData@COleControl@@UAEHPAUtagFORMATETC@@PAVCFile@@@Z 5fa1724d f ctldata.obj
 0001:000162ba       ?OnRenderData@COleControl@@UAEHPAUtagFORMATETC@@PAUtagSTGMEDIUM@@@Z 5fa172ba f ctldata.obj
 0001:000163ac       ?OnSetData@COleControl@@UAEHPAUtagFORMATETC@@PAUtagSTGMEDIUM@@H@Z 5fa173ac f ctldata.obj
 0001:00016488       ?SetInitialDataFormats@COleControl@@IAEXXZ 5fa17488 f ctldata.obj
 0001:00016540       ?InitStockEventMask@COleControl@@IAEXXZ 5fa17540 f ctlevent.obj
 0001:0001662d       ?GetEventMap@COleControl@@MBEPBUAFX_EVENTMAP@@XZ 5fa1762d f ctlevent.obj
 0001:00016648       ?GetEventMapEntry@COleControl@@IBEPBUAFX_EVENTMAP_ENTRY@@PBDPAJ@Z 5fa17648 f ctlevent.obj
 0001:00016756       ?FireEventV@COleControl@@IAEXJPAEPAD@Z 5fa17756 f ctlevent.obj
 0001:000168cb       ?FireEvent@COleControl@@QAAXJPAEZZ 5fa178cb f ctlevent.obj
 0001:000168ff       ?_AfxShiftState@@YGFXZ     5fa178ff f ctlevent.obj
 0001:00016992       ?OnSysKeyDown@COleControl@@IAEXIII@Z 5fa17992 f ctlevent.obj
 0001:00016a15       ?OnSysKeyUp@COleControl@@IAEXIII@Z 5fa17a15 f ctlevent.obj
 0001:00016a98       ?OnKeyDown@COleControl@@IAEXIII@Z 5fa17a98 f ctlevent.obj
 0001:00016b1b       ?OnKeyUp@COleControl@@IAEXIII@Z 5fa17b1b f ctlevent.obj
 0001:00016b9e       ?KeyUp@COleControl@@IAEXPAG@Z 5fa17b9e f ctlevent.obj
 0001:00016c05       ?KeyDown@COleControl@@IAEXPAG@Z 5fa17c05 f ctlevent.obj
 0001:00016c6c       ?OnChar@COleControl@@IAEXIII@Z 5fa17c6c f ctlevent.obj
 0001:0001704b       ?OnKeyPressEvent@COleControl@@UAEXG@Z 5fa1804b f ctlevent.obj
 0001:00017063       ?OnKeyDownEvent@COleControl@@UAEXGG@Z 5fa18063 f ctlevent.obj
 0001:0001707b       ?OnKeyUpEvent@COleControl@@UAEXGG@Z 5fa1807b f ctlevent.obj
 0001:00017093       ?ButtonDown@COleControl@@IAEXGIVCPoint@@@Z 5fa18093 f ctlevent.obj
 0001:00017144       ?ButtonUp@COleControl@@IAEXGIVCPoint@@@Z 5fa18144 f ctlevent.obj
 0001:0001723c       ?ButtonDblClk@COleControl@@IAEXGIVCPoint@@@Z 5fa1823c f ctlevent.obj
 0001:000172ac       ?OnMouseMove@COleControl@@IAEXIVCPoint@@@Z 5fa182ac f ctlevent.obj
 0001:00017324       ?OnLButtonDown@COleControl@@IAEXIVCPoint@@@Z 5fa18324 f ctlevent.obj
 0001:0001738b       ?OnLButtonUp@COleControl@@IAEXIVCPoint@@@Z 5fa1838b f ctlevent.obj
 0001:0001747c       ?OnLButtonDblClk@COleControl@@IAEXIVCPoint@@@Z 5fa1847c f ctlevent.obj
 0001:000174db       ?OnMButtonDown@COleControl@@IAEXIVCPoint@@@Z 5fa184db f ctlevent.obj
 0001:0001753a       ?OnMButtonUp@COleControl@@IAEXIVCPoint@@@Z 5fa1853a f ctlevent.obj
 0001:0001762b       ?OnMButtonDblClk@COleControl@@IAEXIVCPoint@@@Z 5fa1862b f ctlevent.obj
 0001:0001768a       ?OnRButtonDown@COleControl@@IAEXIVCPoint@@@Z 5fa1868a f ctlevent.obj
 0001:000176e9       ?OnRButtonUp@COleControl@@IAEXIVCPoint@@@Z 5fa186e9 f ctlevent.obj
 0001:000177da       ?OnRButtonDblClk@COleControl@@IAEXIVCPoint@@@Z 5fa187da f ctlevent.obj
 0001:00017839       ?OnCancelMode@COleControl@@IAEXXZ 5fa18839 f ctlevent.obj
 0001:00017897       ?OnClick@COleControl@@UAEXG@Z 5fa18897 f ctlevent.obj
 0001:000178c4       ?FireError@COleControl@@QAEXJPBDI@Z 5fa188c4 f ctlevent.obj
 0001:00017a53       ?DisplayError@COleControl@@UAEXJPBD00I@Z 5fa18a53 f ctlevent.obj
 0001:00017a80       __tcscmp                   5fa18a80 f ctlevent.obj
 0001:00017ab0       __tcsicmp                  5fa18ab0 f ctlevent.obj
 0001:00017ae0       ?_GetBaseMessageMap@CControlFrameWnd@@KGPBUAFX_MSGMAP@@XZ 5fa18ae0 f ctlframe.obj
 0001:00017af5       ?GetMessageMap@CControlFrameWnd@@MBEPBUAFX_MSGMAP@@XZ 5fa18af5 f ctlframe.obj
 0001:00017b10       ??0CControlFrameWnd@@QAE@PAVCOleControl@@@Z 5fa18b10 f ctlframe.obj
 0001:00017b8a       ?PreCreateWindow@CControlFrameWnd@@UAEHAAUtagCREATESTRUCTA@@@Z 5fa18b8a f ctlframe.obj
 0001:00017bf6       ?Create@CControlFrameWnd@@UAEHPBD@Z 5fa18bf6 f ctlframe.obj
 0001:00017c5e       ?OnClose@CControlFrameWnd@@IAEXXZ 5fa18c5e f ctlframe.obj
 0001:00017c93       ?PostNcDestroy@CControlFrameWnd@@MAEXXZ 5fa18c93 f ctlframe.obj
 0001:00017cd1       ?OnActivate@CControlFrameWnd@@IAEXIPAVCWnd@@H@Z 5fa18cd1 f ctlframe.obj
 0001:00017d10       ??_ECControlFrameWnd@@UAEPAXI@Z 5fa18d10 f ctlframe.obj
 0001:00017d10       ??_GCControlFrameWnd@@UAEPAXI@Z 5fa18d10 f ctlframe.obj
 0001:00017d50       ??1CControlFrameWnd@@UAE@XZ 5fa18d50 f ctlframe.obj
 0001:00017db0       ??0CFontHolder@@QAE@PAUIPropertyNotifySink@@@Z 5fa18db0 f ctlfont.obj
 0001:00017e1b       ??1CFontHolder@@QAE@XZ     5fa18e1b f ctlfont.obj
 0001:00017e39       ?ReleaseFont@CFontHolder@@QAEXXZ 5fa18e39 f ctlfont.obj
 0001:00017ead       ?InitializeFont@CFontHolder@@QAEXPBUtagFONTDESC@@PAUIDispatch@@@Z 5fa18ead f ctlfont.obj
 0001:0001802a       ?_AfxIsSameFont@@YGHAAVCFontHolder@@PBUtagFONTDESC@@PAUIFontDisp@@@Z 5fa1902a f ctlfont.obj
 0001:00018346       ?GetFontHandle@CFontHolder@@QAEPAUHFONT__@@XZ 5fa19346 f ctlfont.obj
 0001:000183d1       ?GetFontHandle@CFontHolder@@QAEPAUHFONT__@@JJ@Z 5fa193d1 f ctlfont.obj
 0001:0001845d       ?Select@CFontHolder@@QAEPAVCFont@@PAVCDC@@JJ@Z 5fa1945d f ctlfont.obj
 0001:0001852a       ?QueryTextMetrics@CFontHolder@@QAEXPAUtagTEXTMETRICA@@@Z 5fa1952a f ctlfont.obj
 0001:000185a6       ?GetFontDispatch@CFontHolder@@QAEPAUIFontDisp@@XZ 5fa195a6 f ctlfont.obj
 0001:00018629       ?SetFont@CFontHolder@@QAEXPAUIFont@@@Z 5fa19629 f ctlfont.obj
 0001:000186c1       ?GetDisplayString@CFontHolder@@QAEHAAVCString@@@Z 5fa196c1 f ctlfont.obj
 0001:000186f0       ??0_AFXCTL_UIACTIVE_INFO@@QAE@PAUHMENU__@@PAUIOleInPlaceFrame@@@Z 5fa196f0 f ctlinplc.obj
 0001:0001883b       ??1_AFXCTL_UIACTIVE_INFO@@QAE@XZ 5fa1983b f ctlinplc.obj
 0001:000188a2       ?_GetClippingCoordinates@@YGXPBUtagRECT@@0PAU1@PAUtagPOINT@@@Z 5fa198a2 f ctlinplc.obj
 0001:00018943       ?OnActivateInPlace@COleControl@@MAEJHPAUtagMSG@@@Z 5fa19943 f ctlinplc.obj
 0001:00018dbb       ?ForwardActivationMsg@COleControl@@IAEXPAUtagMSG@@@Z 5fa19dbb f ctlinplc.obj
 0001:00018e5c       ?OnGetInPlaceMenu@COleControl@@UAEPAUHMENU__@@XZ 5fa19e5c f ctlinplc.obj
 0001:00018e74       ?BuildSharedMenu@COleControl@@MAEHXZ 5fa19e74 f ctlinplc.obj
 0001:00018ffe       ?DestroySharedMenu@COleControl@@MAEXXZ 5fa19ffe f ctlinplc.obj
 0001:0001914d       ?AddFrameLevelUI@COleControl@@MAEXXZ 5fa1a14d f ctlinplc.obj
 0001:000191e7       ?RemoveFrameLevelUI@COleControl@@MAEXXZ 5fa1a1e7 f ctlinplc.obj
 0001:000192c8       ?OnShowToolBars@COleControl@@UAEXXZ 5fa1a2c8 f ctlinplc.obj
 0001:000192f8       ?OnHideToolBars@COleControl@@UAEXXZ 5fa1a2f8 f ctlinplc.obj
 0001:0001930e       ?AddRef@XOleInPlaceObject@COleControl@@UAGKXZ 5fa1a30e f ctlinplc.obj
 0001:00019336       ?Release@XOleInPlaceObject@COleControl@@UAGKXZ 5fa1a336 f ctlinplc.obj
 0001:0001935e       ?QueryInterface@XOleInPlaceObject@COleControl@@UAGJABU_GUID@@PAPAX@Z 5fa1a35e f ctlinplc.obj
 0001:0001938e       ?GetWindow@XOleInPlaceObject@COleControl@@UAGJPAPAUHWND__@@@Z 5fa1a38e f ctlinplc.obj
 0001:000193eb       ?ContextSensitiveHelp@XOleInPlaceObject@COleControl@@UAGJH@Z 5fa1a3eb f ctlinplc.obj
 0001:00019402       ?InPlaceDeactivate@XOleInPlaceObject@COleControl@@UAGJXZ 5fa1a402 f ctlinplc.obj
 0001:000194fd       ?UIDeactivate@XOleInPlaceObject@COleControl@@UAGJXZ 5fa1a4fd f ctlinplc.obj
 0001:00019639       ?SetObjectRects@XOleInPlaceObject@COleControl@@UAGJPBUtagRECT@@0@Z 5fa1a639 f ctlinplc.obj
 0001:000196e1       ?OnSetObjectRects@COleControl@@UAEHPBUtagRECT@@0@Z 5fa1a6e1 f ctlinplc.obj
 0001:000198b4       ?ReactivateAndUndo@XOleInPlaceObject@COleControl@@UAGJXZ 5fa1a8b4 f ctlinplc.obj
 0001:000198cb       ?AddRef@XOleInPlaceActiveObject@COleControl@@UAGKXZ 5fa1a8cb f ctlinplc.obj
 0001:000198f3       ?Release@XOleInPlaceActiveObject@COleControl@@UAGKXZ 5fa1a8f3 f ctlinplc.obj
 0001:0001991b       ?QueryInterface@XOleInPlaceActiveObject@COleControl@@UAGJABU_GUID@@PAPAX@Z 5fa1a91b f ctlinplc.obj
 0001:0001994b       ?GetWindow@XOleInPlaceActiveObject@COleControl@@UAGJPAPAUHWND__@@@Z 5fa1a94b f ctlinplc.obj
 0001:00019984       ?ContextSensitiveHelp@XOleInPlaceActiveObject@COleControl@@UAGJH@Z 5fa1a984 f ctlinplc.obj
 0001:0001999b       ?TranslateAcceleratorA@XOleInPlaceActiveObject@COleControl@@UAGJPAUtagMSG@@@Z 5fa1a99b f ctlinplc.obj
 0001:00019a8c       ?OnFrameWindowActivate@XOleInPlaceActiveObject@COleControl@@UAGJH@Z 5fa1aa8c f ctlinplc.obj
 0001:00019aa0       ?OnDocWindowActivate@XOleInPlaceActiveObject@COleControl@@UAGJH@Z 5fa1aaa0 f ctlinplc.obj
 0001:00019b5c       ?ResizeBorder@XOleInPlaceActiveObject@COleControl@@UAGJPBUtagRECT@@PAUIOleInPlaceUIWindow@@H@Z 5fa1ab5c f ctlinplc.obj
 0001:00019b70       ?EnableModeless@XOleInPlaceActiveObject@COleControl@@UAGJH@Z 5fa1ab70 f ctlinplc.obj
 0001:00019b90       ??_G_AFXCTL_UIACTIVE_INFO@@QAEPAXI@Z 5fa1ab90 f ctlinplc.obj
 0001:00019bd0       ?AfxVerifyLicFile@@YGHPAUHINSTANCE__@@PBDPBGI@Z 5fa1abd0 f ctllic.obj
 0001:00019d90       __tcsrchr                  5fa1ad90 f ctllic.obj
 0001:00019dc0       ??0CConnectionPoint@@QAE@XZ 5fa1adc0 f oleconn.obj
 0001:00019e55       ??1CConnectionPoint@@UAE@XZ 5fa1ae55 f oleconn.obj
 0001:00019f24       ?GetConnections@CConnectionPoint@@QAEPBVCPtrArray@@XZ 5fa1af24 f oleconn.obj
 0001:00019f50       ?OnAdvise@CConnectionPoint@@UAEXH@Z 5fa1af50 f oleconn.obj
 0001:00019f78       ?GetMaxConnections@CConnectionPoint@@UAEHXZ 5fa1af78 f oleconn.obj
 0001:00019fa3       ?GetContainer@CConnectionPoint@@UAEPAUIConnectionPointContainer@@XZ 5fa1afa3 f oleconn.obj
 0001:0001a00f       ?Release@XConnPt@CConnectionPoint@@UAGKXZ 5fa1b00f f oleconn.obj
 0001:0001a035       ?AddRef@XConnPt@CConnectionPoint@@UAGKXZ 5fa1b035 f oleconn.obj
 0001:0001a05b       ?QueryInterface@XConnPt@CConnectionPoint@@UAGJABU_GUID@@PAPAX@Z 5fa1b05b f oleconn.obj
 0001:0001a0f5       ?GetConnectionInterface@XConnPt@CConnectionPoint@@UAGJPAU_GUID@@@Z 5fa1b0f5 f oleconn.obj
 0001:0001a163       ?GetConnectionPointContainer@XConnPt@CConnectionPoint@@UAGJPAPAUIConnectionPointContainer@@@Z 5fa1b163 f oleconn.obj
 0001:0001a1d6       ?Advise@XConnPt@CConnectionPoint@@UAGJPAUIUnknown@@PAK@Z 5fa1b1d6 f oleconn.obj
 0001:0001a320       ?Unadvise@XConnPt@CConnectionPoint@@UAGJK@Z 5fa1b320 f oleconn.obj
 0001:0001a3c0       ?EnumConnections@XConnPt@CConnectionPoint@@UAGJPAPAUIEnumConnections@@@Z 5fa1b3c0 f oleconn.obj
 0001:0001a3d7       ?_GetBaseInterfaceMap@CEnumConnPoints@@KGPBUAFX_INTERFACEMAP@@XZ 5fa1b3d7 f oleconn.obj
 0001:0001a3ec       ?GetInterfaceMap@CEnumConnPoints@@MBEPBUAFX_INTERFACEMAP@@XZ 5fa1b3ec f oleconn.obj
 0001:0001a407       ??0CEnumConnPoints@@QAE@PBXI@Z 5fa1b407 f oleconn.obj
 0001:0001a48e       ??1CEnumConnPoints@@UAE@XZ 5fa1b48e f oleconn.obj
 0001:0001a564       ?OnNext@CEnumConnPoints@@MAEHPAX@Z 5fa1b564 f oleconn.obj
 0001:0001a5ac       ?AddConnPoint@CEnumConnPoints@@QAEXPAUIConnectionPoint@@@Z 5fa1b5ac f oleconn.obj
 0001:0001a6c6       ?AddRef@COleConnPtContainer@@UAGKXZ 5fa1b6c6 f oleconn.obj
 0001:0001a6ec       ?Release@COleConnPtContainer@@UAGKXZ 5fa1b6ec f oleconn.obj
 0001:0001a712       ?QueryInterface@COleConnPtContainer@@UAGJABU_GUID@@PAPAX@Z 5fa1b712 f oleconn.obj
 0001:0001a740       ?EnumConnectionPoints@COleConnPtContainer@@UAGJPAPAUIEnumConnectionPoints@@@Z 5fa1b740 f oleconn.obj
 0001:0001a943       ?FindConnectionPoint@COleConnPtContainer@@UAGJABU_GUID@@PAPAUIConnectionPoint@@@Z 5fa1b943 f oleconn.obj
 0001:0001aa44       ?EnableConnections@CCmdTarget@@QAEXXZ 5fa1ba44 f oleconn.obj
 0001:0001aae0       ??_GCConnectionPoint@@UAEPAXI@Z 5fa1bae0 f oleconn.obj
 0001:0001aae0       ??_ECConnectionPoint@@UAEPAXI@Z 5fa1bae0 f oleconn.obj
 0001:0001ab20       ??0XConnPt@CConnectionPoint@@QAE@XZ 5fa1bb20 f oleconn.obj
 0001:0001ab50       ??0IConnectionPoint@@QAE@XZ 5fa1bb50 f oleconn.obj
 0001:0001ab80       ??_GCEnumConnPoints@@UAEPAXI@Z 5fa1bb80 f oleconn.obj
 0001:0001ab80       ??_ECEnumConnPoints@@UAEPAXI@Z 5fa1bb80 f oleconn.obj
 0001:0001abc0       ??0COleConnPtContainer@@QAE@XZ 5fa1bbc0 f oleconn.obj
 0001:0001abf0       ??4COleConnPtContainer@@QAEAAV0@ABV0@@Z 5fa1bbf0 f oleconn.obj
 0001:0001ac20       ??0IConnectionPointContainer@@QAE@XZ 5fa1bc20 f oleconn.obj
 0001:0001ac50       ??4IConnectionPointContainer@@QAEAAU0@ABU0@@Z 5fa1bc50 f oleconn.obj
 0001:0001ac80       ?AddRef@XOleObject@COleControl@@UAGKXZ 5fa1bc80 f ctlobj.obj
 0001:0001aca8       ?Release@XOleObject@COleControl@@UAGKXZ 5fa1bca8 f ctlobj.obj
 0001:0001acd0       ?QueryInterface@XOleObject@COleControl@@UAGJABU_GUID@@PAPAX@Z 5fa1bcd0 f ctlobj.obj
 0001:0001ad00       ?SetClientSite@XOleObject@COleControl@@UAGJPAUIOleClientSite@@@Z 5fa1bd00 f ctlobj.obj
 0001:0001aff0       ?GetClientSite@XOleObject@COleControl@@UAGJPAPAUIOleClientSite@@@Z 5fa1bff0 f ctlobj.obj
 0001:0001b084       ?SetHostNames@XOleObject@COleControl@@UAGJPBG0@Z 5fa1c084 f ctlobj.obj
 0001:0001b098       ?Close@XOleObject@COleControl@@UAGJK@Z 5fa1c098 f ctlobj.obj
 0001:0001b128       ?OnClose@COleControl@@UAEXK@Z 5fa1c128 f ctlobj.obj
 0001:0001b1a3       ?SetMoniker@XOleObject@COleControl@@UAGJKPAUIMoniker@@@Z 5fa1c1a3 f ctlobj.obj
 0001:0001b1ba       ?GetMoniker@XOleObject@COleControl@@UAGJKKPAPAUIMoniker@@@Z 5fa1c1ba f ctlobj.obj
 0001:0001b1d1       ?InitFromData@XOleObject@COleControl@@UAGJPAUIDataObject@@HK@Z 5fa1c1d1 f ctlobj.obj
 0001:0001b1e8       ?GetClipboardData@XOleObject@COleControl@@UAGJKPAPAUIDataObject@@@Z 5fa1c1e8 f ctlobj.obj
 0001:0001b1ff       ?DoVerb@XOleObject@COleControl@@UAGJJPAUtagMSG@@PAUIOleClientSite@@JPAUHWND__@@PBUtagRECT@@@Z 5fa1c1ff f ctlobj.obj
 0001:0001b543       ?OnDoVerb@COleControl@@UAEHJPAUtagMSG@@PAUHWND__@@PBUtagRECT@@@Z 5fa1c543 f ctlobj.obj
 0001:0001b573       ?EnumVerbs@XOleObject@COleControl@@UAGJPAPAUIEnumOLEVERB@@@Z 5fa1c573 f ctlobj.obj
 0001:0001b617       ?OnEnumVerbs@COleControl@@UAEHPAPAUIEnumOLEVERB@@@Z 5fa1c617 f ctlobj.obj
 0001:0001b63b       ?Update@XOleObject@COleControl@@UAGJXZ 5fa1c63b f ctlobj.obj
 0001:0001b64f       ?IsUpToDate@XOleObject@COleControl@@UAGJXZ 5fa1c64f f ctlobj.obj
 0001:0001b663       ?GetUserClassID@XOleObject@COleControl@@UAGJPAU_GUID@@@Z 5fa1c663 f ctlobj.obj
 0001:0001b695       ?GetUserType@XOleObject@COleControl@@UAGJKPAPAG@Z 5fa1c695 f ctlobj.obj
 0001:0001b773       ?GetUserType@COleControl@@IAEXPAD@Z 5fa1c773 f ctlobj.obj
 0001:0001b84d       ?SetExtent@XOleObject@COleControl@@UAGJKPAUtagSIZE@@@Z 5fa1c84d f ctlobj.obj
 0001:0001b8ac       ?OnSetExtent@COleControl@@UAEHPAUtagSIZE@@@Z 5fa1c8ac f ctlobj.obj
 0001:0001ba19       ?GetExtent@XOleObject@COleControl@@UAGJKPAUtagSIZE@@@Z 5fa1ca19 f ctlobj.obj
 0001:0001ba6c       ?Advise@XOleObject@COleControl@@UAGJPAUIAdviseSink@@PAK@Z 5fa1ca6c f ctlobj.obj
 0001:0001bae0       ?Unadvise@XOleObject@COleControl@@UAGJK@Z 5fa1cae0 f ctlobj.obj
 0001:0001bb36       ?EnumAdvise@XOleObject@COleControl@@UAGJPAPAUIEnumSTATDATA@@@Z 5fa1cb36 f ctlobj.obj
 0001:0001bb8c       ?GetMiscStatus@XOleObject@COleControl@@UAGJKPAK@Z 5fa1cb8c f ctlobj.obj
 0001:0001bc10       ?SetColorScheme@XOleObject@COleControl@@UAGJPAUtagLOGPALETTE@@@Z 5fa1cc10 f ctlobj.obj
 0001:0001bc30       ??0CPictureHolder@@QAE@XZ  5fa1cc30 f ctlpict.obj
 0001:0001bc52       ??1CPictureHolder@@QAE@XZ  5fa1cc52 f ctlpict.obj
 0001:0001bc8d       ?CreateEmpty@CPictureHolder@@QAEHXZ 5fa1cc8d f ctlpict.obj
 0001:0001bcfe       ?CreateFromBitmap@CPictureHolder@@QAEHI@Z 5fa1ccfe f ctlpict.obj
 0001:0001bd8a       ?CreateFromBitmap@CPictureHolder@@QAEHPAVCBitmap@@PAVCPalette@@H@Z 5fa1cd8a f ctlpict.obj
 0001:0001bdfa       ?CreateFromBitmap@CPictureHolder@@QAEHPAUHBITMAP__@@PAUHPALETTE__@@H@Z 5fa1cdfa f ctlpict.obj
 0001:0001be7b       ?CreateFromMetafile@CPictureHolder@@QAEHPAUHMETAFILE__@@HHH@Z 5fa1ce7b f ctlpict.obj
 0001:0001bf02       ?CreateFromIcon@CPictureHolder@@QAEHI@Z 5fa1cf02 f ctlpict.obj
 0001:0001bf3b       ?CreateFromIcon@CPictureHolder@@QAEHPAUHICON__@@H@Z 5fa1cf3b f ctlpict.obj
 0001:0001bfb6       ?GetPictureDispatch@CPictureHolder@@QAEPAUIPictureDisp@@XZ 5fa1cfb6 f ctlpict.obj
 0001:0001c021       ?SetPictureDispatch@CPictureHolder@@QAEXPAUIPictureDisp@@@Z 5fa1d021 f ctlpict.obj
 0001:0001c0ba       ?Render@CPictureHolder@@QAEXPAVCDC@@ABVCRect@@1@Z 5fa1d0ba f ctlpict.obj
 0001:0001c156       ?GetType@CPictureHolder@@QAEFXZ 5fa1d156 f ctlpict.obj
 0001:0001c196       ?GetDisplayString@CPictureHolder@@QAEHAAVCString@@@Z 5fa1d196 f ctlpict.obj
 0001:0001c2c0       ?_AfxGetArchiveStream@@YGPAUIStream@@AAVCArchive@@AAVCArchiveStream@@@Z 5fa1d2c0 f ctlpropx.obj
 0001:0001c38c       ?_AfxInitBlob@@YGHPAPAXPAX@Z 5fa1d38c f ctlpropx.obj
 0001:0001c464       ?_AfxCopyBlob@@YGHPAPAXPAX@Z 5fa1d464 f ctlpropx.obj
 0001:0001c4b4       ?_AfxCopyPropValue@@YGHGPAXPBX@Z 5fa1d4b4 f ctlpropx.obj
 0001:0001c612       ?ExchangeExtent@COleControl@@QAEHPAVCPropExchange@@@Z 5fa1d612 f ctlpropx.obj
 0001:0001c6d7       ?ExchangeVersion@CPropExchange@@QAEHAAKKH@Z 5fa1d6d7 f ctlpropx.obj
 0001:0001c76c       ??0CArchivePropExchange@@QAE@AAVCArchive@@@Z 5fa1d76c f ctlpropx.obj
 0001:0001c7e9       ?ExchangeProp@CArchivePropExchange@@UAEHPBDGPAXPBX@Z 5fa1d7e9 f ctlpropx.obj
 0001:0001caa9       ?ExchangeBlobProp@CArchivePropExchange@@UAEHPBDPAPAXPAX@Z 5fa1daa9 f ctlpropx.obj
 0001:0001cca2       ?_AfxPeekAtClassIDInStream@@YGHPAUIStream@@PAU_GUID@@@Z 5fa1dca2 f ctlpropx.obj
 0001:0001cd07       ?_AfxIsSameUnknownObject@@YGHABU_GUID@@PAUIUnknown@@1@Z 5fa1dd07 f ctlpropx.obj
 0001:0001ce40       ?ExchangePersistentProp@CArchivePropExchange@@UAEHPBDPAPAUIUnknown@@ABU_GUID@@PAU2@@Z 5fa1de40 f ctlpropx.obj
 0001:0001d253       ?ExchangeFontProp@CArchivePropExchange@@UAEHPBDAAVCFontHolder@@PBUtagFONTDESC@@PAUIFontDisp@@@Z 5fa1e253 f ctlpropx.obj
 0001:0001d4f0       ??0CResetPropExchange@@QAE@XZ 5fa1e4f0 f ctlpropx.obj
 0001:0001d524       ?ExchangeProp@CResetPropExchange@@UAEHPBDGPAXPBX@Z 5fa1e524 f ctlpropx.obj
 0001:0001d5dc       ?ExchangeBlobProp@CResetPropExchange@@UAEHPBDPAPAXPAX@Z 5fa1e5dc f ctlpropx.obj
 0001:0001d69b       ?ExchangePersistentProp@CResetPropExchange@@UAEHPBDPAPAUIUnknown@@ABU_GUID@@PAU2@@Z 5fa1e69b f ctlpropx.obj
 0001:0001d7b3       ?ExchangeFontProp@CResetPropExchange@@UAEHPBDAAVCFontHolder@@PBUtagFONTDESC@@PAUIFontDisp@@@Z 5fa1e7b3 f ctlpropx.obj
 0001:0001d8b0       ?PX_Short@@YAHPAVCPropExchange@@PBDAAF@Z 5fa1e8b0 f ctlpropx.obj
 0001:0001d96f       ?PX_Short@@YAHPAVCPropExchange@@PBDAAFF@Z 5fa1e96f f ctlpropx.obj
 0001:0001da30       ?PX_UShort@@YAHPAVCPropExchange@@PBDAAG@Z 5fa1ea30 f ctlpropx.obj
 0001:0001daef       ?PX_UShort@@YAHPAVCPropExchange@@PBDAAGG@Z 5fa1eaef f ctlpropx.obj
 0001:0001dbb0       ?PX_Long@@YAHPAVCPropExchange@@PBDAAJ@Z 5fa1ebb0 f ctlpropx.obj
 0001:0001dc6f       ?PX_Long@@YAHPAVCPropExchange@@PBDAAJJ@Z 5fa1ec6f f ctlpropx.obj
 0001:0001dd30       ?PX_ULong@@YAHPAVCPropExchange@@PBDAAK@Z 5fa1ed30 f ctlpropx.obj
 0001:0001ddef       ?PX_ULong@@YAHPAVCPropExchange@@PBDAAKK@Z 5fa1edef f ctlpropx.obj
 0001:0001deb0       ?PX_Color@@YAHPAVCPropExchange@@PBDAAK@Z 5fa1eeb0 f ctlpropx.obj
 0001:0001df6f       ?PX_Color@@YAHPAVCPropExchange@@PBDAAKK@Z 5fa1ef6f f ctlpropx.obj
 0001:0001e030       ?PX_Bool@@YAHPAVCPropExchange@@PBDAAH@Z 5fa1f030 f ctlpropx.obj
 0001:0001e0ef       ?PX_Bool@@YAHPAVCPropExchange@@PBDAAHH@Z 5fa1f0ef f ctlpropx.obj
 0001:0001e1b0       ?PX_String@@YAHPAVCPropExchange@@PBDAAVCString@@@Z 5fa1f1b0 f ctlpropx.obj
 0001:0001e26f       ?PX_String@@YAHPAVCPropExchange@@PBDAAVCString@@ABV2@@Z 5fa1f26f f ctlpropx.obj
 0001:0001e330       ?PX_Currency@@YAHPAVCPropExchange@@PBDAATtagCY@@@Z 5fa1f330 f ctlpropx.obj
 0001:0001e3ef       ?PX_Currency@@YAHPAVCPropExchange@@PBDAATtagCY@@T2@@Z 5fa1f3ef f ctlpropx.obj
 0001:0001e4b0       ?PX_Float@@YAHPAVCPropExchange@@PBDAAM@Z 5fa1f4b0 f ctlpropx.obj
 0001:0001e56f       ?PX_Float@@YAHPAVCPropExchange@@PBDAAMM@Z 5fa1f56f f ctlpropx.obj
 0001:0001e630       ?PX_Double@@YAHPAVCPropExchange@@PBDAAN@Z 5fa1f630 f ctlpropx.obj
 0001:0001e6ef       ?PX_Double@@YAHPAVCPropExchange@@PBDAANN@Z 5fa1f6ef f ctlpropx.obj
 0001:0001e7b0       ?PX_Blob@@YAHPAVCPropExchange@@PBDAAPAXPAX@Z 5fa1f7b0 f ctlpropx.obj
 0001:0001e870       ?PX_Font@@YAHPAVCPropExchange@@PBDAAVCFontHolder@@PBUtagFONTDESC@@PAUIFontDisp@@@Z 5fa1f870 f ctlpropx.obj
 0001:0001e9a2       ?PX_IUnknown@@YAHPAVCPropExchange@@PBDAAPAUIUnknown@@ABU_GUID@@PAU2@@Z 5fa1f9a2 f ctlpropx.obj
 0001:0001ead8       ?PX_Picture@@YAHPAVCPropExchange@@PBDAAVCPictureHolder@@@Z 5fa1fad8 f ctlpropx.obj
 0001:0001eba5       ?PX_Picture@@YAHPAVCPropExchange@@PBDAAVCPictureHolder@@2@Z 5fa1fba5 f ctlpropx.obj
 0001:0001ec76       ?PX_VBXFontConvert@@YAHPAVCPropExchange@@AAVCFontHolder@@@Z 5fa1fc76 f ctlpropx.obj
 0001:0001ef00       ?_GetBaseInterfaceMap@COlePropertyPage@@KGPBUAFX_INTERFACEMAP@@XZ 5fa1ff00 f ctlppg.obj
 0001:0001ef15       ?GetInterfaceMap@COlePropertyPage@@MBEPBUAFX_INTERFACEMAP@@XZ 5fa1ff15 f ctlppg.obj
 0001:0001ef30       ?_GetBaseMessageMap@COlePropertyPage@@KGPBUAFX_MSGMAP@@XZ 5fa1ff30 f ctlppg.obj
 0001:0001ef45       ?GetMessageMap@COlePropertyPage@@MBEPBUAFX_MSGMAP@@XZ 5fa1ff45 f ctlppg.obj
 0001:0001ef60       ??0AFX_DDPDATA@@QAE@PAXHH0IPBD@Z 5fa1ff60 f ctlppg.obj
 0001:0001f007       ?_ValidatePageDialog@@YAXAAVCDialogTemplate@@AAVCString@@PAVCOlePropertyPage@@@Z 5fa20007 f ctlppg.obj
 0001:0001f2bc       ??0COlePropertyPage@@QAE@II@Z 5fa202bc f ctlppg.obj
 0001:0001f4a7       ?OnSetPageSite@COlePropertyPage@@UAEXXZ 5fa204a7 f ctlppg.obj
 0001:0001f6d1       ?OnInitDialog@COlePropertyPage@@UAEHXZ 5fa206d1 f ctlppg.obj
 0001:0001f6f1       ?PreTranslateMessage@COlePropertyPage@@MAEHPAUtagMSG@@@Z 5fa206f1 f ctlppg.obj
 0001:0001f854       ?CleanupObjectArray@COlePropertyPage@@IAEXXZ 5fa20854 f ctlppg.obj
 0001:0001f9ae       ??1COlePropertyPage@@UAE@XZ 5fa209ae f ctlppg.obj
 0001:0001fbee       ?OnFinalRelease@COlePropertyPage@@MAEXXZ 5fa20bee f ctlppg.obj
 0001:0001fc44       ?WindowProc@COlePropertyPage@@MAEJIIJ@Z 5fa20c44 f ctlppg.obj
 0001:0001fd28       ?OnCtlColor@COlePropertyPage@@IAEPAUHBRUSH__@@PAVCDC@@PAVCWnd@@I@Z 5fa20d28 f ctlppg.obj
 0001:0001fdae       ?OnHelp@COlePropertyPage@@UAEHPBD@Z 5fa20dae f ctlppg.obj
 0001:0001fdc8       ?OnEditProperty@COlePropertyPage@@UAEHJ@Z 5fa20dc8 f ctlppg.obj
 0001:0001fde2       ?OnObjectsChanged@COlePropertyPage@@UAEXXZ 5fa20de2 f ctlppg.obj
 0001:0001fdf8       ?GetObjectArray@COlePropertyPage@@QAEPAPAUIDispatch@@PAK@Z 5fa20df8 f ctlppg.obj
 0001:0001fe68       ?SetModifiedFlag@COlePropertyPage@@QAEXH@Z 5fa20e68 f ctlppg.obj
 0001:0001ff0f       ?IsModified@COlePropertyPage@@QAEHXZ 5fa20f0f f ctlppg.obj
 0001:0001ff2b       ?SetPageName@COlePropertyPage@@QAEXPBD@Z 5fa20f2b f ctlppg.obj
 0001:0001ff80       ?SetDialogResource@COlePropertyPage@@QAEXPAX@Z 5fa20f80 f ctlppg.obj
 0001:00020050       ?SetHelpInfo@COlePropertyPage@@QAEXPBD0K@Z 5fa21050 f ctlppg.obj
 0001:00020102       ?GetPageSite@COlePropertyPage@@QAEPAUIPropertyPageSite@@XZ 5fa21102 f ctlppg.obj
 0001:00020121       ?MessageBoxA@COlePropertyPage@@QAEHPBD0I@Z 5fa21121 f ctlppg.obj
 0001:00020172       ?AddRef@XPropertyPage@COlePropertyPage@@UAGKXZ 5fa21172 f ctlppg.obj
 0001:0002019a       ?Release@XPropertyPage@COlePropertyPage@@UAGKXZ 5fa2119a f ctlppg.obj
 0001:000201c2       ?QueryInterface@XPropertyPage@COlePropertyPage@@UAGJABU_GUID@@PAPAX@Z 5fa211c2 f ctlppg.obj
 0001:000201f2       ?SetPageSite@XPropertyPage@COlePropertyPage@@UAGJPAUIPropertyPageSite@@@Z 5fa211f2 f ctlppg.obj
 0001:000202ec       ?Activate@XPropertyPage@COlePropertyPage@@UAGJPAUHWND__@@PBUtagRECT@@H@Z 5fa212ec f ctlppg.obj
 0001:00020570       ?EnumChildProc@COlePropertyPage@@KGHPAUHWND__@@J@Z 5fa21570 f ctlppg.obj
 0001:000205d3       ?EnumControls@COlePropertyPage@@KGHPAUHWND__@@J@Z 5fa215d3 f ctlppg.obj
 0001:00020697       ?Deactivate@XPropertyPage@COlePropertyPage@@UAGJXZ 5fa21697 f ctlppg.obj
 0001:00020720       ?GetPageInfo@XPropertyPage@COlePropertyPage@@UAGJPAUtagPROPPAGEINFO@@@Z 5fa21720 f ctlppg.obj
 0001:000207ee       ?SetObjects@XPropertyPage@COlePropertyPage@@UAGJKPAPAUIUnknown@@@Z 5fa217ee f ctlppg.obj
 0001:00020a4c       ?Show@XPropertyPage@COlePropertyPage@@UAGJI@Z 5fa21a4c f ctlppg.obj
 0001:00020a8c       ?Move@XPropertyPage@COlePropertyPage@@UAGJPBUtagRECT@@@Z 5fa21a8c f ctlppg.obj
 0001:00020af3       ?IsPageDirty@XPropertyPage@COlePropertyPage@@UAGJXZ 5fa21af3 f ctlppg.obj
[...]
FIXUPS: 5b9a 13 c 10 11 13 c 17 13 fffff75d 3b 1b 3b 1b 3b 1b 3b 1b 3b
FIXUPS: 552e 72 10 18 1b 17 11 1a 2d 10 b 35 68 33 f 5c 6c 49 29 47 17
FIXUPS: 58f5 fffff743 15 1d 26 41 14 f 26 13 9 b 3f 11 7 c 13 11 7 1f b
FIXUPS: 521c c c 21 f c 26 23 1b 3b 1b 3b fffff9bf 9 17 9 16 9 9 1c 9 10
FIXUPS: 4db3 a 40 f 1c 6 19 f a 50 4a 2a 15 e a 23 b 4b f 15 1d 16 fffff6ee
FIXUPS: 4749 21 9 9 bd 1a 146 9 c 26 14 1a 14 1a 1e 9 9 3d 9 c 10 8 8 12
FIXUPS: 4ca6 10 9 25 9 c 23 fffff63a 17 7a 8 11 13 c 10 11 13 c 6a c 23
FIXUPS: 4500 11 13 c 10 11 13 c 6a c 23 14 10 26 2e 23 14 1a fffff7b6 3f
FIXUPS: 3ef0 11 13 28 a 33 91 10 1a 1b 17 26 8 2f 10 b 25 17 11 17 7a 17
FIXUPS: 41e4 17 7a 17 11 17 7a 17 fffff6c5 47 1f 1f 1f 47 1e 1e 1e 42 14
FIXUPS: 3bc0 33 10 13 17 24 1e 1e 1e 1d 1a 9 28 1e 1e 1e 15 69 44 1e 19
FIXUPS: 3515 35 4b 17 11 36 17 33 12 b 5c 17 12 b 3d 11 27 5 2d 5 12 11
FIXUPS: 37e6 5 11 11 14 8a e 11b 12 12 fffff69c f 14 14 14 11 2e 13 2b
FIXUPS: 3174 c c c e 49 54 16 13 17 3a 38 81 36 17 30 18 3b 17 2f 36 17
FIXUPS: 34fe fffff685 5c 26 27 26 26 f 26 2a 2a 33 1d 29 23 4d 1a c c c
FIXUPS: 2e36 18 13 17 1e 5c 9d b 61 49 14 14 14 fffff76f 7 2b 7 2c 7 2b
FIXUPS: 288d 23 10 11 7 34 7 2f 7 23 10 11 7 34 7 2b 7 2b 7 40 9d 9 9 b
FIXUPS: 2b71 fffff6ca 2a 40 19 14 25 2d 10 1c 6 19 f a 25 37 8e ab 45 4f
FIXUPS: 25f6 4b 3c 10 c d 2b 27 2f 3c 10 14 7 3df8f 43dc 19 31 1f 38 34
FIXUPS: 44bed 42 15 31 1f fffbcdcd 14 24 14 24 14 50 7b 19 14 25 4c b7
FIXUPS: 1dbe 6d 26a 97 19 98 2f 3e01b 38 1c a2 36 f f0 7 2f 19 14 e5 1e
FIXUPS: 405e0 30 fffc70e0 25 1c 40 1c 2d b 40 2c b 24 13 38dff b 23 13
FIXUPS: 40712 fffff646 7f b 22 15 17 1d 7 c ae 22 b 18 17 1e 8 6b 7 51
FIXUPS: 40067 5f 7 53 7 24 27 20 22 2d b e b fffff703 17 11 35 8 f 25 7
FIXUPS: 3f9b0 7 17 22 b 22 3c 22 2b 13 f 19 f 3f 1f 17 13 1d 3d 42 4d 25
FIXUPS: 3fcab a2 fffff7a4 8 1c 25 12 33 19 10 52 1d 27 19 10 1c 23 19 10
FIXUPS: 3f6df 63 8 33 29 11 38 3f 1f 2a 19 13 19 1a b fffff925 14 7 14
FIXUPS: 3f23b 14 6 14 7 14 7 14 7 20 4a 3d 1c b 56 7 7 22 7 7 8 7 7 24
FIXUPS: 3f470 17 17 28 fffff938 40 8 1b 1f b 36 22 9 38 15 7 4a 10 4b 3f
FIXUPS: 3f03e 49 7 1c 7 2e 5c 18 b 26 22 16 7 d b 24 fffff93c e 9 9 9 d
FIXUPS: 3eb7c 31 24 11 9 d e d b 37 f 9 9 9 9 b 4f 7 22 7 19 25 42 b 36
FIXUPS: 3edf5 fffffaf0 9 14 13 9 1d 7 b 9 7 c 13 9 c 7 13 19 b 44 9 1c
FIXUPS: 3ea4c 21 11 1f 10 9 9 d e 28 24 fffffb12 2f b 12 27 13 9 14 13
FIXUPS: 3e719 b 12 f 34 9 14 13 9 14 10 9 7 c 13 9 14 13 40 b 12 f 24 fffffa0b
FIXUPS: 3e2ed 18 22 e 40 15 2a d 28 1a 1c 1c c 7 f 15 18 f 18 15 31 5a
FIXUPS: 3e55a 10 25 36 1d d 13 22 9 fffff85d 17 10 14 10 21 1f 7 18 b2
FIXUPS: 3e00c 1a 15 2d 38 3f 42 23 b 25 34 30 36 4b 19 7 10 7 c 8 c 10
FIXUPS: 3dab1 a 2f 9 b 3f 1a 48 d 24 d 24 d 17 1a d 3d 19 d 2a 26 2f 4a
FIXUPS: 3dda3 b 20 13 17 33 a 26 b fffff83d 11 12 3a 3b 2b b 4c 11 12 44
FIXUPS: 3d85f 2b b 4c 15 33 7 13 7 22 b 44 f 17 3c 9 d 8 c 20 17 fffff76a
FIXUPS: 3d203 7 5e 12 7 1e 7 b 20 7 41 10 7 2b b 12d 7 4b 7 4c 7 48 13
FIXUPS: 3d5a1 26 b 39 13 7 26 b fffff7c7 12 20 23 1c b 22 43 20 37 42 14
FIXUPS: 3cfc7 18 b 25 e 22 f b 28 7 35 c b 22 48 8 9 c 28 19 fffff6ff 2f
FIXUPS: 3c8d6 b 39 70 50 14 e 39 1b f 25 9 b 22 35 26 24 26 24 26 22 24
FIXUPS: 3cc11 24 22 24 20 b3 1e 91 fffff743 8 7 29 8 7 48 c 7 29 a 29 a
FIXUPS: 3c671 b f 13 9 6e 12 22 1a 47 1a f e 26 b 34 17 26 a fffff851 b
FIXUPS: 3c10e 58 20 72 2c 20 9a 10 7 2a 2b 8 36 8 3c b b 13 54 8 7 36 8
FIXUPS: 3c49d 29 8 7 29 12 7 fffff547 58 28 30 45 12 35 7 2e b 49 1b 1f
FIXUPS: 3bc68 49 13 1f b 49 f 7 23 b 2d 7 46 48 b 60 eb b cc fffff647 33
FIXUPS: 3b6eb 31 13 d6 7 10 7 f 7 4a 13 19 25 20 18 1c 17 b 13 f e 11 1b
FIXUPS: 3b9b9 1b 1b 1a 34 c 7 fffff816 17 15 7 13 2b 13 41 17 18 19 e 23
FIXUPS: 3b3bf 3b 13 b 10 f 24 79 2e 13 19 24 1c 25 2b 13 a d a4 fffff8b5
FIXUPS: 3af6e 1c 17 13 39 e 7 1c 18 7 15 7 a 17 46 1e 18 7 15 7 18 17 2d
FIXUPS: 3b189 17 2b 1f 30 e 17 19 fffff9e0 54 20 7 d 7 11 7 17 11 7 10
FIXUPS: 3ad2a 7 2a 2b 48 1c 16 8 7 32 33 f 1c 1e 1e 7 23 8 10 19 2a262
FIXUPS: 6519d e 26 2f 7 1b 7 a fffd562b 21 3d 22 22 5d a7 8d 12 f e e 12
FIXUPS: 3ab42 f 10 9 3c c 9 b 20 3d fffcd196 13d 27 25 fe 13 2e 5cf22 a
FIXUPS: 64fb8 3b 1b a 14 7 7 5 e 26 3b 1b a 7 19 7 1f 17 a b 2f 16 7 fffa4072
FIXUPS: 9262 b ffffe64f 1b 67 24 3b 18 27 19 1d 42 46 1d b 2a 16 10 16
FIXUPS: 7b44 8f 16 7 16 9 80 19 f 32 41 3c e49 125 9e 59 11 1e 15 4c 50
FIXUPS: 8ecc 15 19 3c b 36 22 18 28 12 e 79 b 28 1c 40 1c 2d b 40 2c b
FIXUPS: 91f0 ffffef38 30 31 12 84 be 1e f 46 98 12 42 76 1a 12 4f 45 213
FIXUPS: 87cd 30 30 2b 59 46 30 25 fd 7e 12 1c 27 66 25ab 4d 38 3e 13 2d
FIXUPS: b260 30 13 4e 2c b ffffdfba 61 a6 1c 19 20 59 2a 2f c2 44 17 26
FIXUPS: 963b 64 ffffea18 5 2a 1d 18 281c 4f a8 74 1c 13 17 11 3a 33 26
FIXUPS: abb2 1e8 44 b 26 2a 4c 26 26 91 19 18 24 1c 4d 1a 1d 22 17 40 39
FIXUPS: a0dd 14 10 8b 9 b 47 28 12 40 27 19 1a 58 e 76 37 9 b 2d 24 1c
FIXUPS: a474 1c d 71 48 6c 55 24 79 27 fffff443 b 28 9 b 51 24 38 53 9
FIXUPS: 9c79 57 19 22 17 11 4a 41 1f 51 28 24 8 a2 47 25 8 e 66 9 1c 5d
FIXUPS: ee9c 36 b 33 13 2d 30 30 30 30 30 30 30 ffffa72e 16 40 2e e 14
FIXUPS: 9881 15 40 55 19 28 14 11 49 d 4b 98 1d 4d0f e ea 28 30 89 20 25
FIXUPS: ea39 28 66 b 33 19 9f 1b c 22 b 49 1b c 22 b 5e 19 1b b9 23 28
FIXUPS: ee6d 23 fffff400 d 17 20 17 16 17 16 17 1a 17 24 30 3a 17 12 3d
FIXUPS: e475 97 f 23 b 75 8 f c 24 c 3b 28 30 28 fffff44a 13 11 19 d b8
FIXUPS: dc26 81 119 17 11 1f 80 17 11 39 3d a 3b 28 30 62 44 f 23 b 58
FIXUPS: e125 30 2e d7 1d fffff236 11 1f 92 17 11 1f e3 79 3c 9c 3c 17 11
FIXUPS: d87b 17 11 29 4a 11 26 a 17 22 b 3a 21 1f b 80 25 49 ffffeebd 41
FIXUPS: ca46 25 ab 3a 81 3f 4f 87 4b b8 7b 7b 4d 1b 31 82 20 b e8 1a 17
FIXUPS: d169 1be 17 11 2d 9b 17 11 57 ffffea9e 11 53 57 54 137 58 73 11
FIXUPS: c276 11 5c 11 5f b 6a 7b 76 14b 5a 51 45 82 51 45 83 4b 31 1a 1c
FIXUPS: c95b 2a ffffeea9 18 1c e 16 63 4d d 29 11 45 11 15 49 14 42 1c
FIXUPS: bb20 1e 7d 6b 1e 11 d 93 11 30 79 54 93 3f 19 37a6 2c ffffbcd5
FIXUPS: b3c4 29 30 e e e e e 28 9 b 4e 16 14 ad 9 b 3e a 13 51 57 b 4f
FIXUPS: b75a 15 28 26 21 39c0 15 48 ec 1c 54 a f 7 13 14 42 27 1d 22 1d
FIXUPS: f47d a b 2d 1a 40 1d a b 1c 37 17 10 2b 13 61 4b3 21 1e 30 15 fffffb46
FIXUPS: f702 d 10 2c 30 17 1f 21 1a 2c 24 21 1a 2c 24 21 1a 2c 24 21 1b
FIXUPS: f9ba 24 21 1a 2c e1f 1b 13 4f 54 20 19 2f d 25 18 18 1b 2c 18 11
FIXUPS: 10a7c f 13 13 2e 18 18 26 12 49 60 ffffee81 21 1f 30 15 8df 10
FIXUPS: 10408 20 23 1f 19 11 1d 18 49 16 17 11 ea e 6 1a a 12 e 15 22 1f
FIXUPS: 106f0 47 20 19 1c 61 14 3e fffff59d 22 27 20 46 1b 2e 10 a 3c 13
FIXUPS: ff49 1d 1a 19 1a 3b 25 c 47 10 32 96 10 3c b a7 86 73 2c 19 45
FIXUPS: 16292 b 38 14 12 18 32 1f 9 b 28 13 6f 9 b 2e8a6 1f fffcbf6d 28
FIXUPS: 10cc0 3d 6a 62 62 62 ffffed41 2c 9f 59 2f 4e 34 5f4d 13 2d 30 30
FIXUPS: 15dc0 30 30 30 30 30 30 30 45 36 b 3f 36 b 4a 13 2d 13 5f b 55
FIXUPS: 1617d 38 36 b 2a 13 fffff384 8 36 22 4e 1bb 2a 29 1f 2c 52 13 42
FIXUPS: 15991 b 56 b 23 30 30 30 30 30 30 30 30 30 30 30 30 30 30 fffff25d
FIXUPS: 14f47 4f 50 27 9f 59 16 25 15 13 29 d 53 2a 3c 22 19 14 5f b 60
FIXUPS: 15397 31 28 30 44 20 99 28 2c b fffff0f0 6f d b 43 34 14 12 5a
FIXUPS: 1483a 69 192 28 10 205 1c 63 1c b 27 28 11 1f 22 e 22 72 15 2a
FIXUPS: 14ec5 22 1f fffff19b 3c b 49 26 3e b 49 44 6a b e7 25 15 5e c 98
FIXUPS: 144d4 18 a 28 14 12 38 19 1b 9 22 15 28 24 1c fffff49c 3d 12 54
FIXUPS: 13ba5 c 26 50 8 8 c 5b 16 2e d b 28 1a 12 a 2f 17 15 c 151 10 55
FIXUPS: 13f9d 30 44 3c b fffff555 f 8 d d d 20 d2 1e f 18 2e 16 b a 32
FIXUPS: 137be 25 66 26 35 a 91 d4 e 6 b e 4f f 20 19 fffff24f a 12 11c
FIXUPS: 12e69 40 95 64 f a a7 19 38 17 18 1d 9 b 52 19 38 17 30 3b 9 b
FIXUPS: 134a5 33 87 2f 8 f fffff0c7 77 17 20 17 30 43 4f e7 2c 1c 94 31
FIXUPS: 12a1d 3c a1 af d 17 16 17 24 25 32 11 2f f 10 14 a 10 14 fffff3d9
FIXUPS: 12104 c 1d 3f 13 10 76 3d 3b ba 10 18 9 20 f 42 15 2b f 80 9 27
FIXUPS: 124e7 1d 63 1c 61 9 2e a 9 fffff865 6 17 7 17 7 17 7 17 7 17 7
FIXUPS: 11f46 7 17 7 17 7 17 7 17 7 17 7 17 7 17 7 17 7 17 7 fffff9d5 2d
FIXUPS: 11a74 26 18 3a a7 8 8 24 43 1e 43 1e 43 29 31 4b 14 f 3a 24 14
FIXUPS: 11e0d d 10 d 10 d 10 14 7 fffff4cc f f f c 9 b 24d 118 5a a 1c
FIXUPS: 117ab 5 5a f f f f c 9 b 36 19 22 1b 9 23 2f 14 6d b fffff59d b
FIXUPS: 10f8f e 1b 12 12 e e e e e e e e e e e e e e e 12 17 1c 202 8 8
FIXUPS: 1130d 8 5 22 5169 48 2d 28 30 44 30 1f b c4 32 b 8b 17 20 17 20
FIXUPS: 16821 43 17 3c 17 93 17 20 17 59 17 3c 17 ffffa4e3 12 61ff 2b 50
FIXUPS: 171ee 17 16 17 36 d 17 1c 2d d 17 16 17 3e 15 1c 32 d 17 16 17
FIXUPS: 17438 1c 72 5 34 14 5 18 1254 9 74 28 20 6b 27 1f 19 14 15 19 58
FIXUPS: 189f5 14 37 2d ffffe132 22 39 22 24 41 66 28 30 1e7 8e 87 50 4c
FIXUPS: 17123 10b3 c 10 67 2c 52 15 28 29 16 28 37 28 3e e 9 74 28 37 28
FIXUPS: 18561 28 3e e 9 74 28 37 28 37 28 3e fffff136 b 33 cc 83 83 83
FIXUPS: 17bb8 14 53 14 4f 6f 49 f c6 16 44 25 6c 19 19 3f 2f 15 5e 27 a2
FIXUPS: 18107 d 85 d 9f1 1f 77 12 ae b 28 13 5f b 219cf 1f 36 5 20 8 fffdcd94
FIXUPS: 17666 1f 5b a1 15 1c 11 2a 1c 17 1e 13 17 11 15 1821 1cd 48 16
FIXUPS: 192eb 32 9 b 3a 11 f 9 1f b 83 3b 17 2c 54 38 36 12 65 17 39 17
FIXUPS: 1967c 35 25 fffff45f 35 b 1c92 25 9 3c c 66 28 30 94 58 45 b 5d
FIXUPS: 1ab3c b 59 13 ffffe238 14 2c 4f 52 14 20 14 2b 11 44 14 4d 25 81
FIXUPS: 1a025 5c 13 6 1f 45 2f 47 9a 4b 58 75 28 30 3b 7d a7 b 49 3d ab
FIXUPS: 1a624 49 54 b 25 11 e 19 6d 5e a ffffef07 93 22 22 22 d 6 7a de
FIXUPS: 19973 59 1ee 11 11 11 8 14 aa b 27 23 23 a e7 30 7d 5b 26 2e 17
FIXUPS: 19fa0 4b 1864 32 17 8b b 3c 7c 88 11 2b 27 1f 13 2d 30 30 13 2d
FIXUPS: 1bc04 2c 34 ffffefba 3e 30 35 16 11 31 14 14 20 b 429 5c 17 20
FIXUPS: 1b23f 40 45 b 20 4a 2d 2c a6 36 b ce b 26 5d 38 34 1b 2d 53 26
FIXUPS: 1b730 58 19 17 32 15 9 1110 98 d c 1ea 17 ffffe21b 12 f 28 9 b
FIXUPS: 1ae91 25 48 9 b 2a 2c 28 2f 18 1e 30 26 2b 14 17 19 56 14 5a e99
FIXUPS: 1c02b a1 3c b 76 a a6 5f 17 274 b 35 44 50 b 29 a1 1e 17 18 c 2e
FIXUPS: 1c75e 51 33 13 17 11 1c c6 a 60a 7 11 67 75 84 73 1a 9 a3 44 f
FIXUPS: 1d227 d 8 9 20 32 9 b ffffe9ed 28 30 44 1e 14 6b 3c 1a 173 36 b
FIXUPS: 1fcc5 20 17 1d 19 13 1c 6 19 f a 40 35 31 31 31 3d b ffffcdf3 47
FIXUPS: 1cd36 c 9 1f b 25 b 1f 12 14 6d 87 29ed 20 17 20 17 20 17 4b 17
FIXUPS: 1f9e6 17 20 17 24 17 20 17 4e 17 14 17 20 17 27 2d 17 14 17 20
FIXUPS: 1fc3a 2b 49 fffff832 14 17 20 17 46 17 14 17 20 17 48 17 14 17
FIXUPS: 1f6ab 17 46 17 14 17 20 17 48 17 14 17 20 17 47 17 14 fffff80e
FIXUPS: 1f108 17 14 17 20 17 48 17 14 17 20 17 46 17 14 17 20 17 48 17
FIXUPS: 1f374 17 20 17 46 17 14 17 20 17 48 fffff801 20 17 48 17 14 17
FIXUPS: 1edab 17 46 17 14 17 20 17 48 17 14 17 20 17 46 17 14 17 20 17
FIXUPS: 1f049 17 14 17 20 fffff835 14 17 20 17 46 17 14 17 20 17 48 17
FIXUPS: 1ea74 17 20 17 46 17 14 17 20 17 48 17 14 17 20 17 46 17 14 fffff7be
FIXUPS: 1e4bc 1a 2a 37 17 16 17 20 17 1a 23 17 20 17 48 29 17 20 17 20
FIXUPS: 1e733 93 17 20 17 20 17 20 17 19 2e fffff70c 19 20 5d 93 17 1c
FIXUPS: 1e149 19 4a 17 19 4f 13 28 17 20 17 20 17 20 17 1f 1c 20 c 19 21
FIXUPS: 1e3f2 42 17 16 fffff5e9 72 17 20 17 46 48 27 12 45 23 17 1f 1e
FIXUPS: 1dd84 17 3b 17 66 17 20 17 20 17 1f 4a 1f f f 11 e 27 fffff54a
FIXUPS: 1d562 e2 1d 13 91 4e 29 29 17 14 2c 17 16 17 20 17 35 14 1d 15
FIXUPS: 1d906 12 14 14 71 16 16 15 16 12 16 7d01 14 17 11 1b 12 26 13 5f
FIXUPS: 2583d 23 13 2d 30 30 30 1f41c 1f fffd8562 8 19 16 27 36 5b 14 4e
FIXUPS: 1d43b 59 32 14 20 7ce5 24 20 17 1a 1e 20 29 1e 15 e 26 24 20 17
FIXUPS: 25397 1e 20 29 1e 15 e 57 2a 28 14 161 7f 17 12 1b 9 fffff715 20
FIXUPS: 24e75 1a 1e 20 29 1e 15 e 26 22 20 17 1a 1e 20 29 1e 15 e 26 22
FIXUPS: 250e0 17 1a 1e 20 29 1e 15 e fffff8e2 17 1a 1e 20 29 1e 15 e 26
FIXUPS: 24bbc 20 17 1a 1e 20 29 1e 15 e 26 22 20 17 1a 1e 20 29 1e 15 e
FIXUPS: 24e1c fffff865 5a 12 8 59 b 30 28 26 22 20 17 1a 1e 20 29 1e 15
FIXUPS: 248f2 26 22 20 17 1a 1e 20 29 1e 15 e 26 22 fffff66f 24 3a 6b 19
FIXUPS: 241e0 5a 13 b 2e b 44 4e 19 14 61 12 8 74 b 44 4e 19 14 61 14 b
FIXUPS: 245b7 b 44 4e 19 fffff612 14 5a 12 8 6d b 44 4e 19 14 5a 8 10 b
FIXUPS: 23ee9 b 44 4e 19 14 48 2b a 1d 12 8 16 d 15 37 9 fffff609 58 b
FIXUPS: 2378f 4e 19 14 5a 1a b 2e b 44 4e 19 14 5a 12 8 5e b 44 4e 19 14
FIXUPS: 23b77 19 b 2e b 44 4e fffff567 19 14 5a 15 b 2e b 44 4e 19 14 5a
FIXUPS: 233d8 8 58 b 44 4e 19 14 5a 15 b 2e b 44 4e 19 14 5a 12 fffff579
FIXUPS: 22c64 2e b 44 4e 19 14 5a 12 8 58 b 44 4e 19 14 5a 15 b 2e b 44
FIXUPS: 23037 19 14 5a 12 8 58 b 44 fffff3c9 56 12 17 46 5d 3f 3d 58 121
FIXUPS: 228ad 19 14 5a 17 b 2e b 44 4e 19 14 5a 12 8 5e b 44 4e 19 14 5a
FIXUPS: 21f03 17 45 9 27 10 2d 15 14 54 4d 15 1c 18 5b b 49 1a 49 b 50
FIXUPS: 22265 85 c 2f 35 b 7d 85 1e 76 39 fffff4c3 35 b 31 12 39 17 17
FIXUPS: 21b60 1a 18 3a 8a b 49 1a 15 17 4b 14 71 b 2e d f 10 11 16 11 1f
FIXUPS: 21ed2 1a fffff594 2e 33 2a 45 b 3a 17 4c 17 28 94 35 b 3c 17 17
FIXUPS: 2177b 2c 6 14 6 5b 1a 8 1c 17 1f 22 8f 45 61 fffff680 17 1e 17
FIXUPS: 210d4 12 5b 1a 7 28 28 30 44 1a 17 17 5e b 49 1a 17 17 46 d 12
FIXUPS: 213db 10 11 10 1b 17 a fffff653 51 f f f c 9 b 1f 2a 15 15 34 90
FIXUPS: 20c99 50 1f b 29 25 37 7f 17 110 17 1b 66 1d 14 8 22 b fffff527
FIXUPS: 2056e 23 26 14 e 16 3d 17 9 11 8 34 9 9 9 b 22 47 15 19 10 32 26
FIXUPS: 20822 1c 84 20 ae aa 1c 40 fffff755 b e 21 2f 15 1c b 1e 33 12
FIXUPS: 20321 12 12 87 2c e 1d 22 f f f c 9 b 3a 16 15 8 9 24 16 7697 23
FIXUPS: 27c13 11 8 40 b 49 1e 17 5a b ffff822b 62 b 4b 2c a 27 1d 9 8 13
FIXUPS: 200eb 30 b e 21 2f 15 22 16 7421 17 e2 b 101 4d 17 20 17 11 c 33
FIXUPS: 278ec 17 18 e5 b 6 99 5c 9 9 9 b 59 11 8 9 a d 8 9 fffff500 36
FIXUPS: 27121 11 2a 1c 44 1c 11 2a 1c 5e 2a 2a 26 28 30 44 1e 17 11 39
FIXUPS: 27477 9 b 5c 22 3c 17 11 1e 49 fffff53e 2a 24 65 1a 17 11 1f 38
FIXUPS: 26c6a d f2 3e 50 1a c 27 9 b 30 3d 41 4c 1a c 27 9 b 30 3b 3b 3b
FIXUPS: 26526 59 10 87 22 42 2d 17 1d 25 56 b 17 27 31 3c 17 59 1c d 10
FIXUPS: 268e6 22 9d 17 19 63 2c 23 b 46 2d fffff55c 59 1c d 10 31 22 63
FIXUPS: 261d1 10 15 37 2a 1e 22 4a 1e 26 7 33 16 15 2d 17 21 24 29 2c 2b
FIXUPS: 264bc 2b 1a fffff60b 11 38 18 1a 28 18 1a 1e 31 29 7d 3d d 3c 93
FIXUPS: 25e09 29 d d 9 9 b 2b 53 91 28 10 15 32 2a 1e 3f35 30 21 41 17
FIXUPS: 2a03d 17 20 17 20 17 31 21 16 43 2d 22 30 21 ffffb774 69 1e 18
FIXUPS: 25a43 9 1a 17 26 17 22 9 13 3e1b 22 19 1c 50 4f 17 30 14 15 22
FIXUPS: 29ab5 5b 17 31 92 5d 17 e 5b 41 17 20 17 20 17 5f 25 16 19 36 5f
FIXUPS: 290d3 2b 17 20 17 5f 17 2c 46 6c 20 146 42 bb 19 1e 43 17 3c 17
FIXUPS: 29611 17 96 17 20 17 4a 17 e 14c 16 19 fffff28e 29 e a4 17 16 17
FIXUPS: 28cc3 17 30 17 15 15 c 35 22 1f 4a 1c 6 19 f a 2f 49 46 69 19 2d
FIXUPS: 2906a 27 37 fffff50b 17 47 17 36 2e 45 17 11 13 12 38 17 2c 21
FIXUPS: 28817 17 11 64 28 b 25 3c 17 20 17 33 3e 16 2d 37 10b fffff51d
FIXUPS: 280cb 45 14 3c 45 37 17 3f 1e 1a 17 54 b 9 1b 40 17 14 21 51 12
FIXUPS: 28459 17 59 17 54 9 b 51 d 17 1e99 b 45 23 31 54 66 1f 2c 47 b
FIXUPS: 2a69a 20 8e 1f 40 4b b 42 76 ffffd603 2b 14 18 57 d 14 16 14 3f
FIXUPS: 2805d 27 29a4 1f b 49 13 39 b 60 4c b 2d 28 30 be 24 1c 3e 17 33
FIXUPS: 2ae0a 9 9 b 77 4c b fffff363 28 30 6f a9 24 20cf cc 20 22 28 17
FIXUPS: 2c613 13 17 1b 5e 11 22 59 c b ffffe7c4 1f 58 ab 22 42 c2 8c 4c
FIXUPS: 2b25f 26 1fc fffff487 28 30 b5 123a 4f 12 a5 20 22 52 28 17 b 13
FIXUPS: 2be5d 1b f6 25 14 2e 31 60 20 2e f9 c b 88 20 22 e5 78 56 1f 3c
FIXUPS: 2b678 19 f a 30 14 56 14 42 17 16 2a 19 14 b 1c 6 19 f a 4e b 25
FIXUPS: 2b904 b 59 70 20 102 1c 93 46 158a 37 2e 8 b b 8 8 9 8 9 8 9 29
FIXUPS: 2d268 b 12 46 8 69 35 32 ffffe170 b2 19 15 14 1e d 15 f 1c 16c0
FIXUPS: 2cd70 2b 16 1f 5a 10 9 22 9 b 22 80 50 d 41 8 8 9 10 27 9 14 10
FIXUPS: 2d05b 7d 11 5 2a 10 20 8 fffff850 9 14 10 a 9 29 14 67 21 b 78
FIXUPS: 2cb5f 28 65 b b 8 8 9 8 9 8 9 14 14 a 9 69 d b 20 86b 22 75 22
FIXUPS: 2d646 b 49 6d b 9d 18 26 17 11 8b ffffef63 28 28 22 42 3c e 1c
FIXUPS: 2c926 32 b b 8 8 9 8 9 3958 6b 1c 11 6a ac 10 ed 15 27 14 f 36
FIXUPS: 30643 2d 13 2d 13 ffffcd2f 28 30 44 13 23 39 b 10 c 10 a 8 2b 276a
FIXUPS: 2fcef 35 1d 3c 1d 42 30 19 23 1c 15 1a 61 1c 37 2b 1c 15 4a 26
FIXUPS: 30038 25 2a 36 19 3c 19 12e 3d 33 15 fffff509 12 19 31 24 11 4e
FIXUPS: 2f8d1 38 23 16 d 57 34 28 33 14 7d 9 b 38 14 7b 9 b 4e 2a 9 b 32
FIXUPS: 2fc91 25 fffff56d 3f 10 118 1d 1b f 11 4f f c c 4e b 4b f 10 c
FIXUPS: 2f543 2b c 13 17 13 39 b 61 63 55 45 1e 42 fffff395 b 97 1e 21
FIXUPS: 2ec54 2f 29 31 37 24 19 2f 1c 23 61 1c 37 2b 1c 4a 45 40 15 5b
FIXUPS: 2f00e 12 83 1c 1e 2c 57 ffffeae4 83 20 20 20b 12 1e fd 55e 261
FIXUPS: 2e8e3 14 11 f 61 c c 9 b 38 14 11 f 5f c c 9 b 56 3c c c 2f0b 4c
FIXUPS: 31aa7 4f 1f 39 17 18 43 9 b 4f 1f 39 17 18 43 9 b 2f ffffbd05 4a
FIXUPS: 2da8a 38 40 1c b 4a 1e b 38 2d 3823 19 39 19 14 7c 17 15 15 2c
FIXUPS: 315d4 19 14 7a 17 14 17 20 17 20 17 19 60 19 14 d6 48 19 14 66
FIXUPS: 319aa 30 fffff567 73 19 14 84 17 14 17 20 17 19 45 1a 34 19 14
FIXUPS: 311eb 28 25 1e 34 19 14 86 17 14 17 20 17 20 17 20 fffff2e3 a4
FIXUPS: 307b9 19 19 29a 109 17 14 17 16 17 20 17 2d 34 19 14 3d 7a 14 f
FIXUPS: 30dc5 17 77 4a 1c 6 19 f a 39 264b 2b 13 5f b 23 13 72 9 b 8f f
FIXUPS: 33786 9 b 1161f 15 31 1f fffee9c7 2c b 34 13 5f b ffffe4f8 77 4f
FIXUPS: 31ee2 57 5b 1006 15 11 16 12 15 11 16 12 c 4a 9 b 3d 200 2a 42
FIXUPS: 33359 38 24 2d e 3b 15 15 15 5 2b 1a 3a 69 6 fffff6da b 2e 9 36
FIXUPS: 32cbf 26 a 10 29 24 1d 1b 18 12 12 11 1d 1b 3f 10 11 c 61 18 15
FIXUPS: 32f25 1b 13 c 1a c fffff87b 47 17 17 1e 3d 19 14 48 17 15 17 20
FIXUPS: 329bc 17 11 15 28 b 4a 17 17 1e 3d 19 14 4f 16 13 17 11 15 fffff81b
FIXUPS: 3240b f 9 b 59 17 2f 1a 8 1b 4b 15 8 f 26 25 d b 31 17 21 27 4f
FIXUPS: 326d9 11 13 11 14 e 3b 1b 12729 1f fffed137 36 b 81 b 1c 15 1c
FIXUPS: 32136 17 11 16 27 c 38 f 2b f 11 1c 9 1f 37 8 1d 9a 15 12 20 12
FIXUPS: 367e2 b b6 f f f f f f 9 b 2f 13 42 23 b 5f b 3c 77 b 25 13 52
FIXUPS: 36ba1 b 34 13 5f b e20c 15 ffff1579 30 23 b 30 27 2b 24 2d e 10
FIXUPS: 3655b 10 10 f 7 f 7 15 15 5 2b 1a 3a 69 6 18 24 13 42 2c b fffff8fc
FIXUPS: 3609d 23 33 19 8 11 1f 12 12 23 19 b 43 1a 1f f d 1a 1f f 14 11
FIXUPS: 362da 15 30 21 33 2c 19 b 29 fffff96c 12 c a 9 8 40 12 b 8 11 11
FIXUPS: 35e52 12 14 14 10 12 8 f 10 ba 20 c f 16 22 9 b 28 1e 8 fffff920
FIXUPS: 359af 20 2d 1b e 28 55 31 15 44 19 8 11 1f 12 8 19 b 31 e 11 1f
FIXUPS: 35c3c 8 1e 26 17 19 20 66 12 fffff6c7 17 15 d b 29 27 3e 13 c 27
FIXUPS: 35538 b 38 27 75 d1 1f 45 18 1c 1e 5c 1a 14 8 37 6d 59 d 1d 22
FIXUPS: 34f3e 9 b 36 9d b1 12 f 1d 13 22 c 9 b 7b c 9 b 4d 2b 19 17 44
FIXUPS: 35320 22 18 12 44 15 13 8 b fffff7ca 3d 9f 1b 8 f 17 17 8 f 17
FIXUPS: 34d36 8 f 17 17 8 f 17 e 11 17 11 45 e f 15 30 21 26 2c 2b fffff7c8
FIXUPS: 34708 a 2a 1f7 b 28 1b 3e a 1a 1a 11 15 10 10 f 7 f 7 19 b 36 1f
FIXUPS: 34b28 e 15 19 f a 15 9 fffff673 17 1e 3d 19 14 4f 16 13 17 11 15
FIXUPS: 3439f 10 2a 2b 45 25 89 9 b 4b 17 17 1e 3d 19 14 48 12 8 7b fffff71d
FIXUPS: 33e12 22 9 b 46 17 17 17 17 14 19 d 11 2b 88 13 14 14 15 1a 11
FIXUPS: 34135 19 10 19 9 9 9 9 b 54 fffff84f 9 b 21 9 57 3c 9 25 19 14
FIXUPS: 33c39 13 c 28 c 25 c 25 c 37 b 3a 16 8 11 8 e c f f 9 42e1 2d b
FIXUPS: 38106 6f 9 b cd90 15 31 1f ffff3257 2c b 34 13 5f b ffffb682 15
FIXUPS: 33966 12 12 12 12 12 2f f f f f f 42dd 38 45 47 8 27 35 d 10 b
FIXUPS: 37e77 8 8 f 1e 8 9 a 9 2b 24 2d 15 15 5 2b 1a 3a 69 6 18 27 fffff970
FIXUPS: 37a2f 71 14 10 d c c b 5a 27 1a 10 f c 12 10 d c c b 5b c c c 9
FIXUPS: 37ca0 9 c b 2f 14 fffff772 61 34 b b2 3e 23 9 3e b 48 22 30 b 21
FIXUPS: 37758 86 7a 7f b 41 17 8 11 d 17 c 11 e 3c 21 6 fffff62b 19 14
FIXUPS: 370a5 17 15 14 20 1b 14 11 15 27 b 6f 13 3d 19 14 4f 16 13 17 11
FIXUPS: 3732d 7b 23 b 4a f 15 22 160a 13 c549 1f ffff1cf4 15 12 3c f 9
FIXUPS: 36d65 b3 f 9 b 31 8 1b d 8 32 17 14 16 17 16 16 13 16 a 42 13 156f
FIXUPS: 385d4 67 14 11 15 1f 5a 1c 14 e d a 23 1f 1f 18 16 a 20 2a 15 c
FIXUPS: 38886 22 22 5f 41 20 35 3f 21 c8 37 32 40 40 40 2b 29 30 8b 27
FIXUPS: 38d6d 27 27 27 fffff533 11 14 b c a 1d f 3b 15 2f 9 b 2c 13 1c
FIXUPS: 38513
