    Packing List for Microsoft RPC Version 1.0
    Copyright (C) Microsoft Corp. 1992. All rights reserved.

 Files                        Description
 -----                        -----------

rpc\packing.lst               This file; list all RPC files
rpc\rpcread.me                Release notes
rpc\dsetup.exe                MS-DOS character mode installer
rpc\dsetup.sus                Setup script for dsetup.exe
rpc\midl10qh.hlp              MIDL language QuickHelp database
rpc\midl10wh.hlp              MIDL language WinHelp database
rpc\rpc10qh.hlp               Run-time API QuickHelp database
rpc\rpc10wh.hlp               Run-time API WinHelp database

bin\midl.exe                  RPC compiler
include\rpc.h                 Base include file
include\rpcdce.h              Basic RPC types and functions
include\rpcdcep.h             Private Basic RPC types and functions
include\rpcerr.h              Status code definitions
include\rpcx86.h              Exception handling definitions
include\rpcnsi.h              Name Service types and functions
include\rpcnsip.h             Name Service private types and functions
include\rpcndr.h              Functions & types used by compiler generated stubs
include\rpctran.h             Loadable Transport definitions
lib\win\rpc.lib               Windows link library for base functions
lib\win\rpcndr.lib            Windows link library helper functions for stubs
lib\win\rpcns.lib             Windows Name Service link library
rpcoak\win\rpcltc.def         Sample module definition file for transport
rpcoak\win\ltstart.asm        Loadable transport startup

windows\system\rpcrt2.dll     Windows runtime dynamic link library
windows\system\rpcns2.dll     Windows name service dynamic link library
windows\system\rpcltc1.dll    Windows named pipe transport
windows\system\rpcltc3.dll    Windows TCP/IP transport
windows\system\rpcltc4.dll    Windows DECNET transport
windows\system\rpcltc5.dll    Windows netbios transport

lib\dos\rpc.lib               Dos link library for base functions
lib\dos\rpcndr.lib            Dos link library helper functions for stubs
lib\dos\rpcns.lib             Dos Name Service link library
include\dosdll.inc            Dos DLL definition file for MASM
include\importdll.inc         List of Imports for use by DOS DLLs
rpcoak\dos\exportlt.asm       Sample loadable transport
module definition file
include\loaddll.inc           Load on demand DOS DLL support
rpcoak\dos\nsidll.asm         Sample NS load on demand definition file
rpcoak\dos\exportns.asm       MS-DOS Name Service DLL definition file
bin\rpcrt2.rpc                MS-DOS runtime dynamic link library
bin\rpcns.rpc                 MS-DOS name service dll
bin\rpcnsmgm.rpc              MS-DOS name service management dll
bin\rpcltc1.rpc               MS-DOS named pipe transport
bin\rpcltc3.rpc               MS-DOS TCP/IP transport
bin\rpcltc4.rpc               MS-DOS DECNET transport
bin\rpcltc5.rpc               MS-DOS NetBIOS transport

bin\midl.exe                  RPC compiler
windows\system\locator.exe    Name Service executable
windows\system\rpcepmpr.exe   Endpoint mapper
include\rpc.h                 Base include file
include\rpcdce.h              Basic RPC types and functions
include\rpcdcep.h             Private RPC types and functions
include\rpcnterr.h            Status code definitions
include\rpcnsi.h              Name Service types and functions
include\rpcnsip.h             Name Service private types and functions
include\rpcndr.h              Functions & types used by compiler generated stubs
include\rpctran.h             Loadable Transport definitions

lib\rpc.lib                   Windows link library for base functions
lib\rpcndr.lib                Windows link library helper functions for stubs
lib\rpcns4.lib                Windows Name Service link library

windows\system\rpcrt4.dll     Windows runtime dynamic link library
windows\system\rpcns4.dll     Windows name service dynamic link library
windows\system\rpcltc1.dll    Windows client named pipe transport
windows\system\rpclts1.dll    Windows server named pipe transport
windows\system\rpcltc3.dll    Windows client TCP/IP transport
windows\system\rpclts3.dll    Windows server TCP/IP transport
windows\system\rpcltc5.dll    Windows client netbios transport
windows\system\rpclts5.dll    Windows server netbios transport

samples\rpc\hello\readme.hel  File list; build, run instructions
samples\hello\makefile        Builds the sample app for NT
samples\hello\makefile.dos    Builds the sample app for MS-DOS
samples\hello\hello.idl       IDL file
samples\hello\hello.acf       ACF file
samples\hello\hellos.c        Server-side sample code
samples\hello\hellop.c        Remote procedures
samples\hello\helloc.c        Client-side sample code

samples\whello\readme.whe     File list; build, run instructions
samples\whello\makefile.win   Builds the sample app for
Windows
samples\whello\makefile       Builds the sample app for NT
samples\whello\whello.idl     IDL file
samples\whello\whello.acf     ACF file
samples\whello\whellos.c      Server-side sample code
samples\whello\whellop.c      Remote procedures
samples\whello\whelloc.h      Client global data
samples\whello\rpc.ico        Client icon
samples\whello\whello.def     Client module definition file
samples\whello\whello.rc      Client resource script file
samples\whello\whello.dlg     Client dialog box definitions
samples\whello\whelloc.c      Client-side sample code

samples\doctor\readme.doc     File list; build, run instructions
samples\doctor\makefile       Builds the sample app for NT
samples\doctor\makefile.dos   Builds the sample app for MS-DOS
samples\doctor\doctor.idl     IDL file
samples\doctor\doctor.acf     ACF file
samples\doctor\doctors.c      Server-side sample code
samples\doctor\doctorp.c      Remote procedures
samples\doctor\doctorc.c      Client-side sample code

samples\data\inout\readme.ino File list; build, run instructions
samples\data\inout\makefile   Build sample for NT
samples\data\inout\makefile.dos  Build sample for MS-DOS
samples\data\inout\inout.idl  IDL file
samples\data\inout\inout.acf  ACF file
samples\data\inout\inouts.c   Server-side sample code
samples\data\inout\inoutp.c   Remote procedures
samples\data\inout\inoutc.c   Client-side sample code

samples\data\dunion\readme.txt File list; build, run instructions
samples\data\dunion\makefile   Build sample for NT
samples\data\dunion\makefile.dos  Build sample for MS-DOS
samples\data\dunion\dunion.idl IDL file
samples\data\dunion\dunion.acf ACF file
samples\data\dunion\dunions.c  Server-side sample code
samples\data\dunion\dunionp.c  Remote procedures
samples\data\dunion\dunionc.c  Client-side sample code

samples\data\xmit\readme.xmt   File list; build, run instructions
samples\data\xmit\makefile     Builds the sample app for NT
samples\data\xmit\makefile.dos Builds the sample app for MS-DOS
samples\data\xmit\xmit.idl     IDL file
samples\data\xmit\xmit.acf     ACF file
samples\data\xmit\xmits.c      Server-side sample code
samples\data\xmit\xmitp.c      Remote procedures
samples\data\xmit\xmitc.c      Client-side sample code

samples\handles\usrdef\readme.usr   File list; instructions
samples\handles\usrdef\makefile     Build sample for NT
samples\handles\usrdef\makefile.dos Build sample for MS-DOS
samples\handles\usrdef\usrdef.idl   IDL file
samples\handles\usrdef\usrdef.acf   ACF file
samples\handles\usrdef\usrdefs.c    Server-side sample code
samples\handles\usrdef\usrdefp.c    Remote procedures
samples\handles\usrdef\usrdefc.c    Client-side sample code

samples\handles\cxhndl\readme.cxh   File list; instructions
samples\handles\cxhndl\makefile     Build sample for NT
samples\handles\cxhndl\makefile.dos Build sample for MS-DOS
samples\handles\cxhndl\cxhndl.idl   IDL file
samples\handles\cxhndl\cxhndl.acf   ACF file
samples\handles\cxhndl\cxhndls.c    Server-side sample code
samples\handles\cxhndl\cxhndlp.c    Remote procedures
samples\handles\cxhndl\cxhndlc.c    Client-side sample code

samples\handles\auto\readme.aut     File list; instructions
samples\handles\auto\makefile       Build sample for NT
samples\handles\auto\makefile.dos   Build sample for MS-DOS
samples\handles\auto\auto.idl       IDL file
samples\handles\auto\auto.acf       ACF file
samples\handles\auto\autos.c        Server-side sample code
samples\handles\auto\autop.c        Remote procedures
samples\handles\auto\autoc.c        Client-side sample code

samples\mandel\readme.man    File list; instructions
samples\mandel\makefile      Build sample for NT
samples\mandel\mdlrpc.idl    IDL file
samples\mandel\mdlrpc.acf    ACF file
samples\mandel\server.c      Server-side main program
samples\mandel\calc.c        Server remote procedure MandelCalc()
samples\mandel\remote.c      Client code that makes RPC
samples\mandel\mandel.h      Client global data
samples\mandel\rpc.ico       Client icon
samples\mandel\mandel.def    Client module definition file
samples\mandel\mandel.rc     Client resource script file
samples\mandel\mandel.c      Client WinMain, dialog functions

\samples\dict\client.c       Client main program
\samples\dict\dict.lnk       Standalone version link file
\samples\dict\dict0.c        Standalone version main program
\samples\dict\dict0.h        Standalone version header file
\samples\dict\dictdbg.lnk    Link file for debug version
\samples\dict\makefile       Nmake file for Windows NT
\samples\dict\makefile.dos   Nmake file for MS-DOS
\samples\dict\play.c         Demo/test program
\samples\dict\play.h         Demo/test program header file
\samples\dict\play.lnk       Demo/test program link file
\samples\dict\readme.txt     Describes the DICT sample
\samples\dict\replay.acf     ACF file
\samples\dict\replay.c       Remote procedures
\samples\dict\replay.idl     IDL file
\samples\dict\server.c       Server main 
\samples\dict\util0.c        Utility routines
\samples\dict\util0.h        Utility routines header file
